direct strict=true type3=Some(("B", 500.0, (500.0, 0.0)))
direct glyphs=Ok([DecodedGlyph { source_code: [65], cid: None, gid: None, unicode: Some("B"), advance: 500.0 }])
direct extraction=Ok([("BB", 100.0, 700.0)])
direct strict=false type3=Some(("B", 500.0, (500.0, 0.0)))
direct glyphs=Ok([DecodedGlyph { source_code: [65], cid: None, gid: None, unicode: Some("B"), advance: 500.0 }])
direct extraction=Ok([("BB", 100.0, 700.0)])
indirect-diffs strict=true type3=Some(("A", 500.0, (500.0, 0.0)))
indirect-diffs glyphs=Ok([DecodedGlyph { source_code: [65], cid: None, gid: None, unicode: Some("A"), advance: 500.0 }])
indirect-diffs extraction=Ok([("BB", 100.0, 700.0)])
indirect-diffs strict=false type3=Some(("A", 500.0, (500.0, 0.0)))
indirect-diffs glyphs=Ok([DecodedGlyph { source_code: [65], cid: None, gid: None, unicode: Some("A"), advance: 500.0 }])
indirect-diffs extraction=Ok([("BB", 100.0, 700.0)])
indirect-base strict=true type3=Some(("A", 500.0, (500.0, 0.0)))
indirect-base glyphs=Ok([DecodedGlyph { source_code: [65], cid: None, gid: None, unicode: Some("A"), advance: 500.0 }])
indirect-base extraction=Ok([("AA", 100.0, 700.0)])
indirect-base strict=false type3=Some(("A", 500.0, (500.0, 0.0)))
indirect-base glyphs=Ok([DecodedGlyph { source_code: [65], cid: None, gid: None, unicode: Some("A"), advance: 500.0 }])
indirect-base extraction=Ok([("AA", 100.0, 700.0)])
missing-proc strict=true type3=None
missing-proc glyphs=Ok([DecodedGlyph { source_code: [65], cid: None, gid: None, unicode: Some("A"), advance: 0.0 }])
missing-proc extraction=Ok([("ﬁﬁ", 100.0, 700.0)])
missing-proc strict=false type3=None
missing-proc glyphs=Ok([DecodedGlyph { source_code: [65], cid: None, gid: None, unicode: Some("A"), advance: 0.0 }])
missing-proc extraction=Ok([("ﬁﬁ", 100.0, 700.0)])
missing-proc-null-width strict=true type3=None
missing-proc-null-width glyphs=Ok([DecodedGlyph { source_code: [65], cid: None, gid: None, unicode: Some("A"), advance: 0.0 }])
missing-proc-null-width extraction=Ok([("ﬁﬁ", 100.0, 700.0)])
missing-proc-null-width strict=false type3=None
missing-proc-null-width glyphs=Ok([DecodedGlyph { source_code: [65], cid: None, gid: None, unicode: Some("A"), advance: 0.0 }])
missing-proc-null-width extraction=Ok([("ﬁﬁ", 100.0, 700.0)])
overflow-matrix strict=true type3=Some(("A", 500.0, (500.0, 0.0)))
overflow-matrix glyphs=Ok([DecodedGlyph { source_code: [65], cid: None, gid: None, unicode: Some("A"), advance: inf }])
overflow-matrix extraction=Ok([("AA", 100.0, 700.0)])
overflow-matrix strict=false type3=Some(("A", 500.0, (500.0, 0.0)))
overflow-matrix glyphs=Ok([DecodedGlyph { source_code: [65], cid: None, gid: None, unicode: Some("A"), advance: inf }])
overflow-matrix extraction=Ok([("AA", 100.0, 700.0)])
overflow-procedure strict=true type3=Some(("A", 500.0, (inf, 0.0)))
overflow-procedure glyphs=Ok([DecodedGlyph { source_code: [65], cid: None, gid: None, unicode: Some("A"), advance: 500.0 }])
overflow-procedure extraction=Ok([("AA", 100.0, 700.0)])
overflow-procedure strict=false type3=Some(("A", 500.0, (inf, 0.0)))
overflow-procedure glyphs=Ok([DecodedGlyph { source_code: [65], cid: None, gid: None, unicode: Some("A"), advance: 500.0 }])
overflow-procedure extraction=Ok([("AA", 100.0, 700.0)])
