   Packaging oxidize-pdf v5.3.0 (/home/santi/repos/BelowZero/oxidizePdf/oxidize-pdf/target/release530/oxidize-pdf-core)
warning: package `chacha20 v0.10.0` in Cargo.lock is yanked in registry `crates-io`, consider updating to a version that is not yanked
warning: package `spin v0.9.8` in Cargo.lock is yanked in registry `crates-io`, consider updating to a version that is not yanked
    Packaged 1595 files, 25.9MiB (7.0MiB compressed)
   Verifying oxidize-pdf v5.3.0 (/home/santi/repos/BelowZero/oxidizePdf/oxidize-pdf/target/release530/oxidize-pdf-core)
   Compiling syn v2.0.117
   Compiling generic-array v0.14.7
   Compiling const-oid v0.9.6
   Compiling getrandom v0.2.17
   Compiling rand_core v0.6.4
   Compiling base64ct v1.8.3
   Compiling pem-rfc7468 v0.7.0
   Compiling flagset v0.4.7
   Compiling libm v0.2.16
   Compiling num-traits v0.2.19
   Compiling zerocopy v0.8.50
   Compiling ff v0.13.1
   Compiling base16ct v0.2.0
   Compiling group v0.13.0
   Compiling zeroize_derive v1.4.3
   Compiling zeroize v1.8.2
   Compiling crypto-common v0.1.7
   Compiling block-buffer v0.10.4
   Compiling digest v0.10.7
   Compiling der_derive v0.7.3
   Compiling der v0.7.10
   Compiling spki v0.7.3
   Compiling hmac v0.12.1
   Compiling signature v2.2.0
   Compiling pkcs8 v0.10.2
   Compiling hkdf v0.12.4
   Compiling crypto-bigint v0.5.5
   Compiling sec1 v0.7.3
   Compiling semver v1.0.28
   Compiling rustc_version v0.4.1
   Compiling ppv-lite86 v0.2.21
   Compiling rand_chacha v0.3.1
   Compiling elliptic-curve v0.13.8
   Compiling curve25519-dalek v4.1.3
   Compiling rfc6979 v0.4.0
   Compiling sha2 v0.10.9
   Compiling block-padding v0.3.3
   Compiling num-integer v0.1.46
   Compiling num-bigint-dig v0.8.6
   Compiling spin v0.9.8
   Compiling lazy_static v1.5.0
   Compiling num-iter v0.1.45
   Compiling inout v0.1.4
   Compiling ecdsa v0.16.9
   Compiling primeorder v0.13.6
   Compiling rand v0.8.6
   Compiling rustls-pki-types v1.14.1
   Compiling curve25519-dalek-derive v0.1.1
   Compiling serde v1.0.228
   Compiling smallvec v1.15.1
   Compiling cipher v0.4.4
   Compiling pkcs1 v0.7.5
   Compiling ed25519 v2.2.3
   Compiling serde_derive v1.0.228
   Compiling powerfmt v0.2.0
   Compiling regex-automata v0.4.14
   Compiling deranged v0.5.8
   Compiling moxcms v0.8.1
   Compiling rsa v0.9.10
   Compiling ed25519-dalek v2.2.0
   Compiling tracing-core v0.1.36
   Compiling p256 v0.13.2
   Compiling p384 v0.13.1
   Compiling x509-cert v0.2.5
   Compiling tracing-attributes v0.1.31
   Compiling thiserror-impl v2.0.18
   Compiling num-conv v0.2.2
   Compiling time-core v0.1.8
   Compiling tracing v0.1.44
   Compiling time v0.3.47
   Compiling thiserror v2.0.18
   Compiling chrono v0.4.45
   Compiling image v0.25.10
   Compiling rustls-webpki v0.103.13
   Compiling cms v0.2.3
   Compiling oxidize-webpki v0.1.0
   Compiling regex v1.12.3
   Compiling cbc v0.1.2
   Compiling aes v0.8.4
   Compiling webpki-roots v1.0.7
   Compiling oxidize-pdf v5.3.0 (/home/santi/repos/BelowZero/oxidizePdf/oxidize-pdf/target/release530-cargo/package/oxidize-pdf-5.3.0)
    Finished `dev` profile [unoptimized] target(s) in 1m 03s
