   Compiling proc-macro2 v1.0.106
   Compiling quote v1.0.45
   Compiling unicode-ident v1.0.24
   Compiling cfg-if v1.0.4
   Compiling libc v0.2.186
   Compiling syn v2.0.117
   Compiling stable_deref_trait v1.2.1
   Compiling version_check v0.9.5
   Compiling generic-array v0.14.7
   Compiling serde_core v1.0.228
   Compiling find-msvc-tools v0.1.9
   Compiling typenum v1.20.1
   Compiling shlex v2.0.1
   Compiling cc v1.2.63
   Compiling synstructure v0.13.2
   Compiling zerofrom-derive v0.1.7
   Compiling zerofrom v0.1.8
   Compiling yoke-derive v0.8.2
   Compiling zerovec-derive v0.11.3
   Compiling yoke v0.8.3
   Compiling displaydoc v0.2.6
   Compiling zerovec v0.11.6
   Compiling once_cell v1.21.4
   Compiling autocfg v1.5.1
   Compiling memchr v2.8.1
   Compiling num-traits v0.2.19
   Compiling zerocopy v0.8.50
   Compiling tinystr v0.8.3
   Compiling zeroize_derive v1.4.3
   Compiling zerocopy-derive v0.8.50
   Compiling litemap v0.8.2
   Compiling writeable v0.6.3
   Compiling icu_locale_core v2.2.0
   Compiling zeroize v1.8.2
   Compiling potential_utf v0.1.5
   Compiling zerotrie v0.2.4
   Compiling crypto-common v0.1.7
   Compiling bitflags v2.13.0
   Compiling getrandom v0.3.4
   Compiling serde v1.0.228
   Compiling regex-syntax v0.8.10
   Compiling utf8_iter v1.0.4
   Compiling getrandom v0.4.2
   Compiling crossbeam-utils v0.8.21
   Compiling icu_normalizer_data v2.2.0
   Compiling rand_core v0.10.1
   Compiling icu_properties_data v2.2.0
   Compiling icu_collections v2.2.0
   Compiling icu_provider v2.2.0
   Compiling aho-corasick v1.1.4
   Compiling serde_derive v1.0.228
   Compiling ring v0.17.14
   Compiling simd-adler32 v0.3.9
   Compiling smallvec v1.15.1
   Compiling rustix v1.1.4
   Compiling crc32fast v1.5.0
   Compiling regex-automata v0.4.14
   Compiling rustls-pki-types v1.14.1
   Compiling block-padding v0.3.3
   Compiling adler2 v2.0.1
   Compiling zmij v1.0.21
   Compiling linux-raw-sys v0.12.1
   Compiling utf8parse v0.2.2
   Compiling anstyle-parse v1.0.0
   Compiling miniz_oxide v0.8.9
   Compiling inout v0.1.4
   Compiling icu_properties v2.2.0
   Compiling icu_normalizer v2.2.0
   Compiling crossbeam-epoch v0.9.18
   Compiling rand_core v0.9.5
   Compiling tracing-core v0.1.36
   Compiling block-buffer v0.10.4
   Compiling getrandom v0.2.17
   Compiling anstyle-query v1.1.5
   Compiling anstyle v1.0.14
   Compiling serde_json v1.0.150
   Compiling rayon-core v1.13.0
   Compiling untrusted v0.9.0
   Compiling fastrand v2.4.1
   Compiling log v0.4.32
   Compiling cpufeatures v0.2.17
   Compiling colorchoice v1.0.5
   Compiling const-oid v0.9.6
   Compiling either v1.16.0
   Compiling is_terminal_polyfill v1.70.2
   Compiling anstream v1.0.0
   Compiling digest v0.10.7
   Compiling tempfile v3.27.0
   Compiling flate2 v1.1.9
   Compiling idna_adapter v1.2.2
   Compiling crossbeam-deque v0.8.6
   Compiling cipher v0.4.4
   Compiling fdeflate v0.3.7
   Compiling half v2.7.1
   Compiling tracing-attributes v0.1.31
   Compiling alloca v0.4.0
   Compiling portable-atomic v1.13.1
   Compiling tinyvec_macros v0.1.1
   Compiling pxfm v0.1.29
   Compiling itoa v1.0.18
   Compiling heck v0.5.0
   Compiling ciborium-io v0.2.2
   Compiling zune-core v0.5.1
   Compiling rustls v0.23.40
   Compiling percent-encoding v2.3.2
   Compiling subtle v2.6.1
   Compiling plotters-backend v0.3.7
   Compiling pin-project-lite v0.2.17
   Compiling thiserror v2.0.18
   Compiling lazy_static v1.5.0
   Compiling winnow v1.0.3
   Compiling cpufeatures v0.3.0
   Compiling strsim v0.11.1
   Compiling clap_lex v1.1.0
   Compiling clap_builder v4.6.0
   Compiling chacha20 v0.10.0
   Compiling toml_parser v1.1.2+spec-1.1.0
   Compiling moxcms v0.8.1
   Compiling tracing v0.1.44
   Compiling plotters-svg v0.3.7
   Compiling form_urlencoded v1.2.2
   Compiling zune-jpeg v0.5.15
   Compiling ciborium-ll v0.2.2
   Compiling clap_derive v4.6.1
   Compiling tinyvec v1.11.0
   Compiling png v0.18.1
   Compiling rustls-webpki v0.103.13
   Compiling idna v1.1.0
   Compiling itertools v0.13.0
   Compiling regex v1.12.3
   Compiling webpki-roots v1.0.7
   Compiling ppv-lite86 v0.2.21
   Compiling serde_spanned v1.1.1
   Compiling toml_datetime v0.7.5+spec-1.1.0
   Compiling thiserror-impl v2.0.18
   Compiling wait-timeout v0.2.1
   Compiling byteorder-lite v0.1.0
   Compiling same-file v1.0.6
   Compiling cast v0.3.0
   Compiling bit-vec v0.8.0
   Compiling fnv v1.0.7
   Compiling unicode-width v0.2.2
   Compiling winnow v0.7.15
   Compiling quick-error v1.2.3
   Compiling iana-time-zone v0.1.65
   Compiling toml_writer v1.1.1+spec-1.1.0
   Compiling bytemuck v1.25.0
   Compiling image v0.25.10
   Compiling toml v0.9.12+spec-1.1.0
   Compiling chrono v0.4.45
   Compiling rusty-fork v0.3.1
   Compiling console v0.16.3
   Compiling bit-set v0.8.0
   Compiling criterion-plot v0.8.2
   Compiling walkdir v2.5.0
   Compiling rand_chacha v0.9.0
   Compiling webpki-roots v0.26.11
   Compiling url v2.5.8
   Compiling rayon v1.12.0
   Compiling unicode-normalization v0.1.25
   Compiling tinytemplate v1.2.1
   Compiling clap v4.6.1
   Compiling ciborium v0.2.2
   Compiling plotters v0.3.7
   Compiling rand v0.10.1
   Compiling sharded-slab v0.1.7
   Compiling cbc v0.1.2
   Compiling aes v0.8.4
   Compiling sha2 v0.10.9
   Compiling tracing-log v0.2.0
   Compiling rand_xorshift v0.4.0
   Compiling rand v0.9.4
   Compiling matchers v0.2.0
   Compiling quick-xml v0.41.0
   Compiling num_cpus v1.17.0
   Compiling page_size v0.6.0
   Compiling thread_local v1.1.9
   Compiling unarray v0.1.4
   Compiling oorandom v11.1.5
   Compiling md5 v0.8.0
   Compiling unit-prefix v0.5.2
   Compiling base64 v0.22.1
   Compiling anes v0.1.6
   Compiling nu-ansi-term v0.50.3
   Compiling ureq v2.12.1
   Compiling tracing-subscriber v0.3.23
   Compiling criterion v0.8.2
   Compiling indicatif v0.18.4
   Compiling oxidize-pdf v5.1.3 (/home/santi/repos/BelowZero/oxidizePdf/oxidize-pdf/target/t4-product-harness-validated/core)
   Compiling proptest v1.11.0
   Compiling sha1 v0.10.6
   Compiling weezl v0.1.12
    Finished `test` profile [unoptimized] target(s) in 1m 55s
     Running tests/text_encoding_contract_test.rs (/home/santi/repos/BelowZero/oxidizePdf/oxidize-pdf/target/t4-product-build/debug/deps/text_encoding_contract_test-0bf3ae362130d2a3)

running 24 tests
test builtin_decoding_preserves_afm_widths_and_following_origins ... ok
test builtin_font_selection_does_not_match_unrelated_names_or_type3 ... ok
test builtin_symbol_subset_names_and_explicit_tounicode_are_distinct ... ok
test differences_restart_the_code_counter_and_preserve_unmodified_codes ... ok
test literal_and_hex_strings_preserve_the_same_source_codes ... ok
test differences_override_the_base_encoding ... ok
test builtin_symbol_and_zapf_keep_encoding_and_differences_precedence ... ok
test custom_type3_names_preserve_unknown_markers_and_mapping_precedence ... ok
test external_oracles_have_256_unique_positions_and_recorded_hashes ... ok
test macroman_overrides_cover_undefined_and_currency_codes ... ok
test tounicode_overrides_builtin_symbol_and_dingbats ... ok
test tounicode_overrides_differences_and_supports_unicode_sequences ... ok
test unknown_intrinsic_type1_names_preserve_markers_and_explicit_unicode ... ok
test unresolved_differences_replace_instead_of_restoring_the_base_glyph ... ok
test macroman_undefined_codes_preserve_neighbors_with_replacement ... ok
test zapf_differences_resolve_adobe_names_before_builtin_codes ... ok
test macroman_encoding_matches_independent_table ... ok
test standard_encoding_matches_independent_table ... ok
test symbol_builtin_encoding_matches_independent_table ... ok
test zapfdingbats_builtin_encoding_matches_independent_table ... ok
test winansi_encoding_matches_independent_table ... ok
test all_zapf_glyph_names_can_be_remapped_over_an_explicit_base_encoding ... ok
test simple_encoding_undefined_codes_recover_without_losing_neighbors ... ok
test latin_standard14_fonts_use_complete_explicit_pdf_encodings_in_both_modes ... ok

test result: ok. 24 passed; 0 failed; 0 ignored; 0 measured; 0 filtered out; finished in 7.04s

     Running tests/text_spacing_contract_test.rs (/home/santi/repos/BelowZero/oxidizePdf/oxidize-pdf/target/t4-product-build/debug/deps/text_spacing_contract_test-d2f8de657aaf0009)

running 25 tests
test glyph_origins_follow_declared_widths_kerns_and_horizontal_scale ... ok
test absent_widths_never_certify_tracking_for_standard_fonts ... ok
test declared_positive_widths_keep_word_separators ... ok
test declared_zero_widths_allow_uniform_advances ... ok
test lenient_type0_recovery_uses_explicit_spaces_and_full_em_advances ... ok
test explicit_character_spacing_disables_tracking_inference ... ok
test excess_advance_remains_a_word_separator ... ok
test a_single_transition_does_not_certify_uniform_tracking ... ok
test one_source_glyph_is_not_the_same_as_one_unicode_scalar ... ok
test known_zero_width_single_word_needs_no_literal_space ... ok
test explicit_word_spacing_disables_tracking_inference ... ok
test partial_em_adjustments_do_not_trigger_unknown_width_recovery ... ok
test ordinary_small_kerning_does_not_add_spaces ... ok
test resolved_cid_tracking_counts_source_glyphs_per_string ... ok
test strict_mode_does_not_enable_unknown_width_recovery ... ok
test nonuniform_advances_without_a_majority_keep_ordinary_gaps ... ok
test literal_spaces_and_adjustments_have_distinct_evidence ... ok
test unresolved_type0_without_space_reaches_and_rejects_the_fallback ... ok
test leading_and_trailing_kerns_do_not_certify_tracking ... ok
test minimum_support_and_strict_majority_are_both_required ... ok
test tracking_outlier_compares_only_excess_against_strict_threshold ... ok
test multiple_source_glyphs_disable_simple_font_tracking ... ok
test separator_evidence_follows_unicode_not_the_source_byte ... ok
test tracking_threshold_and_backward_kern_controls ... ok
test ordinary_tj_gap_threshold_is_strict_for_both_signs ... ok

test result: ok. 25 passed; 0 failed; 0 ignored; 0 measured; 0 filtered out; finished in 0.25s

     Running tests/text_state_contract_test.rs (/home/santi/repos/BelowZero/oxidizePdf/oxidize-pdf/target/t4-product-build/debug/deps/text_state_contract_test-5c0892ae06163479)

running 17 tests
test bt_retains_spacing_and_scale_while_resetting_text_position ... ok
test actualtext_accumulates_scaled_source_widths ... ok
test consecutive_tj_and_tj_arrays_keep_one_continuous_pen ... ok
test changes_apply_only_to_subsequent_advances_and_can_return_to_defaults ... ok
test character_spacing_applies_once_to_a_multiscalar_source_glyph ... ok
test double_quote_sets_word_and_character_spacing_in_pdf_operand_order ... ok
test negative_spacing_is_in_text_units_and_scaled_once ... ok
test q_restores_leading_without_rewinding_the_line_matrix ... ok
test mapped_unicode_space_does_not_receive_word_spacing ... ok
test q_restores_text_parameters_but_not_the_text_object_pen ... ok
test default_spacing_and_scale_leave_declared_width_unchanged ... ok
test q_restores_word_spacing_before_the_next_source_space ... ok
test nested_forms_restore_font_resources_and_text_parameters_at_each_return ... ok
test tracking_inference_does_not_leak_between_consecutive_tj_arrays ... ok
test word_spacing_changes_and_reset_affect_only_later_source_spaces ... ok
test word_spacing_uses_source_byte32_even_when_tounicode_changes_it ... ok
test zero_and_reflected_horizontal_scale_reach_fragment_extent ... ok

test result: ok. 17 passed; 0 failed; 0 ignored; 0 measured; 0 filtered out; finished in 0.01s

     Running tests/text_tj_scale_contract_test.rs (/home/santi/repos/BelowZero/oxidizePdf/oxidize-pdf/target/t4-product-build/debug/deps/text_tj_scale_contract_test-f1ec1e6a8bfd3ace)

running 5 tests
test fixture_hashes_are_frozen ... ok
test forward_tj_adjustment_scales_with_tz ... ok
test backward_tj_adjustment_scales_with_tz ... ok
test zero_tj_control_scales_only_source_width ... ok
test numeric_only_and_split_tj_adjustments_preserve_the_pen ... ok

test result: ok. 5 passed; 0 failed; 0 ignored; 0 measured; 0 filtered out; finished in 0.03s

     Running tests/text_tracking_recovery_contract_test.rs (/home/santi/repos/BelowZero/oxidizePdf/oxidize-pdf/target/t4-product-build/debug/deps/text_tracking_recovery_contract_test-5b24db8e4602bb63)

running 8 tests
test multiple_source_glyphs_cannot_certify_per_glyph_tracking ... ok
test larger_outlier_remains_a_word_gap_during_recovery ... ok
test a_space_inside_a_unicode_sequence_is_not_a_space_glyph ... ok
test resolved_descendant_without_widths_does_not_enable_recovery ... ok
test truncated_identity_codes_cannot_certify_tracking ... ok
test vertical_encoding_does_not_enable_horizontal_recovery ... ok
test damaged_type0_recovery_covers_full_em_tolerance_and_mode ... ok
test damaged_type0_rejects_non_em_baselines_and_explicit_spacing ... ok

test result: ok. 8 passed; 0 failed; 0 ignored; 0 measured; 0 filtered out; finished in 0.01s

