   Compiling oxidize-pdf v5.1.3 (/home/santi/repos/BelowZero/oxidizePdf/oxidize-pdf/oxidize-pdf-core)
    Finished `test` profile [unoptimized] target(s) in 0.77s
     Running tests/text_cmap_boundary_contract_test.rs (target/debug/deps/text_cmap_boundary_contract_test-6d539187c231099f)

running 14 tests
test fully_consumed_unmapped_code_is_distinct_from_truncation ... ok
test codespace_length_uses_the_full_prefix_not_just_the_first_byte ... FAILED
test child_notdef_char_overrides_only_its_parent_fallback_code ... ok
test cid_maximum_is_valid_but_five_byte_pdf_codes_are_rejected_by_renderer ... FAILED
test large_cidrange_offsets_do_not_alias_the_first_cid ... ok
test inherited_notdef_range_retains_parent_cid_and_width ... ok
test notdef_range_selects_one_cid_without_incrementing ... ok
test mixed_one_to_four_byte_codes_keep_boundaries_and_cids ... ok
test ordinary_child_mapping_wins_over_inherited_notdef ... ok
test cid_zero_notdef_keeps_source_tounicode_and_advance ... ok
test ordinary_parent_mapping_wins_over_child_notdef ... ok
test renderer_rejects_every_partial_multibyte_tail_in_both_modes ... ok
test later_mappings_override_earlier_entries_within_the_same_layer ... ok
test out_of_range_cids_never_wrap_into_valid_glyphs ... ok

failures:

---- codespace_length_uses_the_full_prefix_not_just_the_first_byte stdout ----

thread 'codespace_length_uses_the_full_prefix_not_just_the_first_byte' (153) panicked at oxidize-pdf-core/tests/text_cmap_boundary_contract_test.rs:319:13:
assertion `left == right` failed
  left: ""
 right: "XY"
note: run with `RUST_BACKTRACE=1` environment variable to display a backtrace

---- cid_maximum_is_valid_but_five_byte_pdf_codes_are_rejected_by_renderer stdout ----

thread 'cid_maximum_is_valid_but_five_byte_pdf_codes_are_rejected_by_renderer' (151) panicked at oxidize-pdf-core/tests/text_cmap_boundary_contract_test.rs:389:14:
called `Result::unwrap_err()` on an `Ok` value: [DecodedGlyph { source_code: [129, 0, 0, 0, 1], cid: Some(17), gid: Some(1), unicode: None, advance: 400.0 }]


failures:
    cid_maximum_is_valid_but_five_byte_pdf_codes_are_rejected_by_renderer
    codespace_length_uses_the_full_prefix_not_just_the_first_byte

test result: FAILED. 12 passed; 2 failed; 0 ignored; 0 measured; 0 filtered out; finished in 0.04s

error: test failed, to rerun pass `-p oxidize-pdf --test text_cmap_boundary_contract_test`
