   Compiling oxidize-pdf v5.1.3 (/home/santi/repos/BelowZero/oxidizePdf/oxidize-pdf/oxidize-pdf-core)
    Finished `test` profile [unoptimized] target(s) in 0.92s
     Running tests/text_cmap_boundary_contract_test.rs (target/debug/deps/text_cmap_boundary_contract_test-6d539187c231099f)

running 13 tests
test codespace_length_uses_the_full_prefix_not_just_the_first_byte ... FAILED
test fully_consumed_unmapped_code_is_distinct_from_truncation ... ok
test large_cidrange_offsets_do_not_alias_the_first_cid ... ok
test inherited_notdef_range_retains_parent_cid_and_width ... ok
test child_notdef_char_overrides_only_its_parent_fallback_code ... ok
test notdef_range_selects_one_cid_without_incrementing ... ok
test mixed_one_to_four_byte_codes_keep_boundaries_and_cids ... ok
test later_mappings_override_earlier_entries_within_the_same_layer ... FAILED
test ordinary_child_mapping_wins_over_inherited_notdef ... ok
test ordinary_parent_mapping_wins_over_child_notdef ... ok
test cid_zero_notdef_keeps_source_tounicode_and_advance ... ok
test renderer_rejects_every_partial_multibyte_tail_in_both_modes ... ok
test out_of_range_cids_never_wrap_into_valid_glyphs ... ok

failures:

---- codespace_length_uses_the_full_prefix_not_just_the_first_byte stdout ----

thread 'codespace_length_uses_the_full_prefix_not_just_the_first_byte' (152) panicked at oxidize-pdf-core/tests/text_cmap_boundary_contract_test.rs:319:13:
assertion `left == right` failed
  left: [Some(17), None, None]
 right: [Some(17), Some(29)]
note: run with `RUST_BACKTRACE=1` environment variable to display a backtrace

---- later_mappings_override_earlier_entries_within_the_same_layer stdout ----

thread 'later_mappings_override_earlier_entries_within_the_same_layer' (156) panicked at oxidize-pdf-core/tests/text_cmap_boundary_contract_test.rs:54:13:
assertion `left == right` failed: source code 4
  left: Some(17)
 right: Some(29)


failures:
    codespace_length_uses_the_full_prefix_not_just_the_first_byte
    later_mappings_override_earlier_entries_within_the_same_layer

test result: FAILED. 11 passed; 2 failed; 0 ignored; 0 measured; 0 filtered out; finished in 0.04s

error: test failed, to rerun pass `-p oxidize-pdf --test text_cmap_boundary_contract_test`
