    Blocking waiting for file lock on build directory
   Compiling simd-adler32 v0.3.9
   Compiling miniz_oxide v0.8.9
   Compiling flate2 v1.1.9
   Compiling oxidize-pdf v5.1.3 (/home/santi/repos/BelowZero/oxidizePdf/oxidize-pdf/oxidize-pdf-core)
    Finished `test` profile [unoptimized] target(s) in 1m 04s
     Running tests/text_document_string_contract_test.rs (target/debug/deps/text_document_string_contract_test-6d614a602b4194c9)

running 12 tests
test empty_document_strings_remain_empty ... ok
test empty_bookmarks_and_form_values_remain_empty ... ok
test actualtext_utf16be_bom_sequences_are_exact ... ok
test document_oracle_preserves_defined_and_undefined_positions ... ok
test metadata_utf16be_bom_sequences_are_exact ... ok
test malformed_utf16_preserves_valid_units_and_exposes_incomplete_tail ... ok
test bookmarks_and_form_values_preserve_utf16be_sequences ... ok
test undefined_pdfdoc_bytes_are_visible_replacements_without_losing_suffixes ... ok
test stored_form_values_match_pdfdocencoding_normative_table ... ok
test bookmark_titles_match_pdfdocencoding_normative_table ... ok
test actualtext_matches_pdfdocencoding_normative_table ... ok
test metadata_matches_pdfdocencoding_normative_table ... ok

test result: ok. 12 passed; 0 failed; 0 ignored; 0 measured; 0 filtered out; finished in 0.21s

     Running tests/text_pdf20_string_contract_test.rs (target/debug/deps/text_pdf20_string_contract_test-8bbd357284c3817b)

running 18 tests
test catalog_version_upgrade_enables_utf8_and_downgrade_does_not_disable_it ... ok
test indirect_catalog_version_is_resolved ... ok
test pdf20_metadata_utf8_bom_decodes_exact_sequences ... ok
test malformed_catalog_version_names_do_not_enable_utf8 ... ok
test pdf20_outline_title_uses_effective_document_version ... ok
test pdf17_does_not_silently_apply_pdf20_utf8_semantics ... ok
test pdf20_utf8_without_bom_remains_pdfdocencoding ... ok
test inline_utf8_actualtext_overrides_structure_in_page_and_form ... ok
test signature_metadata_uses_pdf20_text_strings ... ok
test stored_pdf20_form_value_can_be_decoded_with_effective_version ... ok
test structure_actualtext_in_form_uses_its_own_parent_tree_key ... ok
test pdf20_actualtext_utf8_bom_decodes_exact_sequences ... ok
test structure_actualtext_on_page_uses_catalog_version ... ok
test malformed_pdf20_utf8_replaces_invalid_subparts_and_preserves_suffix ... ok
test upgraded_catalog_and_named_actualtext_properties_share_version_context ... ok
test utf8_named_field_remains_addressable_to_form_filler ... ok
test utf8_bom_in_glyph_string_is_decoded_by_font_not_document_encoding ... ok
test indirect_version_resolution_is_bounded_and_rejects_cycles ... ok

test result: ok. 18 passed; 0 failed; 0 ignored; 0 measured; 0 filtered out; finished in 0.02s
