    Blocking waiting for file lock on build directory
   Compiling oxidize-pdf v5.1.3 (/home/santi/repos/BelowZero/oxidizePdf/oxidize-pdf/oxidize-pdf-core)
error[E0599]: no method named `effective_version` found for struct `PdfReader<R>` in the current scope
   --> oxidize-pdf-core/tests/text_pdf20_string_contract_test.rs:164:26
    |
164 |     let version = reader.effective_version().unwrap();
    |                          ^^^^^^^^^^^^^^^^^ method not found in `PdfReader<std::io::Cursor<Vec<u8>>>`

error[E0599]: no method named `to_text_with_version` found for reference `&PdfString` in the current scope
   --> oxidize-pdf-core/tests/text_pdf20_string_contract_test.rs:195:22
    |
195 |     assert_eq!(value.to_text_with_version(&version), "😀");
    |                      ^^^^^^^^^^^^^^^^^^^^ method not found in `&PdfString`

error[E0599]: no method named `effective_version` found for struct `PdfReader<R>` in the current scope
   --> oxidize-pdf-core/tests/text_pdf20_string_contract_test.rs:374:27
    |
374 |         assert_eq!(reader.effective_version().unwrap().to_string(), "2.0");
    |                           ^^^^^^^^^^^^^^^^^ method not found in `PdfReader<std::io::Cursor<Vec<u8>>>`

error[E0599]: no method named `effective_version` found for struct `PdfReader<R>` in the current scope
   --> oxidize-pdf-core/tests/text_pdf20_string_contract_test.rs:379:20
    |
379 |             reader.effective_version().is_err(),
    |                    ^^^^^^^^^^^^^^^^^ method not found in `PdfReader<std::io::Cursor<Vec<u8>>>`

For more information about this error, try `rustc --explain E0599`.
error: could not compile `oxidize-pdf` (test "text_pdf20_string_contract_test") due to 4 previous errors
