    Blocking waiting for file lock on build directory
   Compiling oxidize-pdf v5.1.3 (/home/santi/repos/BelowZero/oxidizePdf/oxidize-pdf/oxidize-pdf-core)
    Finished `test` profile [unoptimized] target(s) in 1m 29s
     Running tests/analysis_spi_test.rs (target/debug/deps/analysis_spi_test-9f7bdd4c55033133)

running 14 tests
test class_label_string_ergonomics ... ok
test custom_strategy_is_object_safe_and_groups_per_element ... ok
test decorator_wraps_default_and_refines ... ok
test hybrid_chunker_is_the_default_strategy ... ok
test classifier_runs_before_chunking_and_sets_class_label ... ok
test enricher::enricher_writes_namespaced_keys_into_extra ... ok
test default_pipeline_has_no_classifier_and_leaves_labels_unset ... ok
test custom_strategy_drives_chunk_count_and_pipeline_owns_ids ... ok
test enricher::enrichers_run_in_order_last_writer_wins_per_key ... ok
test default_pipeline_matches_rag_chunks ... ok
test enricher::no_enricher_leaves_extra_empty ... ok
test pipeline_owns_oversized_flag_regardless_of_strategy ... ok
test seams_compose::classifier_drives_strategy_boundaries_and_enricher_reads_through ... ok
test pipeline_context_mode_threads_through_spi_path ... ok

test result: ok. 14 passed; 0 failed; 0 ignored; 0 measured; 0 filtered out; finished in 0.01s

     Running tests/text_document_string_contract_test.rs (target/debug/deps/text_document_string_contract_test-18aeaeb38ddcd2e4)

running 12 tests
test malformed_utf16_preserves_valid_units_and_exposes_incomplete_tail ... ok
test empty_bookmarks_and_form_values_remain_empty ... ok
test actualtext_utf16be_bom_sequences_are_exact ... ok
test document_oracle_preserves_defined_and_undefined_positions ... ok
test empty_document_strings_remain_empty ... ok
test undefined_pdfdoc_bytes_are_visible_replacements_without_losing_suffixes ... ok
test metadata_utf16be_bom_sequences_are_exact ... ok
test bookmarks_and_form_values_preserve_utf16be_sequences ... ok
test metadata_matches_pdfdocencoding_normative_table ... ok
test stored_form_values_match_pdfdocencoding_normative_table ... ok
test bookmark_titles_match_pdfdocencoding_normative_table ... ok
test actualtext_matches_pdfdocencoding_normative_table ... ok

test result: ok. 12 passed; 0 failed; 0 ignored; 0 measured; 0 filtered out; finished in 0.16s

     Running tests/text_pdf20_string_contract_test.rs (target/debug/deps/text_pdf20_string_contract_test-9621e62cd72fb2db)

running 18 tests
test indirect_catalog_version_is_resolved ... ok
test catalog_version_upgrade_enables_utf8_and_downgrade_does_not_disable_it ... ok
test inline_utf8_actualtext_overrides_structure_in_page_and_form ... ok
test malformed_catalog_version_names_do_not_enable_utf8 ... ok
test pdf17_does_not_silently_apply_pdf20_utf8_semantics ... ok
test pdf20_outline_title_uses_effective_document_version ... ok
test pdf20_utf8_without_bom_remains_pdfdocencoding ... ok
test indirect_version_resolution_is_bounded_and_rejects_cycles ... ok
test pdf20_metadata_utf8_bom_decodes_exact_sequences ... ok
test signature_metadata_uses_pdf20_text_strings ... ok
test stored_pdf20_form_value_can_be_decoded_with_effective_version ... ok
test malformed_pdf20_utf8_replaces_invalid_subparts_and_preserves_suffix ... ok
test structure_actualtext_in_form_uses_its_own_parent_tree_key ... ok
test pdf20_actualtext_utf8_bom_decodes_exact_sequences ... ok
test structure_actualtext_on_page_uses_catalog_version ... ok
test utf8_bom_in_glyph_string_is_decoded_by_font_not_document_encoding ... ok
test upgraded_catalog_and_named_actualtext_properties_share_version_context ... ok
test utf8_named_field_remains_addressable_to_form_filler ... ok

test result: ok. 18 passed; 0 failed; 0 ignored; 0 measured; 0 filtered out; finished in 0.01s
