   Compiling oxidize-pdf v5.1.3 (/home/santi/repos/BelowZero/oxidizePdf/oxidize-pdf/oxidize-pdf-core)
    Finished `test` profile [unoptimized] target(s) in 8.36s
     Running tests/text_metrics_boundary_contract_test.rs (target/debug/deps/text_metrics_boundary_contract_test-3369e698de7e0c21)

running 5 tests
test implicit_standard14_metrics_reach_both_consumers ... ok
test cid_metrics_resolve_indirect_array_range_and_default_values ... ok
test simple_metrics_resolve_indirect_firstchar_widths_and_missingwidth ... ok
test invalid_metric_values_cannot_enter_either_consumer_as_zero_or_infinity ... ok
test cid_invalid_widths_fail_strict_and_recover_finitely_without_losing_unicode ... ok

test result: ok. 5 passed; 0 failed; 0 ignored; 0 measured; 0 filtered out; finished in 0.03s

     Running tests/text_spacing_contract_test.rs (target/debug/deps/text_spacing_contract_test-040fabcda5bb0cc2)

running 14 tests
test glyph_origins_follow_declared_widths_kerns_and_horizontal_scale ... ok
test absent_widths_never_certify_tracking_for_standard_fonts ... ok
test lenient_type0_recovery_uses_explicit_spaces_and_full_em_advances ... ok
test explicit_character_spacing_disables_tracking_inference ... ok
test declared_zero_widths_allow_uniform_advances ... ok
test declared_positive_widths_keep_word_separators ... ok
test partial_em_adjustments_do_not_trigger_unknown_width_recovery ... ok
test strict_mode_does_not_enable_unknown_width_recovery ... ok
test unresolved_type0_without_space_reaches_and_rejects_the_fallback ... ok
test known_zero_width_single_word_needs_no_literal_space ... ok
test excess_advance_remains_a_word_separator ... ok
test ordinary_small_kerning_does_not_add_spaces ... ok
test a_single_transition_does_not_certify_uniform_tracking ... ok
test explicit_word_spacing_disables_tracking_inference ... ok

test result: ok. 14 passed; 0 failed; 0 ignored; 0 measured; 0 filtered out; finished in 0.04s

     Running tests/text_standard14_metrics_contract_test.rs (target/debug/deps/text_standard14_metrics_contract_test-77fe3bfd266fac8a)

running 7 tests
test symbol_and_zapf_follow_adobe_metrics ... ok
test helvetica_styles_follow_adobe_implicit_metrics ... ok
test courier_styles_follow_adobe_monospaced_metrics ... ok
test times_styles_follow_adobe_implicit_metrics ... ok
test declared_widths_override_implicit_metrics_for_all_fourteen_fonts ... ok
test frozen_afm_sources_license_and_pdfs_are_unchanged ... ok
test every_font_pair_and_return_transition_selects_the_current_metrics ... ok

test result: ok. 7 passed; 0 failed; 0 ignored; 0 measured; 0 filtered out; finished in 0.26s

     Running tests/text_type3_program_boundary_contract_test.rs (target/debug/deps/text_type3_program_boundary_contract_test-ae9d8bb57dcac467)

running 14 tests
test inconsistent_procedure_width_is_observable_but_does_not_replace_declared_advance ... ok
test finite_pdf_decimals_cannot_overflow_type3_metrics ... ok
test consistent_d0_and_d1_preserve_metrics_and_program_operations ... ok
test missing_charproc_preserves_metadata_and_does_not_hide_invalid_widths ... ok
test malformed_declared_widths_are_rejected_by_program_consumer ... ok
test type3_differences_counter_cannot_wrap_after_byte_255 ... ok
test indirect_encoding_components_match_direct_values ... ok
test valid_text_metadata_survives_unrenderable_charproc ... ok
test type3_differences_accepts_byte_255_and_explicit_counter_resets ... ok
test malformed_charprocs_fail_with_context_in_both_parser_modes ... ok
test zero_negative_and_fractional_declared_widths_are_not_replaced_by_defaults ... ok
test type3_operation_and_token_budgets_accept_the_limit_and_reject_the_next_item ... ok
test type3_decoded_byte_budget_counts_repeated_streams ... ok
test aggregate_charproc_expansion_is_bounded_for_aliases_and_distinct_streams ... ok

test result: ok. 14 passed; 0 failed; 0 ignored; 0 measured; 0 filtered out; finished in 0.46s

     Running tests/text_vertical_contract_test.rs (target/debug/deps/text_vertical_contract_test-fcfbd6e3bb975c41)

running 15 tests
test dw2_overrides_default_vertical_advance ... ok
test missing_w2_entry_falls_back_to_dw2 ... ok
test embedded_wmode_one_selects_vertical_advance ... ok
test font_size_changes_apply_to_subsequent_vertical_advances ... ok
test character_spacing_applies_on_the_vertical_axis ... ok
test identity_v_uses_default_vertical_advance ... ok
test vertical_pen_follows_rotated_ctm ... ok
test horizontal_scale_does_not_scale_vertical_pen_advance ... ok
test w2_range_overrides_dw2_for_the_selected_cid ... ok
test vertical_multiscalar_unicode_advances_once_per_source_code ... ok
test word_spacing_does_not_apply_to_two_byte_source_codes ... ok
test w2_array_overrides_dw2_for_the_selected_cid ... ok
test w2_array_uses_selected_cid_at_each_position ... ok
test vertical_tj_adjustment_changes_y_with_the_pdf_sign ... ok
test vertical_tj_ignores_horizontal_scale_for_both_signs ... ok

test result: ok. 15 passed; 0 failed; 0 ignored; 0 measured; 0 filtered out; finished in 0.02s

