   Compiling oxidize-pdf v5.1.3 (/home/santi/repos/BelowZero/oxidizePdf/oxidize-pdf/oxidize-pdf-core)
warning: unused import: `std::borrow::Cow`
  --> oxidize-pdf-core/src/text/extraction_cmap.rs:12:5
   |
12 | use std::borrow::Cow;
   |     ^^^^^^^^^^^^^^^^
   |
   = note: `#[warn(unused_imports)]` (part of `#[warn(unused)]`) on by default

warning: `oxidize-pdf` (lib) generated 1 warning (run `cargo fix --lib -p oxidize-pdf` to apply 1 suggestion)
    Finished `test` profile [unoptimized] target(s) in 9.76s
     Running tests/text_metrics_boundary_contract_test.rs (target/debug/deps/text_metrics_boundary_contract_test-3369e698de7e0c21)

running 7 tests
test implicit_standard14_metrics_reach_both_consumers ... ok
test malformed_cid_width_tables_cannot_clamp_or_overflow_into_a_valid_cid ... FAILED
test simple_metrics_resolve_indirect_firstchar_widths_and_missingwidth ... ok
test cid_metrics_resolve_indirect_array_range_and_default_values ... ok
test declared_missingwidth_applies_when_private_font_has_no_widths_array ... ok
test invalid_metric_values_cannot_enter_either_consumer_as_zero_or_infinity ... ok
test cid_invalid_widths_fail_strict_and_recover_finitely_without_losing_unicode ... ok

failures:

---- malformed_cid_width_tables_cannot_clamp_or_overflow_into_a_valid_cid stdout ----

thread 'malformed_cid_width_tables_cannot_clamp_or_overflow_into_a_valid_cid' (414) panicked at oxidize-pdf-core/tests/text_metrics_boundary_contract_test.rs:186:42:
index out of bounds: the len is 0 but the index is 0
note: run with `RUST_BACKTRACE=1` environment variable to display a backtrace


failures:
    malformed_cid_width_tables_cannot_clamp_or_overflow_into_a_valid_cid

test result: FAILED. 6 passed; 1 failed; 0 ignored; 0 measured; 0 filtered out; finished in 0.03s

error: test failed, to rerun pass `-p oxidize-pdf --test text_metrics_boundary_contract_test`
