## Calidad de Tests (Kripteia)

=== Kripteia Test Quality Report ===
Overall Score: 100 | Tests: 5 | Files: 1

--- Files ---
Path                                                          Tests  Score
--------------------------------------------------------------------------
...e-pdf-core/tests/text_metrics_boundary_contract_test.rs        5    100

--- Worst Offenders ---
  simple_metrics_resolve_indirect_firstchar_widths_and_missingwidth (oxidize-pdf-core/tests/text_metrics_boundary_contract_test.rs:45) - Score: 100
  cid_metrics_resolve_indirect_array_range_and_default_values (oxidize-pdf-core/tests/text_metrics_boundary_contract_test.rs:54) - Score: 100
  invalid_metric_values_cannot_enter_either_consumer_as_zero_or_infinity (oxidize-pdf-core/tests/text_metrics_boundary_contract_test.rs:64) - Score: 100
    i Test 'invalid_metric_values_cannot_enter_either_consumer_as_zero_or_infinity' asserts against a hardcoded constant instead of a computed expected value
    i Test 'invalid_metric_values_cannot_enter_either_consumer_as_zero_or_infinity' uses .unwrap() which silently discards error information
  cid_invalid_widths_fail_strict_and_recover_finitely_without_losing_unicode (oxidize-pdf-core/tests/text_metrics_boundary_contract_test.rs:99) - Score: 100
    i Test 'cid_invalid_widths_fail_strict_and_recover_finitely_without_losing_unicode' asserts against a hardcoded constant instead of a computed expected value
    i Test 'cid_invalid_widths_fail_strict_and_recover_finitely_without_losing_unicode' uses .unwrap() which silently discards error information
  implicit_standard14_metrics_reach_both_consumers (oxidize-pdf-core/tests/text_metrics_boundary_contract_test.rs:135) - Score: 100

--- Details ---
oxidize-pdf-core/tests/text_metrics_boundary_contract_test.rs:
  invalid_metric_values_cannot_enter_either_consumer_as_zero_or_infinity (line 64) - Score: 100
    i Test 'invalid_metric_values_cannot_enter_either_consumer_as_zero_or_infinity' asserts against a hardcoded constant instead of a computed expected value
    i Test 'invalid_metric_values_cannot_enter_either_consumer_as_zero_or_infinity' uses .unwrap() which silently discards error information
  cid_invalid_widths_fail_strict_and_recover_finitely_without_losing_unicode (line 99) - Score: 100
    i Test 'cid_invalid_widths_fail_strict_and_recover_finitely_without_losing_unicode' asserts against a hardcoded constant instead of a computed expected value
    i Test 'cid_invalid_widths_fail_strict_and_recover_finitely_without_losing_unicode' uses .unwrap() which silently discards error information


## Analisis de Seguridad (Kripteia Security)

=== Kripteia Security Analysis ===

No security issues found.
