warning: unused import: `std::borrow::Cow`
  --> oxidize-pdf-core/src/text/extraction_cmap.rs:12:5
   |
12 | use std::borrow::Cow;
   |     ^^^^^^^^^^^^^^^^
   |
   = note: `#[warn(unused_imports)]` (part of `#[warn(unused)]`) on by default

warning: `oxidize-pdf` (lib) generated 1 warning (run `cargo fix --lib -p oxidize-pdf` to apply 1 suggestion)
   Compiling oxidize-pdf v5.1.3 (/home/santi/repos/BelowZero/oxidizePdf/oxidize-pdf/oxidize-pdf-core)
    Finished `test` profile [unoptimized] target(s) in 0.70s
     Running tests/text_metrics_boundary_contract_test.rs (target/debug/deps/text_metrics_boundary_contract_test-3369e698de7e0c21)

running 1 test
test explicit_invalid_simple_font_bounds_do_not_wrap_or_default_to_zero ... FAILED

failures:

---- explicit_invalid_simple_font_bounds_do_not_wrap_or_default_to_zero stdout ----

thread 'explicit_invalid_simple_font_bounds_do_not_wrap_or_default_to_zero' (145) panicked at oxidize-pdf-core/tests/text_metrics_boundary_contract_test.rs:229:17:
/FirstChar -1 /LastChar 65
note: run with `RUST_BACKTRACE=1` environment variable to display a backtrace


failures:
    explicit_invalid_simple_font_bounds_do_not_wrap_or_default_to_zero

test result: FAILED. 0 passed; 1 failed; 0 ignored; 0 measured; 7 filtered out; finished in 0.00s

error: test failed, to rerun pass `-p oxidize-pdf --test text_metrics_boundary_contract_test`
