## Calidad de Tests (Kripteia)

=== Kripteia Test Quality Report ===
Overall Score: 100 | Tests: 6 | Files: 1

--- Files ---
Path                                                          Tests  Score
--------------------------------------------------------------------------
...ize-pdf-core/tests/text_composite_font_contract_test.rs        6    100

--- Worst Offenders ---
  multiple_cff_font_dicts_and_both_fdselect_formats_preserve_identity_cids (oxidize-pdf-core/tests/text_composite_font_contract_test.rs:59) - Score: 100
  multiple_cff_font_dicts_preserve_remapped_source_codes_and_cid_widths (oxidize-pdf-core/tests/text_composite_font_contract_test.rs:63) - Score: 100
  full_and_subset_truetype_support_identity_cid_to_gid_map (oxidize-pdf-core/tests/text_composite_font_contract_test.rs:67) - Score: 100
  full_and_subset_truetype_support_stream_cid_to_gid_map (oxidize-pdf-core/tests/text_composite_font_contract_test.rs:71) - Score: 100
  full_and_subset_truetype_keep_source_codes_cids_and_gids_distinct (oxidize-pdf-core/tests/text_composite_font_contract_test.rs:75) - Score: 100

--- Details ---
oxidize-pdf-core/tests/text_composite_font_contract_test.rs:
  six_real_programs_and_fourteen_pdfs_match_their_frozen_hashes (line 79) - Score: 100
    i Test 'six_real_programs_and_fourteen_pdfs_match_their_frozen_hashes' asserts against a hardcoded constant instead of a computed expected value
    i Test 'six_real_programs_and_fourteen_pdfs_match_their_frozen_hashes' uses .unwrap() which silently discards error information


## Analisis de Seguridad (Kripteia Security)

=== Kripteia Security Analysis ===

No security issues found.
