   Compiling oxidize-pdf v5.1.3 (/home/santi/repos/BelowZero/oxidizePdf/oxidize-pdf/oxidize-pdf-core)
    Finished `test` profile [unoptimized] target(s) in 0.91s
     Running tests/text_differences_boundary_contract_test.rs (target/debug/deps/text_differences_boundary_contract_test-4567fe3d58f448e7)

running 7 tests
test invalid_counter_recovery_must_not_alias_valid_byte_mappings ... FAILED
test fifteen_independently_verified_fixtures_match_frozen_hashes ... ok
test name_sequence_can_end_exactly_at_code_255 ... ok
test integer_resets_do_not_remap_intermediate_base_encoding_codes ... ok
test later_difference_entry_overrides_earlier_entry_for_same_code ... ok
test first_and_last_byte_codes_are_valid_differences_positions ... ok
test tounicode_overrides_differences_without_multiplying_source_advances ... ok

failures:

---- invalid_counter_recovery_must_not_alias_valid_byte_mappings stdout ----

thread 'invalid_counter_recovery_must_not_alias_valid_byte_mappings' (135) panicked at oxidize-pdf-core/tests/text_differences_boundary_contract_test.rs:118:5:
[0 /A 255 /B /C]: expected AB, got "CB"
[0 /A 255 /B -1 /C]: expected AB, got "AC"
[0 /A 255 /B 4294967296 /C]: expected AB, got "CB"
note: run with `RUST_BACKTRACE=1` environment variable to display a backtrace


failures:
    invalid_counter_recovery_must_not_alias_valid_byte_mappings

test result: FAILED. 6 passed; 1 failed; 0 ignored; 0 measured; 0 filtered out; finished in 0.01s

error: test failed, to rerun pass `-p oxidize-pdf --test text_differences_boundary_contract_test`
