
running 1 test
test helvetica_styles_follow_adobe_implicit_metrics ... FAILED

failures:

---- helvetica_styles_follow_adobe_implicit_metrics stdout ----

thread 'helvetica_styles_follow_adobe_implicit_metrics' (419) panicked at contracts.rs:60:5:
Helvetica-Bold-implicit.pdf: expected "A" at(100,700), got "B" at(100,700)
Helvetica-Bold-implicit.pdf: expected "A" at(100,700), got "B" at(100,700)
Helvetica-BoldOblique-implicit.pdf: expected "A" at(100,700), got "B" at(100,700)
Helvetica-BoldOblique-implicit.pdf: expected "A" at(100,700), got "B" at(100,700)
Helvetica-Oblique-implicit.pdf: expected "A" at(100,700), got "B" at(100,700)
Helvetica-Oblique-implicit.pdf: expected "A" at(100,700), got "B" at(100,700)
Helvetica-implicit.pdf: expected "A" at(100,700), got "B" at(100,700)
Helvetica-implicit.pdf: expected "A" at(100,700), got "B" at(100,700)
note: run with `RUST_BACKTRACE=1` environment variable to display a backtrace


failures:
    helvetica_styles_follow_adobe_implicit_metrics

test result: FAILED. 0 passed; 1 failed; 0 ignored; 0 measured; 6 filtered out; finished in 0.01s

    Finished `test` profile [unoptimized] target(s) in 0.07s
     Running contracts.rs (target/debug/deps/contracts-49674f8595f11193)
error: test failed, to rerun pass `--test contracts`
