
running 1 test
test every_font_pair_and_return_transition_selects_the_current_metrics ... FAILED

failures:

---- every_font_pair_and_return_transition_selects_the_current_metrics stdout ----

thread 'every_font_pair_and_return_transition_selects_the_current_metrics' (443) panicked at contracts.rs:60:5:
Courier-Bold-to-Helvetica-Bold.pdf: expected "i" at(113.22,700), got "i" at(112,700)
Courier-Bold-to-Helvetica-Bold.pdf: expected "i" at(113.22,700), got "i" at(112,700)
Courier-Bold-to-Helvetica-BoldOblique.pdf: expected "i" at(113.22,700), got "i" at(112,700)
Courier-Bold-to-Helvetica-BoldOblique.pdf: expected "i" at(113.22,700), got "i" at(112,700)
Courier-Bold-to-Helvetica-Oblique.pdf: expected "i" at(112.67,700), got "i" at(112,700)
Courier-Bold-to-Helvetica-Oblique.pdf: expected "i" at(112.67,700), got "i" at(112,700)
Courier-Bold-to-Helvetica.pdf: expected "i" at(112.67,700), got "i" at(112,700)
Courier-Bold-to-Helvetica.pdf: expected "i" at(112.67,700), got "i" at(112,700)
Courier-Bold-to-Symbol.pdf: expected "Α" at(106,700), got "A" at(106,700)
Courier-Bold-to-Symbol.pdf: expected "i" at(113.22,700), got "i" at(112,700)
Courier-Bold-to-Symbol.pdf: expected "Α" at(106,700), got "A" at(106,700)
Courier-Bold-to-Symbol.pdf: expected "i" at(113.22,700), got "i" at(112,700)
Courier-Bold-to-Times-Bold.pdf: expected "i" at(113.22,700), got "i" at(112,700)
Courier-Bold-to-Times-Bold.pdf: expected "i" at(113.22,700), got "i" at(112,700)
Courier-Bold-to-Times-BoldItalic.pdf: expected "i" at(112.67,700), got "i" at(112,700)
Courier-Bold-to-Times-BoldItalic.pdf: expected "i" at(112.67,700), got "i" at(112,700)
Courier-Bold-to-Times-Italic.pdf: expected "i" at(112.11,700), got "i" at(112,700)
Courier-Bold-to-Times-Italic.pdf: expected "i" at(112.11,700), got "i" at(112,700)
Courier-Bold-to-Times-Roman.pdf: expected "i" at(113.22,700), got "i" at(112,700)
Courier-Bold-to-Times-Roman.pdf: expected "i" at(113.22,700), got "i" at(112,700)
Courier-Bold-to-ZapfDingbats.pdf: expected "✁" at(106,700), got "!" at(106,700)
Courier-Bold-to-ZapfDingbats.pdf: expected "i" at(115.74,700), got "i" at(112,700)
Courier-Bold-to-ZapfDingbats.pdf: expected "✁" at(106,700), got "!" at(106,700)
Courier-Bold-to-ZapfDingbats.pdf: expected "i" at(115.74,700), got "i" at(112,700)
Courier-BoldOblique-to-Helvetica-Bold.pdf: expected "i" at(113.22,700), got "i" at(112,700)
Courier-BoldOblique-to-Helvetica-Bold.pdf: expected "i" at(113.22,700), got "i" at(112,700)
Courier-BoldOblique-to-Helvetica-BoldOblique.pdf: expected "i" at(113.22,700), got "i" at(112,700)
Courier-BoldOblique-to-Helvetica-BoldOblique.pdf: expected "i" at(113.22,700), got "i" at(112,700)
Courier-BoldOblique-to-Helvetica-Oblique.pdf: expected "i" at(112.67,700), got "i" at(112,700)
Courier-BoldOblique-to-Helvetica-Oblique.pdf: expected "i" at(112.67,700), got "i" at(112,700)
Courier-BoldOblique-to-Helvetica.pdf: expected "i" at(112.67,700), got "i" at(112,700)
Courier-BoldOblique-to-Helvetica.pdf: expected "i" at(112.67,700), got "i" at(112,700)
Courier-BoldOblique-to-Symbol.pdf: expected "Α" at(106,700), got "A" at(106,700)
Courier-BoldOblique-to-Symbol.pdf: expected "i" at(113.22,700), got "i" at(112,700)
Courier-BoldOblique-to-Symbol.pdf: expected "Α" at(106,700), got "A" at(106,700)
Courier-BoldOblique-to-Symbol.pdf: expected "i" at(113.22,700), got "i" at(112,700)
Courier-BoldOblique-to-Times-Bold.pdf: expected "i" at(113.22,700), got "i" at(112,700)
Courier-BoldOblique-to-Times-Bold.pdf: expected "i" at(113.22,700), got "i" at(112,700)
Courier-BoldOblique-to-Times-BoldItalic.pdf: expected "i" at(112.67,700), got "i" at(112,700)
Courier-BoldOblique-to-Times-BoldItalic.pdf: expected "i" at(112.67,700), got "i" at(112,700)
Courier-BoldOblique-to-Times-Italic.pdf: expected "i" at(112.11,700), got "i" at(112,700)
Courier-BoldOblique-to-Times-Italic.pdf: expected "i" at(112.11,700), got "i" at(112,700)
Courier-BoldOblique-to-Times-Roman.pdf: expected "i" at(113.22,700), got "i" at(112,700)
Courier-BoldOblique-to-Times-Roman.pdf: expected "i" at(113.22,700), got "i" at(112,700)
Courier-BoldOblique-to-ZapfDingbats.pdf: expected "✁" at(106,700), got "!" at(106,700)
Courier-BoldOblique-to-ZapfDingbats.pdf: expected "i" at(115.74,700), got "i" at(112,700)
Courier-BoldOblique-to-ZapfDingbats.pdf: expected "✁" at(106,700), got "!" at(106,700)
Courier-BoldOblique-to-ZapfDingbats.pdf: expected "i" at(115.74,700), got "i" at(112,700)
Courier-Oblique-to-Helvetica-Bold.pdf: expected "i" at(113.22,700), got "i" at(112,700)
Courier-Oblique-to-Helvetica-Bold.pdf: expected "i" at(113.22,700), got "i" at(112,700)
Courier-Oblique-to-Helvetica-BoldOblique.pdf: expected "i" at(113.22,700), got "i" at(112,700)
Courier-Oblique-to-Helvetica-BoldOblique.pdf: expected "i" at(113.22,700), got "i" at(112,700)
Courier-Oblique-to-Helvetica-Oblique.pdf: expected "i" at(112.67,700), got "i" at(112,700)
Courier-Oblique-to-Helvetica-Oblique.pdf: expected "i" at(112.67,700), got "i" at(112,700)
Courier-Oblique-to-Helvetica.pdf: expected "i" at(112.67,700), got "i" at(112,700)
Courier-Oblique-to-Helvetica.pdf: expected "i" at(112.67,700), got "i" at(112,700)
Courier-Oblique-to-Symbol.pdf: expected "Α" at(106,700), got "A" at(106,700)
Courier-Oblique-to-Symbol.pdf: expected "i" at(113.22,700), got "i" at(112,700)
Courier-Oblique-to-Symbol.pdf: expected "Α" at(106,700), got "A" at(106,700)
Courier-Oblique-to-Symbol.pdf: expected "i" at(113.22,700), got "i" at(112,700)
Courier-Oblique-to-Times-Bold.pdf: expected "i" at(113.22,700), got "i" at(112,700)
Courier-Oblique-to-Times-Bold.pdf: expected "i" at(113.22,700), got "i" at(112,700)
Courier-Oblique-to-Times-BoldItalic.pdf: expected "i" at(112.67,700), got "i" at(112,700)
Courier-Oblique-to-Times-BoldItalic.pdf: expected "i" at(112.67,700), got "i" at(112,700)
Courier-Oblique-to-Times-Italic.pdf: expected "i" at(112.11,700), got "i" at(112,700)
Courier-Oblique-to-Times-Italic.pdf: expected "i" at(112.11,700), got "i" at(112,700)
Courier-Oblique-to-Times-Roman.pdf: expected "i" at(113.22,700), got "i" at(112,700)
Courier-Oblique-to-Times-Roman.pdf: expected "i" at(113.22,700), got "i" at(112,700)
Courier-Oblique-to-ZapfDingbats.pdf: expected "✁" at(106,700), got "!" at(106,700)
Courier-Oblique-to-ZapfDingbats.pdf: expected "i" at(115.74,700), got "i" at(112,700)
Courier-Oblique-to-ZapfDingbats.pdf: expected "✁" at(106,700), got "!" at(106,700)
Courier-Oblique-to-ZapfDingbats.pdf: expected "i" at(115.74,700), got "i" at(112,700)
Courier-to-Helvetica-Bold.pdf: expected "i" at(113.22,700), got "i" at(112,700)
Courier-to-Helvetica-Bold.pdf: expected "i" at(113.22,700), got "i" at(112,700)
Courier-to-Helvetica-BoldOblique.pdf: expected "i" at(113.22,700), got "i" at(112,700)
Courier-to-Helvetica-BoldOblique.pdf: expected "i" at(113.22,700), got "i" at(112,700)
Courier-to-Helvetica-Oblique.pdf: expected "i" at(112.67,700), got "i" at(112,700)
Courier-to-Helvetica-Oblique.pdf: expected "i" at(112.67,700), got "i" at(112,700)
Courier-to-Helvetica.pdf: expected "i" at(112.67,700), got "i" at(112,700)
Courier-to-Helvetica.pdf: expected "i" at(112.67,700), got "i" at(112,700)
Courier-to-Symbol.pdf: expected "Α" at(106,700), got "A" at(106,700)
Courier-to-Symbol.pdf: expected "i" at(113.22,700), got "i" at(112,700)
Courier-to-Symbol.pdf: expected "Α" at(106,700), got "A" at(106,700)
Courier-to-Symbol.pdf: expected "i" at(113.22,700), got "i" at(112,700)
Courier-to-Times-Bold.pdf: expected "i" at(113.22,700), got "i" at(112,700)
Courier-to-Times-Bold.pdf: expected "i" at(113.22,700), got "i" at(112,700)
Courier-to-Times-BoldItalic.pdf: expected "i" at(112.67,700), got "i" at(112,700)
Courier-to-Times-BoldItalic.pdf: expected "i" at(112.67,700), got "i" at(112,700)
Courier-to-Times-Italic.pdf: expected "i" at(112.11,700), got "i" at(112,700)
Courier-to-Times-Italic.pdf: expected "i" at(112.11,700), got "i" at(112,700)
Courier-to-Times-Roman.pdf: expected "i" at(113.22,700), got "i" at(112,700)
Courier-to-Times-Roman.pdf: expected "i" at(113.22,700), got "i" at(112,700)
Courier-to-ZapfDingbats.pdf: expected "✁" at(106,700), got "!" at(106,700)
Courier-to-ZapfDingbats.pdf: expected "i" at(115.74,700), got "i" at(112,700)
Courier-to-ZapfDingbats.pdf: expected "✁" at(106,700), got "!" at(106,700)
Courier-to-ZapfDingbats.pdf: expected "i" at(115.74,700), got "i" at(112,700)
Helvetica-Bold-to-Courier-Bold.pdf: expected "i" at(113.22,700), got "i" at(114.44,700)
Helvetica-Bold-to-Courier-Bold.pdf: expected "i" at(113.22,700), got "i" at(114.44,700)
Helvetica-Bold-to-Courier-BoldOblique.pdf: expected "i" at(113.22,700), got "i" at(114.44,700)
Helvetica-Bold-to-Courier-BoldOblique.pdf: expected "i" at(113.22,700), got "i" at(114.44,700)
Helvetica-Bold-to-Courier-Oblique.pdf: expected "i" at(113.22,700), got "i" at(114.44,700)
Helvetica-Bold-to-Courier-Oblique.pdf: expected "i" at(113.22,700), got "i" at(114.44,700)
Helvetica-Bold-to-Courier.pdf: expected "i" at(113.22,700), got "i" at(114.44,700)
Helvetica-Bold-to-Courier.pdf: expected "i" at(113.22,700), got "i" at(114.44,700)
Helvetica-Bold-to-Helvetica-Oblique.pdf: expected "i" at(113.89,700), got "i" at(114.44,700)
Helvetica-Bold-to-Helvetica-Oblique.pdf: expected "i" at(113.89,700), got "i" at(114.44,700)
Helvetica-Bold-to-Helvetica.pdf: expected "i" at(113.89,700), got "i" at(114.44,700)
Helvetica-Bold-to-Helvetica.pdf: expected "i" at(113.89,700), got "i" at(114.44,700)
Helvetica-Bold-to-Symbol.pdf: expected "Α" at(107.22,700), got "A" at(107.22,700)
Helvetica-Bold-to-Symbol.pdf: expected "Α" at(107.22,700), got "A" at(107.22,700)
Helvetica-Bold-to-Times-BoldItalic.pdf: expected "i" at(113.89,700), got "i" at(114.44,700)
Helvetica-Bold-to-Times-BoldItalic.pdf: expected "i" at(113.89,700), got "i" at(114.44,700)
Helvetica-Bold-to-Times-Italic.pdf: expected "i" at(113.33,700), got "i" at(114.44,700)
Helvetica-Bold-to-Times-Italic.pdf: expected "i" at(113.33,700), got "i" at(114.44,700)
Helvetica-Bold-to-ZapfDingbats.pdf: expected "✁" at(107.22,700), got "!" at(107.22,700)
Helvetica-Bold-to-ZapfDingbats.pdf: expected "i" at(116.96,700), got "i" at(110.55,700)
Helvetica-Bold-to-ZapfDingbats.pdf: expected "✁" at(107.22,700), got "!" at(107.22,700)
Helvetica-Bold-to-ZapfDingbats.pdf: expected "i" at(116.96,700), got "i" at(110.55,700)
Helvetica-BoldOblique-to-Courier-Bold.pdf: expected "i" at(113.22,700), got "i" at(114.44,700)
Helvetica-BoldOblique-to-Courier-Bold.pdf: expected "i" at(113.22,700), got "i" at(114.44,700)
Helvetica-BoldOblique-to-Courier-BoldOblique.pdf: expected "i" at(113.22,700), got "i" at(114.44,700)
Helvetica-BoldOblique-to-Courier-BoldOblique.pdf: expected "i" at(113.22,700), got "i" at(114.44,700)
Helvetica-BoldOblique-to-Courier-Oblique.pdf: expected "i" at(113.22,700), got "i" at(114.44,700)
Helvetica-BoldOblique-to-Courier-Oblique.pdf: expected "i" at(113.22,700), got "i" at(114.44,700)
Helvetica-BoldOblique-to-Courier.pdf: expected "i" at(113.22,700), got "i" at(114.44,700)
Helvetica-BoldOblique-to-Courier.pdf: expected "i" at(113.22,700), got "i" at(114.44,700)
Helvetica-BoldOblique-to-Helvetica-Oblique.pdf: expected "i" at(113.89,700), got "i" at(114.44,700)
Helvetica-BoldOblique-to-Helvetica-Oblique.pdf: expected "i" at(113.89,700), got "i" at(114.44,700)
Helvetica-BoldOblique-to-Helvetica.pdf: expected "i" at(113.89,700), got "i" at(114.44,700)
Helvetica-BoldOblique-to-Helvetica.pdf: expected "i" at(113.89,700), got "i" at(114.44,700)
Helvetica-BoldOblique-to-Symbol.pdf: expected "Α" at(107.22,700), got "A" at(107.22,700)
Helvetica-BoldOblique-to-Symbol.pdf: expected "Α" at(107.22,700), got "A" at(107.22,700)
Helvetica-BoldOblique-to-Times-BoldItalic.pdf: expected "i" at(113.89,700), got "i" at(114.44,700)
Helvetica-BoldOblique-to-Times-BoldItalic.pdf: expected "i" at(113.89,700), got "i" at(114.44,700)
Helvetica-BoldOblique-to-Times-Italic.pdf: expected "i" at(113.33,700), got "i" at(114.44,700)
Helvetica-BoldOblique-to-Times-Italic.pdf: expected "i" at(113.33,700), got "i" at(114.44,700)
Helvetica-BoldOblique-to-ZapfDingbats.pdf: expected "✁" at(107.22,700), got "!" at(107.22,700)
Helvetica-BoldOblique-to-ZapfDingbats.pdf: expected "i" at(116.96,700), got "i" at(110.55,700)
Helvetica-BoldOblique-to-ZapfDingbats.pdf: expected "✁" at(107.22,700), got "!" at(107.22,700)
Helvetica-BoldOblique-to-ZapfDingbats.pdf: expected "i" at(116.96,700), got "i" at(110.55,700)
Helvetica-Oblique-to-Courier-Bold.pdf: expected "i" at(112.67,700), got "i" at(113.34,700)
Helvetica-Oblique-to-Courier-Bold.pdf: expected "i" at(112.67,700), got "i" at(113.34,700)
Helvetica-Oblique-to-Courier-BoldOblique.pdf: expected "i" at(112.67,700), got "i" at(113.34,700)
Helvetica-Oblique-to-Courier-BoldOblique.pdf: expected "i" at(112.67,700), got "i" at(113.34,700)
Helvetica-Oblique-to-Courier-Oblique.pdf: expected "i" at(112.67,700), got "i" at(113.34,700)
Helvetica-Oblique-to-Courier-Oblique.pdf: expected "i" at(112.67,700), got "i" at(113.34,700)
Helvetica-Oblique-to-Courier.pdf: expected "i" at(112.67,700), got "i" at(113.34,700)
Helvetica-Oblique-to-Courier.pdf: expected "i" at(112.67,700), got "i" at(113.34,700)
Helvetica-Oblique-to-Helvetica-Bold.pdf: expected "i" at(113.89,700), got "i" at(113.34,700)
Helvetica-Oblique-to-Helvetica-Bold.pdf: expected "i" at(113.89,700), got "i" at(113.34,700)
Helvetica-Oblique-to-Helvetica-BoldOblique.pdf: expected "i" at(113.89,700), got "i" at(113.34,700)
Helvetica-Oblique-to-Helvetica-BoldOblique.pdf: expected "i" at(113.89,700), got "i" at(113.34,700)
Helvetica-Oblique-to-Symbol.pdf: expected "Α" at(106.67,700), got "A" at(106.67,700)
Helvetica-Oblique-to-Symbol.pdf: expected "i" at(113.89,700), got "i" at(113.34,700)
Helvetica-Oblique-to-Symbol.pdf: expected "Α" at(106.67,700), got "A" at(106.67,700)
Helvetica-Oblique-to-Symbol.pdf: expected "i" at(113.89,700), got "i" at(113.34,700)
Helvetica-Oblique-to-Times-Bold.pdf: expected "i" at(113.89,700), got "i" at(113.34,700)
Helvetica-Oblique-to-Times-Bold.pdf: expected "i" at(113.89,700), got "i" at(113.34,700)
Helvetica-Oblique-to-Times-Italic.pdf: expected "i" at(112.78,700), got "i" at(113.34,700)
Helvetica-Oblique-to-Times-Italic.pdf: expected "i" at(112.78,700), got "i" at(113.34,700)
Helvetica-Oblique-to-Times-Roman.pdf: expected "i" at(113.89,700), got "i" at(113.34,700)
Helvetica-Oblique-to-Times-Roman.pdf: expected "i" at(113.89,700), got "i" at(113.34,700)
Helvetica-Oblique-to-ZapfDingbats.pdf: expected "✁" at(106.67,700), got "!" at(106.67,700)
Helvetica-Oblique-to-ZapfDingbats.pdf: expected "i" at(116.41,700), got "i" at(109.45,700)
Helvetica-Oblique-to-ZapfDingbats.pdf: expected "✁" at(106.67,700), got "!" at(106.67,700)
Helvetica-Oblique-to-ZapfDingbats.pdf: expected "i" at(116.41,700), got "i" at(109.45,700)
Helvetica-to-Courier-Bold.pdf: expected "i" at(112.67,700), got "i" at(113.34,700)
Helvetica-to-Courier-Bold.pdf: expected "i" at(112.67,700), got "i" at(113.34,700)
Helvetica-to-Courier-BoldOblique.pdf: expected "i" at(112.67,700), got "i" at(113.34,700)
Helvetica-to-Courier-BoldOblique.pdf: expected "i" at(112.67,700), got "i" at(113.34,700)
Helvetica-to-Courier-Oblique.pdf: expected "i" at(112.67,700), got "i" at(113.34,700)
Helvetica-to-Courier-Oblique.pdf: expected "i" at(112.67,700), got "i" at(113.34,700)
Helvetica-to-Courier.pdf: expected "i" at(112.67,700), got "i" at(113.34,700)
Helvetica-to-Courier.pdf: expected "i" at(112.67,700), got "i" at(113.34,700)
Helvetica-to-Helvetica-Bold.pdf: expected "i" at(113.89,700), got "i" at(113.34,700)
Helvetica-to-Helvetica-Bold.pdf: expected "i" at(113.89,700), got "i" at(113.34,700)
Helvetica-to-Helvetica-BoldOblique.pdf: expected "i" at(113.89,700), got "i" at(113.34,700)
Helvetica-to-Helvetica-BoldOblique.pdf: expected "i" at(113.89,700), got "i" at(113.34,700)
Helvetica-to-Symbol.pdf: expected "Α" at(106.67,700), got "A" at(106.67,700)
Helvetica-to-Symbol.pdf: expected "i" at(113.89,700), got "i" at(113.34,700)
Helvetica-to-Symbol.pdf: expected "Α" at(106.67,700), got "A" at(106.67,700)
Helvetica-to-Symbol.pdf: expected "i" at(113.89,700), got "i" at(113.34,700)
Helvetica-to-Times-Bold.pdf: expected "i" at(113.89,700), got "i" at(113.34,700)
Helvetica-to-Times-Bold.pdf: expected "i" at(113.89,700), got "i" at(113.34,700)
Helvetica-to-Times-Italic.pdf: expected "i" at(112.78,700), got "i" at(113.34,700)
Helvetica-to-Times-Italic.pdf: expected "i" at(112.78,700), got "i" at(113.34,700)
Helvetica-to-Times-Roman.pdf: expected "i" at(113.89,700), got "i" at(113.34,700)
Helvetica-to-Times-Roman.pdf: expected "i" at(113.89,700), got "i" at(113.34,700)
Helvetica-to-ZapfDingbats.pdf: expected "✁" at(106.67,700), got "!" at(106.67,700)
Helvetica-to-ZapfDingbats.pdf: expected "i" at(116.41,700), got "i" at(109.45,700)
Helvetica-to-ZapfDingbats.pdf: expected "✁" at(106.67,700), got "!" at(106.67,700)
Helvetica-to-ZapfDingbats.pdf: expected "i" at(116.41,700), got "i" at(109.45,700)
Symbol-to-Courier-Bold.pdf: expected "A" at(107.22,700), got "Α" at(107.22,700)
Symbol-to-Courier-Bold.pdf: expected "α" at(113.22,700), got "α" at(114.44,700)
Symbol-to-Courier-Bold.pdf: expected "A" at(107.22,700), got "Α" at(107.22,700)
Symbol-to-Courier-Bold.pdf: expected "α" at(113.22,700), got "α" at(114.44,700)
Symbol-to-Courier-BoldOblique.pdf: expected "A" at(107.22,700), got "Α" at(107.22,700)
Symbol-to-Courier-BoldOblique.pdf: expected "α" at(113.22,700), got "α" at(114.44,700)
Symbol-to-Courier-BoldOblique.pdf: expected "A" at(107.22,700), got "Α" at(107.22,700)
Symbol-to-Courier-BoldOblique.pdf: expected "α" at(113.22,700), got "α" at(114.44,700)
Symbol-to-Courier-Oblique.pdf: expected "A" at(107.22,700), got "Α" at(107.22,700)
Symbol-to-Courier-Oblique.pdf: expected "α" at(113.22,700), got "α" at(114.44,700)
Symbol-to-Courier-Oblique.pdf: expected "A" at(107.22,700), got "Α" at(107.22,700)
Symbol-to-Courier-Oblique.pdf: expected "α" at(113.22,700), got "α" at(114.44,700)
Symbol-to-Courier.pdf: expected "A" at(107.22,700), got "Α" at(107.22,700)
Symbol-to-Courier.pdf: expected "α" at(113.22,700), got "α" at(114.44,700)
Symbol-to-Courier.pdf: expected "A" at(107.22,700), got "Α" at(107.22,700)
Symbol-to-Courier.pdf: expected "α" at(113.22,700), got "α" at(114.44,700)
Symbol-to-Helvetica-Bold.pdf: expected "A" at(107.22,700), got "Α" at(107.22,700)
Symbol-to-Helvetica-Bold.pdf: expected "A" at(107.22,700), got "Α" at(107.22,700)
Symbol-to-Helvetica-BoldOblique.pdf: expected "A" at(107.22,700), got "Α" at(107.22,700)
Symbol-to-Helvetica-BoldOblique.pdf: expected "A" at(107.22,700), got "Α" at(107.22,700)
Symbol-to-Helvetica-Oblique.pdf: expected "A" at(107.22,700), got "Α" at(107.22,700)
Symbol-to-Helvetica-Oblique.pdf: expected "α" at(113.89,700), got "α" at(114.44,700)
Symbol-to-Helvetica-Oblique.pdf: expected "A" at(107.22,700), got "Α" at(107.22,700)
Symbol-to-Helvetica-Oblique.pdf: expected "α" at(113.89,700), got "α" at(114.44,700)
Symbol-to-Helvetica.pdf: expected "A" at(107.22,700), got "Α" at(107.22,700)
Symbol-to-Helvetica.pdf: expected "α" at(113.89,700), got "α" at(114.44,700)
Symbol-to-Helvetica.pdf: expected "A" at(107.22,700), got "Α" at(107.22,700)
Symbol-to-Helvetica.pdf: expected "α" at(113.89,700), got "α" at(114.44,700)
Symbol-to-Times-Bold.pdf: expected "A" at(107.22,700), got "Α" at(107.22,700)
Symbol-to-Times-Bold.pdf: expected "A" at(107.22,700), got "Α" at(107.22,700)
Symbol-to-Times-BoldItalic.pdf: expected "A" at(107.22,700), got "Α" at(107.22,700)
Symbol-to-Times-BoldItalic.pdf: expected "α" at(113.89,700), got "α" at(114.44,700)
Symbol-to-Times-BoldItalic.pdf: expected "A" at(107.22,700), got "Α" at(107.22,700)
Symbol-to-Times-BoldItalic.pdf: expected "α" at(113.89,700), got "α" at(114.44,700)
Symbol-to-Times-Italic.pdf: expected "A" at(107.22,700), got "Α" at(107.22,700)
Symbol-to-Times-Italic.pdf: expected "α" at(113.33,700), got "α" at(114.44,700)
Symbol-to-Times-Italic.pdf: expected "A" at(107.22,700), got "Α" at(107.22,700)
Symbol-to-Times-Italic.pdf: expected "α" at(113.33,700), got "α" at(114.44,700)
Symbol-to-Times-Roman.pdf: expected "A" at(107.22,700), got "Α" at(107.22,700)
Symbol-to-Times-Roman.pdf: expected "A" at(107.22,700), got "Α" at(107.22,700)
Symbol-to-ZapfDingbats.pdf: expected "✁" at(107.22,700), got "!" at(107.22,700)
Symbol-to-ZapfDingbats.pdf: expected "α" at(116.96,700), got "α" at(110.55,700)
Symbol-to-ZapfDingbats.pdf: expected "✁" at(107.22,700), got "!" at(107.22,700)
Symbol-to-ZapfDingbats.pdf: expected "α" at(116.96,700), got "α" at(110.55,700)
Times-Bold-to-Courier-Bold.pdf: expected "i" at(113.22,700), got "i" at(114.44,700)
Times-Bold-to-Courier-Bold.pdf: expected "i" at(113.22,700), got "i" at(114.44,700)
Times-Bold-to-Courier-BoldOblique.pdf: expected "i" at(113.22,700), got "i" at(114.44,700)
Times-Bold-to-Courier-BoldOblique.pdf: expected "i" at(113.22,700), got "i" at(114.44,700)
Times-Bold-to-Courier-Oblique.pdf: expected "i" at(113.22,700), got "i" at(114.44,700)
Times-Bold-to-Courier-Oblique.pdf: expected "i" at(113.22,700), got "i" at(114.44,700)
Times-Bold-to-Courier.pdf: expected "i" at(113.22,700), got "i" at(114.44,700)
Times-Bold-to-Courier.pdf: expected "i" at(113.22,700), got "i" at(114.44,700)
Times-Bold-to-Helvetica-Oblique.pdf: expected "i" at(113.89,700), got "i" at(114.44,700)
Times-Bold-to-Helvetica-Oblique.pdf: expected "i" at(113.89,700), got "i" at(114.44,700)
Times-Bold-to-Helvetica.pdf: expected "i" at(113.89,700), got "i" at(114.44,700)
Times-Bold-to-Helvetica.pdf: expected "i" at(113.89,700), got "i" at(114.44,700)
Times-Bold-to-Symbol.pdf: expected "Α" at(107.22,700), got "A" at(107.22,700)
Times-Bold-to-Symbol.pdf: expected "Α" at(107.22,700), got "A" at(107.22,700)
Times-Bold-to-Times-BoldItalic.pdf: expected "i" at(113.89,700), got "i" at(114.44,700)
Times-Bold-to-Times-BoldItalic.pdf: expected "i" at(113.89,700), got "i" at(114.44,700)
Times-Bold-to-Times-Italic.pdf: expected "i" at(113.33,700), got "i" at(114.44,700)
Times-Bold-to-Times-Italic.pdf: expected "i" at(113.33,700), got "i" at(114.44,700)
Times-Bold-to-ZapfDingbats.pdf: expected "✁" at(107.22,700), got "!" at(107.22,700)
Times-Bold-to-ZapfDingbats.pdf: expected "i" at(116.96,700), got "i" at(110.55,700)
Times-Bold-to-ZapfDingbats.pdf: expected "✁" at(107.22,700), got "!" at(107.22,700)
Times-Bold-to-ZapfDingbats.pdf: expected "i" at(116.96,700), got "i" at(110.55,700)
Times-BoldItalic-to-Courier-Bold.pdf: expected "i" at(112.67,700), got "i" at(113.34,700)
Times-BoldItalic-to-Courier-Bold.pdf: expected "i" at(112.67,700), got "i" at(113.34,700)
Times-BoldItalic-to-Courier-BoldOblique.pdf: expected "i" at(112.67,700), got "i" at(113.34,700)
Times-BoldItalic-to-Courier-BoldOblique.pdf: expected "i" at(112.67,700), got "i" at(113.34,700)
Times-BoldItalic-to-Courier-Oblique.pdf: expected "i" at(112.67,700), got "i" at(113.34,700)
Times-BoldItalic-to-Courier-Oblique.pdf: expected "i" at(112.67,700), got "i" at(113.34,700)
Times-BoldItalic-to-Courier.pdf: expected "i" at(112.67,700), got "i" at(113.34,700)
Times-BoldItalic-to-Courier.pdf: expected "i" at(112.67,700), got "i" at(113.34,700)
Times-BoldItalic-to-Helvetica-Bold.pdf: expected "i" at(113.89,700), got "i" at(113.34,700)
Times-BoldItalic-to-Helvetica-Bold.pdf: expected "i" at(113.89,700), got "i" at(113.34,700)
Times-BoldItalic-to-Helvetica-BoldOblique.pdf: expected "i" at(113.89,700), got "i" at(113.34,700)
Times-BoldItalic-to-Helvetica-BoldOblique.pdf: expected "i" at(113.89,700), got "i" at(113.34,700)
Times-BoldItalic-to-Symbol.pdf: expected "Α" at(106.67,700), got "A" at(106.67,700)
Times-BoldItalic-to-Symbol.pdf: expected "i" at(113.89,700), got "i" at(113.34,700)
Times-BoldItalic-to-Symbol.pdf: expected "Α" at(106.67,700), got "A" at(106.67,700)
Times-BoldItalic-to-Symbol.pdf: expected "i" at(113.89,700), got "i" at(113.34,700)
Times-BoldItalic-to-Times-Bold.pdf: expected "i" at(113.89,700), got "i" at(113.34,700)
Times-BoldItalic-to-Times-Bold.pdf: expected "i" at(113.89,700), got "i" at(113.34,700)
Times-BoldItalic-to-Times-Italic.pdf: expected "i" at(112.78,700), got "i" at(113.34,700)
Times-BoldItalic-to-Times-Italic.pdf: expected "i" at(112.78,700), got "i" at(113.34,700)
Times-BoldItalic-to-Times-Roman.pdf: expected "i" at(113.89,700), got "i" at(113.34,700)
Times-BoldItalic-to-Times-Roman.pdf: expected "i" at(113.89,700), got "i" at(113.34,700)
Times-BoldItalic-to-ZapfDingbats.pdf: expected "✁" at(106.67,700), got "!" at(106.67,700)
Times-BoldItalic-to-ZapfDingbats.pdf: expected "i" at(116.41,700), got "i" at(110.56,700)
Times-BoldItalic-to-ZapfDingbats.pdf: expected "✁" at(106.67,700), got "!" at(106.67,700)
Times-BoldItalic-to-ZapfDingbats.pdf: expected "i" at(116.41,700), got "i" at(110.56,700)
Times-Italic-to-Courier-Bold.pdf: expected "i" at(112.11,700), got "i" at(112.22,700)
Times-Italic-to-Courier-Bold.pdf: expected "i" at(112.11,700), got "i" at(112.22,700)
Times-Italic-to-Courier-BoldOblique.pdf: expected "i" at(112.11,700), got "i" at(112.22,700)
Times-Italic-to-Courier-BoldOblique.pdf: expected "i" at(112.11,700), got "i" at(112.22,700)
Times-Italic-to-Courier-Oblique.pdf: expected "i" at(112.11,700), got "i" at(112.22,700)
Times-Italic-to-Courier-Oblique.pdf: expected "i" at(112.11,700), got "i" at(112.22,700)
Times-Italic-to-Courier.pdf: expected "i" at(112.11,700), got "i" at(112.22,700)
Times-Italic-to-Courier.pdf: expected "i" at(112.11,700), got "i" at(112.22,700)
Times-Italic-to-Helvetica-Bold.pdf: expected "i" at(113.33,700), got "i" at(112.22,700)
Times-Italic-to-Helvetica-Bold.pdf: expected "i" at(113.33,700), got "i" at(112.22,700)
Times-Italic-to-Helvetica-BoldOblique.pdf: expected "i" at(113.33,700), got "i" at(112.22,700)
Times-Italic-to-Helvetica-BoldOblique.pdf: expected "i" at(113.33,700), got "i" at(112.22,700)
Times-Italic-to-Helvetica-Oblique.pdf: expected "i" at(112.78,700), got "i" at(112.22,700)
Times-Italic-to-Helvetica-Oblique.pdf: expected "i" at(112.78,700), got "i" at(112.22,700)
Times-Italic-to-Helvetica.pdf: expected "i" at(112.78,700), got "i" at(112.22,700)
Times-Italic-to-Helvetica.pdf: expected "i" at(112.78,700), got "i" at(112.22,700)
Times-Italic-to-Symbol.pdf: expected "Α" at(106.11,700), got "A" at(106.11,700)
Times-Italic-to-Symbol.pdf: expected "i" at(113.33,700), got "i" at(112.22,700)
Times-Italic-to-Symbol.pdf: expected "Α" at(106.11,700), got "A" at(106.11,700)
Times-Italic-to-Symbol.pdf: expected "i" at(113.33,700), got "i" at(112.22,700)
Times-Italic-to-Times-Bold.pdf: expected "i" at(113.33,700), got "i" at(112.22,700)
Times-Italic-to-Times-Bold.pdf: expected "i" at(113.33,700), got "i" at(112.22,700)
Times-Italic-to-Times-BoldItalic.pdf: expected "i" at(112.78,700), got "i" at(112.22,700)
Times-Italic-to-Times-BoldItalic.pdf: expected "i" at(112.78,700), got "i" at(112.22,700)
Times-Italic-to-Times-Roman.pdf: expected "i" at(113.33,700), got "i" at(112.22,700)
Times-Italic-to-Times-Roman.pdf: expected "i" at(113.33,700), got "i" at(112.22,700)
Times-Italic-to-ZapfDingbats.pdf: expected "✁" at(106.11,700), got "!" at(106.11,700)
Times-Italic-to-ZapfDingbats.pdf: expected "i" at(115.85,700), got "i" at(109.44,700)
Times-Italic-to-ZapfDingbats.pdf: expected "✁" at(106.11,700), got "!" at(106.11,700)
Times-Italic-to-ZapfDingbats.pdf: expected "i" at(115.85,700), got "i" at(109.44,700)
Times-Roman-to-Courier-Bold.pdf: expected "i" at(113.22,700), got "i" at(114.44,700)
Times-Roman-to-Courier-Bold.pdf: expected "i" at(113.22,700), got "i" at(114.44,700)
Times-Roman-to-Courier-BoldOblique.pdf: expected "i" at(113.22,700), got "i" at(114.44,700)
Times-Roman-to-Courier-BoldOblique.pdf: expected "i" at(113.22,700), got "i" at(114.44,700)
Times-Roman-to-Courier-Oblique.pdf: expected "i" at(113.22,700), got "i" at(114.44,700)
Times-Roman-to-Courier-Oblique.pdf: expected "i" at(113.22,700), got "i" at(114.44,700)
Times-Roman-to-Courier.pdf: expected "i" at(113.22,700), got "i" at(114.44,700)
Times-Roman-to-Courier.pdf: expected "i" at(113.22,700), got "i" at(114.44,700)
Times-Roman-to-Helvetica-Oblique.pdf: expected "i" at(113.89,700), got "i" at(114.44,700)
Times-Roman-to-Helvetica-Oblique.pdf: expected "i" at(113.89,700), got "i" at(114.44,700)
Times-Roman-to-Helvetica.pdf: expected "i" at(113.89,700), got "i" at(114.44,700)
Times-Roman-to-Helvetica.pdf: expected "i" at(113.89,700), got "i" at(114.44,700)
Times-Roman-to-Symbol.pdf: expected "Α" at(107.22,700), got "A" at(107.22,700)
Times-Roman-to-Symbol.pdf: expected "Α" at(107.22,700), got "A" at(107.22,700)
Times-Roman-to-Times-BoldItalic.pdf: expected "i" at(113.89,700), got "i" at(114.44,700)
Times-Roman-to-Times-BoldItalic.pdf: expected "i" at(113.89,700), got "i" at(114.44,700)
Times-Roman-to-Times-Italic.pdf: expected "i" at(113.33,700), got "i" at(114.44,700)
Times-Roman-to-Times-Italic.pdf: expected "i" at(113.33,700), got "i" at(114.44,700)
Times-Roman-to-ZapfDingbats.pdf: expected "✁" at(107.22,700), got "!" at(107.22,700)
Times-Roman-to-ZapfDingbats.pdf: expected "i" at(116.96,700), got "i" at(110.55,700)
Times-Roman-to-ZapfDingbats.pdf: expected "✁" at(107.22,700), got "!" at(107.22,700)
Times-Roman-to-ZapfDingbats.pdf: expected "i" at(116.96,700), got "i" at(110.55,700)
ZapfDingbats-to-Courier-Bold.pdf: expected "✂" at(115.74,700), got "✂" at(116.66,700)
ZapfDingbats-to-Courier-Bold.pdf: expected "✂" at(115.74,700), got "✂" at(116.66,700)
ZapfDingbats-to-Courier-BoldOblique.pdf: expected "✂" at(115.74,700), got "✂" at(116.66,700)
ZapfDingbats-to-Courier-BoldOblique.pdf: expected "✂" at(115.74,700), got "✂" at(116.66,700)
ZapfDingbats-to-Courier-Oblique.pdf: expected "✂" at(115.74,700), got "✂" at(116.66,700)
ZapfDingbats-to-Courier-Oblique.pdf: expected "✂" at(115.74,700), got "✂" at(116.66,700)
ZapfDingbats-to-Courier.pdf: expected "✂" at(115.74,700), got "✂" at(116.66,700)
ZapfDingbats-to-Courier.pdf: expected "✂" at(115.74,700), got "✂" at(116.66,700)
ZapfDingbats-to-Helvetica-Bold.pdf: expected "✂" at(116.96,700), got "✂" at(116.66,700)
ZapfDingbats-to-Helvetica-Bold.pdf: expected "✂" at(116.96,700), got "✂" at(116.66,700)
ZapfDingbats-to-Helvetica-BoldOblique.pdf: expected "✂" at(116.96,700), got "✂" at(116.66,700)
ZapfDingbats-to-Helvetica-BoldOblique.pdf: expected "✂" at(116.96,700), got "✂" at(116.66,700)
ZapfDingbats-to-Helvetica-Oblique.pdf: expected "✂" at(116.41,700), got "✂" at(116.66,700)
ZapfDingbats-to-Helvetica-Oblique.pdf: expected "✂" at(116.41,700), got "✂" at(116.66,700)
ZapfDingbats-to-Helvetica.pdf: expected "✂" at(116.41,700), got "✂" at(116.66,700)
ZapfDingbats-to-Helvetica.pdf: expected "✂" at(116.41,700), got "✂" at(116.66,700)
ZapfDingbats-to-Symbol.pdf: expected "Α" at(109.74,700), got "A" at(109.74,700)
ZapfDingbats-to-Symbol.pdf: expected "✂" at(116.96,700), got "✂" at(116.66,700)
ZapfDingbats-to-Symbol.pdf: expected "Α" at(109.74,700), got "A" at(109.74,700)
ZapfDingbats-to-Symbol.pdf: expected "✂" at(116.96,700), got "✂" at(116.66,700)
ZapfDingbats-to-Times-Bold.pdf: expected "✂" at(116.96,700), got "✂" at(116.66,700)
ZapfDingbats-to-Times-Bold.pdf: expected "✂" at(116.96,700), got "✂" at(116.66,700)
ZapfDingbats-to-Times-BoldItalic.pdf: expected "✂" at(116.41,700), got "✂" at(116.66,700)
ZapfDingbats-to-Times-BoldItalic.pdf: expected "✂" at(116.41,700), got "✂" at(116.66,700)
ZapfDingbats-to-Times-Italic.pdf: expected "✂" at(115.85,700), got "✂" at(116.66,700)
ZapfDingbats-to-Times-Italic.pdf: expected "✂" at(115.85,700), got "✂" at(116.66,700)
ZapfDingbats-to-Times-Roman.pdf: expected "✂" at(116.96,700), got "✂" at(116.66,700)
ZapfDingbats-to-Times-Roman.pdf: expected "✂" at(116.96,700), got "✂" at(116.66,700)
note: run with `RUST_BACKTRACE=1` environment variable to display a backtrace


failures:
    every_font_pair_and_return_transition_selects_the_current_metrics

test result: FAILED. 0 passed; 1 failed; 0 ignored; 0 measured; 6 filtered out; finished in 0.31s

    Finished `test` profile [unoptimized] target(s) in 0.07s
     Running contracts.rs (target/debug/deps/contracts-49674f8595f11193)
error: test failed, to rerun pass `--test contracts`
