[
  {
    "mode": "default",
    "pages": 1,
    "us": {
      "control": {
        "median": 249.8668505,
        "min": 243.055972,
        "max": 330.5741,
        "stdev": 20.73091013572626
      },
      "formatting": {
        "median": 236.1669265,
        "min": 228.266031,
        "max": 247.693444,
        "stdev": 5.465345261095305
      },
      "compression": {
        "median": 236.87710650000002,
        "min": 223.48879,
        "max": 248.07099100000002,
        "stdev": 7.332861195265981
      }
    },
    "improvement_pct": {
      "control": 0.0,
      "formatting": 5.482889776128996,
      "compression": 5.198666399326934
    }
  },
  {
    "mode": "default",
    "pages": 10,
    "us": {
      "control": {
        "median": 2059.583805,
        "min": 2009.6469,
        "max": 2357.4312,
        "stdev": 107.41482310126739
      },
      "formatting": {
        "median": 1973.7648,
        "min": 1832.8065100000001,
        "max": 2087.2591,
        "stdev": 62.6785085931505
      },
      "compression": {
        "median": 1064.0658549999998,
        "min": 1002.62821,
        "max": 1217.5702800000001,
        "stdev": 52.080373722105094
      }
    },
    "improvement_pct": {
      "control": 0.0,
      "formatting": 4.1668129644280345,
      "compression": 48.33587968516777
    }
  },
  {
    "mode": "default",
    "pages": 100,
    "us": {
      "control": {
        "median": 9679.570899999999,
        "min": 9278.3254,
        "max": 10315.7135,
        "stdev": 311.03192831782155
      },
      "formatting": {
        "median": 8560.062249999999,
        "min": 8388.001900000001,
        "max": 10245.3385,
        "stdev": 474.24993565638425
      },
      "compression": {
        "median": 8401.4803,
        "min": 8109.735900000001,
        "max": 9882.893800000002,
        "stdev": 430.53934856721196
      }
    },
    "improvement_pct": {
      "control": 0.0,
      "formatting": 11.56568469372955,
      "compression": 13.204000602960608
    }
  },
  {
    "mode": "raw",
    "pages": 1,
    "us": {
      "control": {
        "median": 98.57131950000002,
        "min": 91.5222,
        "max": 104.01166599999999,
        "stdev": 3.855443676382596
      },
      "formatting": {
        "median": 88.5215485,
        "min": 83.238308,
        "max": 108.94475,
        "stdev": 6.218885789604937
      },
      "compression": {
        "median": 89.75076200000001,
        "min": 83.24846799999999,
        "max": 104.53795299999999,
        "stdev": 4.8808695710402485
      }
    },
    "improvement_pct": {
      "control": 0.0,
      "formatting": 10.19543113653868,
      "compression": 8.948401568267538
    }
  },
  {
    "mode": "raw",
    "pages": 10,
    "us": {
      "control": {
        "median": 701.811715,
        "min": 629.67701,
        "max": 1094.2977700000001,
        "stdev": 108.64541708223226
      },
      "formatting": {
        "median": 593.5690400000001,
        "min": 560.04966,
        "max": 626.5074599999999,
        "stdev": 20.500513301034797
      },
      "compression": {
        "median": 614.139745,
        "min": 557.43121,
        "max": 780.8102,
        "stdev": 59.44687806656113
      }
    },
    "improvement_pct": {
      "control": 0.0,
      "formatting": 15.423321196626071,
      "compression": 12.492235185900268
    }
  },
  {
    "mode": "raw",
    "pages": 100,
    "us": {
      "control": {
        "median": 6133.7435000000005,
        "min": 5864.566900000001,
        "max": 6568.2438,
        "stdev": 190.8433655645354
      },
      "formatting": {
        "median": 5420.952649999999,
        "min": 5242.5485,
        "max": 6088.1605,
        "stdev": 232.73698217233897
      },
      "compression": {
        "median": 5389.3208,
        "min": 5179.9236,
        "max": 7259.6861,
        "stdev": 488.8679118583558
      }
    },
    "improvement_pct": {
      "control": 0.0,
      "formatting": 11.620812803795943,
      "compression": 12.136515000994086
    }
  }
]
