   Compiling oxidize-pdf v5.1.3 (/home/santi/repos/BelowZero/oxidizePdf/oxidize-pdf/oxidize-pdf-core)
    Finished `test` profile [unoptimized] target(s) in 1.02s
     Running tests/text_spacing_contract_test.rs (target/debug/deps/text_spacing_contract_test-040fabcda5bb0cc2)

running 18 tests
test glyph_origins_follow_declared_widths_kerns_and_horizontal_scale ... ok
test absent_widths_never_certify_tracking_for_standard_fonts ... ok
test lenient_type0_recovery_uses_explicit_spaces_and_full_em_advances ... ok
test declared_zero_widths_allow_uniform_advances ... ok
test a_single_transition_does_not_certify_uniform_tracking ... ok
test declared_positive_widths_keep_word_separators ... ok
test explicit_word_spacing_disables_tracking_inference ... ok
test strict_mode_does_not_enable_unknown_width_recovery ... ok
test partial_em_adjustments_do_not_trigger_unknown_width_recovery ... ok
test explicit_character_spacing_disables_tracking_inference ... ok
test excess_advance_remains_a_word_separator ... ok
test unresolved_type0_without_space_reaches_and_rejects_the_fallback ... ok
test known_zero_width_single_word_needs_no_literal_space ... ok
test ordinary_small_kerning_does_not_add_spaces ... ok
test nonuniform_advances_without_a_majority_keep_ordinary_gaps ... ok
test tracking_outlier_compares_only_excess_against_strict_threshold ... ok
test tracking_threshold_and_backward_kern_controls ... ok
test ordinary_tj_gap_threshold_is_strict_for_both_signs ... ok

test result: ok. 18 passed; 0 failed; 0 ignored; 0 measured; 0 filtered out; finished in 0.16s

     Running tests/text_tj_scale_contract_test.rs (target/debug/deps/text_tj_scale_contract_test-adff38aa153acd86)

running 5 tests
test fixture_hashes_are_frozen ... ok
test forward_tj_adjustment_scales_with_tz ... ok
test backward_tj_adjustment_scales_with_tz ... ok
test zero_tj_control_scales_only_source_width ... ok
test numeric_only_and_split_tj_adjustments_preserve_the_pen ... ok

test result: ok. 5 passed; 0 failed; 0 ignored; 0 measured; 0 filtered out; finished in 0.03s

     Running tests/text_tracking_recovery_contract_test.rs (target/debug/deps/text_tracking_recovery_contract_test-62d9e1ff39e7e205)

running 8 tests
test multiple_source_glyphs_cannot_certify_per_glyph_tracking ... ok
test larger_outlier_remains_a_word_gap_during_recovery ... ok
test a_space_inside_a_unicode_sequence_is_not_a_space_glyph ... ok
test truncated_identity_codes_cannot_certify_tracking ... ok
test resolved_descendant_without_widths_does_not_enable_recovery ... ok
test vertical_encoding_does_not_enable_horizontal_recovery ... ok
test damaged_type0_recovery_covers_full_em_tolerance_and_mode ... ok
test damaged_type0_rejects_non_em_baselines_and_explicit_spacing ... ok

test result: ok. 8 passed; 0 failed; 0 ignored; 0 measured; 0 filtered out; finished in 0.01s

     Running tests/text_vertical_contract_test.rs (target/debug/deps/text_vertical_contract_test-fcfbd6e3bb975c41)

running 15 tests
test dw2_overrides_default_vertical_advance ... ok
test embedded_wmode_one_selects_vertical_advance ... ok
test character_spacing_applies_on_the_vertical_axis ... ok
test identity_v_uses_default_vertical_advance ... ok
test font_size_changes_apply_to_subsequent_vertical_advances ... ok
test missing_w2_entry_falls_back_to_dw2 ... ok
test horizontal_scale_does_not_scale_vertical_pen_advance ... ok
test w2_array_uses_selected_cid_at_each_position ... ok
test w2_array_overrides_dw2_for_the_selected_cid ... ok
test vertical_pen_follows_rotated_ctm ... ok
test w2_range_overrides_dw2_for_the_selected_cid ... ok
test vertical_multiscalar_unicode_advances_once_per_source_code ... ok
test vertical_tj_adjustment_changes_y_with_the_pdf_sign ... ok
test word_spacing_does_not_apply_to_two_byte_source_codes ... ok
test vertical_tj_ignores_horizontal_scale_for_both_signs ... ok

test result: ok. 15 passed; 0 failed; 0 ignored; 0 measured; 0 filtered out; finished in 0.01s

