   Compiling oxidize-pdf v5.1.3 (/home/santi/repos/BelowZero/oxidizePdf/oxidize-pdf/oxidize-pdf-core)
    Finished `test` profile [unoptimized] target(s) in 47.28s
     Running unittests src/lib.rs (target/debug/deps/oxidize_pdf-24bdcf433267eaa0)

running 7 tests
test text::extraction_cmap::usecmap_resolution_tests::dictionary_parent_takes_precedence_over_named_operator ... ok
test text::extraction_cmap::usecmap_resolution_tests::child_range_overrides_parent_single_and_retains_other_parent_codes ... ok
test text::extraction_cmap::usecmap_resolution_tests::named_identity_dictionary_supplies_unicode_codespace ... FAILED
test text::extraction_cmap::usecmap_resolution_tests::inherited_writing_mode_allows_explicit_horizontal_override ... ok
test text::extraction_cmap::usecmap_resolution_tests::invalid_parent_type_and_missing_reference_preserve_recovery_child ... ok
test text::extraction_cmap::usecmap_resolution_tests::parent_chain_limit_accepts_sixteen_streams_and_rejects_seventeen ... ok
test text::extraction_cmap::usecmap_resolution_tests::self_and_two_stream_cycles_fail_strict_but_keep_explicit_child_in_recovery ... ok

failures:

---- text::extraction_cmap::usecmap_resolution_tests::named_identity_dictionary_supplies_unicode_codespace stdout ----

thread 'text::extraction_cmap::usecmap_resolution_tests::named_identity_dictionary_supplies_unicode_codespace' (297) panicked at oxidize-pdf-core/src/text/usecmap_resolution_tests.rs:88:5:
inherit named parent's effective codespace
note: run with `RUST_BACKTRACE=1` environment variable to display a backtrace


failures:
    text::extraction_cmap::usecmap_resolution_tests::named_identity_dictionary_supplies_unicode_codespace

test result: FAILED. 6 passed; 1 failed; 0 ignored; 0 measured; 6779 filtered out; finished in 0.01s

error: test failed, to rerun pass `-p oxidize-pdf --lib`
