   Compiling oxidize-pdf v5.1.3 (/home/santi/repos/BelowZero/oxidizePdf/oxidize-pdf/oxidize-pdf-core)
    Finished `test` profile [unoptimized] target(s) in 1.41s
     Running tests/text_recovery_boundary_contract_test.rs (target/debug/deps/text_recovery_boundary_contract_test-7dd20d1680fef3b8)

running 11 tests
test invalid_tounicode_resource_cannot_silently_restore_base_unicode ... FAILED
test complete_codes_and_empty_string_remain_valid ... ok
test tounicode_reference_chain_preserves_authoritative_mapping ... FAILED
test never_joins_partial_codes_across_tj_strings ... ok
test simple_font_recovery_does_not_swallow_next_byte_with_sloppy_codespace ... ok
test unavailable_font_program_does_not_discard_authoritative_text_metadata ... ok
test unicode_recovery_for_unvendored_cmap_keeps_an_odd_byte_visible ... ok
test encoding_cmap_truncated_code_cannot_alias_a_shorter_mapping ... ok
test identity_collection_preserves_odd_tail_including_after_notdef ... ok
test complete_unmapped_code_does_not_reinterpret_its_suffix ... ok
test preserves_valid_text_and_marks_every_incomplete_tail_once ... ok

failures:

---- invalid_tounicode_resource_cannot_silently_restore_base_unicode stdout ----

thread 'invalid_tounicode_resource_cannot_silently_restore_base_unicode' (155) panicked at oxidize-pdf-core/tests/text_recovery_boundary_contract_test.rs:183:21:
Type1: null
note: run with `RUST_BACKTRACE=1` environment variable to display a backtrace

---- tounicode_reference_chain_preserves_authoritative_mapping stdout ----

thread 'tounicode_reference_chain_preserves_authoritative_mapping' (159) panicked at oxidize-pdf-core/tests/text_recovery_boundary_contract_test.rs:207:9:
assertion `left == right` failed
  left: "A"
 right: "Z"


failures:
    invalid_tounicode_resource_cannot_silently_restore_base_unicode
    tounicode_reference_chain_preserves_authoritative_mapping

test result: FAILED. 9 passed; 2 failed; 0 ignored; 0 measured; 0 filtered out; finished in 0.05s

error: test failed, to rerun pass `-p oxidize-pdf --test text_recovery_boundary_contract_test`
