## Calidad de Tests (Kripteia)

=== Kripteia Test Quality Report ===
Overall Score: 90 | Tests: 3 | Files: 1

--- Files ---
Path                                                          Tests  Score
--------------------------------------------------------------------------
...-core/tests/text_cid_collection_policy_contract_test.rs        3     90

--- Worst Offenders ---
  named_gb1_cmap_cannot_decode_cids_through_a_different_collection (oxidize-pdf-core/tests/text_cid_collection_policy_contract_test.rs:64) - Score: 90
    - Test 'named_gb1_cmap_cannot_decode_cids_through_a_different_collection' does not call any production code
  cumulative_supplements_do_not_require_equality_or_invent_a_new_collection (oxidize-pdf-core/tests/text_cid_collection_policy_contract_test.rs:71) - Score: 90
    - Test 'cumulative_supplements_do_not_require_equality_or_invent_a_new_collection' does not call any production code
  invalid_explicit_supplement_does_not_certify_collection_unicode (oxidize-pdf-core/tests/text_cid_collection_policy_contract_test.rs:78) - Score: 90
    - Test 'invalid_explicit_supplement_does_not_certify_collection_unicode' does not call any production code

--- Details ---
oxidize-pdf-core/tests/text_cid_collection_policy_contract_test.rs:
  named_gb1_cmap_cannot_decode_cids_through_a_different_collection (line 64) - Score: 90
    - Test 'named_gb1_cmap_cannot_decode_cids_through_a_different_collection' does not call any production code
  cumulative_supplements_do_not_require_equality_or_invent_a_new_collection (line 71) - Score: 90
    - Test 'cumulative_supplements_do_not_require_equality_or_invent_a_new_collection' does not call any production code
  invalid_explicit_supplement_does_not_certify_collection_unicode (line 78) - Score: 90
    - Test 'invalid_explicit_supplement_does_not_certify_collection_unicode' does not call any production code


## Analisis de Seguridad (Kripteia Security)

=== Kripteia Security Analysis ===

No security issues found.
