   Compiling oxidize-pdf v5.3.0 (/home/santi/repos/BelowZero/oxidizePdf/oxidize-pdf/target/issue690-review/oxidize-pdf-core)
    Finished `test` profile [unoptimized] target(s) in 13.82s
     Running tests/issue_544_tagged_pdf_validation_test.rs (target/issue661-writer/target/debug/deps/issue_544_tagged_pdf_validation_test-cda13b27ca064c4a)

running 5 tests
test cross_checks_missing_figure_alt_with_verapdf_when_available ... ok
test exposes_stable_machine_readable_findings ... ok
test validates_a_tagged_pdf_created_by_the_public_writer ... ok
test round_trips_nested_table_and_figure_structure ... ok
test dry_run_and_incremental_edit_preserve_unrelated_bytes_and_unknown_entries ... ok

test result: ok. 5 passed; 0 failed; 0 ignored; 0 measured; 0 filtered out; finished in 0.01s

     Running tests/text_tagged_preparation_contract_test.rs (target/issue661-writer/target/debug/deps/text_tagged_preparation_contract_test-bde8bacc4a389050)

running 11 tests
test preflight_reports_language_and_both_figures_together ... ok
test corrupt_parent_count_and_generation_remain_rejected ... ok
test split_rejects_all_source_metadata_before_publishing_any_part ... ok
test genuine_deleted_page_references_are_not_hidden_by_pages_type ... ok
test incomplete_metadata_never_produces_prepared_bytes ... ok
test unknown_blank_or_overwriting_metadata_is_rejected ... ok
test nested_tagged_tree_with_authoritative_metadata_splits_3_3_6 ... ok
test preparation_preserves_empty_structure_groups ... ok
test existing_editor_prepares_then_plans_and_applies_attributes ... ok
test supplied_metadata_prepares_nested_source_without_rewriting_it ... ok
test complete_matrix_preserves_nested_shape_actualtext_and_sparse_mcids has been running for over 60 seconds
test complete_matrix_preserves_nested_shape_actualtext_and_sparse_mcids ... ok

test result: ok. 11 passed; 0 failed; 0 ignored; 0 measured; 0 filtered out; finished in 78.99s

