   Compiling oxidize-pdf v5.1.3 (/home/santi/repos/BelowZero/oxidizePdf/oxidize-pdf/oxidize-pdf-core)
    Finished `test` profile [unoptimized] target(s) in 0.73s
     Running tests/text_type3_program_boundary_contract_test.rs (target/debug/deps/text_type3_program_boundary_contract_test-ae9d8bb57dcac467)

running 7 tests
test type3_differences_counter_cannot_wrap_after_byte_255 ... FAILED
test inconsistent_procedure_width_is_observable_but_does_not_replace_declared_advance ... ok
test valid_text_metadata_survives_unrenderable_charproc ... ok
test malformed_declared_widths_are_rejected_by_program_consumer ... ok
test consistent_d0_and_d1_preserve_metrics_and_program_operations ... ok
test zero_negative_and_fractional_declared_widths_are_not_replaced_by_defaults ... ok
test malformed_charprocs_fail_with_context_in_both_parser_modes ... ok

failures:

---- type3_differences_counter_cannot_wrap_after_byte_255 stdout ----

thread 'type3_differences_counter_cannot_wrap_after_byte_255' (157) panicked at oxidize-pdf-core/tests/text_type3_program_boundary_contract_test.rs:149:18:
called `Result::unwrap_err()` on an `Ok` value: ResolvedFontResource { resource_name: "F1", base_font: None, subtype: Type3, encoding: None, writing_mode: Horizontal, differences: {255: "A"}, embedded_font: None, type3: Some(Type3Font { name: None, font_matrix: [0.001, 0.0, 0.0, 0.001, 0.0, 0.0], font_bbox: [0.0, 0.0, 500.0, 700.0], resources: Some(PdfDictionary({})), glyphs: {255: Type3Glyph { code: 255, name: "A", width: 500.0, procedure_width: (500.0, 0.0), bbox: None, operations: [] }} }), code_encoding: Simple, to_unicode: None, cid_to_gid: None, cid_widths: None, cid_collection: None, vertical_widths: CidVerticalWidths { advances: {}, ranges: [], default_advance: -1000.0 }, intrinsic: None, first_char: 0, simple_widths: [0.0, 0.0, 0.0, 0.0, 0.0, 0.0, 0.0, 0.0, 0.0, 0.0, 0.0, 0.0, 0.0, 0.0, 0.0, 0.0, 0.0, 0.0, 0.0, 0.0, 0.0, 0.0, 0.0, 0.0, 0.0, 0.0, 0.0, 0.0, 0.0, 0.0, 0.0, 0.0, 0.0, 0.0, 0.0, 0.0, 0.0, 0.0, 0.0, 0.0, 0.0, 0.0, 0.0, 0.0, 0.0, 0.0, 0.0, 0.0, 0.0, 0.0, 0.0, 0.0, 0.0, 0.0, 0.0, 0.0, 0.0, 0.0, 0.0, 0.0, 0.0, 0.0, 0.0, 0.0, 0.0, 0.0, 0.0, 0.0, 0.0, 0.0, 0.0, 0.0, 0.0, 0.0, 0.0, 0.0, 0.0, 0.0, 0.0, 0.0, 0.0, 0.0, 0.0, 0.0, 0.0, 0.0, 0.0, 0.0, 0.0, 0.0, 0.0, 0.0, 0.0, 0.0, 0.0, 0.0, 0.0, 0.0, 0.0, 0.0, 0.0, 0.0, 0.0, 0.0, 0.0, 0.0, 0.0, 0.0, 0.0, 0.0, 0.0, 0.0, 0.0, 0.0, 0.0, 0.0, 0.0, 0.0, 0.0, 0.0, 0.0, 0.0, 0.0, 0.0, 0.0, 0.0, 0.0, 0.0, 0.0, 0.0, 0.0, 0.0, 0.0, 0.0, 0.0, 0.0, 0.0, 0.0, 0.0, 0.0, 0.0, 0.0, 0.0, 0.0, 0.0, 0.0, 0.0, 0.0, 0.0, 0.0, 0.0, 0.0, 0.0, 0.0, 0.0, 0.0, 0.0, 0.0, 0.0, 0.0, 0.0, 0.0, 0.0, 0.0, 0.0, 0.0, 0.0, 0.0, 0.0, 0.0, 0.0, 0.0, 0.0, 0.0, 0.0, 0.0, 0.0, 0.0, 0.0, 0.0, 0.0, 0.0, 0.0, 0.0, 0.0, 0.0, 0.0, 0.0, 0.0, 0.0, 0.0, 0.0, 0.0, 0.0, 0.0, 0.0, 0.0, 0.0, 0.0, 0.0, 0.0, 0.0, 0.0, 0.0, 0.0, 0.0, 0.0, 0.0, 0.0, 0.0, 0.0, 0.0, 0.0, 0.0, 0.0, 0.0, 0.0, 0.0, 0.0, 0.0, 0.0, 0.0, 0.0, 0.0, 0.0, 0.0, 0.0, 0.0, 0.0, 0.0, 0.0, 0.0, 0.0, 0.0, 0.0, 0.0, 0.0, 0.0, 0.0, 0.0, 0.0, 0.0, 0.0, 0.0, 0.0, 0.0, 0.0, 0.0, 0.0, 0.0, 0.0, 0.0, 0.0, 0.0, 0.0, 500.0], missing_width: 0.0, symbolic: false }
note: run with `RUST_BACKTRACE=1` environment variable to display a backtrace


failures:
    type3_differences_counter_cannot_wrap_after_byte_255

test result: FAILED. 6 passed; 1 failed; 0 ignored; 0 measured; 0 filtered out; finished in 0.02s

error: test failed, to rerun pass `-p oxidize-pdf --test text_type3_program_boundary_contract_test`
