    Checking cfg-if v1.0.4
    Checking libc v0.2.186
    Checking zerofrom v0.1.8
    Checking stable_deref_trait v1.2.1
    Checking yoke v0.8.3
    Checking typenum v1.20.1
    Checking zerovec v0.11.6
    Checking generic-array v0.14.7
    Checking serde_core v1.0.228
    Checking once_cell v1.21.4
    Checking memchr v2.8.1
    Checking tinystr v0.8.3
    Checking litemap v0.8.2
    Checking writeable v0.6.3
    Checking icu_locale_core v2.2.0
    Checking zerocopy v0.8.50
    Checking zeroize v1.8.2
    Checking num-traits v0.2.19
    Checking crypto-common v0.1.7
    Checking zerotrie v0.2.4
    Checking potential_utf v0.1.5
    Checking regex-syntax v0.8.10
    Checking bitflags v2.13.0
    Checking rand_core v0.10.1
    Checking utf8_iter v1.0.4
    Checking icu_collections v2.2.0
    Checking icu_provider v2.2.0
    Checking aho-corasick v1.1.4
    Checking smallvec v1.15.1
    Checking simd-adler32 v0.3.9
    Checking serde v1.0.228
    Checking regex-automata v0.4.14
    Checking icu_normalizer_data v2.2.0
    Checking crossbeam-utils v0.8.21
    Checking icu_properties_data v2.2.0
    Checking getrandom v0.4.2
    Checking getrandom v0.3.4
    Checking rustls-pki-types v1.14.1
    Checking block-padding v0.3.3
    Checking adler2 v2.0.1
    Checking linux-raw-sys v0.12.1
    Checking utf8parse v0.2.2
    Checking anstyle-parse v1.0.0
    Checking rustix v1.1.4
    Checking miniz_oxide v0.8.9
    Checking inout v0.1.4
    Checking rand_core v0.9.5
    Checking icu_properties v2.2.0
    Checking crossbeam-epoch v0.9.18
    Checking icu_normalizer v2.2.0
    Checking crc32fast v1.5.0
    Checking tracing-core v0.1.36
    Checking block-buffer v0.10.4
    Checking getrandom v0.2.17
    Checking anstyle-query v1.1.5
    Checking colorchoice v1.0.5
    Checking untrusted v0.9.0
    Checking either v1.16.0
    Checking const-oid v0.9.6
    Checking fastrand v2.4.1
    Checking anstyle v1.0.14
    Checking cpufeatures v0.2.17
    Checking is_terminal_polyfill v1.70.2
    Checking log v0.4.32
    Checking anstream v1.0.0
    Checking tempfile v3.27.0
    Checking digest v0.10.7
    Checking ring v0.17.14
    Checking idna_adapter v1.2.2
    Checking flate2 v1.1.9
    Checking crossbeam-deque v0.8.6
    Checking cipher v0.4.4
    Checking zmij v1.0.21
    Checking fdeflate v0.3.7
    Checking half v2.7.1
    Checking ciborium-io v0.2.2
    Checking subtle v2.6.1
    Checking cpufeatures v0.3.0
    Checking strsim v0.11.1
    Checking tinyvec_macros v0.1.1
    Checking pin-project-lite v0.2.17
    Checking percent-encoding v2.3.2
    Checking pxfm v0.1.29
    Checking itoa v1.0.18
    Checking clap_lex v1.1.0
    Checking lazy_static v1.5.0
    Checking plotters-backend v0.3.7
    Checking winnow v1.0.3
    Checking zune-core v0.5.1
    Checking zune-jpeg v0.5.15
    Checking toml_parser v1.1.2+spec-1.1.0
    Checking plotters-svg v0.3.7
    Checking clap_builder v4.6.0
    Checking moxcms v0.8.1
    Checking serde_json v1.0.150
    Checking form_urlencoded v1.2.2
    Checking tracing v0.1.44
    Checking tinyvec v1.11.0
    Checking chacha20 v0.10.0
    Checking ciborium-ll v0.2.2
    Checking rustls-webpki v0.103.13
    Checking png v0.18.1
    Checking rayon-core v1.13.0
    Checking idna v1.1.0
    Checking itertools v0.13.0
    Checking regex v1.12.3
    Checking webpki-roots v1.0.7
    Checking ppv-lite86 v0.2.21
    Checking toml_datetime v0.7.5+spec-1.1.0
    Checking serde_spanned v1.1.1
    Checking wait-timeout v0.2.1
    Checking byteorder-lite v0.1.0
    Checking fnv v1.0.7
    Checking iana-time-zone v0.1.65
    Checking bit-vec v0.8.0
    Checking winnow v0.7.15
    Checking bytemuck v1.25.0
    Checking same-file v1.0.6
    Checking toml_writer v1.1.1+spec-1.1.0
    Checking quick-error v1.2.3
    Checking unicode-width v0.2.2
    Checking cast v0.3.0
    Checking criterion-plot v0.8.2
    Checking console v0.16.3
    Checking rusty-fork v0.3.1
    Checking walkdir v2.5.0
    Checking toml v0.9.12+spec-1.1.0
    Checking image v0.25.10
    Checking bit-set v0.8.0
    Checking chrono v0.4.45
    Checking thiserror v2.0.18
    Checking rand_chacha v0.9.0
    Checking webpki-roots v0.26.11
    Checking url v2.5.8
    Checking rayon v1.12.0
    Checking rustls v0.23.40
    Checking alloca v0.4.0
    Checking ciborium v0.2.2
    Checking rand v0.10.1
    Checking unicode-normalization v0.1.25
    Checking tinytemplate v1.2.1
    Checking clap v4.6.1
    Checking portable-atomic v1.13.1
    Checking plotters v0.3.7
    Checking sharded-slab v0.1.7
    Checking aes v0.8.4
    Checking cbc v0.1.2
    Checking sha2 v0.10.9
    Checking tracing-log v0.2.0
    Checking rand v0.9.4
    Checking rand_xorshift v0.4.0
    Checking matchers v0.2.0
    Checking quick-xml v0.41.0
    Checking num_cpus v1.17.0
    Checking page_size v0.6.0
    Checking thread_local v1.1.9
    Checking md5 v0.8.0
    Checking unarray v0.1.4
    Checking unit-prefix v0.5.2
    Checking base64 v0.22.1
    Checking nu-ansi-term v0.50.3
    Checking anes v0.1.6
    Checking oorandom v11.1.5
    Checking ureq v2.12.1
    Checking criterion v0.8.2
    Checking tracing-subscriber v0.3.23
    Checking indicatif v0.18.4
    Checking proptest v1.11.0
    Checking oxidize-pdf v5.1.3 (/tmp/oxidize-641-642/oxidize-pdf-core)
    Checking sha1 v0.10.6
    Checking weezl v0.1.12
    Finished `dev` profile [unoptimized] target(s) in 42.19s
