## Calidad de Tests (Kripteia)

=== Kripteia Test Quality Report ===
Overall Score: 100 | Tests: 2 | Files: 1

--- Files ---
Path                                                          Tests  Score
--------------------------------------------------------------------------
oxidize-pdf-core/tests/public_claims_documentation_test.rs        2    100

--- Worst Offenders ---
  public_claims_preserve_supported_capabilities_and_their_limits (oxidize-pdf-core/tests/public_claims_documentation_test.rs:11) - Score: 100
    i Test 'public_claims_preserve_supported_capabilities_and_their_limits' has multiple assertions without diagnostic messages
  public_claims_do_not_restore_unsupported_comparisons_or_profiles (oxidize-pdf-core/tests/public_claims_documentation_test.rs:43) - Score: 100
    i Test 'public_claims_do_not_restore_unsupported_comparisons_or_profiles' has multiple assertions without diagnostic messages

--- Details ---
oxidize-pdf-core/tests/public_claims_documentation_test.rs:
  public_claims_preserve_supported_capabilities_and_their_limits (line 11) - Score: 100
    i Test 'public_claims_preserve_supported_capabilities_and_their_limits' has multiple assertions without diagnostic messages
  public_claims_do_not_restore_unsupported_comparisons_or_profiles (line 43) - Score: 100
    i Test 'public_claims_do_not_restore_unsupported_comparisons_or_profiles' has multiple assertions without diagnostic messages


## Analisis de Seguridad (Kripteia Security)

=== Kripteia Security Analysis ===

No security issues found.
