   Compiling oxidize-pdf v5.1.3 (/home/santi/repos/BelowZero/oxidizePdf/oxidize-pdf/oxidize-pdf-core)
    Finished `test` profile [unoptimized] target(s) in 9.16s
     Running tests/text_state_contract_test.rs (target/debug/deps/text_state_contract_test-8ca206f874cc9015)

running 11 tests
test default_spacing_and_scale_leave_declared_width_unchanged ... ok
test actualtext_accumulates_scaled_source_widths ... ok
test changes_apply_only_to_subsequent_advances_and_can_return_to_defaults ... ok
test bt_retains_spacing_and_scale_while_resetting_text_position ... ok
test character_spacing_applies_once_to_a_multiscalar_source_glyph ... ok
test double_quote_sets_word_and_character_spacing_in_pdf_operand_order ... ok
test negative_spacing_is_in_text_units_and_scaled_once ... ok
test word_spacing_uses_source_byte32_even_when_tounicode_changes_it ... ok
test word_spacing_changes_and_reset_affect_only_later_source_spaces ... ok
test mapped_unicode_space_does_not_receive_word_spacing ... ok
test zero_and_reflected_horizontal_scale_reach_fragment_extent ... ok

test result: ok. 11 passed; 0 failed; 0 ignored; 0 measured; 0 filtered out; finished in 0.01s

     Running tests/text_transform_contract_test.rs (target/debug/deps/text_transform_contract_test-57da4620cfd91d58)

running 12 tests
test bt_resets_text_matrix_and_retains_text_state ... ok
test ctm_shear_and_translation_apply_to_text_origins ... ok
test ctm_nonuniform_scale_and_translation_apply_to_text_origins ... ok
test ctm_scale_composes_with_rotated_tm_in_pdf_order ... ok
test font_switch_changes_advance_without_resetting_text_matrix ... ok
test nested_forms_compose_matrices_shadow_fonts_and_restore_parent_state ... ok
test large_representable_transform_does_not_overflow_norm_calculation ... ok
test integer_syntax_outside_i32_keeps_real_valued_transform_operands ... ok
test tm_shear_preserves_both_advance_components ... ok
test q_and_q_restore_ctm_before_the_next_text_object ... ok
test tm_rotation_rotates_glyph_advance ... ok
test nonrepresentable_text_geometry_returns_an_error ... ok

test result: ok. 12 passed; 0 failed; 0 ignored; 0 measured; 0 filtered out; finished in 0.03s

     Running tests/text_type3_program_boundary_contract_test.rs (target/debug/deps/text_type3_program_boundary_contract_test-ae9d8bb57dcac467)

running 14 tests
test inconsistent_procedure_width_is_observable_but_does_not_replace_declared_advance ... ok
test consistent_d0_and_d1_preserve_metrics_and_program_operations ... ok
test finite_pdf_decimals_cannot_overflow_type3_metrics ... ok
test malformed_declared_widths_are_rejected_by_program_consumer ... ok
test missing_charproc_preserves_metadata_and_does_not_hide_invalid_widths ... ok
test indirect_encoding_components_match_direct_values ... ok
test type3_differences_counter_cannot_wrap_after_byte_255 ... ok
test valid_text_metadata_survives_unrenderable_charproc ... ok
test malformed_charprocs_fail_with_context_in_both_parser_modes ... ok
test zero_negative_and_fractional_declared_widths_are_not_replaced_by_defaults ... ok
test type3_differences_accepts_byte_255_and_explicit_counter_resets ... ok
test type3_operation_and_token_budgets_accept_the_limit_and_reject_the_next_item ... ok
test type3_decoded_byte_budget_counts_repeated_streams ... ok
test aggregate_charproc_expansion_is_bounded_for_aliases_and_distinct_streams ... ok

test result: ok. 14 passed; 0 failed; 0 ignored; 0 measured; 0 filtered out; finished in 0.62s

