   Compiling oxidize-pdf v5.1.3 (/home/santi/repos/BelowZero/oxidizePdf/oxidize-pdf/oxidize-pdf-core)
    Finished `test` profile [unoptimized] target(s) in 13.77s
     Running tests/text_transform_contract_test.rs (target/debug/deps/text_transform_contract_test-57da4620cfd91d58)

running 15 tests
test bt_resets_text_matrix_and_retains_text_state ... ok
test ctm_scale_composes_with_rotated_tm_in_pdf_order ... ok
test ctm_nonuniform_scale_and_translation_apply_to_text_origins ... ok
test font_switch_changes_advance_without_resetting_text_matrix ... ok
test ctm_shear_and_translation_apply_to_text_origins ... ok
test composed_overflow_and_integer_overflow_do_not_return_success ... ok
test large_representable_transform_does_not_overflow_norm_calculation ... ok
test paragraph_extent_overflow_returns_an_error ... ok
test tm_rotation_rotates_glyph_advance ... ok
test q_and_q_restore_ctm_before_the_next_text_object ... ok
test nested_forms_compose_matrices_shadow_fonts_and_restore_parent_state ... ok
test integer_syntax_outside_i32_keeps_real_valued_transform_operands ... ok
test tm_shear_preserves_both_advance_components ... ok
test nonrepresentable_text_geometry_returns_an_error ... ok
test degenerate_reflected_and_rotated_transforms_preserve_text_for_simple_and_cid_fonts ... ok

test result: ok. 15 passed; 0 failed; 0 ignored; 0 measured; 0 filtered out; finished in 0.04s

