## Calidad de Tests (Kripteia)

=== Kripteia Test Quality Report ===
Overall Score: 89 | Tests: 92 | Files: 1

--- Files ---
Path                                                          Tests  Score
--------------------------------------------------------------------------
oxidize-pdf-core/src/text/extraction.rs                          92     89

--- Worst Offenders ---
  test_append_bounded_no_limit_always_appends (oxidize-pdf-core/src/text/extraction.rs:5147) - Score: 80
    - Test 'test_append_bounded_no_limit_always_appends' only exercises the happy path — no None, Err, or edge-case inputs
    i Test 'test_append_bounded_no_limit_always_appends' asserts against a hardcoded constant instead of a computed expected value
    - Test 'test_append_bounded_no_limit_always_appends' does not call any production code
  test_append_bounded_undershoot_counts_separator (oxidize-pdf-core/src/text/extraction.rs:5157) - Score: 80
    - Test 'test_append_bounded_undershoot_counts_separator' only exercises the happy path — no None, Err, or edge-case inputs
    i Test 'test_append_bounded_undershoot_counts_separator' asserts against a hardcoded constant instead of a computed expected value
    - Test 'test_append_bounded_undershoot_counts_separator' does not call any production code
  test_append_bounded_zero_limit_truncates_immediately (oxidize-pdf-core/src/text/extraction.rs:5174) - Score: 80
    - Test 'test_append_bounded_zero_limit_truncates_immediately' only exercises the happy path — no None, Err, or edge-case inputs
    - Test 'test_append_bounded_zero_limit_truncates_immediately' does not call any production code
  test_append_bounded_is_noop_once_truncated (oxidize-pdf-core/src/text/extraction.rs:5183) - Score: 80
    - Test 'test_append_bounded_is_noop_once_truncated' only exercises the happy path — no None, Err, or edge-case inputs
    i Test 'test_append_bounded_is_noop_once_truncated' asserts against a hardcoded constant instead of a computed expected value
    - Test 'test_append_bounded_is_noop_once_truncated' does not call any production code
  test_append_bounded_fusion_with_trailing_whitespace_respects_budget (oxidize-pdf-core/src/text/extraction.rs:5231) - Score: 80
    - Test 'test_append_bounded_fusion_with_trailing_whitespace_respects_budget' only exercises the happy path — no None, Err, or edge-case inputs
    i Test 'test_append_bounded_fusion_with_trailing_whitespace_respects_budget' asserts against a hardcoded constant instead of a computed expected value
    - Test 'test_append_bounded_fusion_with_trailing_whitespace_respects_budget' does not call any production code

--- Details ---
oxidize-pdf-core/src/text/extraction.rs:
  pen_delta_identity_matrix_returns_raw_deltas (line 5089) - Score: 90
    - Test 'pen_delta_identity_matrix_returns_raw_deltas' does not call any production code
  pen_delta_rotation_recovers_text_space_advance (line 5096) - Score: 100
    i Test 'pen_delta_rotation_recovers_text_space_advance' has multiple assertions without diagnostic messages
  pen_delta_mirrored_baseline_measures_advance_direction (line 5110) - Score: 100
    i Test 'pen_delta_mirrored_baseline_measures_advance_direction' asserts against a hardcoded constant instead of a computed expected value
  pen_delta_degenerate_matrix_falls_back_to_raw_deltas (line 5121) - Score: 90
    i Test 'pen_delta_degenerate_matrix_falls_back_to_raw_deltas' has multiple assertions without diagnostic messages
    - Test 'pen_delta_degenerate_matrix_falls_back_to_raw_deltas' does not call any production code
  flat_space_threshold_uses_unscaled_fallback_for_tiny_baseline (line 5132) - Score: 90
    - Test 'flat_space_threshold_uses_unscaled_fallback_for_tiny_baseline' has low assert-to-setup ratio (17%): 1 asserts vs 5 setup lines
  test_append_bounded_no_limit_always_appends (line 5147) - Score: 80
    - Test 'test_append_bounded_no_limit_always_appends' only exercises the happy path — no None, Err, or edge-case inputs
    i Test 'test_append_bounded_no_limit_always_appends' asserts against a hardcoded constant instead of a computed expected value
    - Test 'test_append_bounded_no_limit_always_appends' does not call any production code
  test_append_bounded_undershoot_counts_separator (line 5157) - Score: 80
    - Test 'test_append_bounded_undershoot_counts_separator' only exercises the happy path — no None, Err, or edge-case inputs
    i Test 'test_append_bounded_undershoot_counts_separator' asserts against a hardcoded constant instead of a computed expected value
    - Test 'test_append_bounded_undershoot_counts_separator' does not call any production code
  test_append_bounded_zero_limit_truncates_immediately (line 5174) - Score: 80
    - Test 'test_append_bounded_zero_limit_truncates_immediately' only exercises the happy path — no None, Err, or edge-case inputs
    - Test 'test_append_bounded_zero_limit_truncates_immediately' does not call any production code
  test_append_bounded_is_noop_once_truncated (line 5183) - Score: 80
    - Test 'test_append_bounded_is_noop_once_truncated' only exercises the happy path — no None, Err, or edge-case inputs
    i Test 'test_append_bounded_is_noop_once_truncated' asserts against a hardcoded constant instead of a computed expected value
    - Test 'test_append_bounded_is_noop_once_truncated' does not call any production code
  test_append_bounded_fuses_hyphen_wrap_when_enabled (line 5193) - Score: 90
    i Test 'test_append_bounded_fuses_hyphen_wrap_when_enabled' asserts against a hardcoded constant instead of a computed expected value
    - Test 'test_append_bounded_fuses_hyphen_wrap_when_enabled' does not call any production code
  test_append_bounded_fuses_hyphen_wrap_with_trailing_horizontal_whitespace (line 5208) - Score: 90
    i Test 'test_append_bounded_fuses_hyphen_wrap_with_trailing_horizontal_whitespace' asserts against a hardcoded constant instead of a computed expected value
    - Test 'test_append_bounded_fuses_hyphen_wrap_with_trailing_horizontal_whitespace' does not call any production code
  test_append_bounded_preserves_trailing_horizontal_whitespace_without_hyphen (line 5221) - Score: 90
    i Test 'test_append_bounded_preserves_trailing_horizontal_whitespace_without_hyphen' asserts against a hardcoded constant instead of a computed expected value
    - Test 'test_append_bounded_preserves_trailing_horizontal_whitespace_without_hyphen' does not call any production code
  test_append_bounded_fusion_with_trailing_whitespace_respects_budget (line 5231) - Score: 80
    - Test 'test_append_bounded_fusion_with_trailing_whitespace_respects_budget' only exercises the happy path — no None, Err, or edge-case inputs
    i Test 'test_append_bounded_fusion_with_trailing_whitespace_respects_budget' asserts against a hardcoded constant instead of a computed expected value
    - Test 'test_append_bounded_fusion_with_trailing_whitespace_respects_budget' does not call any production code
  test_append_bounded_no_fusion_without_a_trailing_hyphen (line 5243) - Score: 90
    i Test 'test_append_bounded_no_fusion_without_a_trailing_hyphen' asserts against a hardcoded constant instead of a computed expected value
    - Test 'test_append_bounded_no_fusion_without_a_trailing_hyphen' does not call any production code
  test_append_bounded_does_not_fuse_when_merge_hyphenated_disabled (line 5257) - Score: 90
    i Test 'test_append_bounded_does_not_fuse_when_merge_hyphenated_disabled' asserts against a hardcoded constant instead of a computed expected value
    - Test 'test_append_bounded_does_not_fuse_when_merge_hyphenated_disabled' does not call any production code
  test_append_bounded_does_not_fuse_a_space_separator (line 5267) - Score: 90
    i Test 'test_append_bounded_does_not_fuse_a_space_separator' asserts against a hardcoded constant instead of a computed expected value
    - Test 'test_append_bounded_does_not_fuse_a_space_separator' does not call any production code
  test_append_bounded_hyphen_fusion_respects_budget (line 5279) - Score: 80
    - Test 'test_append_bounded_hyphen_fusion_respects_budget' only exercises the happy path — no None, Err, or edge-case inputs
    i Test 'test_append_bounded_hyphen_fusion_respects_budget' asserts against a hardcoded constant instead of a computed expected value
    - Test 'test_append_bounded_hyphen_fusion_respects_budget' does not call any production code
  test_clamp_to_budget_no_limit_or_fits_is_noop (line 5300) - Score: 90
    i Test 'test_clamp_to_budget_no_limit_or_fits_is_noop' asserts against a hardcoded constant instead of a computed expected value
    - Test 'test_clamp_to_budget_no_limit_or_fits_is_noop' does not call any production code
  test_clamp_to_budget_cuts_and_flags (line 5314) - Score: 80
    - Test 'test_clamp_to_budget_cuts_and_flags' only exercises the happy path — no None, Err, or edge-case inputs
    i Test 'test_clamp_to_budget_cuts_and_flags' asserts against a hardcoded constant instead of a computed expected value
    - Test 'test_clamp_to_budget_cuts_and_flags' does not call any production code
  test_clamp_to_budget_never_splits_utf8 (line 5323) - Score: 80
    - Test 'test_clamp_to_budget_never_splits_utf8' only exercises the happy path — no None, Err, or edge-case inputs
    i Test 'test_clamp_to_budget_never_splits_utf8' asserts against a hardcoded constant instead of a computed expected value
    - Test 'test_clamp_to_budget_never_splits_utf8' does not call any production code
  test_matrix_multiplication (line 5335) - Score: 90
    i Test 'test_matrix_multiplication' has multiple assertions without diagnostic messages
    - Test 'test_matrix_multiplication' does not call any production code
  test_transform_point (line 5347) - Score: 90
    i Test 'test_transform_point' asserts against a hardcoded constant instead of a computed expected value
    i Test 'test_transform_point' has multiple assertions without diagnostic messages
    - Test 'test_transform_point' does not call any production code
  test_extraction_options_default (line 5355) - Score: 90
    i Test 'test_extraction_options_default' asserts against a hardcoded constant instead of a computed expected value
    i Test 'test_extraction_options_default' has multiple assertions without diagnostic messages
    - Test 'test_extraction_options_default' does not call any production code
  test_extraction_options_custom (line 5371) - Score: 90
    i Test 'test_extraction_options_custom' asserts against a hardcoded constant instead of a computed expected value
    i Test 'test_extraction_options_custom' has multiple assertions without diagnostic messages
    - Test 'test_extraction_options_custom' does not call any production code
  test_parse_font_style_bold (line 5398) - Score: 90
    i Test 'test_parse_font_style_bold' has multiple assertions without diagnostic messages
    - Test 'test_parse_font_style_bold' does not call any production code
  test_parse_font_style_italic (line 5412) - Score: 90
    i Test 'test_parse_font_style_italic' has multiple assertions without diagnostic messages
    - Test 'test_parse_font_style_italic' does not call any production code
  test_parse_font_style_bold_italic (line 5426) - Score: 90
    i Test 'test_parse_font_style_bold_italic' has multiple assertions without diagnostic messages
    - Test 'test_parse_font_style_bold_italic' does not call any production code
  test_parse_font_style_regular (line 5433) - Score: 90
    i Test 'test_parse_font_style_regular' has multiple assertions without diagnostic messages
    - Test 'test_parse_font_style_regular' does not call any production code
  test_parse_font_style_edge_cases (line 5441) - Score: 90
    i Test 'test_parse_font_style_edge_cases' has multiple assertions without diagnostic messages
    - Test 'test_parse_font_style_edge_cases' does not call any production code
  test_text_fragment (line 5452) - Score: 90
    i Test 'test_text_fragment' asserts against a hardcoded constant instead of a computed expected value
    - Test 'test_text_fragment' does not call any production code
  test_extracted_text (line 5478) - Score: 80
    i Test 'test_extracted_text' asserts against a hardcoded constant instead of a computed expected value
    - Test 'test_extracted_text' has low assert-to-setup ratio (9%): 4 asserts vs 41 setup lines
    - Test 'test_extracted_text' does not call any production code
  test_text_state_default (line 5527) - Score: 100
    i Test 'test_text_state_default' asserts against a hardcoded constant instead of a computed expected value
    i Test 'test_text_state_default' has multiple assertions without diagnostic messages
  test_matrix_operations (line 5543) - Score: 90
    i Test 'test_matrix_operations' asserts against a hardcoded constant instead of a computed expected value
    i Test 'test_matrix_operations' has multiple assertions without diagnostic messages
    - Test 'test_matrix_operations' does not call any production code
  test_text_extractor_new (line 5564) - Score: 90
    i Test 'test_text_extractor_new' asserts against a hardcoded constant instead of a computed expected value
    i Test 'test_text_extractor_new' has multiple assertions without diagnostic messages
    - Test 'test_text_extractor_new' does not call any production code
  test_text_extractor_with_options (line 5577) - Score: 100
    i Test 'test_text_extractor_with_options' has multiple assertions without diagnostic messages
  test_calculate_text_width_with_no_font_info (line 5611) - Score: 90
    i Test 'test_calculate_text_width_with_no_font_info' asserts against a hardcoded constant instead of a computed expected value
    - Test 'test_calculate_text_width_with_no_font_info' does not call any production code
  test_calculate_text_width_with_empty_metrics (line 5623) - Score: 80
    i Test 'test_calculate_text_width_with_empty_metrics' asserts against a hardcoded constant instead of a computed expected value
    - Test 'test_calculate_text_width_with_empty_metrics' has low assert-to-setup ratio (4%): 1 asserts vs 25 setup lines
    - Test 'test_calculate_text_width_with_empty_metrics' does not call any production code
  standard_14_no_widths_uses_effective_encoding_for_pen_advance (line 5656) - Score: 90
    i Test 'standard_14_no_widths_uses_effective_encoding_for_pen_advance' has multiple assertions without diagnostic messages
    - Test 'standard_14_no_widths_uses_effective_encoding_for_pen_advance' has low assert-to-setup ratio (10%): 2 asserts vs 19 setup lines
  test_calculate_text_width_with_complete_metrics (line 5715) - Score: 90
    - Test 'test_calculate_text_width_with_complete_metrics' has low assert-to-setup ratio (5%): 2 asserts vs 42 setup lines
  width_from_codes_uses_char_code_not_decoded_unicode (line 5775) - Score: 90
    i Test 'width_from_codes_uses_char_code_not_decoded_unicode' asserts against a hardcoded constant instead of a computed expected value
    - Test 'width_from_codes_uses_char_code_not_decoded_unicode' has low assert-to-setup ratio (8%): 3 asserts vs 33 setup lines
  test_calculate_text_width_character_outside_range (line 5825) - Score: 80
    - Test 'test_calculate_text_width_character_outside_range' has low assert-to-setup ratio (3%): 1 asserts vs 32 setup lines
    - Test 'test_calculate_text_width_character_outside_range' does not call any production code
  test_calculate_text_width_missing_width_in_array (line 5865) - Score: 80
    i Test 'test_calculate_text_width_missing_width_in_array' asserts against a hardcoded constant instead of a computed expected value
    - Test 'test_calculate_text_width_missing_width_in_array' has low assert-to-setup ratio (3%): 1 asserts vs 32 setup lines
    - Test 'test_calculate_text_width_missing_width_in_array' does not call any production code
  test_calculate_text_width_empty_string (line 5905) - Score: 80
    i Test 'test_calculate_text_width_empty_string' asserts against a hardcoded constant instead of a computed expected value
    - Test 'test_calculate_text_width_empty_string' has low assert-to-setup ratio (8%): 2 asserts vs 22 setup lines
    - Test 'test_calculate_text_width_empty_string' does not call any production code
  test_calculate_text_width_unicode_characters (line 5939) - Score: 80
    i Test 'test_calculate_text_width_unicode_characters' asserts against a hardcoded constant instead of a computed expected value
    - Test 'test_calculate_text_width_unicode_characters' has low assert-to-setup ratio (4%): 1 asserts vs 27 setup lines
    - Test 'test_calculate_text_width_unicode_characters' does not call any production code
  test_calculate_text_width_different_font_sizes (line 5974) - Score: 80
    - Test 'test_calculate_text_width_different_font_sizes' has low assert-to-setup ratio (10%): 3 asserts vs 26 setup lines
    - Test 'test_calculate_text_width_different_font_sizes' does not call any production code
  test_calculate_text_width_proportional_vs_monospace (line 6011) - Score: 80
    - Test 'test_calculate_text_width_proportional_vs_monospace' has low assert-to-setup ratio (2%): 1 asserts vs 48 setup lines
    - Test 'test_calculate_text_width_proportional_vs_monospace' does not call any production code
  test_calculate_text_width_with_kerning (line 6073) - Score: 90
    - Test 'test_calculate_text_width_with_kerning' has low assert-to-setup ratio (9%): 4 asserts vs 40 setup lines
  test_parse_truetype_kern_table_minimal (line 6157) - Score: 90
    i Test 'test_parse_truetype_kern_table_minimal' asserts against a hardcoded constant instead of a computed expected value
    i Test 'test_parse_truetype_kern_table_minimal' has multiple assertions without diagnostic messages
    i Test 'test_parse_truetype_kern_table_minimal' uses .unwrap() which silently discards error information
    - Test 'test_parse_truetype_kern_table_minimal' has low assert-to-setup ratio (8%): 5 asserts vs 57 setup lines
  test_parse_kern_table_no_kern_table (line 6240) - Score: 90
    i Test 'test_parse_kern_table_no_kern_table' has multiple assertions without diagnostic messages
    i Test 'test_parse_kern_table_no_kern_table' uses .unwrap() which silently discards error information
    - Test 'test_parse_kern_table_no_kern_table' has low assert-to-setup ratio (10%): 3 asserts vs 26 setup lines
  merge_into_lines_groups_same_baseline_fragments (line 6301) - Score: 100
    i Test 'merge_into_lines_groups_same_baseline_fragments' asserts against a hardcoded constant instead of a computed expected value
  merge_into_lines_inserts_space_only_when_gap_exceeds_threshold (line 6327) - Score: 90
    i Test 'merge_into_lines_inserts_space_only_when_gap_exceeds_threshold' asserts against a hardcoded constant instead of a computed expected value
    - Test 'merge_into_lines_inserts_space_only_when_gap_exceeds_threshold' has low assert-to-setup ratio (15%): 2 asserts vs 11 setup lines
  standard_14_space_width_maps_base_fonts_and_substitutes (line 6354) - Score: 90
    i Test 'standard_14_space_width_maps_base_fonts_and_substitutes' has multiple assertions without diagnostic messages
    - Test 'standard_14_space_width_maps_base_fonts_and_substitutes' does not call any production code
  merge_into_lines_keeps_emission_order_for_font_switch_overlap (line 6387) - Score: 90
    i Test 'merge_into_lines_keeps_emission_order_for_font_switch_overlap' asserts against a hardcoded constant instead of a computed expected value
    - Test 'merge_into_lines_keeps_emission_order_for_font_switch_overlap' has low assert-to-setup ratio (10%): 2 asserts vs 19 setup lines
  merge_into_lines_keeps_emission_when_run_backfills_covered_span (line 6415) - Score: 90
    i Test 'merge_into_lines_keeps_emission_when_run_backfills_covered_span' asserts against a hardcoded constant instead of a computed expected value
    - Test 'merge_into_lines_keeps_emission_when_run_backfills_covered_span' has low assert-to-setup ratio (5%): 1 asserts vs 19 setup lines
  merge_into_lines_uses_x_order_for_disjoint_backward_jump (line 6442) - Score: 90
    i Test 'merge_into_lines_uses_x_order_for_disjoint_backward_jump' asserts against a hardcoded constant instead of a computed expected value
    - Test 'merge_into_lines_uses_x_order_for_disjoint_backward_jump' has low assert-to-setup ratio (13%): 2 asserts vs 13 setup lines
  merge_into_lines_unioned_bounding_box (line 6464) - Score: 100
    i Test 'merge_into_lines_unioned_bounding_box' asserts against a hardcoded constant instead of a computed expected value
    i Test 'merge_into_lines_unioned_bounding_box' has multiple assertions without diagnostic messages
  assign_row_ids_monotone_y_descending_keeps_zero (line 6483) - Score: 80
    - Test 'assign_row_ids_monotone_y_descending_keeps_zero' has low assert-to-setup ratio (14%): 1 asserts vs 6 setup lines
    - Test 'assign_row_ids_monotone_y_descending_keeps_zero' does not call any production code
  assign_row_ids_increments_on_y_up_jump_above_threshold (line 6494) - Score: 80
    - Test 'assign_row_ids_increments_on_y_up_jump_above_threshold' has low assert-to-setup ratio (11%): 1 asserts vs 8 setup lines
    - Test 'assign_row_ids_increments_on_y_up_jump_above_threshold' does not call any production code
  assign_row_ids_ignores_superscript_within_threshold (line 6507) - Score: 80
    - Test 'assign_row_ids_ignores_superscript_within_threshold' has low assert-to-setup ratio (12%): 1 asserts vs 7 setup lines
    - Test 'assign_row_ids_ignores_superscript_within_threshold' does not call any production code
  assign_row_ids_floor_2pt_for_small_fonts (line 6519) - Score: 80
    - Test 'assign_row_ids_floor_2pt_for_small_fonts' has low assert-to-setup ratio (12%): 1 asserts vs 7 setup lines
    - Test 'assign_row_ids_floor_2pt_for_small_fonts' does not call any production code
  assign_row_ids_empty_slice_returns_empty (line 6531) - Score: 90
    - Test 'assign_row_ids_empty_slice_returns_empty' does not call any production code
  merge_into_lines_splits_two_columns_emitted_sequentially (line 6538) - Score: 100
    i Test 'merge_into_lines_splits_two_columns_emitted_sequentially' asserts against a hardcoded constant instead of a computed expected value
  merge_into_lines_preserves_single_column_continuation (line 6569) - Score: 100
    i Test 'merge_into_lines_preserves_single_column_continuation' asserts against a hardcoded constant instead of a computed expected value
  merge_into_lines_splits_columns_with_uniform_mcid (line 6592) - Score: 100
    i Test 'merge_into_lines_splits_columns_with_uniform_mcid' asserts against a hardcoded constant instead of a computed expected value
  merge_close_fragments_superscript_merges_when_reconstruct_paragraphs (line 6622) - Score: 90
    i Test 'merge_close_fragments_superscript_merges_when_reconstruct_paragraphs' asserts against a hardcoded constant instead of a computed expected value
    i Test 'merge_close_fragments_superscript_merges_when_reconstruct_paragraphs' has multiple assertions without diagnostic messages
    - Test 'merge_close_fragments_superscript_merges_when_reconstruct_paragraphs' has low assert-to-setup ratio (19%): 3 asserts vs 13 setup lines
  merge_close_fragments_superscript_does_not_merge_in_legacy_path (line 6646) - Score: 90
    i Test 'merge_close_fragments_superscript_does_not_merge_in_legacy_path' asserts against a hardcoded constant instead of a computed expected value
    - Test 'merge_close_fragments_superscript_does_not_merge_in_legacy_path' has low assert-to-setup ratio (9%): 1 asserts vs 10 setup lines
  merge_close_fragments_preserves_render_mode_boundaries (line 6665) - Score: 90
    i Test 'merge_close_fragments_preserves_render_mode_boundaries' asserts against a hardcoded constant instead of a computed expected value
    - Test 'merge_close_fragments_preserves_render_mode_boundaries' has low assert-to-setup ratio (9%): 1 asserts vs 10 setup lines
  merge_into_lines_preserves_render_mode_boundaries (line 6680) - Score: 90
    i Test 'merge_into_lines_preserves_render_mode_boundaries' asserts against a hardcoded constant instead of a computed expected value
    - Test 'merge_into_lines_preserves_render_mode_boundaries' has low assert-to-setup ratio (9%): 1 asserts vs 10 setup lines
  merge_into_paragraphs_groups_consecutive_lines (line 6699) - Score: 90
    i Test 'merge_into_paragraphs_groups_consecutive_lines' asserts against a hardcoded constant instead of a computed expected value
    - Test 'merge_into_paragraphs_groups_consecutive_lines' has low assert-to-setup ratio (15%): 2 asserts vs 11 setup lines
  merge_into_paragraphs_splits_on_large_vertical_gap (line 6716) - Score: 100
    i Test 'merge_into_paragraphs_splits_on_large_vertical_gap' asserts against a hardcoded constant instead of a computed expected value
  merge_into_paragraphs_splits_on_font_size_change (line 6738) - Score: 100
    i Test 'merge_into_paragraphs_splits_on_font_size_change' asserts against a hardcoded constant instead of a computed expected value
  merge_into_paragraphs_splits_on_weight_change (line 6765) - Score: 100
    i Test 'merge_into_paragraphs_splits_on_weight_change' asserts against a hardcoded constant instead of a computed expected value
  merge_into_paragraphs_preserves_render_mode_boundaries (line 6781) - Score: 90
    i Test 'merge_into_paragraphs_preserves_render_mode_boundaries' asserts against a hardcoded constant instead of a computed expected value
    - Test 'merge_into_paragraphs_preserves_render_mode_boundaries' has low assert-to-setup ratio (9%): 1 asserts vs 10 setup lines
  hyphen_wrap_fusion_preserves_render_mode_boundaries (line 6800) - Score: 100
    i Test 'hyphen_wrap_fusion_preserves_render_mode_boundaries' asserts against a hardcoded constant instead of a computed expected value
  hyphen_wrap_fusion_drops_trailing_horizontal_whitespace (line 6817) - Score: 90
    i Test 'hyphen_wrap_fusion_drops_trailing_horizontal_whitespace' asserts against a hardcoded constant instead of a computed expected value
    - Test 'hyphen_wrap_fusion_drops_trailing_horizontal_whitespace' has low assert-to-setup ratio (18%): 2 asserts vs 9 setup lines
  reconstruct_text_from_fragments_drops_hyphen_trailing_horizontal_whitespace (line 6832) - Score: 90
    i Test 'reconstruct_text_from_fragments_drops_hyphen_trailing_horizontal_whitespace' asserts against a hardcoded constant instead of a computed expected value
    - Test 'reconstruct_text_from_fragments_drops_hyphen_trailing_horizontal_whitespace' has low assert-to-setup ratio (10%): 1 asserts vs 9 setup lines
  merge_into_paragraphs_tolerates_subpoint_font_size_jitter (line 6848) - Score: 90
    i Test 'merge_into_paragraphs_tolerates_subpoint_font_size_jitter' asserts against a hardcoded constant instead of a computed expected value
    - Test 'merge_into_paragraphs_tolerates_subpoint_font_size_jitter' has low assert-to-setup ratio (18%): 2 asserts vs 9 setup lines
  merge_into_paragraphs_drops_hyphen_when_merge_hyphenated (line 6867) - Score: 90
    i Test 'merge_into_paragraphs_drops_hyphen_when_merge_hyphenated' asserts against a hardcoded constant instead of a computed expected value
    - Test 'merge_into_paragraphs_drops_hyphen_when_merge_hyphenated' has low assert-to-setup ratio (17%): 2 asserts vs 10 setup lines
  merge_into_paragraphs_drops_hyphen_trailing_horizontal_whitespace (line 6886) - Score: 90
    i Test 'merge_into_paragraphs_drops_hyphen_trailing_horizontal_whitespace' asserts against a hardcoded constant instead of a computed expected value
    - Test 'merge_into_paragraphs_drops_hyphen_trailing_horizontal_whitespace' has low assert-to-setup ratio (15%): 2 asserts vs 11 setup lines
  decode_pdf_string_utf16be_bom_decodes_fi_ligature (line 6903) - Score: 90
    i Test 'decode_pdf_string_utf16be_bom_decodes_fi_ligature' asserts against a hardcoded constant instead of a computed expected value
    - Test 'decode_pdf_string_utf16be_bom_decodes_fi_ligature' does not call any production code
  decode_pdf_string_ascii_pdfdocencoding_passthrough (line 6909) - Score: 80
    - Test 'decode_pdf_string_ascii_pdfdocencoding_passthrough' only exercises the happy path — no None, Err, or edge-case inputs
    i Test 'decode_pdf_string_ascii_pdfdocencoding_passthrough' asserts against a hardcoded constant instead of a computed expected value
    - Test 'decode_pdf_string_ascii_pdfdocencoding_passthrough' does not call any production code
  decode_pdf_string_empty_input_returns_empty (line 6915) - Score: 80
    - Test 'decode_pdf_string_empty_input_returns_empty' has identical neighborhood to 'decode_pdf_string_lone_bom_returns_empty'
    i Test 'decode_pdf_string_empty_input_returns_empty' asserts against a hardcoded constant instead of a computed expected value
    - Test 'decode_pdf_string_empty_input_returns_empty' does not call any production code
  decode_pdf_string_lone_bom_returns_empty (line 6920) - Score: 80
    - Test 'decode_pdf_string_lone_bom_returns_empty' has identical neighborhood to 'decode_pdf_string_empty_input_returns_empty'
    i Test 'decode_pdf_string_lone_bom_returns_empty' asserts against a hardcoded constant instead of a computed expected value
    - Test 'decode_pdf_string_lone_bom_returns_empty' does not call any production code
  resolve_props_extracts_integer_mcid (line 6926) - Score: 100
    i Test 'resolve_props_extracts_integer_mcid' has multiple assertions without diagnostic messages
  resolve_props_decodes_utf16be_actualtext (line 6940) - Score: 90
    i Test 'resolve_props_decodes_utf16be_actualtext' has multiple assertions without diagnostic messages
    - Test 'resolve_props_decodes_utf16be_actualtext' has low assert-to-setup ratio (15%): 2 asserts vs 11 setup lines
  resolve_props_negative_mcid_rejected (line 6965) - Score: 90
    - Test 'resolve_props_negative_mcid_rejected' has low assert-to-setup ratio (10%): 1 asserts vs 9 setup lines
  resolve_props_resource_ref_overflow_mcid_rejected (line 6979) - Score: 90
    - Test 'resolve_props_resource_ref_overflow_mcid_rejected' has low assert-to-setup ratio (6%): 1 asserts vs 16 setup lines
  sort_and_merge_fragments_nan_y_does_not_swallow_other_lines (line 7000) - Score: 90
    - Test 'sort_and_merge_fragments_nan_y_does_not_swallow_other_lines' has low assert-to-setup ratio (5%): 1 asserts vs 19 setup lines
  sort_and_merge_fragments_keeps_emission_regions_atomic (line 7029) - Score: 90
    - Test 'sort_and_merge_fragments_keeps_emission_regions_atomic' has low assert-to-setup ratio (6%): 1 asserts vs 16 setup lines
  sort_and_merge_fragments_uses_mcid_as_a_region_boundary (line 7054) - Score: 90
    - Test 'sort_and_merge_fragments_uses_mcid_as_a_region_boundary' has low assert-to-setup ratio (6%): 1 asserts vs 15 setup lines
  column_detection_does_not_join_independent_layout_regions (line 7074) - Score: 90
    - Test 'column_detection_does_not_join_independent_layout_regions' has low assert-to-setup ratio (5%): 1 asserts vs 21 setup lines


## Analisis de Seguridad (Kripteia Security)

=== Kripteia Security Analysis ===

No security issues found.
