   Compiling oxidize-pdf v5.1.3 (/home/santi/repos/BelowZero/oxidizePdf/oxidize-pdf/oxidize-pdf-core)
    Finished `test` profile [unoptimized] target(s) in 0.73s
     Running tests/text_transform_contract_test.rs (target/debug/deps/text_transform_contract_test-57da4620cfd91d58)

running 11 tests
test ctm_scale_composes_with_rotated_tm_in_pdf_order ... ok
test bt_resets_text_matrix_and_retains_text_state ... ok
test ctm_nonuniform_scale_and_translation_apply_to_text_origins ... ok
test large_representable_transform_does_not_overflow_norm_calculation ... FAILED
test ctm_shear_and_translation_apply_to_text_origins ... ok
test font_switch_changes_advance_without_resetting_text_matrix ... ok
test nonrepresentable_text_geometry_returns_an_error ... FAILED
test tm_rotation_rotates_glyph_advance ... ok
test q_and_q_restore_ctm_before_the_next_text_object ... ok
test tm_shear_preserves_both_advance_components ... ok
test nested_forms_compose_matrices_shadow_fonts_and_restore_parent_state ... ok

failures:

---- large_representable_transform_does_not_overflow_norm_calculation stdout ----

thread 'large_representable_transform_does_not_overflow_norm_calculation' (143) panicked at oxidize-pdf-core/tests/text_transform_contract_test.rs:197:9:
assertion `left == right` failed
  left: 0
 right: 1
note: run with `RUST_BACKTRACE=1` environment variable to display a backtrace

---- nonrepresentable_text_geometry_returns_an_error stdout ----

thread 'nonrepresentable_text_geometry_returns_an_error' (145) panicked at oxidize-pdf-core/tests/text_transform_contract_test.rs:168:13:
unrepresentable geometry must not report success: 10000000000000000000000000000000000000000 0 0 1 0 0 Tm


failures:
    large_representable_transform_does_not_overflow_norm_calculation
    nonrepresentable_text_geometry_returns_an_error

test result: FAILED. 9 passed; 2 failed; 0 ignored; 0 measured; 0 filtered out; finished in 0.00s

error: test failed, to rerun pass `-p oxidize-pdf --test text_transform_contract_test`
