%PDF-1.7
%‚„œ”
2 0 obj
<<
/Count 10
/Kids [4 0 R 6 0 R 8 0 R 10 0 R 12 0 R 14 0 R 16 0 R 18 0 R 20 0 R 22 0 R]
/Type /Pages
>>
endobj
24 0 obj
<<
/Courier <<
/BaseFont /Courier
/Encoding /WinAnsiEncoding
/Subtype /Type1
/Type /Font
>>
/Courier-Bold <<
/BaseFont /Courier-Bold
/Encoding /WinAnsiEncoding
/Subtype /Type1
/Type /Font
>>
/Courier-BoldOblique <<
/BaseFont /Courier-BoldOblique
/Encoding /WinAnsiEncoding
/Subtype /Type1
/Type /Font
>>
/Courier-Oblique <<
/BaseFont /Courier-Oblique
/Encoding /WinAnsiEncoding
/Subtype /Type1
/Type /Font
>>
/Helvetica <<
/BaseFont /Helvetica
/Encoding /WinAnsiEncoding
/Subtype /Type1
/Type /Font
>>
/Helvetica-Bold <<
/BaseFont /Helvetica-Bold
/Encoding /WinAnsiEncoding
/Subtype /Type1
/Type /Font
>>
/Helvetica-BoldOblique <<
/BaseFont /Helvetica-BoldOblique
/Encoding /WinAnsiEncoding
/Subtype /Type1
/Type /Font
>>
/Helvetica-Oblique <<
/BaseFont /Helvetica-Oblique
/Encoding /WinAnsiEncoding
/Subtype /Type1
/Type /Font
>>
/Times-Bold <<
/BaseFont /Times-Bold
/Encoding /WinAnsiEncoding
/Subtype /Type1
/Type /Font
>>
/Times-BoldItalic <<
/BaseFont /Times-BoldItalic
/Encoding /WinAnsiEncoding
/Subtype /Type1
/Type /Font
>>
/Times-Italic <<
/BaseFont /Times-Italic
/Encoding /WinAnsiEncoding
/Subtype /Type1
/Type /Font
>>
/Times-Roman <<
/BaseFont /Times-Roman
/Encoding /WinAnsiEncoding
/Subtype /Type1
/Type /Font
>>
>>
endobj
4 0 obj
<<
/Contents 5 0 R
/MediaBox [0 0 595 842]
/Parent 2 0 R
/Resources <<
/Font 24 0 R
>>
/Type /Page
>>
endobj
5 0 obj
<<
/Length 4150
>>
stream
BT
/Helvetica 12 Tf
0.000 g
72.00 770.00 Td
(A short paragraph with repeated words, caf\351 and punctuation. A short paragraph ) Tj
ET
BT
/Helvetica 12 Tf
0.000 g
72.00 755.60 Td
(with repeated words, caf\351 and punctuation. A short paragraph with repeated words, ) Tj
ET
BT
/Helvetica 12 Tf
0.000 g
72.00 741.20 Td
(caf\351 and punctuation. A short paragraph with repeated words, caf\351 and punctuation. ) Tj
ET
BT
/Helvetica 12 Tf
0.000 g
72.00 726.80 Td
(A short paragraph with repeated words, caf\351 and punctuation. A short paragraph ) Tj
ET
BT
/Helvetica 12 Tf
0.000 g
72.00 712.40 Td
(with repeated words, caf\351 and punctuation. A short paragraph with repeated words, ) Tj
ET
BT
/Helvetica 12 Tf
0.000 g
72.00 698.00 Td
(caf\351 and punctuation. A short paragraph with repeated words, caf\351 and punctuation. ) Tj
ET
BT
/Helvetica 12 Tf
0.000 g
72.00 683.60 Td
(A short paragraph with repeated words, caf\351 and punctuation. A short paragraph ) Tj
ET
BT
/Helvetica 12 Tf
0.000 g
72.00 669.20 Td
(with repeated words, caf\351 and punctuation. A short paragraph with repeated words, ) Tj
ET
BT
/Helvetica 12 Tf
0.000 g
72.00 654.80 Td
(caf\351 and punctuation. A short paragraph with repeated words, caf\351 and punctuation. ) Tj
ET
BT
/Helvetica 12 Tf
0.000 g
72.00 640.40 Td
(A short paragraph with repeated words, caf\351 and punctuation. A short paragraph ) Tj
ET
BT
/Helvetica 12 Tf
0.000 g
72.00 626.00 Td
(with repeated words, caf\351 and punctuation. A short paragraph with repeated words, ) Tj
ET
BT
/Helvetica 12 Tf
0.000 g
72.00 611.60 Td
(caf\351 and punctuation. A short paragraph with repeated words, caf\351 and punctuation. ) Tj
ET
BT
/Helvetica 12 Tf
0.000 g
72.00 597.20 Td
(A short paragraph with repeated words, caf\351 and punctuation. A short paragraph ) Tj
ET
BT
/Helvetica 12 Tf
0.000 g
72.00 582.80 Td
(with repeated words, caf\351 and punctuation. A short paragraph with repeated words, ) Tj
ET
BT
/Helvetica 12 Tf
0.000 g
72.00 568.40 Td
(caf\351 and punctuation. A short paragraph with repeated words, caf\351 and punctuation. ) Tj
ET
BT
/Helvetica 12 Tf
0.000 g
72.00 554.00 Td
(A short paragraph with repeated words, caf\351 and punctuation. A short paragraph ) Tj
ET
BT
/Helvetica 12 Tf
0.000 g
72.00 539.60 Td
(with repeated words, caf\351 and punctuation. A short paragraph with repeated words, ) Tj
ET
BT
/Helvetica 12 Tf
0.000 g
72.00 525.20 Td
(caf\351 and punctuation. A short paragraph with repeated words, caf\351 and punctuation. ) Tj
ET
BT
/Helvetica 12 Tf
0.000 g
72.00 510.80 Td
(A short paragraph with repeated words, caf\351 and punctuation. A short paragraph ) Tj
ET
BT
/Helvetica 12 Tf
0.000 g
72.00 496.40 Td
(with repeated words, caf\351 and punctuation. A short paragraph with repeated words, ) Tj
ET
BT
/Helvetica 12 Tf
0.000 g
72.00 482.00 Td
(caf\351 and punctuation. A short paragraph with repeated words, caf\351 and punctuation. ) Tj
ET
BT
/Helvetica 12 Tf
0.000 g
72.00 467.60 Td
(A short paragraph with repeated words, caf\351 and punctuation. A short paragraph ) Tj
ET
BT
/Helvetica 12 Tf
0.000 g
72.00 453.20 Td
(with repeated words, caf\351 and punctuation. A short paragraph with repeated words, ) Tj
ET
BT
/Helvetica 12 Tf
0.000 g
72.00 438.80 Td
(caf\351 and punctuation. A short paragraph with repeated words, caf\351 and punctuation. ) Tj
ET
BT
/Helvetica 12 Tf
0.000 g
72.00 424.40 Td
(A short paragraph with repeated words, caf\351 and punctuation. A short paragraph ) Tj
ET
BT
/Helvetica 12 Tf
0.000 g
72.00 410.00 Td
(with repeated words, caf\351 and punctuation. A short paragraph with repeated words, ) Tj
ET
BT
/Helvetica 12 Tf
0.000 g
72.00 395.60 Td
(caf\351 and punctuation. A short paragraph with repeated words, caf\351 and punctuation. ) Tj
ET
BT
/Helvetica 12 Tf
0.000 g
72.00 381.20 Td
(A short paragraph with repeated words, caf\351 and punctuation. A short paragraph ) Tj
ET
BT
/Helvetica 12 Tf
0.000 g
72.00 366.80 Td
(with repeated words, caf\351 and punctuation. A short paragraph with repeated words, ) Tj
ET
BT
/Helvetica 12 Tf
0.000 g
72.00 352.40 Td
(caf\351 and punctuation. A short paragraph with repeated words, caf\351 and punctuation. ) Tj
ET

endstream
endobj
6 0 obj
<<
/Contents 7 0 R
/MediaBox [0 0 595 842]
/Parent 2 0 R
/Resources <<
/Font 24 0 R
>>
/Type /Page
>>
endobj
7 0 obj
<<
/Length 4150
>>
stream
BT
/Helvetica 12 Tf
0.000 g
72.00 770.00 Td
(A short paragraph with repeated words, caf\351 and punctuation. A short paragraph ) Tj
ET
BT
/Helvetica 12 Tf
0.000 g
72.00 755.60 Td
(with repeated words, caf\351 and punctuation. A short paragraph with repeated words, ) Tj
ET
BT
/Helvetica 12 Tf
0.000 g
72.00 741.20 Td
(caf\351 and punctuation. A short paragraph with repeated words, caf\351 and punctuation. ) Tj
ET
BT
/Helvetica 12 Tf
0.000 g
72.00 726.80 Td
(A short paragraph with repeated words, caf\351 and punctuation. A short paragraph ) Tj
ET
BT
/Helvetica 12 Tf
0.000 g
72.00 712.40 Td
(with repeated words, caf\351 and punctuation. A short paragraph with repeated words, ) Tj
ET
BT
/Helvetica 12 Tf
0.000 g
72.00 698.00 Td
(caf\351 and punctuation. A short paragraph with repeated words, caf\351 and punctuation. ) Tj
ET
BT
/Helvetica 12 Tf
0.000 g
72.00 683.60 Td
(A short paragraph with repeated words, caf\351 and punctuation. A short paragraph ) Tj
ET
BT
/Helvetica 12 Tf
0.000 g
72.00 669.20 Td
(with repeated words, caf\351 and punctuation. A short paragraph with repeated words, ) Tj
ET
BT
/Helvetica 12 Tf
0.000 g
72.00 654.80 Td
(caf\351 and punctuation. A short paragraph with repeated words, caf\351 and punctuation. ) Tj
ET
BT
/Helvetica 12 Tf
0.000 g
72.00 640.40 Td
(A short paragraph with repeated words, caf\351 and punctuation. A short paragraph ) Tj
ET
BT
/Helvetica 12 Tf
0.000 g
72.00 626.00 Td
(with repeated words, caf\351 and punctuation. A short paragraph with repeated words, ) Tj
ET
BT
/Helvetica 12 Tf
0.000 g
72.00 611.60 Td
(caf\351 and punctuation. A short paragraph with repeated words, caf\351 and punctuation. ) Tj
ET
BT
/Helvetica 12 Tf
0.000 g
72.00 597.20 Td
(A short paragraph with repeated words, caf\351 and punctuation. A short paragraph ) Tj
ET
BT
/Helvetica 12 Tf
0.000 g
72.00 582.80 Td
(with repeated words, caf\351 and punctuation. A short paragraph with repeated words, ) Tj
ET
BT
/Helvetica 12 Tf
0.000 g
72.00 568.40 Td
(caf\351 and punctuation. A short paragraph with repeated words, caf\351 and punctuation. ) Tj
ET
BT
/Helvetica 12 Tf
0.000 g
72.00 554.00 Td
(A short paragraph with repeated words, caf\351 and punctuation. A short paragraph ) Tj
ET
BT
/Helvetica 12 Tf
0.000 g
72.00 539.60 Td
(with repeated words, caf\351 and punctuation. A short paragraph with repeated words, ) Tj
ET
BT
/Helvetica 12 Tf
0.000 g
72.00 525.20 Td
(caf\351 and punctuation. A short paragraph with repeated words, caf\351 and punctuation. ) Tj
ET
BT
/Helvetica 12 Tf
0.000 g
72.00 510.80 Td
(A short paragraph with repeated words, caf\351 and punctuation. A short paragraph ) Tj
ET
BT
/Helvetica 12 Tf
0.000 g
72.00 496.40 Td
(with repeated words, caf\351 and punctuation. A short paragraph with repeated words, ) Tj
ET
BT
/Helvetica 12 Tf
0.000 g
72.00 482.00 Td
(caf\351 and punctuation. A short paragraph with repeated words, caf\351 and punctuation. ) Tj
ET
BT
/Helvetica 12 Tf
0.000 g
72.00 467.60 Td
(A short paragraph with repeated words, caf\351 and punctuation. A short paragraph ) Tj
ET
BT
/Helvetica 12 Tf
0.000 g
72.00 453.20 Td
(with repeated words, caf\351 and punctuation. A short paragraph with repeated words, ) Tj
ET
BT
/Helvetica 12 Tf
0.000 g
72.00 438.80 Td
(caf\351 and punctuation. A short paragraph with repeated words, caf\351 and punctuation. ) Tj
ET
BT
/Helvetica 12 Tf
0.000 g
72.00 424.40 Td
(A short paragraph with repeated words, caf\351 and punctuation. A short paragraph ) Tj
ET
BT
/Helvetica 12 Tf
0.000 g
72.00 410.00 Td
(with repeated words, caf\351 and punctuation. A short paragraph with repeated words, ) Tj
ET
BT
/Helvetica 12 Tf
0.000 g
72.00 395.60 Td
(caf\351 and punctuation. A short paragraph with repeated words, caf\351 and punctuation. ) Tj
ET
BT
/Helvetica 12 Tf
0.000 g
72.00 381.20 Td
(A short paragraph with repeated words, caf\351 and punctuation. A short paragraph ) Tj
ET
BT
/Helvetica 12 Tf
0.000 g
72.00 366.80 Td
(with repeated words, caf\351 and punctuation. A short paragraph with repeated words, ) Tj
ET
BT
/Helvetica 12 Tf
0.000 g
72.00 352.40 Td
(caf\351 and punctuation. A short paragraph with repeated words, caf\351 and punctuation. ) Tj
ET

endstream
endobj
8 0 obj
<<
/Contents 9 0 R
/MediaBox [0 0 595 842]
/Parent 2 0 R
/Resources <<
/Font 24 0 R
>>
/Type /Page
>>
endobj
9 0 obj
<<
/Length 4150
>>
stream
BT
/Helvetica 12 Tf
0.000 g
72.00 770.00 Td
(A short paragraph with repeated words, caf\351 and punctuation. A short paragraph ) Tj
ET
BT
/Helvetica 12 Tf
0.000 g
72.00 755.60 Td
(with repeated words, caf\351 and punctuation. A short paragraph with repeated words, ) Tj
ET
BT
/Helvetica 12 Tf
0.000 g
72.00 741.20 Td
(caf\351 and punctuation. A short paragraph with repeated words, caf\351 and punctuation. ) Tj
ET
BT
/Helvetica 12 Tf
0.000 g
72.00 726.80 Td
(A short paragraph with repeated words, caf\351 and punctuation. A short paragraph ) Tj
ET
BT
/Helvetica 12 Tf
0.000 g
72.00 712.40 Td
(with repeated words, caf\351 and punctuation. A short paragraph with repeated words, ) Tj
ET
BT
/Helvetica 12 Tf
0.000 g
72.00 698.00 Td
(caf\351 and punctuation. A short paragraph with repeated words, caf\351 and punctuation. ) Tj
ET
BT
/Helvetica 12 Tf
0.000 g
72.00 683.60 Td
(A short paragraph with repeated words, caf\351 and punctuation. A short paragraph ) Tj
ET
BT
/Helvetica 12 Tf
0.000 g
72.00 669.20 Td
(with repeated words, caf\351 and punctuation. A short paragraph with repeated words, ) Tj
ET
BT
/Helvetica 12 Tf
0.000 g
72.00 654.80 Td
(caf\351 and punctuation. A short paragraph with repeated words, caf\351 and punctuation. ) Tj
ET
BT
/Helvetica 12 Tf
0.000 g
72.00 640.40 Td
(A short paragraph with repeated words, caf\351 and punctuation. A short paragraph ) Tj
ET
BT
/Helvetica 12 Tf
0.000 g
72.00 626.00 Td
(with repeated words, caf\351 and punctuation. A short paragraph with repeated words, ) Tj
ET
BT
/Helvetica 12 Tf
0.000 g
72.00 611.60 Td
(caf\351 and punctuation. A short paragraph with repeated words, caf\351 and punctuation. ) Tj
ET
BT
/Helvetica 12 Tf
0.000 g
72.00 597.20 Td
(A short paragraph with repeated words, caf\351 and punctuation. A short paragraph ) Tj
ET
BT
/Helvetica 12 Tf
0.000 g
72.00 582.80 Td
(with repeated words, caf\351 and punctuation. A short paragraph with repeated words, ) Tj
ET
BT
/Helvetica 12 Tf
0.000 g
72.00 568.40 Td
(caf\351 and punctuation. A short paragraph with repeated words, caf\351 and punctuation. ) Tj
ET
BT
/Helvetica 12 Tf
0.000 g
72.00 554.00 Td
(A short paragraph with repeated words, caf\351 and punctuation. A short paragraph ) Tj
ET
BT
/Helvetica 12 Tf
0.000 g
72.00 539.60 Td
(with repeated words, caf\351 and punctuation. A short paragraph with repeated words, ) Tj
ET
BT
/Helvetica 12 Tf
0.000 g
72.00 525.20 Td
(caf\351 and punctuation. A short paragraph with repeated words, caf\351 and punctuation. ) Tj
ET
BT
/Helvetica 12 Tf
0.000 g
72.00 510.80 Td
(A short paragraph with repeated words, caf\351 and punctuation. A short paragraph ) Tj
ET
BT
/Helvetica 12 Tf
0.000 g
72.00 496.40 Td
(with repeated words, caf\351 and punctuation. A short paragraph with repeated words, ) Tj
ET
BT
/Helvetica 12 Tf
0.000 g
72.00 482.00 Td
(caf\351 and punctuation. A short paragraph with repeated words, caf\351 and punctuation. ) Tj
ET
BT
/Helvetica 12 Tf
0.000 g
72.00 467.60 Td
(A short paragraph with repeated words, caf\351 and punctuation. A short paragraph ) Tj
ET
BT
/Helvetica 12 Tf
0.000 g
72.00 453.20 Td
(with repeated words, caf\351 and punctuation. A short paragraph with repeated words, ) Tj
ET
BT
/Helvetica 12 Tf
0.000 g
72.00 438.80 Td
(caf\351 and punctuation. A short paragraph with repeated words, caf\351 and punctuation. ) Tj
ET
BT
/Helvetica 12 Tf
0.000 g
72.00 424.40 Td
(A short paragraph with repeated words, caf\351 and punctuation. A short paragraph ) Tj
ET
BT
/Helvetica 12 Tf
0.000 g
72.00 410.00 Td
(with repeated words, caf\351 and punctuation. A short paragraph with repeated words, ) Tj
ET
BT
/Helvetica 12 Tf
0.000 g
72.00 395.60 Td
(caf\351 and punctuation. A short paragraph with repeated words, caf\351 and punctuation. ) Tj
ET
BT
/Helvetica 12 Tf
0.000 g
72.00 381.20 Td
(A short paragraph with repeated words, caf\351 and punctuation. A short paragraph ) Tj
ET
BT
/Helvetica 12 Tf
0.000 g
72.00 366.80 Td
(with repeated words, caf\351 and punctuation. A short paragraph with repeated words, ) Tj
ET
BT
/Helvetica 12 Tf
0.000 g
72.00 352.40 Td
(caf\351 and punctuation. A short paragraph with repeated words, caf\351 and punctuation. ) Tj
ET

endstream
endobj
10 0 obj
<<
/Contents 11 0 R
/MediaBox [0 0 595 842]
/Parent 2 0 R
/Resources <<
/Font 24 0 R
>>
/Type /Page
>>
endobj
11 0 obj
<<
/Length 4150
>>
stream
BT
/Helvetica 12 Tf
0.000 g
72.00 770.00 Td
(A short paragraph with repeated words, caf\351 and punctuation. A short paragraph ) Tj
ET
BT
/Helvetica 12 Tf
0.000 g
72.00 755.60 Td
(with repeated words, caf\351 and punctuation. A short paragraph with repeated words, ) Tj
ET
BT
/Helvetica 12 Tf
0.000 g
72.00 741.20 Td
(caf\351 and punctuation. A short paragraph with repeated words, caf\351 and punctuation. ) Tj
ET
BT
/Helvetica 12 Tf
0.000 g
72.00 726.80 Td
(A short paragraph with repeated words, caf\351 and punctuation. A short paragraph ) Tj
ET
BT
/Helvetica 12 Tf
0.000 g
72.00 712.40 Td
(with repeated words, caf\351 and punctuation. A short paragraph with repeated words, ) Tj
ET
BT
/Helvetica 12 Tf
0.000 g
72.00 698.00 Td
(caf\351 and punctuation. A short paragraph with repeated words, caf\351 and punctuation. ) Tj
ET
BT
/Helvetica 12 Tf
0.000 g
72.00 683.60 Td
(A short paragraph with repeated words, caf\351 and punctuation. A short paragraph ) Tj
ET
BT
/Helvetica 12 Tf
0.000 g
72.00 669.20 Td
(with repeated words, caf\351 and punctuation. A short paragraph with repeated words, ) Tj
ET
BT
/Helvetica 12 Tf
0.000 g
72.00 654.80 Td
(caf\351 and punctuation. A short paragraph with repeated words, caf\351 and punctuation. ) Tj
ET
BT
/Helvetica 12 Tf
0.000 g
72.00 640.40 Td
(A short paragraph with repeated words, caf\351 and punctuation. A short paragraph ) Tj
ET
BT
/Helvetica 12 Tf
0.000 g
72.00 626.00 Td
(with repeated words, caf\351 and punctuation. A short paragraph with repeated words, ) Tj
ET
BT
/Helvetica 12 Tf
0.000 g
72.00 611.60 Td
(caf\351 and punctuation. A short paragraph with repeated words, caf\351 and punctuation. ) Tj
ET
BT
/Helvetica 12 Tf
0.000 g
72.00 597.20 Td
(A short paragraph with repeated words, caf\351 and punctuation. A short paragraph ) Tj
ET
BT
/Helvetica 12 Tf
0.000 g
72.00 582.80 Td
(with repeated words, caf\351 and punctuation. A short paragraph with repeated words, ) Tj
ET
BT
/Helvetica 12 Tf
0.000 g
72.00 568.40 Td
(caf\351 and punctuation. A short paragraph with repeated words, caf\351 and punctuation. ) Tj
ET
BT
/Helvetica 12 Tf
0.000 g
72.00 554.00 Td
(A short paragraph with repeated words, caf\351 and punctuation. A short paragraph ) Tj
ET
BT
/Helvetica 12 Tf
0.000 g
72.00 539.60 Td
(with repeated words, caf\351 and punctuation. A short paragraph with repeated words, ) Tj
ET
BT
/Helvetica 12 Tf
0.000 g
72.00 525.20 Td
(caf\351 and punctuation. A short paragraph with repeated words, caf\351 and punctuation. ) Tj
ET
BT
/Helvetica 12 Tf
0.000 g
72.00 510.80 Td
(A short paragraph with repeated words, caf\351 and punctuation. A short paragraph ) Tj
ET
BT
/Helvetica 12 Tf
0.000 g
72.00 496.40 Td
(with repeated words, caf\351 and punctuation. A short paragraph with repeated words, ) Tj
ET
BT
/Helvetica 12 Tf
0.000 g
72.00 482.00 Td
(caf\351 and punctuation. A short paragraph with repeated words, caf\351 and punctuation. ) Tj
ET
BT
/Helvetica 12 Tf
0.000 g
72.00 467.60 Td
(A short paragraph with repeated words, caf\351 and punctuation. A short paragraph ) Tj
ET
BT
/Helvetica 12 Tf
0.000 g
72.00 453.20 Td
(with repeated words, caf\351 and punctuation. A short paragraph with repeated words, ) Tj
ET
BT
/Helvetica 12 Tf
0.000 g
72.00 438.80 Td
(caf\351 and punctuation. A short paragraph with repeated words, caf\351 and punctuation. ) Tj
ET
BT
/Helvetica 12 Tf
0.000 g
72.00 424.40 Td
(A short paragraph with repeated words, caf\351 and punctuation. A short paragraph ) Tj
ET
BT
/Helvetica 12 Tf
0.000 g
72.00 410.00 Td
(with repeated words, caf\351 and punctuation. A short paragraph with repeated words, ) Tj
ET
BT
/Helvetica 12 Tf
0.000 g
72.00 395.60 Td
(caf\351 and punctuation. A short paragraph with repeated words, caf\351 and punctuation. ) Tj
ET
BT
/Helvetica 12 Tf
0.000 g
72.00 381.20 Td
(A short paragraph with repeated words, caf\351 and punctuation. A short paragraph ) Tj
ET
BT
/Helvetica 12 Tf
0.000 g
72.00 366.80 Td
(with repeated words, caf\351 and punctuation. A short paragraph with repeated words, ) Tj
ET
BT
/Helvetica 12 Tf
0.000 g
72.00 352.40 Td
(caf\351 and punctuation. A short paragraph with repeated words, caf\351 and punctuation. ) Tj
ET

endstream
endobj
12 0 obj
<<
/Contents 13 0 R
/MediaBox [0 0 595 842]
/Parent 2 0 R
/Resources <<
/Font 24 0 R
>>
/Type /Page
>>
endobj
13 0 obj
<<
/Length 4150
>>
stream
BT
/Helvetica 12 Tf
0.000 g
72.00 770.00 Td
(A short paragraph with repeated words, caf\351 and punctuation. A short paragraph ) Tj
ET
BT
/Helvetica 12 Tf
0.000 g
72.00 755.60 Td
(with repeated words, caf\351 and punctuation. A short paragraph with repeated words, ) Tj
ET
BT
/Helvetica 12 Tf
0.000 g
72.00 741.20 Td
(caf\351 and punctuation. A short paragraph with repeated words, caf\351 and punctuation. ) Tj
ET
BT
/Helvetica 12 Tf
0.000 g
72.00 726.80 Td
(A short paragraph with repeated words, caf\351 and punctuation. A short paragraph ) Tj
ET
BT
/Helvetica 12 Tf
0.000 g
72.00 712.40 Td
(with repeated words, caf\351 and punctuation. A short paragraph with repeated words, ) Tj
ET
BT
/Helvetica 12 Tf
0.000 g
72.00 698.00 Td
(caf\351 and punctuation. A short paragraph with repeated words, caf\351 and punctuation. ) Tj
ET
BT
/Helvetica 12 Tf
0.000 g
72.00 683.60 Td
(A short paragraph with repeated words, caf\351 and punctuation. A short paragraph ) Tj
ET
BT
/Helvetica 12 Tf
0.000 g
72.00 669.20 Td
(with repeated words, caf\351 and punctuation. A short paragraph with repeated words, ) Tj
ET
BT
/Helvetica 12 Tf
0.000 g
72.00 654.80 Td
(caf\351 and punctuation. A short paragraph with repeated words, caf\351 and punctuation. ) Tj
ET
BT
/Helvetica 12 Tf
0.000 g
72.00 640.40 Td
(A short paragraph with repeated words, caf\351 and punctuation. A short paragraph ) Tj
ET
BT
/Helvetica 12 Tf
0.000 g
72.00 626.00 Td
(with repeated words, caf\351 and punctuation. A short paragraph with repeated words, ) Tj
ET
BT
/Helvetica 12 Tf
0.000 g
72.00 611.60 Td
(caf\351 and punctuation. A short paragraph with repeated words, caf\351 and punctuation. ) Tj
ET
BT
/Helvetica 12 Tf
0.000 g
72.00 597.20 Td
(A short paragraph with repeated words, caf\351 and punctuation. A short paragraph ) Tj
ET
BT
/Helvetica 12 Tf
0.000 g
72.00 582.80 Td
(with repeated words, caf\351 and punctuation. A short paragraph with repeated words, ) Tj
ET
BT
/Helvetica 12 Tf
0.000 g
72.00 568.40 Td
(caf\351 and punctuation. A short paragraph with repeated words, caf\351 and punctuation. ) Tj
ET
BT
/Helvetica 12 Tf
0.000 g
72.00 554.00 Td
(A short paragraph with repeated words, caf\351 and punctuation. A short paragraph ) Tj
ET
BT
/Helvetica 12 Tf
0.000 g
72.00 539.60 Td
(with repeated words, caf\351 and punctuation. A short paragraph with repeated words, ) Tj
ET
BT
/Helvetica 12 Tf
0.000 g
72.00 525.20 Td
(caf\351 and punctuation. A short paragraph with repeated words, caf\351 and punctuation. ) Tj
ET
BT
/Helvetica 12 Tf
0.000 g
72.00 510.80 Td
(A short paragraph with repeated words, caf\351 and punctuation. A short paragraph ) Tj
ET
BT
/Helvetica 12 Tf
0.000 g
72.00 496.40 Td
(with repeated words, caf\351 and punctuation. A short paragraph with repeated words, ) Tj
ET
BT
/Helvetica 12 Tf
0.000 g
72.00 482.00 Td
(caf\351 and punctuation. A short paragraph with repeated words, caf\351 and punctuation. ) Tj
ET
BT
/Helvetica 12 Tf
0.000 g
72.00 467.60 Td
(A short paragraph with repeated words, caf\351 and punctuation. A short paragraph ) Tj
ET
BT
/Helvetica 12 Tf
0.000 g
72.00 453.20 Td
(with repeated words, caf\351 and punctuation. A short paragraph with repeated words, ) Tj
ET
BT
/Helvetica 12 Tf
0.000 g
72.00 438.80 Td
(caf\351 and punctuation. A short paragraph with repeated words, caf\351 and punctuation. ) Tj
ET
BT
/Helvetica 12 Tf
0.000 g
72.00 424.40 Td
(A short paragraph with repeated words, caf\351 and punctuation. A short paragraph ) Tj
ET
BT
/Helvetica 12 Tf
0.000 g
72.00 410.00 Td
(with repeated words, caf\351 and punctuation. A short paragraph with repeated words, ) Tj
ET
BT
/Helvetica 12 Tf
0.000 g
72.00 395.60 Td
(caf\351 and punctuation. A short paragraph with repeated words, caf\351 and punctuation. ) Tj
ET
BT
/Helvetica 12 Tf
0.000 g
72.00 381.20 Td
(A short paragraph with repeated words, caf\351 and punctuation. A short paragraph ) Tj
ET
BT
/Helvetica 12 Tf
0.000 g
72.00 366.80 Td
(with repeated words, caf\351 and punctuation. A short paragraph with repeated words, ) Tj
ET
BT
/Helvetica 12 Tf
0.000 g
72.00 352.40 Td
(caf\351 and punctuation. A short paragraph with repeated words, caf\351 and punctuation. ) Tj
ET

endstream
endobj
14 0 obj
<<
/Contents 15 0 R
/MediaBox [0 0 595 842]
/Parent 2 0 R
/Resources <<
/Font 24 0 R
>>
/Type /Page
>>
endobj
15 0 obj
<<
/Length 4150
>>
stream
BT
/Helvetica 12 Tf
0.000 g
72.00 770.00 Td
(A short paragraph with repeated words, caf\351 and punctuation. A short paragraph ) Tj
ET
BT
/Helvetica 12 Tf
0.000 g
72.00 755.60 Td
(with repeated words, caf\351 and punctuation. A short paragraph with repeated words, ) Tj
ET
BT
/Helvetica 12 Tf
0.000 g
72.00 741.20 Td
(caf\351 and punctuation. A short paragraph with repeated words, caf\351 and punctuation. ) Tj
ET
BT
/Helvetica 12 Tf
0.000 g
72.00 726.80 Td
(A short paragraph with repeated words, caf\351 and punctuation. A short paragraph ) Tj
ET
BT
/Helvetica 12 Tf
0.000 g
72.00 712.40 Td
(with repeated words, caf\351 and punctuation. A short paragraph with repeated words, ) Tj
ET
BT
/Helvetica 12 Tf
0.000 g
72.00 698.00 Td
(caf\351 and punctuation. A short paragraph with repeated words, caf\351 and punctuation. ) Tj
ET
BT
/Helvetica 12 Tf
0.000 g
72.00 683.60 Td
(A short paragraph with repeated words, caf\351 and punctuation. A short paragraph ) Tj
ET
BT
/Helvetica 12 Tf
0.000 g
72.00 669.20 Td
(with repeated words, caf\351 and punctuation. A short paragraph with repeated words, ) Tj
ET
BT
/Helvetica 12 Tf
0.000 g
72.00 654.80 Td
(caf\351 and punctuation. A short paragraph with repeated words, caf\351 and punctuation. ) Tj
ET
BT
/Helvetica 12 Tf
0.000 g
72.00 640.40 Td
(A short paragraph with repeated words, caf\351 and punctuation. A short paragraph ) Tj
ET
BT
/Helvetica 12 Tf
0.000 g
72.00 626.00 Td
(with repeated words, caf\351 and punctuation. A short paragraph with repeated words, ) Tj
ET
BT
/Helvetica 12 Tf
0.000 g
72.00 611.60 Td
(caf\351 and punctuation. A short paragraph with repeated words, caf\351 and punctuation. ) Tj
ET
BT
/Helvetica 12 Tf
0.000 g
72.00 597.20 Td
(A short paragraph with repeated words, caf\351 and punctuation. A short paragraph ) Tj
ET
BT
/Helvetica 12 Tf
0.000 g
72.00 582.80 Td
(with repeated words, caf\351 and punctuation. A short paragraph with repeated words, ) Tj
ET
BT
/Helvetica 12 Tf
0.000 g
72.00 568.40 Td
(caf\351 and punctuation. A short paragraph with repeated words, caf\351 and punctuation. ) Tj
ET
BT
/Helvetica 12 Tf
0.000 g
72.00 554.00 Td
(A short paragraph with repeated words, caf\351 and punctuation. A short paragraph ) Tj
ET
BT
/Helvetica 12 Tf
0.000 g
72.00 539.60 Td
(with repeated words, caf\351 and punctuation. A short paragraph with repeated words, ) Tj
ET
BT
/Helvetica 12 Tf
0.000 g
72.00 525.20 Td
(caf\351 and punctuation. A short paragraph with repeated words, caf\351 and punctuation. ) Tj
ET
BT
/Helvetica 12 Tf
0.000 g
72.00 510.80 Td
(A short paragraph with repeated words, caf\351 and punctuation. A short paragraph ) Tj
ET
BT
/Helvetica 12 Tf
0.000 g
72.00 496.40 Td
(with repeated words, caf\351 and punctuation. A short paragraph with repeated words, ) Tj
ET
BT
/Helvetica 12 Tf
0.000 g
72.00 482.00 Td
(caf\351 and punctuation. A short paragraph with repeated words, caf\351 and punctuation. ) Tj
ET
BT
/Helvetica 12 Tf
0.000 g
72.00 467.60 Td
(A short paragraph with repeated words, caf\351 and punctuation. A short paragraph ) Tj
ET
BT
/Helvetica 12 Tf
0.000 g
72.00 453.20 Td
(with repeated words, caf\351 and punctuation. A short paragraph with repeated words, ) Tj
ET
BT
/Helvetica 12 Tf
0.000 g
72.00 438.80 Td
(caf\351 and punctuation. A short paragraph with repeated words, caf\351 and punctuation. ) Tj
ET
BT
/Helvetica 12 Tf
0.000 g
72.00 424.40 Td
(A short paragraph with repeated words, caf\351 and punctuation. A short paragraph ) Tj
ET
BT
/Helvetica 12 Tf
0.000 g
72.00 410.00 Td
(with repeated words, caf\351 and punctuation. A short paragraph with repeated words, ) Tj
ET
BT
/Helvetica 12 Tf
0.000 g
72.00 395.60 Td
(caf\351 and punctuation. A short paragraph with repeated words, caf\351 and punctuation. ) Tj
ET
BT
/Helvetica 12 Tf
0.000 g
72.00 381.20 Td
(A short paragraph with repeated words, caf\351 and punctuation. A short paragraph ) Tj
ET
BT
/Helvetica 12 Tf
0.000 g
72.00 366.80 Td
(with repeated words, caf\351 and punctuation. A short paragraph with repeated words, ) Tj
ET
BT
/Helvetica 12 Tf
0.000 g
72.00 352.40 Td
(caf\351 and punctuation. A short paragraph with repeated words, caf\351 and punctuation. ) Tj
ET

endstream
endobj
16 0 obj
<<
/Contents 17 0 R
/MediaBox [0 0 595 842]
/Parent 2 0 R
/Resources <<
/Font 24 0 R
>>
/Type /Page
>>
endobj
17 0 obj
<<
/Length 4150
>>
stream
BT
/Helvetica 12 Tf
0.000 g
72.00 770.00 Td
(A short paragraph with repeated words, caf\351 and punctuation. A short paragraph ) Tj
ET
BT
/Helvetica 12 Tf
0.000 g
72.00 755.60 Td
(with repeated words, caf\351 and punctuation. A short paragraph with repeated words, ) Tj
ET
BT
/Helvetica 12 Tf
0.000 g
72.00 741.20 Td
(caf\351 and punctuation. A short paragraph with repeated words, caf\351 and punctuation. ) Tj
ET
BT
/Helvetica 12 Tf
0.000 g
72.00 726.80 Td
(A short paragraph with repeated words, caf\351 and punctuation. A short paragraph ) Tj
ET
BT
/Helvetica 12 Tf
0.000 g
72.00 712.40 Td
(with repeated words, caf\351 and punctuation. A short paragraph with repeated words, ) Tj
ET
BT
/Helvetica 12 Tf
0.000 g
72.00 698.00 Td
(caf\351 and punctuation. A short paragraph with repeated words, caf\351 and punctuation. ) Tj
ET
BT
/Helvetica 12 Tf
0.000 g
72.00 683.60 Td
(A short paragraph with repeated words, caf\351 and punctuation. A short paragraph ) Tj
ET
BT
/Helvetica 12 Tf
0.000 g
72.00 669.20 Td
(with repeated words, caf\351 and punctuation. A short paragraph with repeated words, ) Tj
ET
BT
/Helvetica 12 Tf
0.000 g
72.00 654.80 Td
(caf\351 and punctuation. A short paragraph with repeated words, caf\351 and punctuation. ) Tj
ET
BT
/Helvetica 12 Tf
0.000 g
72.00 640.40 Td
(A short paragraph with repeated words, caf\351 and punctuation. A short paragraph ) Tj
ET
BT
/Helvetica 12 Tf
0.000 g
72.00 626.00 Td
(with repeated words, caf\351 and punctuation. A short paragraph with repeated words, ) Tj
ET
BT
/Helvetica 12 Tf
0.000 g
72.00 611.60 Td
(caf\351 and punctuation. A short paragraph with repeated words, caf\351 and punctuation. ) Tj
ET
BT
/Helvetica 12 Tf
0.000 g
72.00 597.20 Td
(A short paragraph with repeated words, caf\351 and punctuation. A short paragraph ) Tj
ET
BT
/Helvetica 12 Tf
0.000 g
72.00 582.80 Td
(with repeated words, caf\351 and punctuation. A short paragraph with repeated words, ) Tj
ET
BT
/Helvetica 12 Tf
0.000 g
72.00 568.40 Td
(caf\351 and punctuation. A short paragraph with repeated words, caf\351 and punctuation. ) Tj
ET
BT
/Helvetica 12 Tf
0.000 g
72.00 554.00 Td
(A short paragraph with repeated words, caf\351 and punctuation. A short paragraph ) Tj
ET
BT
/Helvetica 12 Tf
0.000 g
72.00 539.60 Td
(with repeated words, caf\351 and punctuation. A short paragraph with repeated words, ) Tj
ET
BT
/Helvetica 12 Tf
0.000 g
72.00 525.20 Td
(caf\351 and punctuation. A short paragraph with repeated words, caf\351 and punctuation. ) Tj
ET
BT
/Helvetica 12 Tf
0.000 g
72.00 510.80 Td
(A short paragraph with repeated words, caf\351 and punctuation. A short paragraph ) Tj
ET
BT
/Helvetica 12 Tf
0.000 g
72.00 496.40 Td
(with repeated words, caf\351 and punctuation. A short paragraph with repeated words, ) Tj
ET
BT
/Helvetica 12 Tf
0.000 g
72.00 482.00 Td
(caf\351 and punctuation. A short paragraph with repeated words, caf\351 and punctuation. ) Tj
ET
BT
/Helvetica 12 Tf
0.000 g
72.00 467.60 Td
(A short paragraph with repeated words, caf\351 and punctuation. A short paragraph ) Tj
ET
BT
/Helvetica 12 Tf
0.000 g
72.00 453.20 Td
(with repeated words, caf\351 and punctuation. A short paragraph with repeated words, ) Tj
ET
BT
/Helvetica 12 Tf
0.000 g
72.00 438.80 Td
(caf\351 and punctuation. A short paragraph with repeated words, caf\351 and punctuation. ) Tj
ET
BT
/Helvetica 12 Tf
0.000 g
72.00 424.40 Td
(A short paragraph with repeated words, caf\351 and punctuation. A short paragraph ) Tj
ET
BT
/Helvetica 12 Tf
0.000 g
72.00 410.00 Td
(with repeated words, caf\351 and punctuation. A short paragraph with repeated words, ) Tj
ET
BT
/Helvetica 12 Tf
0.000 g
72.00 395.60 Td
(caf\351 and punctuation. A short paragraph with repeated words, caf\351 and punctuation. ) Tj
ET
BT
/Helvetica 12 Tf
0.000 g
72.00 381.20 Td
(A short paragraph with repeated words, caf\351 and punctuation. A short paragraph ) Tj
ET
BT
/Helvetica 12 Tf
0.000 g
72.00 366.80 Td
(with repeated words, caf\351 and punctuation. A short paragraph with repeated words, ) Tj
ET
BT
/Helvetica 12 Tf
0.000 g
72.00 352.40 Td
(caf\351 and punctuation. A short paragraph with repeated words, caf\351 and punctuation. ) Tj
ET

endstream
endobj
18 0 obj
<<
/Contents 19 0 R
/MediaBox [0 0 595 842]
/Parent 2 0 R
/Resources <<
/Font 24 0 R
>>
/Type /Page
>>
endobj
19 0 obj
<<
/Length 4150
>>
stream
BT
/Helvetica 12 Tf
0.000 g
72.00 770.00 Td
(A short paragraph with repeated words, caf\351 and punctuation. A short paragraph ) Tj
ET
BT
/Helvetica 12 Tf
0.000 g
72.00 755.60 Td
(with repeated words, caf\351 and punctuation. A short paragraph with repeated words, ) Tj
ET
BT
/Helvetica 12 Tf
0.000 g
72.00 741.20 Td
(caf\351 and punctuation. A short paragraph with repeated words, caf\351 and punctuation. ) Tj
ET
BT
/Helvetica 12 Tf
0.000 g
72.00 726.80 Td
(A short paragraph with repeated words, caf\351 and punctuation. A short paragraph ) Tj
ET
BT
/Helvetica 12 Tf
0.000 g
72.00 712.40 Td
(with repeated words, caf\351 and punctuation. A short paragraph with repeated words, ) Tj
ET
BT
/Helvetica 12 Tf
0.000 g
72.00 698.00 Td
(caf\351 and punctuation. A short paragraph with repeated words, caf\351 and punctuation. ) Tj
ET
BT
/Helvetica 12 Tf
0.000 g
72.00 683.60 Td
(A short paragraph with repeated words, caf\351 and punctuation. A short paragraph ) Tj
ET
BT
/Helvetica 12 Tf
0.000 g
72.00 669.20 Td
(with repeated words, caf\351 and punctuation. A short paragraph with repeated words, ) Tj
ET
BT
/Helvetica 12 Tf
0.000 g
72.00 654.80 Td
(caf\351 and punctuation. A short paragraph with repeated words, caf\351 and punctuation. ) Tj
ET
BT
/Helvetica 12 Tf
0.000 g
72.00 640.40 Td
(A short paragraph with repeated words, caf\351 and punctuation. A short paragraph ) Tj
ET
BT
/Helvetica 12 Tf
0.000 g
72.00 626.00 Td
(with repeated words, caf\351 and punctuation. A short paragraph with repeated words, ) Tj
ET
BT
/Helvetica 12 Tf
0.000 g
72.00 611.60 Td
(caf\351 and punctuation. A short paragraph with repeated words, caf\351 and punctuation. ) Tj
ET
BT
/Helvetica 12 Tf
0.000 g
72.00 597.20 Td
(A short paragraph with repeated words, caf\351 and punctuation. A short paragraph ) Tj
ET
BT
/Helvetica 12 Tf
0.000 g
72.00 582.80 Td
(with repeated words, caf\351 and punctuation. A short paragraph with repeated words, ) Tj
ET
BT
/Helvetica 12 Tf
0.000 g
72.00 568.40 Td
(caf\351 and punctuation. A short paragraph with repeated words, caf\351 and punctuation. ) Tj
ET
BT
/Helvetica 12 Tf
0.000 g
72.00 554.00 Td
(A short paragraph with repeated words, caf\351 and punctuation. A short paragraph ) Tj
ET
BT
/Helvetica 12 Tf
0.000 g
72.00 539.60 Td
(with repeated words, caf\351 and punctuation. A short paragraph with repeated words, ) Tj
ET
BT
/Helvetica 12 Tf
0.000 g
72.00 525.20 Td
(caf\351 and punctuation. A short paragraph with repeated words, caf\351 and punctuation. ) Tj
ET
BT
/Helvetica 12 Tf
0.000 g
72.00 510.80 Td
(A short paragraph with repeated words, caf\351 and punctuation. A short paragraph ) Tj
ET
BT
/Helvetica 12 Tf
0.000 g
72.00 496.40 Td
(with repeated words, caf\351 and punctuation. A short paragraph with repeated words, ) Tj
ET
BT
/Helvetica 12 Tf
0.000 g
72.00 482.00 Td
(caf\351 and punctuation. A short paragraph with repeated words, caf\351 and punctuation. ) Tj
ET
BT
/Helvetica 12 Tf
0.000 g
72.00 467.60 Td
(A short paragraph with repeated words, caf\351 and punctuation. A short paragraph ) Tj
ET
BT
/Helvetica 12 Tf
0.000 g
72.00 453.20 Td
(with repeated words, caf\351 and punctuation. A short paragraph with repeated words, ) Tj
ET
BT
/Helvetica 12 Tf
0.000 g
72.00 438.80 Td
(caf\351 and punctuation. A short paragraph with repeated words, caf\351 and punctuation. ) Tj
ET
BT
/Helvetica 12 Tf
0.000 g
72.00 424.40 Td
(A short paragraph with repeated words, caf\351 and punctuation. A short paragraph ) Tj
ET
BT
/Helvetica 12 Tf
0.000 g
72.00 410.00 Td
(with repeated words, caf\351 and punctuation. A short paragraph with repeated words, ) Tj
ET
BT
/Helvetica 12 Tf
0.000 g
72.00 395.60 Td
(caf\351 and punctuation. A short paragraph with repeated words, caf\351 and punctuation. ) Tj
ET
BT
/Helvetica 12 Tf
0.000 g
72.00 381.20 Td
(A short paragraph with repeated words, caf\351 and punctuation. A short paragraph ) Tj
ET
BT
/Helvetica 12 Tf
0.000 g
72.00 366.80 Td
(with repeated words, caf\351 and punctuation. A short paragraph with repeated words, ) Tj
ET
BT
/Helvetica 12 Tf
0.000 g
72.00 352.40 Td
(caf\351 and punctuation. A short paragraph with repeated words, caf\351 and punctuation. ) Tj
ET

endstream
endobj
20 0 obj
<<
/Contents 21 0 R
/MediaBox [0 0 595 842]
/Parent 2 0 R
/Resources <<
/Font 24 0 R
>>
/Type /Page
>>
endobj
21 0 obj
<<
/Length 4150
>>
stream
BT
/Helvetica 12 Tf
0.000 g
72.00 770.00 Td
(A short paragraph with repeated words, caf\351 and punctuation. A short paragraph ) Tj
ET
BT
/Helvetica 12 Tf
0.000 g
72.00 755.60 Td
(with repeated words, caf\351 and punctuation. A short paragraph with repeated words, ) Tj
ET
BT
/Helvetica 12 Tf
0.000 g
72.00 741.20 Td
(caf\351 and punctuation. A short paragraph with repeated words, caf\351 and punctuation. ) Tj
ET
BT
/Helvetica 12 Tf
0.000 g
72.00 726.80 Td
(A short paragraph with repeated words, caf\351 and punctuation. A short paragraph ) Tj
ET
BT
/Helvetica 12 Tf
0.000 g
72.00 712.40 Td
(with repeated words, caf\351 and punctuation. A short paragraph with repeated words, ) Tj
ET
BT
/Helvetica 12 Tf
0.000 g
72.00 698.00 Td
(caf\351 and punctuation. A short paragraph with repeated words, caf\351 and punctuation. ) Tj
ET
BT
/Helvetica 12 Tf
0.000 g
72.00 683.60 Td
(A short paragraph with repeated words, caf\351 and punctuation. A short paragraph ) Tj
ET
BT
/Helvetica 12 Tf
0.000 g
72.00 669.20 Td
(with repeated words, caf\351 and punctuation. A short paragraph with repeated words, ) Tj
ET
BT
/Helvetica 12 Tf
0.000 g
72.00 654.80 Td
(caf\351 and punctuation. A short paragraph with repeated words, caf\351 and punctuation. ) Tj
ET
BT
/Helvetica 12 Tf
0.000 g
72.00 640.40 Td
(A short paragraph with repeated words, caf\351 and punctuation. A short paragraph ) Tj
ET
BT
/Helvetica 12 Tf
0.000 g
72.00 626.00 Td
(with repeated words, caf\351 and punctuation. A short paragraph with repeated words, ) Tj
ET
BT
/Helvetica 12 Tf
0.000 g
72.00 611.60 Td
(caf\351 and punctuation. A short paragraph with repeated words, caf\351 and punctuation. ) Tj
ET
BT
/Helvetica 12 Tf
0.000 g
72.00 597.20 Td
(A short paragraph with repeated words, caf\351 and punctuation. A short paragraph ) Tj
ET
BT
/Helvetica 12 Tf
0.000 g
72.00 582.80 Td
(with repeated words, caf\351 and punctuation. A short paragraph with repeated words, ) Tj
ET
BT
/Helvetica 12 Tf
0.000 g
72.00 568.40 Td
(caf\351 and punctuation. A short paragraph with repeated words, caf\351 and punctuation. ) Tj
ET
BT
/Helvetica 12 Tf
0.000 g
72.00 554.00 Td
(A short paragraph with repeated words, caf\351 and punctuation. A short paragraph ) Tj
ET
BT
/Helvetica 12 Tf
0.000 g
72.00 539.60 Td
(with repeated words, caf\351 and punctuation. A short paragraph with repeated words, ) Tj
ET
BT
/Helvetica 12 Tf
0.000 g
72.00 525.20 Td
(caf\351 and punctuation. A short paragraph with repeated words, caf\351 and punctuation. ) Tj
ET
BT
/Helvetica 12 Tf
0.000 g
72.00 510.80 Td
(A short paragraph with repeated words, caf\351 and punctuation. A short paragraph ) Tj
ET
BT
/Helvetica 12 Tf
0.000 g
72.00 496.40 Td
(with repeated words, caf\351 and punctuation. A short paragraph with repeated words, ) Tj
ET
BT
/Helvetica 12 Tf
0.000 g
72.00 482.00 Td
(caf\351 and punctuation. A short paragraph with repeated words, caf\351 and punctuation. ) Tj
ET
BT
/Helvetica 12 Tf
0.000 g
72.00 467.60 Td
(A short paragraph with repeated words, caf\351 and punctuation. A short paragraph ) Tj
ET
BT
/Helvetica 12 Tf
0.000 g
72.00 453.20 Td
(with repeated words, caf\351 and punctuation. A short paragraph with repeated words, ) Tj
ET
BT
/Helvetica 12 Tf
0.000 g
72.00 438.80 Td
(caf\351 and punctuation. A short paragraph with repeated words, caf\351 and punctuation. ) Tj
ET
BT
/Helvetica 12 Tf
0.000 g
72.00 424.40 Td
(A short paragraph with repeated words, caf\351 and punctuation. A short paragraph ) Tj
ET
BT
/Helvetica 12 Tf
0.000 g
72.00 410.00 Td
(with repeated words, caf\351 and punctuation. A short paragraph with repeated words, ) Tj
ET
BT
/Helvetica 12 Tf
0.000 g
72.00 395.60 Td
(caf\351 and punctuation. A short paragraph with repeated words, caf\351 and punctuation. ) Tj
ET
BT
/Helvetica 12 Tf
0.000 g
72.00 381.20 Td
(A short paragraph with repeated words, caf\351 and punctuation. A short paragraph ) Tj
ET
BT
/Helvetica 12 Tf
0.000 g
72.00 366.80 Td
(with repeated words, caf\351 and punctuation. A short paragraph with repeated words, ) Tj
ET
BT
/Helvetica 12 Tf
0.000 g
72.00 352.40 Td
(caf\351 and punctuation. A short paragraph with repeated words, caf\351 and punctuation. ) Tj
ET

endstream
endobj
22 0 obj
<<
/Contents 23 0 R
/MediaBox [0 0 595 842]
/Parent 2 0 R
/Resources <<
/Font 24 0 R
>>
/Type /Page
>>
endobj
23 0 obj
<<
/Length 4150
>>
stream
BT
/Helvetica 12 Tf
0.000 g
72.00 770.00 Td
(A short paragraph with repeated words, caf\351 and punctuation. A short paragraph ) Tj
ET
BT
/Helvetica 12 Tf
0.000 g
72.00 755.60 Td
(with repeated words, caf\351 and punctuation. A short paragraph with repeated words, ) Tj
ET
BT
/Helvetica 12 Tf
0.000 g
72.00 741.20 Td
(caf\351 and punctuation. A short paragraph with repeated words, caf\351 and punctuation. ) Tj
ET
BT
/Helvetica 12 Tf
0.000 g
72.00 726.80 Td
(A short paragraph with repeated words, caf\351 and punctuation. A short paragraph ) Tj
ET
BT
/Helvetica 12 Tf
0.000 g
72.00 712.40 Td
(with repeated words, caf\351 and punctuation. A short paragraph with repeated words, ) Tj
ET
BT
/Helvetica 12 Tf
0.000 g
72.00 698.00 Td
(caf\351 and punctuation. A short paragraph with repeated words, caf\351 and punctuation. ) Tj
ET
BT
/Helvetica 12 Tf
0.000 g
72.00 683.60 Td
(A short paragraph with repeated words, caf\351 and punctuation. A short paragraph ) Tj
ET
BT
/Helvetica 12 Tf
0.000 g
72.00 669.20 Td
(with repeated words, caf\351 and punctuation. A short paragraph with repeated words, ) Tj
ET
BT
/Helvetica 12 Tf
0.000 g
72.00 654.80 Td
(caf\351 and punctuation. A short paragraph with repeated words, caf\351 and punctuation. ) Tj
ET
BT
/Helvetica 12 Tf
0.000 g
72.00 640.40 Td
(A short paragraph with repeated words, caf\351 and punctuation. A short paragraph ) Tj
ET
BT
/Helvetica 12 Tf
0.000 g
72.00 626.00 Td
(with repeated words, caf\351 and punctuation. A short paragraph with repeated words, ) Tj
ET
BT
/Helvetica 12 Tf
0.000 g
72.00 611.60 Td
(caf\351 and punctuation. A short paragraph with repeated words, caf\351 and punctuation. ) Tj
ET
BT
/Helvetica 12 Tf
0.000 g
72.00 597.20 Td
(A short paragraph with repeated words, caf\351 and punctuation. A short paragraph ) Tj
ET
BT
/Helvetica 12 Tf
0.000 g
72.00 582.80 Td
(with repeated words, caf\351 and punctuation. A short paragraph with repeated words, ) Tj
ET
BT
/Helvetica 12 Tf
0.000 g
72.00 568.40 Td
(caf\351 and punctuation. A short paragraph with repeated words, caf\351 and punctuation. ) Tj
ET
BT
/Helvetica 12 Tf
0.000 g
72.00 554.00 Td
(A short paragraph with repeated words, caf\351 and punctuation. A short paragraph ) Tj
ET
BT
/Helvetica 12 Tf
0.000 g
72.00 539.60 Td
(with repeated words, caf\351 and punctuation. A short paragraph with repeated words, ) Tj
ET
BT
/Helvetica 12 Tf
0.000 g
72.00 525.20 Td
(caf\351 and punctuation. A short paragraph with repeated words, caf\351 and punctuation. ) Tj
ET
BT
/Helvetica 12 Tf
0.000 g
72.00 510.80 Td
(A short paragraph with repeated words, caf\351 and punctuation. A short paragraph ) Tj
ET
BT
/Helvetica 12 Tf
0.000 g
72.00 496.40 Td
(with repeated words, caf\351 and punctuation. A short paragraph with repeated words, ) Tj
ET
BT
/Helvetica 12 Tf
0.000 g
72.00 482.00 Td
(caf\351 and punctuation. A short paragraph with repeated words, caf\351 and punctuation. ) Tj
ET
BT
/Helvetica 12 Tf
0.000 g
72.00 467.60 Td
(A short paragraph with repeated words, caf\351 and punctuation. A short paragraph ) Tj
ET
BT
/Helvetica 12 Tf
0.000 g
72.00 453.20 Td
(with repeated words, caf\351 and punctuation. A short paragraph with repeated words, ) Tj
ET
BT
/Helvetica 12 Tf
0.000 g
72.00 438.80 Td
(caf\351 and punctuation. A short paragraph with repeated words, caf\351 and punctuation. ) Tj
ET
BT
/Helvetica 12 Tf
0.000 g
72.00 424.40 Td
(A short paragraph with repeated words, caf\351 and punctuation. A short paragraph ) Tj
ET
BT
/Helvetica 12 Tf
0.000 g
72.00 410.00 Td
(with repeated words, caf\351 and punctuation. A short paragraph with repeated words, ) Tj
ET
BT
/Helvetica 12 Tf
0.000 g
72.00 395.60 Td
(caf\351 and punctuation. A short paragraph with repeated words, caf\351 and punctuation. ) Tj
ET
BT
/Helvetica 12 Tf
0.000 g
72.00 381.20 Td
(A short paragraph with repeated words, caf\351 and punctuation. A short paragraph ) Tj
ET
BT
/Helvetica 12 Tf
0.000 g
72.00 366.80 Td
(with repeated words, caf\351 and punctuation. A short paragraph with repeated words, ) Tj
ET
BT
/Helvetica 12 Tf
0.000 g
72.00 352.40 Td
(caf\351 and punctuation. A short paragraph with repeated words, caf\351 and punctuation. ) Tj
ET

endstream
endobj
25 0 obj
<<
/Length 2651
/Subtype /XML
/Type /Metadata
>>
stream
<?xpacket begin="Ôªø" id="W5M0MpCehiHzreSzNTczkc9d"?>
<x:xmpmeta xmlns:x="adobe:ns:meta/" x:xmptk="oxidize-pdf 1.4.0">
  <rdf:RDF xmlns:rdf="http://www.w3.org/1999/02/22-rdf-syntax-ns#">
    <rdf:Description rdf:about=""
        xmlns:pdf="http://ns.adobe.com/pdf/1.3/"
        xmlns:xmp="http://ns.adobe.com/xap/1.0/">
      <xmp:CreatorTool>oxidize_pdf</xmp:CreatorTool>
      <xmp:CreateDate>2026-10-09T09:53:27.495453206+00:00</xmp:CreateDate>
      <xmp:ModifyDate>2026-10-09T09:53:27.497569892+00:00</xmp:ModifyDate>
      <pdf:Producer>oxidize_pdf v5.4.1 (MIT)</pdf:Producer>
    </rdf:Description>
  </rdf:RDF>
</x:xmpmeta>
<?xpacket end="w"?>                                                                                                                                                                                                                                                                                                                                                                                                                                                                                                                                                                                                                                                                                                                                                                                                                                                                                                                                                                                                                                                                                                                                                                                                                                                                                                                                                                                                                                                                                                                                                                                                                                                                                                                                                                                                                                                                                                                                                                                                                                                                                
endstream
endobj
1 0 obj
<<
/Metadata 25 0 R
/Pages 2 0 R
/Type /Catalog
>>
endobj
3 0 obj
<<
/CreationDate (D:20261009095327+00'00)
/Creator (oxidize_pdf)
/ModDate (D:20261009095327+00'00)
/Producer (oxidize_pdf v5.4.1 \(MIT\))
/oxidize-pdf-build (oxpdf-a75c81fe3080e033)
/oxidize-pdf-edition (OpenSource)
/oxidize-pdf-features (0000)
>>
endobj
xref
0 26
0000000000 65535 f 
0000047327 00000 n 
0000000015 00000 n 
0000047393 00000 n 
0000001382 00000 n 
0000001499 00000 n 
0000005701 00000 n 
0000005818 00000 n 
0000010020 00000 n 
0000010137 00000 n 
0000014339 00000 n 
0000014458 00000 n 
0000018661 00000 n 
0000018780 00000 n 
0000022983 00000 n 
0000023102 00000 n 
0000027305 00000 n 
0000027424 00000 n 
0000031627 00000 n 
0000031746 00000 n 
0000035949 00000 n 
0000036068 00000 n 
0000040271 00000 n 
0000040390 00000 n 
0000000134 00000 n 
0000044593 00000 n 
trailer
<<
/Info 3 0 R
/Root 1 0 R
/Size 26
>>
startxref
47656
%%EOF
