   Compiling proc-macro2 v1.0.106
   Compiling unicode-ident v1.0.24
   Compiling quote v1.0.45
   Compiling cfg-if v1.0.4
   Compiling libc v0.2.186
   Compiling syn v2.0.117
   Compiling stable_deref_trait v1.2.1
   Compiling version_check v0.9.5
   Compiling generic-array v0.14.7
   Compiling find-msvc-tools v0.1.9
   Compiling shlex v2.0.1
   Compiling cc v1.2.63
   Compiling serde_core v1.0.228
   Compiling typenum v1.20.1
   Compiling synstructure v0.13.2
   Compiling zerofrom-derive v0.1.7
   Compiling zerofrom v0.1.8
   Compiling yoke-derive v0.8.2
   Compiling zerovec-derive v0.11.3
   Compiling yoke v0.8.3
   Compiling displaydoc v0.2.6
   Compiling zerovec v0.11.6
   Compiling zerocopy v0.8.50
   Compiling once_cell v1.21.4
   Compiling autocfg v1.5.1
   Compiling memchr v2.8.1
   Compiling num-traits v0.2.19
   Compiling tinystr v0.8.3
   Compiling zerocopy-derive v0.8.50
   Compiling litemap v0.8.2
   Compiling writeable v0.6.3
   Compiling icu_locale_core v2.2.0
   Compiling potential_utf v0.1.5
   Compiling zerotrie v0.2.4
   Compiling zeroize_derive v1.4.3
   Compiling icu_normalizer_data v2.2.0
   Compiling getrandom v0.3.4
   Compiling icu_properties_data v2.2.0
   Compiling crossbeam-utils v0.8.21
   Compiling utf8_iter v1.0.4
   Compiling icu_collections v2.2.0
   Compiling zeroize v1.8.2
   Compiling icu_provider v2.2.0
   Compiling crypto-common v0.1.7
   Compiling ring v0.17.14
   Compiling serde v1.0.228
   Compiling rand_core v0.10.1
   Compiling getrandom v0.4.2
   Compiling smallvec v1.15.1
   Compiling regex-syntax v0.8.10
   Compiling bitflags v2.13.0
   Compiling rustls-pki-types v1.14.1
   Compiling aho-corasick v1.1.4
   Compiling serde_derive v1.0.228
   Compiling crc32fast v1.5.0
   Compiling rustix v1.1.4
   Compiling simd-adler32 v0.3.9
   Compiling utf8parse v0.2.2
   Compiling zmij v1.0.21
   Compiling anstyle-parse v1.0.0
   Compiling regex-automata v0.4.14
   Compiling crossbeam-epoch v0.9.18
   Compiling icu_properties v2.2.0
   Compiling rand_core v0.9.5
   Compiling icu_normalizer v2.2.0
   Compiling block-padding v0.3.3
   Compiling getrandom v0.2.17
   Compiling serde_json v1.0.150
   Compiling is_terminal_polyfill v1.70.2
   Compiling anstyle-query v1.1.5
   Compiling adler2 v2.0.1
   Compiling untrusted v0.9.0
   Compiling linux-raw-sys v0.12.1
   Compiling rayon-core v1.13.0
   Compiling either v1.16.0
   Compiling anstyle v1.0.14
   Compiling colorchoice v1.0.5
   Compiling log v0.4.32
   Compiling anstream v1.0.0
   Compiling miniz_oxide v0.8.9
   Compiling inout v0.1.4
   Compiling idna_adapter v1.2.2
   Compiling crossbeam-deque v0.8.6
   Compiling half v2.7.1
   Compiling tracing-core v0.1.36
   Compiling block-buffer v0.10.4
   Compiling alloca v0.4.0
   Compiling strsim v0.11.1
   Compiling itoa v1.0.18
   Compiling plotters-backend v0.3.7
   Compiling percent-encoding v2.3.2
   Compiling clap_lex v1.1.0
   Compiling const-oid v0.9.6
   Compiling portable-atomic v1.13.1
   Compiling heck v0.5.0
   Compiling rustls v0.23.40
   Compiling fastrand v2.4.1
   Compiling cpufeatures v0.2.17
   Compiling ciborium-io v0.2.2
   Compiling ciborium-ll v0.2.2
   Compiling tempfile v3.27.0
   Compiling clap_derive v4.6.1
   Compiling clap_builder v4.6.0
   Compiling digest v0.10.7
   Compiling plotters-svg v0.3.7
   Compiling form_urlencoded v1.2.2
   Compiling flate2 v1.1.9
   Compiling idna v1.1.0
   Compiling cipher v0.4.4
   Compiling rustls-webpki v0.103.13
   Compiling itertools v0.13.0
   Compiling fdeflate v0.3.7
   Compiling webpki-roots v1.0.7
   Compiling ppv-lite86 v0.2.21
   Compiling tracing-attributes v0.1.31
   Compiling wait-timeout v0.2.1
   Compiling winnow v1.0.3
   Compiling zune-core v0.5.1
   Compiling cast v0.3.0
   Compiling same-file v1.0.6
   Compiling bit-vec v0.8.0
   Compiling cpufeatures v0.3.0
   Compiling lazy_static v1.5.0
   Compiling thiserror v2.0.18
   Compiling pxfm v0.1.29
   Compiling pin-project-lite v0.2.17
   Compiling unicode-width v0.2.2
   Compiling fnv v1.0.7
   Compiling subtle v2.6.1
   Compiling tinyvec_macros v0.1.1
   Compiling quick-error v1.2.3
   Compiling rusty-fork v0.3.1
   Compiling tinyvec v1.11.0
   Compiling moxcms v0.8.1
   Compiling console v0.16.3
   Compiling tracing v0.1.44
   Compiling sharded-slab v0.1.7
   Compiling chacha20 v0.10.0
   Compiling bit-set v0.8.0
   Compiling walkdir v2.5.0
   Compiling criterion-plot v0.8.2
   Compiling zune-jpeg v0.5.15
   Compiling toml_parser v1.1.2+spec-1.1.0
   Compiling rand_chacha v0.9.0
   Compiling webpki-roots v0.26.11
   Compiling png v0.18.1
   Compiling rayon v1.12.0
   Compiling url v2.5.8
   Compiling tinytemplate v1.2.1
   Compiling clap v4.6.1
   Compiling plotters v0.3.7
   Compiling ciborium v0.2.2
   Compiling tracing-log v0.2.0
   Compiling rand v0.9.4
   Compiling rand_xorshift v0.4.0
   Compiling matchers v0.2.0
   Compiling regex v1.12.3
   Compiling serde_spanned v1.1.1
   Compiling toml_datetime v0.7.5+spec-1.1.0
   Compiling thiserror-impl v2.0.18
   Compiling page_size v0.6.0
   Compiling thread_local v1.1.9
   Compiling oorandom v11.1.5
   Compiling unarray v0.1.4
   Compiling iana-time-zone v0.1.65
   Compiling unit-prefix v0.5.2
   Compiling anes v0.1.6
   Compiling winnow v0.7.15
   Compiling byteorder-lite v0.1.0
   Compiling base64 v0.22.1
   Compiling nu-ansi-term v0.50.3
   Compiling toml_writer v1.1.1+spec-1.1.0
   Compiling bytemuck v1.25.0
   Compiling image v0.25.10
   Compiling toml v0.9.12+spec-1.1.0
   Compiling tracing-subscriber v0.3.23
   Compiling ureq v2.12.1
   Compiling criterion v0.8.2
   Compiling indicatif v0.18.4
   Compiling chrono v0.4.45
   Compiling proptest v1.11.0
   Compiling rand v0.10.1
   Compiling unicode-normalization v0.1.25
   Compiling aes v0.8.4
   Compiling cbc v0.1.2
   Compiling sha1 v0.10.6
   Compiling sha2 v0.10.9
   Compiling quick-xml v0.41.0
   Compiling num_cpus v1.17.0
   Compiling weezl v0.1.12
   Compiling md5 v0.8.0
   Compiling oxidize-pdf v5.4.1 (/home/santi/repos/BelowZero/oxidizePdf/oxidize-pdf/target/issue690-review/oxidize-pdf-core)
    Finished `test` profile [unoptimized] target(s) in 1m 58s
     Running unittests src/lib.rs (/home/santi/repos/BelowZero/oxidizePdf/oxidize-pdf/target/performance-700-703/core-target/debug/deps/oxidize_pdf-f98c467871087551)

running 55 tests
test text::metrics::tests::test_font_metrics_clone ... ok
test text::metrics::tests::test_font_metrics_creation ... ok
test text::metrics::tests::test_font_metrics_store_get_miss_returns_none_no_side_effects ... ok
test text::metrics::tests::test_font_metrics_store_clone_shares_state ... ok
test text::metrics::tests::test_font_metrics_store_overwrite_same_name ... ok
test text::metrics::tests::test_font_metrics_store_register_and_get ... ok
test text::metrics::tests::test_font_metrics_with_widths ... ok
test text::metrics::tests::test_courier_variants_use_base_metrics ... ok
test text::metrics::tests::test_font_variants_use_base_metrics ... ok
test text::metrics::tests::test_font_size_scaling ... ok
test text::metrics::tests::test_courier_monospace_property ... ok
test text::metrics::tests::test_all_font_metrics_exist ... ok
test text::metrics::tests::test_get_custom_font_metrics_not_found ... ok
test text::metrics::tests::test_helvetica_bold_metrics ... ok
test text::metrics::tests::test_helvetica_specific_characters ... ok
test text::metrics::tests::test_lookup_document_scope_takes_precedence_over_global ... ok
test text::metrics::tests::test_lookup_falls_through_to_global_when_store_misses ... ok
test text::metrics::tests::test_measure_char_courier ... ok
test text::metrics::tests::test_measure_char_custom_font ... ok
test text::metrics::tests::test_measure_char_helvetica ... ok
test text::metrics::tests::test_measure_char_symbolic ... ok
test text::metrics::tests::test_measure_char_with_uses_document_scope ... ok
test text::metrics::tests::test_measure_text_consistency ... ok
test text::metrics::tests::test_measure_text_courier ... ok
test text::metrics::tests::test_measure_text_custom_font ... ok
test text::metrics::tests::test_measure_text_empty_string ... ok
test text::metrics::tests::test_measure_text_helvetica ... ok
test text::metrics::tests::test_measure_text_symbolic_fonts ... ok
test text::metrics::tests::test_measure_text_with_uses_document_scope ... ok
test text::metrics::tests::test_non_ascii_measure_text_string ... ok
test text::metrics::tests::test_non_ascii_winansi_width_courier_is_monospace ... ok
test text::metrics::tests::test_non_ascii_winansi_width_matches_afm_helvetica ... ok
test text::metrics::tests::test_non_ascii_winansi_width_matches_afm_helvetica_bold ... ok
test text::metrics::tests::test_non_ascii_winansi_width_matches_afm_times ... ok
test text::metrics::tests::test_register_custom_font_metrics ... ok
test text::metrics::tests::test_split_into_words_empty ... ok
test text::metrics::tests::test_split_into_words_leading_trailing_spaces ... ok
test text::metrics::tests::test_split_into_words_mixed_whitespace ... ok
test text::metrics::tests::test_split_into_words_multiple_spaces ... ok
test text::metrics::tests::test_split_into_words_only_spaces ... ok
test text::metrics::tests::test_split_into_words_simple ... ok
test text::metrics::tests::test_split_into_words_single_word ... ok
test text::metrics::tests::test_split_into_words_tabs_newlines ... ok
test text::metrics::tests::test_times_roman_metrics ... ok
test text::metrics::tests::test_times_specific_characters ... ok
test text::metrics::tests::test_times_variants_use_their_own_metrics ... ok
test text::metrics::tests::test_unicode_characters_default_width ... ok
test text::metrics::tests::test_warn_unknown_font_rate_limited_once_per_name ... ok
test text::metrics::tests::test_create_default_custom_metrics ... ok
test text::metrics::tests::test_lookup_with_none_store_uses_global_then_default ... ok
test text::metrics::tests::test_custom_font_no_auto_register_default ... ok
test text::metrics::tests::test_measure_text_back_compat_shim_passes_none ... ok
test text::metrics::tests::test_unknown_custom_font_does_not_register_on_read ... ok
test text::metrics::tests::test_unknown_custom_font_returns_default_widths ... ok
test text::metrics::tests::test_create_default_custom_metrics_is_cached ... ok

test result: ok. 55 passed; 0 failed; 0 ignored; 0 measured; 6754 filtered out; finished in 0.03s

