   Compiling oxidize-pdf v5.4.1 (/home/santi/repos/BelowZero/oxidizePdf/oxidize-pdf/target/issue690-review/oxidize-pdf-core)
    Finished `test` profile [unoptimized] target(s) in 45.51s
     Running unittests src/lib.rs (/home/santi/repos/BelowZero/oxidizePdf/oxidize-pdf/target/performance-700-703/core-target/debug/deps/oxidize_pdf-f98c467871087551)

running 868 tests
test annotations::text::tests::test_all_icon_types ... ok
test annotations::text::tests::test_annotation_type_consistency ... ok
test annotations::text::tests::test_extreme_positions ... ok
test annotations::text::tests::test_icon_default ... ok
test annotations::text::tests::test_icon_debug_clone_copy ... ok
test annotations::text::tests::test_icon_names ... ok
test annotations::text::tests::test_pdf_properties_structure ... ok
test annotations::text::tests::test_repeated_builder_calls ... ok
test annotations::text::tests::test_all_state_combinations ... ok
test annotations::text::tests::test_special_characters_in_contents ... ok
test annotations::text::tests::test_text_annotation_builder_chain ... ok
test annotations::text::tests::test_text_annotation_clone ... ok
test annotations::text::tests::test_text_annotation_creation ... ok
test annotations::text::tests::test_text_annotation_default_values ... ok
test annotations::text::tests::test_text_annotation_different_positions ... ok
test annotations::text::tests::test_text_annotation_debug ... ok
test annotations::text::tests::test_text_annotation_rect ... ok
test annotations::text::tests::test_text_annotation_state_variations ... ok
test annotations::text::tests::test_text_annotation_with_empty_contents ... ok
test annotations::text::tests::test_text_annotation_to_annotation ... ok
test annotations::text::tests::test_text_annotation_with_long_contents ... ok
test annotations::text::tests::test_to_annotation_open_state ... ok
test annotations::text::tests::test_to_annotation_without_state ... ok
test annotations::text::tests::test_unicode_in_contents ... ok
test annotations::text::tests::test_with_contents_string_types ... ok
test annotations::text::tests::test_with_state_string_types ... ok
test layout::rich_text::tests::test_empty_rich_text ... ok
test templates::context::tests::test_context_merge ... ok
test templates::context::tests::test_nested_objects ... ok
test templates::context::tests::test_template_context_basic ... ok
test templates::context::tests::test_template_value_conversions ... ok
test layout::rich_text::tests::test_render_operations_contains_bt_et ... ok
test text::cmap::tests::bfrange_array_form_with_empty_array_emits_zero_mappings_no_panic ... ok
test text::cmap::tests::increment_be_carries_across_byte_boundary ... ok
test text::cmap::tests::bfrange_array_form_increments_src_with_big_endian_carry ... ok
test templates::context::tests::test_variable_not_found ... ok
test text::cmap::tests::mixed_single_line_and_multi_line_directives_parse ... ok
test text::cmap::tests::lone_gt_delimiter_terminates ... ok
test text::cmap::tests::boe_single_line_codespacerange_parses_full_cmap ... ok
test text::cmap::tests::single_line_beginbfchar_parses ... ok
test text::cmap::tests::single_line_beginbfrange_parses ... ok
test text::cmap::tests::source_code_for_unicode_resolves_single_and_range_mappings ... ok
test text::cmap::tests::stray_close_delimiters_do_not_hang_tokenizer ... ok
test text::cmap::tests::test_bf_range_mapping ... ok
test text::cmap::tests::test_calculate_offset ... ok
test text::cmap::tests::test_calculate_offset_with_byte_borrow ... ok
test text::cmap::tests::test_cmap_to_unicode ... ok
test text::cmap::tests::test_code_range ... ok
test text::cmap::tests::test_identity_cmap ... ok
test text::cmap::tests::test_multibyte_mapping ... ok
test text::cmap::tests::test_one_byte_bfchar_under_two_byte_codespace ... ok
test text::cmap::tests::test_parse_hex ... ok
test text::cmap::tests::test_tounicode_builder ... ok
test text::cmap::tests::test_simple_cmap_parsing ... ok
test text::cmap::tests::unterminated_hex_string_does_not_discard_following_mappings ... ok
test text::cmap::tests::usecmap_external_ucs2_parent_maps_to_ordering ... ok
test text::cmap::tests::usecmap_identity_h_inheritance_provides_fallback ... ok
test text::cmap::tests::usecmap_identity_v_inheritance_provides_fallback ... ok
test text::cmap::tests::usecmap_non_identity_parent_does_not_enable_identity_fallback ... ok
test text::cmap_tests::tests::test_cmap_entry_range ... ok
test text::cmap_tests::tests::test_cmap_entry_single ... ok
test text::cmap_tests::tests::test_cmap_identity_h ... ok
test text::cmap_tests::tests::test_cmap_identity_v ... ok
test text::cmap_tests::tests::test_cmap_parse_simple ... ok
test text::cmap_tests::tests::test_cmap_parse_with_ranges ... ok
test text::cmap_tests::tests::test_cmap_to_unicode_utf16 ... ok
test text::cmap_tests::tests::test_cmap_valid_codespace ... ok
test text::cmap_tests::tests::test_code_range_basic ... ok
test text::cmap_tests::tests::test_code_range_multibyte ... ok
test text::cmap_tests::tests::test_hex_string ... ok
test text::cmap_tests::tests::test_string_to_utf16_be ... ok
test text::cmap_tests::tests::test_tounicode_builder_multibyte ... ok
test text::cmap_tests::tests::test_tounicode_builder_single_byte ... ok
test text::encoding::tests::escape_show_text_literal_bytes_named_escape_parity ... ok
test text::encoding::tests::escape_show_text_literal_bytes_octal_fallback_three_digits ... ok
test text::encoding::tests::escape_show_text_literal_bytes_printable_ascii_passthrough ... ok
test text::encoding::tests::test_empty_string_encoding ... ok
test text::cmap_tests::tests::test_cmap_builder_large_mapping ... ok
test text::encoding::tests::test_encoding_clone ... ok
test text::encoding::tests::test_encoding_copy ... ok
test text::encoding::tests::test_encoding_debug ... ok
test text::encoding::tests::test_encoding_equality ... ok
test text::encoding::tests::test_long_text_encoding_roundtrip ... ok
test text::encoding::tests::test_mac_roman_decode_extended_range ... ok
test text::encoding::tests::test_mac_roman_decode_final_range ... ok
test text::encoding::tests::test_mac_roman_decode_high_range ... ok
test text::encoding::tests::test_mac_roman_encode_special_characters ... ok
test text::encoding::tests::test_mac_roman_encode_symbols ... ok
test text::encoding::tests::test_mac_roman_encoding_basic_ascii ... ok
test text::encoding::tests::test_mac_roman_encoding_special_chars ... ok
test text::encoding::tests::test_mac_roman_unmapped_character ... ok
test text::encoding::tests::test_pdf_doc_encoding ... ok
test text::encoding::tests::test_pdf_doc_encoding_basic_ascii ... ok
test text::encoding::tests::test_standard_encoding_basic_ascii ... ok
test text::encoding::tests::test_text_encoding_variants ... ok
test text::encoding::tests::test_win_ansi_ascii_range ... ok
test text::encoding::tests::test_win_ansi_decode_all_special_bytes ... ok
test text::encoding::tests::test_win_ansi_decode_undefined_bytes ... ok
test text::encoding::tests::test_win_ansi_encode_all_special_mappings ... ok
test text::encoding::tests::test_win_ansi_encoding_basic_ascii ... ok
test text::encoding::tests::test_win_ansi_encoding_latin_supplement ... ok
test text::encoding::tests::test_win_ansi_encoding_round_trip_special_chars ... ok
test text::encoding::tests::test_win_ansi_encoding_special_characters ... ok
test text::encoding::tests::test_win_ansi_encoding_special_chars ... ok
test text::encoding::tests::test_win_ansi_encoding_unmapped_character ... ok
test text::encoding::tests::test_win_ansi_latin1_overlap ... ok
test text::encoding::tests::winansi_decode_char_is_inverse_of_encode ... ok
test text::encoding::tests::winansi_decode_char_specific_points ... ok
test text::encoding_cmap::tests::gbk_codespace_yields_mixed_widths ... ok
test text::encoding_cmap::tests::adversarial_input_terminates_without_hang ... ok
test text::encoding_cmap::tests::cidchar_and_cidrange_map_to_cids ... ok
test text::encoding_cmap::tests::notdefchar_maps_to_notdef_cid ... ok
test text::encoding_cmap::tests::notdefrange_maps_to_notdef_cid ... ok
test text::encoding_cmap::tests::parse_retains_vertical_writing_mode ... ok
test text::encoding_cmap::tests::parse_reads_codespace_and_usecmap_parent ... ok
test text::encoding_cmap::tests::utf16be_decodes_bmp_and_surrogates ... ok
test text::encoding_cmap::tests::utf16be_marks_trailing_odd_byte ... ok
test text::extraction::tests::assign_row_ids_floor_2pt_for_small_fonts ... ok
test text::extraction::tests::assign_row_ids_ignores_superscript_within_threshold ... ok
test text::extraction::tests::assign_row_ids_increments_on_y_up_jump_above_threshold ... ok
test text::extraction::tests::assign_row_ids_monotone_y_descending_keeps_zero ... ok
test text::extraction::tests::column_detection_does_not_join_independent_layout_regions ... ok
test text::extraction::tests::decode_pdf_string_lone_bom_returns_empty ... ok
test text::extraction::tests::decode_pdf_string_utf16be_bom_decodes_fi_ligature ... ok
test text::extraction::tests::flat_space_threshold_uses_unscaled_fallback_for_tiny_baseline ... ok
test text::extraction::tests::hyphen_wrap_fusion_drops_trailing_horizontal_whitespace ... ok
test text::extraction::tests::hyphen_wrap_fusion_preserves_render_mode_boundaries ... ok
test text::extraction::tests::merge_close_fragments_preserves_render_mode_boundaries ... ok
test text::extraction::tests::decode_pdf_string_ascii_pdfdocencoding_passthrough ... ok
test text::extraction::tests::decode_pdf_string_empty_input_returns_empty ... ok
test text::extraction::tests::merge_close_fragments_superscript_does_not_merge_in_legacy_path ... ok
test text::extraction::tests::merge_close_fragments_superscript_merges_when_reconstruct_paragraphs ... ok
test text::extraction::tests::merge_into_lines_groups_same_baseline_fragments ... ok
test text::extraction::tests::merge_into_lines_inserts_space_only_when_gap_exceeds_threshold ... ok
test text::extraction::tests::merge_into_lines_keeps_emission_order_for_font_switch_overlap ... ok
test text::extraction::tests::merge_into_lines_keeps_emission_when_run_backfills_covered_span ... ok
test text::extraction::tests::merge_into_lines_preserves_render_mode_boundaries ... ok
test text::extraction::tests::merge_into_lines_preserves_single_column_continuation ... ok
test text::extraction::tests::merge_into_lines_splits_columns_with_uniform_mcid ... ok
test text::extraction::tests::merge_into_lines_splits_two_columns_emitted_sequentially ... ok
test text::extraction::tests::merge_into_lines_unioned_bounding_box ... ok
test text::extraction::tests::merge_into_lines_uses_x_order_for_disjoint_backward_jump ... ok
test text::extraction::tests::merge_into_paragraphs_drops_hyphen_trailing_horizontal_whitespace ... ok
test text::extraction::tests::merge_into_paragraphs_drops_hyphen_when_merge_hyphenated ... ok
test text::extraction::tests::merge_into_paragraphs_groups_consecutive_lines ... ok
test text::extraction::tests::merge_into_paragraphs_preserves_render_mode_boundaries ... ok
test text::extraction::tests::merge_into_paragraphs_splits_on_font_size_change ... ok
test text::extraction::tests::merge_into_paragraphs_splits_on_weight_change ... ok
test text::extraction::tests::merge_into_paragraphs_splits_on_large_vertical_gap ... ok
test text::extraction::tests::merge_into_paragraphs_tolerates_subpoint_font_size_jitter ... ok
test text::extraction::tests::assign_row_ids_empty_slice_returns_empty ... ok
test text::extraction::tests::pen_delta_degenerate_matrix_falls_back_to_raw_deltas ... ok
test text::extraction::tests::pen_delta_identity_matrix_returns_raw_deltas ... ok
test text::extraction::tests::pen_delta_rotation_recovers_text_space_advance ... ok
test text::extraction::tests::reconstruct_text_from_fragments_drops_hyphen_trailing_horizontal_whitespace ... ok
test text::extraction::tests::pen_delta_mirrored_baseline_measures_advance_direction ... ok
test text::extraction::tests::resolve_props_extracts_integer_mcid ... ok
test text::extraction::tests::resolve_props_decodes_utf16be_actualtext ... ok
test text::extraction::tests::resolve_props_negative_mcid_rejected ... ok
test text::extraction::tests::resolve_props_returns_none_for_unresolvable_resource_ref ... ok
test text::extraction::tests::resolve_props_resource_ref_overflow_mcid_rejected ... ok
test text::extraction::tests::sort_and_merge_fragments_keeps_emission_regions_atomic ... ok
test text::extraction::tests::standard_14_space_width_maps_base_fonts_and_substitutes ... ok
test text::extraction::tests::standard_14_no_widths_uses_effective_encoding_for_pen_advance ... ok
test text::extraction::tests::test_append_bounded_does_not_fuse_a_space_separator ... ok
test text::extraction::tests::sort_and_merge_fragments_uses_mcid_as_a_region_boundary ... ok
test text::extraction::tests::sort_and_merge_fragments_nan_y_does_not_swallow_other_lines ... ok
test text::extraction::tests::test_append_bounded_fuses_hyphen_wrap_when_enabled ... ok
test text::extraction::tests::test_append_bounded_fuses_hyphen_wrap_with_trailing_horizontal_whitespace ... ok
test text::extraction::tests::test_append_bounded_fusion_with_trailing_whitespace_respects_budget ... ok
test text::extraction::tests::test_append_bounded_hyphen_fusion_respects_budget ... ok
test text::extraction::tests::test_append_bounded_is_noop_once_truncated ... ok
test text::extraction::tests::test_append_bounded_no_fusion_without_a_trailing_hyphen ... ok
test text::extraction::tests::test_append_bounded_no_limit_always_appends ... ok
test text::extraction::tests::test_append_bounded_does_not_fuse_when_merge_hyphenated_disabled ... ok
test text::encoding_cmap::tests::single_cid_takes_precedence_over_overlapping_range ... ok
test text::extraction::tests::test_append_bounded_undershoot_counts_separator ... ok
test text::extraction::tests::test_append_bounded_zero_limit_truncates_immediately ... ok
test text::extraction::tests::test_calculate_text_width_character_outside_range ... ok
test text::extraction::tests::test_calculate_text_width_different_font_sizes ... ok
test text::extraction::tests::test_calculate_text_width_empty_string ... ok
test text::extraction::tests::test_calculate_text_width_missing_width_in_array ... ok
test text::extraction::tests::test_calculate_text_width_proportional_vs_monospace ... ok
test text::extraction::tests::test_append_bounded_preserves_trailing_horizontal_whitespace_without_hyphen ... ok
test text::extraction::tests::test_calculate_text_width_with_complete_metrics ... ok
test text::extraction::tests::test_calculate_text_width_with_empty_metrics ... ok
test text::extraction::tests::test_calculate_text_width_with_kerning ... ok
test text::extraction::tests::test_calculate_text_width_with_no_font_info ... ok
test text::extraction::tests::test_clamp_to_budget_never_splits_utf8 ... ok
test text::extraction::tests::test_clamp_to_budget_no_limit_or_fits_is_noop ... ok
test text::extraction::tests::test_extracted_text ... ok
test text::extraction::tests::test_calculate_text_width_unicode_characters ... ok
test text::extraction::tests::test_extraction_options_custom ... ok
test text::extraction::tests::test_extraction_options_default ... ok
test text::extraction::tests::test_matrix_operations ... ok
test text::extraction::tests::test_parse_font_style_bold ... ok
test text::extraction::tests::test_parse_font_style_bold_italic ... ok
test text::extraction::tests::test_parse_font_style_edge_cases ... ok
test text::extraction::tests::test_parse_font_style_italic ... ok
test text::extraction::tests::test_parse_font_style_regular ... ok
test text::extraction::tests::test_parse_kern_table_no_kern_table ... ok
test text::extraction::tests::test_parse_truetype_kern_table_minimal ... ok
test text::extraction::tests::test_matrix_multiplication ... ok
test text::extraction::tests::test_text_fragment ... ok
test text::extraction::tests::test_text_extractor_new ... ok
test text::extraction::tests::test_text_extractor_with_options ... ok
test text::extraction::tests::test_transform_point ... ok
test text::extraction::tests::width_from_codes_uses_char_code_not_decoded_unicode ... ok
test text::extraction_cmap::tests::embedded_encoding_cmap_decodes_via_cid_table ... ok
test text::extraction_cmap::tests::explicit_bfchar_overrides_usecmap_cid_fallback ... ok
test text::extraction_cmap::tests::simple_font_one_byte_tounicode_under_two_byte_codespace_decodes ... ok
test text::extraction_cmap::tests::test_decode_macroman ... ok
test text::extraction_cmap::tests::test_decode_winansi ... ok
test text::extraction::tests::test_clamp_to_budget_cuts_and_flags ... ok
test text::extraction_cmap::tests::test_font_info_creation ... ok
test text::extraction_cmap::tests::extract_font_metrics_type3_font_matrix_scaling ... ok
test text::extraction::tests::test_text_state_default ... ok
test text::extraction_cmap::tests::type0_utf16be_encoding_decodes_through_dispatch ... ok
test text::extraction_cmap::usecmap_resolution_tests::child_range_overrides_parent_single_and_retains_other_parent_codes ... ok
test text::extraction_cmap::usecmap_resolution_tests::dictionary_name_is_not_reparsed_as_postscript_source ... ok
test text::extraction_cmap::usecmap_resolution_tests::dictionary_parent_takes_precedence_over_named_operator ... ok
test text::extraction_cmap::usecmap_resolution_tests::encoding_dictionary_wmode_overrides_inherited_vertical_mode ... ok
test text::extraction_cmap::usecmap_resolution_tests::encoding_child_range_overrides_parent_single_and_inherits_other_width_codes ... ok
test text::extraction_cmap::usecmap_resolution_tests::named_identity_dictionary_supplies_unicode_codespace ... ok
test text::extraction_cmap::usecmap_resolution_tests::inherited_writing_mode_allows_explicit_horizontal_override ... ok
test text::extraction_cmap::usecmap_resolution_tests::invalid_parent_type_and_missing_reference_preserve_recovery_child ... ok
test text::extraction_cmap::usecmap_resolution_tests::reverse_unicode_lookup_does_not_return_parent_code_shadowed_by_child_range ... ok
test text::extraction_cmap::vertical_metrics_tests::array_triples_stop_at_cid_limit_and_ignore_incomplete_tuple ... ok
test text::extraction_cmap::vertical_metrics_tests::full_cid_range_stays_compact_and_does_not_expand ... ok
test text::extraction_cmap::tests::test_decode_with_encoding_differences ... ok
test text::extraction_cmap::tests::test_glyph_name_to_unicode ... ok
test text::extraction_cmap::vertical_metrics_tests::indirect_w2_array_and_individual_numbers_are_resolved ... ok
test text::extraction_cmap::usecmap_resolution_tests::self_and_two_stream_cycles_fail_strict_but_keep_explicit_child_in_recovery ... ok
test text::extraction_cmap::vertical_metrics_tests::malformed_or_reversed_ranges_do_not_create_advances ... ok
test text::flat_reading_order_tests::adversarial_inputs_do_not_panic ... ok
test text::flat_reading_order_tests::output_is_always_a_permutation ... ok
test text::flat_reading_order_tests::single_column_in_reading_order_is_the_identity_permutation ... ok
test text::flat_reading_order_tests::stacked_sections_drawn_bottom_first_come_out_top_first ... ok
test text::flat_reading_order_tests::two_columns_drawn_right_first_come_out_left_first ... ok
test text::flat_reading_order_tests::vertical_threshold_degrades_on_both_sides ... ok
test text::extraction_cmap::usecmap_resolution_tests::parent_chain_limit_accepts_sixteen_streams_and_rejects_seventeen ... ok
test text::extraction_cmap::vertical_metrics_tests::vertical_defaults_and_indirect_dw2_are_resolved ... ok
test text::flat_reading_order_tests::horizontal_threshold_degrades_on_both_sides ... ok
test text::flow::tests::nan_cursor_position_in_flow_is_sanitised_at_emission ... ok
test text::flow::tests::test_at_position ... ok
test text::flat_reading_order_tests::inverted_boxes_do_not_recurse_forever ... ok
test text::flow::tests::test_available_width_clamps_to_zero ... ok
test text::flow::tests::test_at_position_edge_cases ... ok
test text::flow::tests::test_available_width_respects_cursor_x ... ok
test text::flow::tests::test_content_width ... ok
test text::flow::tests::test_clear_operations ... ok
test text::flow::tests::test_cursor_position ... ok
test text::flow::tests::test_cursor_x_reset_on_newline ... ok
test text::flow::tests::test_custom_line_height ... ok
test text::flow::tests::test_extreme_line_height ... ok
test text::flow::tests::test_clear_resets_operations_only ... ok
test text::flow::tests::test_content_width_different_margins ... ok
test text::flow::tests::test_empty_operations_initially ... ok
test text::flow::tests::test_different_fonts ... ok
test text::flow::tests::test_generate_operations_encoding ... ok
test text::flow::tests::test_generate_operations ... ok
test text::flow::tests::test_font_size_variations ... ok
test text::flow::tests::test_justified_text_last_line ... ok
test text::flow::tests::test_justified_text_single_word_line ... ok
test text::flow::tests::test_margins_access ... ok
test text::flow::tests::test_newline ... ok
test text::flow::tests::test_method_chaining ... ok
test text::flow::tests::test_multiple_newlines ... ok
test text::flow::tests::test_page_dimensions ... ok
test text::flow::tests::test_set_alignment ... ok
test text::flow::tests::test_text_align_clone ... ok
test text::flow::tests::test_long_text_wrapping ... ok
test text::flow::tests::test_set_font ... ok
test text::flow::tests::test_set_line_height ... ok
test text::flow::tests::test_text_align_copy ... ok
test text::flow::tests::test_text_align_debug ... ok
test text::flow::tests::test_text_align_variants ... ok
test text::flow::tests::test_text_flow_context_new ... ok
test text::flow::tests::test_write_paragraph ... ok
test text::flow::tests::test_text_flow_context_threads_metrics_store ... ok
test text::flow::tests::test_write_wrapped_empty_text ... ok
test text::flow::tests::test_write_paragraph_empty ... ok
test text::flow::tests::test_write_wrapped_cursor_movement ... ok
test text::flow::tests::test_write_paragraph_spacing ... ok
test text::flow::tests::test_write_wrapped_at_x_limits_available_width ... ok
test text::flow::tests::test_write_wrapped_newlines_tabs ... ok
test text::flow::tests::test_write_wrapped_respects_cursor_x_offset ... ok
test text::flow::tests::test_write_wrapped_whitespace_only ... ok
test text::flow::tests::test_write_wrapped_simple ... ok
test text::flow::tests::test_write_wrapped_with_alignment_center ... ok
test text::flow::tests::test_write_wrapped_very_long_word ... ok
test text::flow::tests::test_write_wrapped_special_characters ... ok
test text::flow::tests::test_write_wrapped_with_alignment_justified ... ok
test text::flow::tests::test_write_wrapped_with_alignment_right ... ok
test text::font::tests::test_all_helvetica_variants ... ok
test text::flow::tests::test_zero_content_width ... ok
test text::flow::tests::test_write_wrapped_with_narrow_content ... ok
test text::font::tests::test_all_courier_variants ... ok
test text::font::tests::test_all_times_variants ... ok
test text::font::tests::test_custom_encoding ... ok
test text::font::tests::test_font_clone ... ok
test text::font::tests::test_font_convenience_methods ... ok
test text::font::tests::test_font_encoding_equality ... ok
test text::font::tests::test_font_encoding_pdf_names ... ok
test text::font::tests::test_font_encoding_recommended_for_font ... ok
test text::font::tests::test_font_equality ... ok
test text::font::tests::test_font_family_bold ... ok
test text::font::tests::test_font_family_bold_italic ... ok
test text::font::tests::test_font_family_clone ... ok
test text::font::tests::test_font_family_copy ... ok
test text::font::tests::test_font_family_debug ... ok
test text::font::tests::test_font_family_equality ... ok
test text::font::tests::test_font_family_italic ... ok
test text::font::tests::test_font_family_regular ... ok
test text::font::tests::test_font_hash ... ok
test text::font::tests::test_font_is_symbolic ... ok
test text::font::tests::test_font_with_encoding_clone ... ok
test text::font::tests::test_font_with_encoding_copy ... ok
test text::font::tests::test_font_with_encoding_debug ... ok
test text::font::tests::test_font_with_encoding_equality ... ok
test text::font::tests::test_font_with_encoding_new ... ok
test text::font::tests::test_font_with_encoding_with_recommended ... ok
test text::font::tests::test_font_debug ... ok
test text::font::tests::test_font_pdf_names ... ok
test text::font::tests::test_font_with_encoding_without_encoding ... ok
test text::font::tests::test_font_with_encoding_from_font ... ok
test text::font_manager::tests::test_custom_font_truetype ... ok
test text::font_manager::tests::test_detect_font_file_type ... ok
test text::font_manager::tests::test_custom_font_type1 ... ok
test text::font_manager::tests::test_encoding_difference ... ok
test text::font_manager::tests::test_font_descriptor ... ok
test text::font_manager::tests::test_font_descriptor_optional_fields ... ok
test text::font_manager::tests::test_font_manager ... ok
test text::encoding_cmap::tests::gbk_euc_h_loads_and_maps_ascii_and_cjk ... ok
test text::font_manager::tests::test_font_encoding ... ok
test text::font_manager::tests::test_font_metrics ... ok
test text::font::tests::test_font_with_encoding_with_specific ... ok
test text::font_manager::tests::test_font_flags ... ok
test text::font_manager::tests::test_font_pdf_dict_generation ... ok
test text::fonts::embedding::tests::test_font_descriptor_generation ... ok
test text::font_manager::tests::test_font_type ... ok
test text::fonts::embedding::tests::test_font_embedder_creation ... ok
test text::fonts::embedding::tests::test_generate_tounicode_cmap_empty ... ok
test text::fonts::embedding::tests::test_chars_to_glyphs_conversion ... ok
test text::fonts::embedding::tests::test_embedding_options_default ... ok
test text::fonts::embedding::tests::test_generate_truetype_dictionary ... ok
test text::fonts::embedding::tests::test_generate_type0_dictionary ... ok
test text::fonts::embedding::tests::test_unicode_mappings_creation ... ok
test text::fonts::standard::tests::base_font_resolution_is_exact_and_rejects_lookalikes ... ok
test text::fonts::standard::tests::encoded_width_respects_base_encoding_and_differences ... ok
test text::fonts::standard::tests::encoded_width_uses_symbolic_builtin_encodings ... ok
test text::fonts::standard::tests::test_char_width_unicode_maps_through_winansi ... ok
test text::fonts::standard::tests::glyph_name_lookup_covers_non_winansi_and_symbolic_afm_glyphs ... ok
test text::fonts::standard::tests::test_courier_metrics ... ok
test text::fonts::standard::tests::test_font_families ... ok
test text::fonts::standard::tests::test_font_weights ... ok
test text::fonts::standard::tests::test_get_standard_font_metrics ... ok
test text::fonts::standard::tests::test_get_string_width_counts_chars_not_utf8_bytes ... ok
test text::fonts::standard::tests::test_helvetica_metrics ... ok
test text::fonts::standard::tests::test_italic_flags ... ok
test text::fonts::standard::tests::test_times_metrics ... ok
test text::fonts::standard::tests::test_user_space_conversion ... ok
test text::fonts::standard::tests::test_winansi_non_ascii_byte_widths_match_afm ... ok
test text::fonts::truetype::tests::test_cff_font_detection ... ok
test text::fonts::truetype::tests::test_cff_table_detection ... ok
test text::fonts::truetype::tests::test_font_metrics ... ok
test text::fonts::truetype::tests::test_cmap_subtable_creation ... ok
test text::fonts::truetype::tests::test_font_with_invalid_signature ... ok
test text::fonts::truetype::tests::test_font_with_zero_tables ... ok
test text::fonts::truetype::tests::test_get_glyph_data ... ok
test text::fonts::truetype::tests::test_get_glyph_data_bounds_checking ... ok
test text::fonts::truetype::tests::test_get_table_not_found ... ok
test text::fonts::truetype::tests::test_glyph_info_creation ... ok
test text::fonts::truetype::tests::test_font_name_parsing ... ok
test text::fonts::truetype::tests::test_cmap_format_0 ... ok
test text::fonts::truetype::tests::test_get_table_found ... ok
test text::fonts::truetype::tests::test_glyph_metrics ... ok
test text::fonts::truetype::tests::test_invalid_font_signatures ... ok
test text::fonts::truetype::tests::test_loca_format_variations ... ok
test text::fonts::truetype::tests::test_minimal_font_too_small ... ok
test text::fonts::truetype::tests::test_parse_head_table_too_small ... ok
test text::fonts::truetype::tests::test_parse_loca_long_format ... ok
test text::fonts::truetype::tests::test_parse_loca_short_format ... ok
test text::fonts::truetype::tests::test_parse_maxp_table_too_small ... ok
test text::fonts::truetype::tests::test_parse_table_entries_edge_cases ... ok
test text::fonts::truetype::tests::test_read_helpers ... ok
test text::fonts::truetype::tests::test_read_i16 ... ok
test text::fonts::truetype::tests::test_read_u16 ... ok
test text::fonts::truetype::tests::test_read_u32 ... ok
test text::fonts::truetype::tests::test_required_tables ... ok
test text::fonts::truetype::tests::test_required_tables_for_cff ... ok
test text::fonts::truetype::tests::test_subset_creation ... ok
test text::fonts::truetype::tests::test_subset_font_data_too_small ... ok
test text::fonts::truetype::tests::test_subset_font_empty ... ok
test text::fonts::truetype::tests::test_subset_with_missing_glyphs ... ok
test text::fonts::truetype_subsetter::tests::test_calculate_checksum ... ok
test text::fonts::truetype_subsetter::tests::test_build_hmtx_uses_design_units_not_scaled ... ok
test text::fonts::truetype::tests::test_table_entry_creation ... ok
test text::fonts::truetype_subsetter::tests::test_checksum_overflow ... ok
test text::fonts::truetype_subsetter::tests::test_char_count_at_threshold_small_font ... ok
test text::fonts::truetype_subsetter::tests::test_expand_composite_glyphs_transitive ... ok
test text::fonts::truetype_subsetter::tests::test_empty_chars_returns_full_font ... ok
test text::fonts::truetype_subsetter::tests::test_extract_composite_components_returns_component_gids ... ok
test text::fonts::truetype_subsetter::tests::test_extract_composite_components_single_component ... ok
test text::fonts::truetype_subsetter::tests::test_extract_composite_returns_empty_for_short_data ... ok
test text::fonts::truetype_subsetter::tests::test_extract_composite_returns_empty_for_simple_glyph ... ok
test text::fonts::truetype_subsetter::tests::test_extract_composite_with_all_flags_combined ... ok
test text::fonts::truetype_subsetter::tests::test_extract_composite_with_word_args ... ok
test text::fonts::truetype_subsetter::tests::test_extract_composite_with_x_and_y_scale ... ok
test text::fonts::truetype_subsetter::tests::test_extract_composite_components_with_scale ... ok
test text::fonts::truetype_subsetter::tests::test_extract_composite_with_two_by_two ... ok
test text::fonts::truetype_subsetter::tests::test_font_at_threshold_boundary ... ok
test text::fonts::truetype_subsetter::tests::test_font_header_validation ... ok
test text::fonts::truetype_subsetter::tests::test_glyph_id_remapping ... ok
test text::fonts::truetype_subsetter::tests::test_glyph_remapping_consistency ... ok
test text::fonts::truetype_subsetter::tests::test_just_below_both_thresholds ... ok
test text::fonts::truetype_subsetter::tests::test_large_font_many_chars_should_subset ... ok
test text::fonts::truetype_subsetter::tests::test_loca_short_format_max_offset_constant ... ok
test text::fonts::truetype_subsetter::tests::test_loca_table_format ... ok
test text::fonts::truetype_subsetter::tests::test_optional_tables ... ok
test text::fonts::truetype_subsetter::tests::test_read_u32 ... ok
test text::fonts::truetype_subsetter::tests::test_remap_composite_glyph_leaves_simple_glyph_unchanged ... ok
test text::fonts::truetype_subsetter::tests::test_remap_composite_glyph_rewrites_component_gids ... ok
test text::fonts::truetype_subsetter::tests::test_remap_composite_unmapped_gid_falls_back_to_notdef ... ok
test text::fonts::truetype_subsetter::tests::test_small_font_few_chars_can_skip_subsetting ... ok
test text::fonts::truetype_subsetter::tests::test_small_font_many_chars_should_subset ... ok
test text::fonts::truetype_subsetter::tests::test_issue_115_large_font_few_chars_should_subset ... ok
test text::fonts::truetype_subsetter::tests::test_required_tables ... ok
test text::fonts::truetype_subsetter::tests::test_strip_composite_glyph_instructions_noop_when_flag_absent ... ok
test text::fonts::truetype_subsetter::tests::test_strip_composite_glyph_instructions_with_flag_set ... ok
test text::fonts::truetype_subsetter::tests::test_strip_simple_glyph_instructions_noop_when_instr_truncated ... ok
test text::fonts::truetype_subsetter::tests::test_strip_simple_glyph_instructions_noop_when_too_short ... ok
test text::fonts::truetype_subsetter::tests::test_strip_simple_glyph_instructions_noop_when_zero_instructions ... ok
test text::fonts::truetype_subsetter::tests::test_strip_simple_glyph_instructions_removes_bytecode ... ok
test text::fonts::truetype_subsetter::tests::test_subsetting_constants_are_reasonable ... ok
test text::fonts::truetype_subsetter::tests::test_table_directory_size ... ok
test text::fonts::truetype_subsetter::tests::test_table_record_structure ... ok
test text::fonts::truetype_subsetter::tests::test_strip_composite_glyph_multi_component_clears_only_last_flag ... ok
test text::fonts::truetype_subsetter::tests::test_update_hhea_rejects_too_short_table ... ok
test text::fonts::truetype_subsetter::tests::test_update_hhea_num_h_metrics_is_set_to_num_glyphs ... ok
test text::fonts::truetype_subsetter::tests::test_update_hhea_preserves_other_fields ... ok
test text::fonts::truetype_subsetter::tests::test_we_have_instructions_constant_has_correct_value ... ok
test text::fonts::truetype_tests::tests::test_cmap_format_0_parsing ... ok
test text::fonts::truetype_tests::tests::test_all_glyphs_subset ... ok
test text::fonts::truetype_tests::tests::test_cmap_format_12_parsing ... ok
test text::fonts::truetype_tests::tests::test_font_bbox_calculation ... ok
test text::fonts::truetype_tests::tests::test_cmap_format_6_parsing ... ok
test text::fonts::truetype_tests::tests::test_empty_glyph_set ... ok
test text::fonts::truetype_tests::tests::test_font_name_parsing ... ok
test text::fonts::truetype_tests::tests::test_glyph_info_struct ... ok
test text::fonts::truetype_tests::tests::test_invalid_font_data ... ok
test text::fonts::truetype_tests::tests::test_glyph_metrics ... ok
test text::fonts::truetype_tests::tests::test_missing_required_tables ... ok
test text::fonts::truetype_tests::tests::test_platform_encoding_combinations ... ok
test text::fonts::truetype_tests::tests::test_parse_minimal_ttf ... ok
test text::graphics_state_stack::tests::a_balanced_unwind_past_the_cap_pairs_every_push_with_its_own_pop ... ok
test text::fonts::truetype_tests::tests::test_subset_creation ... ok
test text::graphics_state_stack::tests::extra_pops_are_ignored_and_do_not_corrupt_the_count ... ok
test text::fonts::truetype_tests::tests::test_parse_cmap ... ok
test text::header_footer::tests::test_alignment_positions ... ok
test text::header_footer::tests::test_calculate_positions ... ok
test text::header_footer::tests::test_footer_creation ... ok
test text::header_footer::tests::test_header_creation ... ok
test text::header_footer::tests::test_no_placeholders ... ok
test text::header_footer::tests::test_multiple_placeholders ... ok
test text::header_footer::tests::test_render_custom_values ... ok
test text::header_footer::tests::test_render_date_placeholders ... ok
test text::header_footer::tests::test_render_page_numbers ... ok
test text::header_footer::tests::test_with_options ... ok
test text::intrinsic_encoding::tests::cff_expert_is_distinct_from_standard_and_macexpert ... ok
test text::intrinsic_encoding::tests::malformed_cff_ranges_offsets_and_truncation_do_not_panic ... ok
test text::intrinsic_encoding::tests::cff_custom_formats_and_supplements_use_charset_sids ... ok
test text::intrinsic_encoding::tests::opentype_directory_bounds_and_cff_table_selection ... ok
test text::graphics_state_stack::tests::a_refused_push_never_builds_its_snapshot ... ok
test text::intrinsic_encoding::tests::type1_rejects_computed_procedures_and_invalid_codes ... ok
test text::intrinsic_encoding::tests::unexecuted_scopes_cannot_supply_the_intrinsic_encoding ... ok
test text::invoice::error::tests::test_config_error ... ok
test text::invoice::error::tests::test_error_debug_impl ... ok
test text::invoice::error::tests::test_error_is_send_sync ... ok
test text::fonts::truetype_subsetter::tests::test_build_subset_font_strips_instructions_from_real_ttf ... ok
test text::invoice::error::tests::test_generic_error ... ok
test text::invoice::error::tests::test_invalid_threshold_negative ... ok
test text::intrinsic_encoding::tests::type1_static_array_and_standard_copy_preserve_boundaries ... ok
test text::invoice::error::tests::test_invalid_threshold_too_high ... ok
test text::invoice::error::tests::test_pattern_error ... ok
test text::invoice::error::tests::test_no_text_found_error ... ok
test text::invoice::error::tests::test_no_text_found_page_zero ... ok
test text::invoice::error::tests::test_result_type_alias ... ok
test text::invoice::error::tests::test_unsupported_language ... ok
test text::invoice::extractor::tests::test_builder_confidence_threshold ... ok
test text::invoice::extractor::tests::test_builder_defaults ... ok
test text::invoice::extractor::tests::test_builder_use_kerning ... ok
test text::invoice::extractor::tests::test_use_kerning_stored_for_future_use ... ok
test text::fonts::truetype_subsetter::tests::test_ttf_subset_excludes_cmap_os2_name_tables ... ok
test text::invoice::error::tests::test_regex_error ... ok
test text::invoice::patterns::tests::test_pattern_library_new ... ok
test text::invoice::patterns::tests::test_field_pattern_invalid_regex ... ok
test text::invoice::types::tests::test_bounding_box_area ... ok
test text::invoice::types::tests::test_bounding_box_contains ... ok
test text::invoice::patterns::tests::test_field_pattern_creation ... ok
test text::invoice::patterns::tests::test_pattern_matches ... ok
test text::invoice::types::tests::test_invoice_data_filter_by_confidence ... ok
test text::invoice::types::tests::test_invoice_data_get_field ... ok
test text::invoice::types::tests::test_invoice_field_name ... ok
test text::invoice::types::tests::test_language_code ... ok
test text::invoice::types::tests::test_language_from_code ... ok
test text::invoice::validators::tests::test_leap_year ... ok
test text::invoice::validators::tests::test_validate_amount_invalid ... ok
test text::invoice::validators::tests::test_validate_amount_non_numeric ... ok
test text::invoice::validators::tests::test_validate_amount_valid ... ok
test text::invoice::validators::tests::test_validate_amount_non_standard ... ok
test text::invoice::validators::tests::test_validate_date_year_out_of_range ... ok
test text::invoice::validators::tests::test_validate_date_iso8601 ... ok
test text::invoice::validators::tests::test_validate_invoice_number ... ok
test text::invoice::validators::tests::test_validate_invoice_number_letters_only ... ok
test text::invoice::validators::tests::test_validate_invoice_number_special_chars ... ok
test text::invoice::validators::tests::test_validate_vat_number ... ok
test text::invoice::validators::tests::test_validate_vat_unknown_format ... ok
test text::layout::tests::test_column_layout_creation ... ok
test text::layout::tests::test_column_content ... ok
test text::layout::tests::test_column_layout_with_options ... ok
test text::layout::tests::test_column_options_default ... ok
test text::layout::tests::test_column_width_out_of_bounds ... ok
test text::layout::tests::test_column_x_positions ... ok
test text::layout::tests::test_custom_column_widths ... ok
test text::layout::tests::test_flow_context_creation ... ok
test text::layout::tests::test_empty_custom_widths_panic - should panic ... ok
test text::layout::tests::test_split_text_into_words ... ok
test text::layout::tests::test_text_format ... ok
test text::layout::tests::test_text_width_estimation ... ok
test text::layout::tests::test_zero_columns_panic - should panic ... ok
test text::list::tests::test_add_items ... ok
test text::list::tests::test_advanced_numbering_styles ... ok
test text::list::tests::test_bullet_styles ... ok
test text::list::tests::test_custom_bullet ... ok
test text::list::tests::test_custom_prefix_suffix ... ok
test text::list::tests::test_deeply_nested_lists ... ok
test text::list::tests::test_height_calculation_with_nested ... ok
test text::list::tests::test_helper_functions ... ok
test text::list::tests::test_list_cloning ... ok
test text::list::tests::test_list_element_enum ... ok
test text::list::tests::test_list_height_calculation ... ok
test text::list::tests::test_list_item_structure ... ok
test text::list::tests::test_list_options_advanced ... ok
test text::list::tests::test_list_options_default ... ok
test text::list::tests::test_list_position ... ok
test text::list::tests::test_marker_generation_decimal ... ok
test text::list::tests::test_marker_generation_lower_alpha ... ok
test text::list::tests::test_marker_generation_roman ... ok
test text::list::tests::test_marker_generation_upper_alpha ... ok
test text::list::tests::test_nested_lists ... ok
test text::list::tests::test_ordered_list_creation ... ok
test text::list::tests::test_roman_numerals ... ok
test text::list::tests::test_start_number ... ok
test text::list::tests::test_text_wrapping ... ok
test text::list::tests::test_unordered_list_creation ... ok
test text::list::tests::test_unordered_list_custom_bullets ... ok
test text::metrics::tests::test_all_font_metrics_exist ... ok
test text::metrics::tests::test_courier_monospace_property ... ok
test text::metrics::tests::test_courier_variants_use_base_metrics ... ok
test text::invoice::validators::tests::test_validate_date_invalid ... ok
test text::invoice::validators::tests::test_validate_date_slash_format ... ok
test text::metrics::tests::test_font_metrics_clone ... ok
test text::metrics::tests::test_font_metrics_creation ... ok
test text::metrics::tests::test_font_metrics_store_clone_shares_state ... ok
test text::metrics::tests::test_font_metrics_store_get_miss_returns_none_no_side_effects ... ok
test text::metrics::tests::test_font_metrics_store_overwrite_same_name ... ok
test text::metrics::tests::test_font_metrics_store_register_and_get ... ok
test text::metrics::tests::test_font_metrics_with_widths ... ok
test text::metrics::tests::test_font_size_scaling ... ok
test text::metrics::tests::test_font_variants_use_base_metrics ... ok
test text::metrics::tests::test_get_custom_font_metrics_not_found ... ok
test text::metrics::tests::test_helvetica_bold_metrics ... ok
test text::metrics::tests::test_helvetica_specific_characters ... ok
test text::metrics::tests::test_lookup_document_scope_takes_precedence_over_global ... ok
test text::metrics::tests::test_lookup_falls_through_to_global_when_store_misses ... ok
test text::invoice::extractor::tests::test_builder_with_language ... ok
test text::metrics::tests::test_measure_char_courier ... ok
test text::metrics::tests::test_create_default_custom_metrics ... ok
test text::metrics::tests::test_custom_font_no_auto_register_default ... ok
test text::metrics::tests::test_lookup_with_none_store_uses_global_then_default ... ok
test text::metrics::tests::test_measure_char_custom_font ... ok
test text::metrics::tests::test_measure_char_helvetica ... ok
test text::metrics::tests::test_measure_char_with_uses_document_scope ... ok
test text::metrics::tests::test_measure_text_back_compat_shim_passes_none ... ok
test text::metrics::tests::test_measure_char_symbolic ... ok
test text::metrics::tests::test_measure_text_courier ... ok
test text::metrics::tests::test_measure_text_consistency ... ok
test text::metrics::tests::test_measure_text_custom_font ... ok
test text::metrics::tests::test_measure_text_empty_string ... ok
test text::metrics::tests::test_measure_text_symbolic_fonts ... ok
test text::metrics::tests::test_measure_text_with_uses_document_scope ... ok
test text::metrics::tests::test_non_ascii_measure_text_string ... ok
test text::metrics::tests::test_non_ascii_winansi_width_matches_afm_helvetica ... ok
test text::metrics::tests::test_non_ascii_winansi_width_matches_afm_helvetica_bold ... ok
test text::metrics::tests::test_measure_text_helvetica ... ok
test text::metrics::tests::test_non_ascii_winansi_width_courier_is_monospace ... ok
test text::metrics::tests::test_non_ascii_winansi_width_matches_afm_times ... ok
test text::metrics::tests::test_register_custom_font_metrics ... ok
test text::metrics::tests::test_split_into_words_leading_trailing_spaces ... ok
test text::metrics::tests::test_split_into_words_multiple_spaces ... ok
test text::metrics::tests::test_split_into_words_only_spaces ... ok
test text::metrics::tests::test_split_into_words_empty ... ok
test text::metrics::tests::test_split_into_words_mixed_whitespace ... ok
test text::metrics::tests::test_split_into_words_simple ... ok
test text::metrics::tests::test_split_into_words_single_word ... ok
test text::metrics::tests::test_times_roman_metrics ... ok
test text::metrics::tests::test_times_specific_characters ... ok
test text::metrics::tests::test_times_variants_use_their_own_metrics ... ok
test text::metrics::tests::test_unknown_custom_font_does_not_register_on_read ... ok
test text::metrics::tests::test_split_into_words_tabs_newlines ... ok
test text::metrics::tests::test_unknown_custom_font_returns_default_widths ... ok
test text::metrics::tests::test_unicode_characters_default_width ... ok
test text::metrics::tests::test_warn_unknown_font_rate_limited_once_per_name ... ok
test text::ocr::postprocessor_tests::test_correction_types ... ok
test text::ocr::postprocessor_tests::test_fragment_confidence_report ... ok
test text::ocr::postprocessor_tests::test_fragment_get_correction_candidates ... ok
test text::ocr::postprocessor_tests::test_fragment_average_word_confidence ... ok
test text::ocr::postprocessor_tests::test_fragment_get_low_confidence_words ... ok
test text::ocr::postprocessor_tests::test_fragment_has_low_confidence_words ... ok
test text::ocr::postprocessor_tests::test_ocr_region_contains_point ... ok
test text::ocr::postprocessor_tests::test_ocr_region_overlaps_with ... ok
test text::ocr::postprocessor_tests::test_ocr_region_with_label ... ok
test text::ocr::postprocessor_tests::test_fragment_words_by_confidence ... ok
test text::ocr::postprocessor_tests::test_post_processor_edit_distance ... ok
test text::ocr::postprocessor_tests::test_post_processor_pattern_correction ... ok
test text::ocr::postprocessor_tests::test_post_processor_character_substitution ... ok
test text::ocr::postprocessor_tests::test_post_processor_process_fragment ... ok
test text::ocr::postprocessor_tests::test_post_processor_suggestion_limit ... ok
test text::ocr::postprocessor_tests::test_post_processor_with_dictionary ... ok
test text::ocr::postprocessor_tests::test_word_confidence_average_character_confidence ... ok
test text::ocr::postprocessor_tests::test_word_confidence_is_low_confidence ... ok
test text::ocr::rigorous_tests::test_character_substitution_multiple_instances ... ok
test text::ocr::rigorous_tests::test_character_substitution_no_confusables ... ok
test text::ocr::rigorous_tests::test_confidence_report_format_with_words ... ok
test text::ocr::rigorous_tests::test_confidence_report_format_without_words ... ok
test text::ocr::rigorous_tests::test_character_substitution_single_character ... ok
test text::ocr::rigorous_tests::test_confidence_report_with_character_level ... ok
test text::ocr::rigorous_tests::test_correction_candidates_position_tracking ... ok
test text::ocr::rigorous_tests::test_correction_candidates_respects_threshold ... ok
test text::ocr::rigorous_tests::test_dictionary_correction_edit_distance_2 ... ok
test text::ocr::rigorous_tests::test_dictionary_correction_exact_match ... ok
test text::ocr::rigorous_tests::test_dictionary_correction_edit_distance_1 ... ok
test text::ocr::rigorous_tests::test_edit_distance_complex ... ok
test text::ocr::rigorous_tests::test_dictionary_correction_exceeds_max_distance ... ok
test text::ocr::rigorous_tests::test_edit_distance_deletion ... ok
test text::ocr::rigorous_tests::test_edit_distance_empty_strings ... ok
test text::ocr::rigorous_tests::test_edit_distance_identical ... ok
test text::ocr::rigorous_tests::test_edit_distance_insertion ... ok
test text::ocr::rigorous_tests::test_fragment_average_confidence_single_word ... ok
test text::ocr::rigorous_tests::test_edit_distance_substitution ... ok
test text::ocr::rigorous_tests::test_pattern_correction_cl_to_d ... ok
test text::ocr::rigorous_tests::test_fragment_average_confidence_empty_words ... ok
test text::ocr::rigorous_tests::test_region_contains_point_boundaries ... ok
test text::ocr::rigorous_tests::test_region_overlaps_edge_touching ... ok
test text::ocr::rigorous_tests::test_pattern_correction_multiple_occurrences ... ok
test text::ocr::rigorous_tests::test_pattern_correction_rn_to_m ... ok
test text::ocr::rigorous_tests::test_region_overlaps_single_pixel ... ok
test text::ocr::rigorous_tests::test_region_zero_dimensions ... ok
test text::ocr::rigorous_tests::test_suggestion_limit_enforced ... ok
test text::ocr::rigorous_tests::test_suggestion_sorting_by_confidence ... ok
test text::ocr::rigorous_tests::test_word_confidence_boundary_threshold ... ok
test text::ocr::rigorous_tests::test_words_by_confidence_sorted_ascending ... ok
test text::ocr::rigorous_tests::test_words_by_confidence_equal_confidences ... ok
test text::ocr::tests::tests::comprehensive_tests::test_error_chain_context ... ok
test text::ocr::tests::tests::comprehensive_tests::test_fragment_boundary_calculations ... ok
test text::ocr::tests::tests::comprehensive_tests::test_fragment_position_calculations ... ok
test text::ocr::tests::tests::comprehensive_tests::test_fragment_type_copy ... ok
test text::ocr::tests::tests::comprehensive_tests::test_image_preprocessing_clone ... ok
test text::ocr::tests::tests::comprehensive_tests::test_image_preprocessing_combinations ... ok
test text::ocr::tests::tests::comprehensive_tests::test_mock_provider_confidence_clamping ... ok
test text::ocr::tests::tests::comprehensive_tests::test_image_preprocessing_scale_factor ... ok
test text::ocr::tests::tests::comprehensive_tests::test_concurrent_result_processing ... ok
test text::ocr::tests::tests::comprehensive_tests::test_mock_provider_validate_png ... ok
test text::ocr::tests::tests::comprehensive_tests::test_mock_provider_validate_tiff ... ok
test text::ocr::tests::tests::comprehensive_tests::test_ocr_engine_display ... ok
test text::ocr::tests::tests::comprehensive_tests::test_ocr_engine_equality ... ok
test text::ocr::tests::tests::comprehensive_tests::test_ocr_engine_format_support_matrix ... ok
test text::ocr::tests::tests::comprehensive_tests::test_ocr_error_debug_format ... ok
test text::ocr::tests::tests::comprehensive_tests::test_ocr_error_display ... ok
test text::ocr::tests::tests::comprehensive_tests::test_ocr_error_from_io_error ... ok
test text::ocr::tests::tests::comprehensive_tests::test_ocr_options_clone ... ok
test text::ocr::tests::tests::comprehensive_tests::test_ocr_options_confidence_threshold ... ok
test text::ocr::tests::tests::comprehensive_tests::test_ocr_options_custom_language ... ok
test text::ocr::tests::tests::comprehensive_tests::test_ocr_options_engine_specific ... ok
test text::ocr::tests::tests::comprehensive_tests::test_ocr_options_timeout_configuration ... ok
test text::ocr::tests::tests::comprehensive_tests::test_ocr_options_with_all_preprocessing ... ok
test text::ocr::tests::tests::comprehensive_tests::test_ocr_result_complex_region_filtering ... ok
test text::ocr::tests::tests::comprehensive_tests::test_ocr_result_confidence_edge_cases ... ok
test text::ocr::tests::tests::comprehensive_tests::test_ocr_result_empty_handling ... ok
test text::ocr::tests::tests::comprehensive_tests::test_ocr_result_fragment_type_combinations ... ok
test text::ocr::tests::tests::comprehensive_tests::test_ocr_result_large_fragment_set ... ok
test text::ocr::tests::tests::comprehensive_tests::test_ocr_text_fragment_clone ... ok
test text::ocr::tests::tests::comprehensive_tests::test_ocr_text_fragment_creation ... ok
test text::ocr::tests::tests::comprehensive_tests::test_validate_image_data_all_formats ... ok
test text::encoding::tests::test_encode_strict_matches_encode_across_bmp ... ok
test text::ocr::tests::tests::test_fragment_type_equality ... ok
test text::ocr::tests::tests::test_image_preprocessing_default ... ok
test text::ocr::tests::tests::test_mock_ocr_provider_engine_info ... ok
test text::ocr::tests::tests::test_mock_ocr_provider_creation ... ok
test text::ocr::tests::tests::test_mock_ocr_provider_supported_formats ... ok
test text::ocr::tests::tests::test_mock_ocr_provider_supports_format ... ok
test text::ocr::tests::tests::test_mock_ocr_provider_validate_image_data ... ok
test text::ocr::tests::tests::test_mock_ocr_provider_with_custom_text ... ok
test text::ocr::tests::tests::test_ocr_engine_name ... ok
test text::ocr::tests::tests::test_ocr_engine_supports_format ... ok
test text::ocr::tests::tests::test_ocr_options_default ... ok
test text::ocr::tests::tests::test_ocr_processing_result_average_confidence ... ok
test text::ocr::tests::tests::test_ocr_processing_result_average_confidence_empty ... ok
test text::ocr::tests::tests::test_ocr_processing_result_filter_by_confidence ... ok
test text::ocr::tests::tests::test_ocr_processing_result_fragments_in_region ... ok
test text::ocr::tests::tests::test_ocr_processing_result_fragments_of_type ... ok
test text::metrics::tests::test_create_default_custom_metrics_is_cached ... ok
test text::plaintext::extractor::tests::test_apply_line_break_mode_auto ... ok
test text::plaintext::extractor::tests::test_apply_line_break_mode_normalize ... ok
test text::plaintext::extractor::tests::test_apply_line_break_mode_preserve_all ... ok
test text::plaintext::extractor::tests::test_auto_line_breaks_empty_lines ... ok
test text::plaintext::extractor::tests::test_auto_line_breaks_punctuation ... ok
test text::plaintext::extractor::tests::test_auto_line_breaks_wrapped ... ok
test text::plaintext::extractor::tests::test_config_getter ... ok
test text::plaintext::extractor::tests::test_default ... ok
test text::plaintext::extractor::tests::test_new ... ok
test text::plaintext::extractor::tests::test_normalize_line_breaks_hyphenated ... ok
test text::plaintext::extractor::tests::test_normalize_line_breaks_no_hyphen ... ok
test text::plaintext::extractor::tests::test_with_config ... ok
test text::plaintext::types::tests::test_config_default ... ok
test text::plaintext::types::tests::test_config_dense ... ok
test text::plaintext::types::tests::test_config_loose ... ok
test text::plaintext::types::tests::test_config_new ... ok
test text::plaintext::types::tests::test_config_preserve_layout ... ok
test text::plaintext::types::tests::test_plain_text_result_counts_unicode_scalars_and_trailing_newline ... ok
test text::plaintext::types::tests::test_plain_text_result_empty ... ok
test text::plaintext::types::tests::test_plain_text_result_is_empty ... ok
test text::plaintext::types::tests::test_plain_text_result_line_count ... ok
test text::plaintext::types::tests::test_plain_text_result_new ... ok
test text::structured::detector::tests::test_detector_config_update ... ok
test text::structured::detector::tests::test_detector_creation ... ok
test text::structured::detector::tests::test_detector_empty_input ... ok
test text::structured::detector::tests::test_detector_selective_detection ... ok
test text::structured::keyvalue::tests::test_calculate_kv_confidence ... ok
test text::structured::keyvalue::tests::test_detect_colon_multiple ... ok
test text::structured::keyvalue::tests::test_detect_colon_no_match ... ok
test text::structured::keyvalue::tests::test_detect_colon_simple ... ok
test text::structured::keyvalue::tests::test_detect_key_value_pairs_integrated ... ok
test text::structured::keyvalue::tests::test_detect_spatial_alignment ... ok
test text::structured::keyvalue::tests::test_detect_spatial_no_gap ... ok
test text::structured::keyvalue::tests::test_detect_tabular ... ok
test text::structured::keyvalue::tests::test_detect_tabular_multiple_tabs ... ok
test text::structured::keyvalue::tests::test_group_by_y_position ... ok
test text::structured::layout::tests::test_assign_to_columns_two_columns ... ok
test text::structured::layout::tests::test_calculate_column_bbox ... ok
test text::structured::layout::tests::test_column_layout_empty ... ok
test text::structured::layout::tests::test_column_layout_single_column ... ok
test text::structured::layout::tests::test_column_layout_two_columns ... ok
test text::structured::layout::tests::test_column_sorting_reading_order ... ok
test text::structured::layout::tests::test_detect_no_boundaries ... ok
test text::structured::layout::tests::test_detect_three_columns ... ok
test text::structured::layout::tests::test_detect_two_columns ... ok
test text::structured::layout::tests::test_find_column_index ... ok
test text::structured::table::tests::test_cluster_columns_simple ... ok
test text::structured::table::tests::test_cluster_columns_single ... ok
test text::structured::table::tests::test_cluster_rows_descending ... ok
test text::structured::table::tests::test_detect_empty_input ... ok
test text::structured::table::tests::test_detect_irregular_table ... ok
test text::structured::table::tests::test_detect_simple_table ... ok
test text::structured::table::tests::test_detect_table_with_threshold ... ok
test text::structured::table::tests::test_table_cell_assignment ... ok
test text::structured::table::tests::test_table_confidence_full ... ok
test text::structured::table::tests::test_table_confidence_sparse ... ok
test text::structured::types::tests::test_alignment_default ... ok
test text::structured::types::tests::test_bounding_box_basic ... ok
test text::structured::types::tests::test_bounding_box_contains ... ok
test text::structured::types::tests::test_cell_operations ... ok
test text::structured::types::tests::test_column_edges ... ok
test text::structured::types::tests::test_config_builder ... ok
test text::structured::types::tests::test_table_accessors ... ok
test text::table::tests::test_add_header_row ... ok
test text::table::tests::test_add_row_mismatch ... ok
test text::table::tests::test_auto_row_height ... ok
test text::table::tests::test_cell_border_style ... ok
test text::table::tests::test_cell_with_background ... ok
test text::table::tests::test_cell_with_custom_border ... ok
test text::table::tests::test_custom_row_colspan_validation ... ok
test text::table::tests::test_custom_row_invalid_colspan ... ok
test text::table::tests::test_fixed_row_height ... ok
test text::table::tests::test_grid_styles ... ok
test text::table::tests::test_header_style ... ok
test text::table::tests::test_row_with_alignment ... ok
test text::table::tests::test_table_cell_creation ... ok
test text::table::tests::test_table_cell_setters ... ok
test text::table::tests::test_table_cell_with_colspan ... ok
test text::table::tests::test_table_creation ... ok
test text::table::tests::test_table_dimensions ... ok
test text::table::tests::test_table_equal_columns ... ok
test text::table::tests::test_table_options_default ... ok
test text::table::tests::test_table_position ... ok
test text::table::tests::test_table_with_alternating_colors ... ok
test text::table_detection::tests::test_bounding_box_area ... ok
test text::table_detection::tests::test_bounding_box_contains_point ... ok
test text::table_detection::tests::test_detected_table_get_cell ... ok
test text::table_detection::tests::test_table_cell_new ... ok
test text::table_detection::tests::test_table_cell_set_text ... ok
test text::table_detection::tests::test_table_detection_config_default ... ok
test text::tests::nan_char_spacing_sanitised_at_emission ... ok
test text::tests::nan_horizontal_scaling_sanitised_at_emission ... ok
test text::tests::nan_leading_and_text_rise_sanitised_at_emission ... ok
test text::tests::pos_inf_word_spacing_sanitised_at_emission ... ok
test text::tests::test_all_text_state_operators_generated ... ok
test text::tests::test_character_spacing ... ok
test text::tests::test_clear ... ok
test text::tests::test_generate_operations ... ok
test text::tests::test_horizontal_scaling ... ok
test text::performance_encoding_tests::show_text_bytes_match_historical_encoding_for_unicode_and_escapes ... ok
test text::tests::test_leading ... ok
test text::tests::test_method_chaining ... ok
test text::tests::test_position ... ok
test text::tests::test_rendering_mode_clip ... ok
test text::tests::test_rendering_mode_fill ... ok
test text::tests::test_rendering_mode_fill_clip ... ok
test text::tests::test_rendering_mode_fill_stroke ... ok
test text::tests::test_rendering_mode_fill_stroke_clip ... ok
test text::tests::test_rendering_mode_invisible ... ok
test text::tests::test_rendering_mode_stroke ... ok
test text::tests::test_rendering_mode_stroke_clip ... ok
test text::tests::test_set_font ... ok
test text::tests::test_special_characters_encoding ... ok
test text::tests::test_text_color_operations ... ok
test text::tests::test_text_context_default ... ok
test text::tests::test_text_context_new ... ok
test text::tests::test_text_context_threads_metrics_store ... ok
test text::tests::test_text_rise ... ok
test text::tests::test_text_matrix_access ... ok
test text::tests::test_text_state_parameters_chaining ... ok
test text::tests::test_used_characters_empty_initially ... ok
test text::tests::test_used_characters_multiple_writes ... ok
test text::tests::test_used_characters_tracking_ascii ... ok
test text::tests::test_used_characters_tracking_cjk ... ok
test text::tests::test_word_spacing ... ok
test text::tests::test_write_line ... ok
test text::tests::test_write_simple_text ... ok
test text::tests::test_write_text_with_escaping ... ok
test text::text_block::tests::test_compute_line_widths_empty ... ok
test text::text_block::tests::test_compute_line_widths_single_word ... ok
test text::text_block::tests::test_measure_text_block_empty ... ok
test text::text_block::tests::test_measure_text_block_with_uses_document_scope ... ok
test text::text_block::tests::test_measure_text_block_with_uses_store_across_wrap ... ok
test text::validation::tests::test_date_validation ... ok
test text::validation::tests::test_extract_key_info_no_matches ... ok
test text::validation::tests::test_match_type_variants ... ok
test text::validation::tests::test_key_info_extraction ... ok
test text::validation::tests::test_string_similarity_different_lengths ... ok
test text::validation::tests::test_string_similarity_empty ... ok
test text::validation::tests::test_string_similarity_identical ... ok
test text::validation::tests::test_string_similarity_partial ... ok
test text::ocr::tests::tests::comprehensive_tests::test_mock_provider_process_page ... ok
test text::ocr::tests::tests::test_mock_ocr_provider_process_image ... ok
test text::ocr::tests::tests::comprehensive_tests::test_mock_provider_thread_safety ... ok
test text::validation::tests::test_monetary_amount_match_type ... ok
test text::validation::tests::test_target_search ... ok
test text::validation::tests::test_target_search_case_insensitive ... ok
test text::validation::tests::test_target_search_not_found ... ok
test text::validation::tests::test_target_search_multiple_occurrences ... ok
test text::validation::tests::test_text_validator_default ... ok
test text::validation::tests::test_validation_metadata ... ok
test text::validation::tests::test_validate_contract_no_matches ... ok
test text::fonts::cff::dict::contract_fd_selection::real_full_and_subset_programs_select_both_font_dicts ... ok
test text::encoding_cmap::tests::predefined_uni_families_resolve_to_collection_cmaps ... ok
test text::ocr::tests::tests::comprehensive_tests::test_mock_provider_configuration_mutations ... ok

test result: ok. 868 passed; 0 failed; 0 ignored; 0 measured; 5942 filtered out; finished in 0.29s

