%PDF-1.7
%‚„œ”
2 0 obj
<<
/Count 10
/Kids [4 0 R 6 0 R 8 0 R 10 0 R 12 0 R 14 0 R 16 0 R 18 0 R 20 0 R 22 0 R]
/Type /Pages
>>
endobj
24 0 obj
<<
/Courier <<
/BaseFont /Courier
/Encoding /WinAnsiEncoding
/Subtype /Type1
/Type /Font
>>
/Courier-Bold <<
/BaseFont /Courier-Bold
/Encoding /WinAnsiEncoding
/Subtype /Type1
/Type /Font
>>
/Courier-BoldOblique <<
/BaseFont /Courier-BoldOblique
/Encoding /WinAnsiEncoding
/Subtype /Type1
/Type /Font
>>
/Courier-Oblique <<
/BaseFont /Courier-Oblique
/Encoding /WinAnsiEncoding
/Subtype /Type1
/Type /Font
>>
/Helvetica <<
/BaseFont /Helvetica
/Encoding /WinAnsiEncoding
/Subtype /Type1
/Type /Font
>>
/Helvetica-Bold <<
/BaseFont /Helvetica-Bold
/Encoding /WinAnsiEncoding
/Subtype /Type1
/Type /Font
>>
/Helvetica-BoldOblique <<
/BaseFont /Helvetica-BoldOblique
/Encoding /WinAnsiEncoding
/Subtype /Type1
/Type /Font
>>
/Helvetica-Oblique <<
/BaseFont /Helvetica-Oblique
/Encoding /WinAnsiEncoding
/Subtype /Type1
/Type /Font
>>
/Times-Bold <<
/BaseFont /Times-Bold
/Encoding /WinAnsiEncoding
/Subtype /Type1
/Type /Font
>>
/Times-BoldItalic <<
/BaseFont /Times-BoldItalic
/Encoding /WinAnsiEncoding
/Subtype /Type1
/Type /Font
>>
/Times-Italic <<
/BaseFont /Times-Italic
/Encoding /WinAnsiEncoding
/Subtype /Type1
/Type /Font
>>
/Times-Roman <<
/BaseFont /Times-Roman
/Encoding /WinAnsiEncoding
/Subtype /Type1
/Type /Font
>>
>>
endobj
4 0 obj
<<
/Contents 5 0 R
/MediaBox [0 0 595 842]
/Parent 2 0 R
/Resources <<
/Font 24 0 R
>>
/Type /Page
>>
endobj
5 0 obj
<<
/Length 8040
>>
stream
20.12 20.12 m
20.12 720.12 l
0.000 G
S
21.12 20.12 m
21.12 720.12 l
0.000 G
S
22.12 20.12 m
22.12 720.12 l
0.000 G
S
23.12 20.12 m
23.12 720.12 l
0.000 G
S
24.12 20.12 m
24.12 720.12 l
0.000 G
S
25.12 20.12 m
25.12 720.12 l
0.000 G
S
26.12 20.12 m
26.12 720.12 l
0.000 G
S
27.12 20.12 m
27.12 720.12 l
0.000 G
S
28.12 20.12 m
28.12 720.12 l
0.000 G
S
29.12 20.12 m
29.12 720.12 l
0.000 G
S
30.12 20.12 m
30.12 720.12 l
0.000 G
S
31.12 20.12 m
31.12 720.12 l
0.000 G
S
32.12 20.12 m
32.12 720.12 l
0.000 G
S
33.12 20.12 m
33.12 720.12 l
0.000 G
S
34.12 20.12 m
34.12 720.12 l
0.000 G
S
35.12 20.12 m
35.12 720.12 l
0.000 G
S
36.12 20.12 m
36.12 720.12 l
0.000 G
S
37.12 20.12 m
37.12 720.12 l
0.000 G
S
38.12 20.12 m
38.12 720.12 l
0.000 G
S
39.12 20.12 m
39.12 720.12 l
0.000 G
S
40.12 20.12 m
40.12 720.12 l
0.000 G
S
41.12 20.12 m
41.12 720.12 l
0.000 G
S
42.12 20.12 m
42.12 720.12 l
0.000 G
S
43.12 20.12 m
43.12 720.12 l
0.000 G
S
44.12 20.12 m
44.12 720.12 l
0.000 G
S
45.12 20.12 m
45.12 720.12 l
0.000 G
S
46.12 20.12 m
46.12 720.12 l
0.000 G
S
47.12 20.12 m
47.12 720.12 l
0.000 G
S
48.12 20.12 m
48.12 720.12 l
0.000 G
S
49.12 20.12 m
49.12 720.12 l
0.000 G
S
50.12 20.12 m
50.12 720.12 l
0.000 G
S
51.12 20.12 m
51.12 720.12 l
0.000 G
S
52.12 20.12 m
52.12 720.12 l
0.000 G
S
53.12 20.12 m
53.12 720.12 l
0.000 G
S
54.12 20.12 m
54.12 720.12 l
0.000 G
S
55.12 20.12 m
55.12 720.12 l
0.000 G
S
56.12 20.12 m
56.12 720.12 l
0.000 G
S
57.12 20.12 m
57.12 720.12 l
0.000 G
S
58.12 20.12 m
58.12 720.12 l
0.000 G
S
59.12 20.12 m
59.12 720.12 l
0.000 G
S
60.12 20.12 m
60.12 720.12 l
0.000 G
S
61.12 20.12 m
61.12 720.12 l
0.000 G
S
62.12 20.12 m
62.12 720.12 l
0.000 G
S
63.12 20.12 m
63.12 720.12 l
0.000 G
S
64.12 20.12 m
64.12 720.12 l
0.000 G
S
65.12 20.12 m
65.12 720.12 l
0.000 G
S
66.12 20.12 m
66.12 720.12 l
0.000 G
S
67.12 20.12 m
67.12 720.12 l
0.000 G
S
68.12 20.12 m
68.12 720.12 l
0.000 G
S
69.12 20.12 m
69.12 720.12 l
0.000 G
S
70.12 20.12 m
70.12 720.12 l
0.000 G
S
71.12 20.12 m
71.12 720.12 l
0.000 G
S
72.12 20.12 m
72.12 720.12 l
0.000 G
S
73.12 20.12 m
73.12 720.12 l
0.000 G
S
74.12 20.12 m
74.12 720.12 l
0.000 G
S
75.12 20.12 m
75.12 720.12 l
0.000 G
S
76.12 20.12 m
76.12 720.12 l
0.000 G
S
77.12 20.12 m
77.12 720.12 l
0.000 G
S
78.12 20.12 m
78.12 720.12 l
0.000 G
S
79.12 20.12 m
79.12 720.12 l
0.000 G
S
80.12 20.12 m
80.12 720.12 l
0.000 G
S
81.12 20.12 m
81.12 720.12 l
0.000 G
S
82.12 20.12 m
82.12 720.12 l
0.000 G
S
83.12 20.12 m
83.12 720.12 l
0.000 G
S
84.12 20.12 m
84.12 720.12 l
0.000 G
S
85.12 20.12 m
85.12 720.12 l
0.000 G
S
86.12 20.12 m
86.12 720.12 l
0.000 G
S
87.12 20.12 m
87.12 720.12 l
0.000 G
S
88.12 20.12 m
88.12 720.12 l
0.000 G
S
89.12 20.12 m
89.12 720.12 l
0.000 G
S
90.12 20.12 m
90.12 720.12 l
0.000 G
S
91.12 20.12 m
91.12 720.12 l
0.000 G
S
92.12 20.12 m
92.12 720.12 l
0.000 G
S
93.12 20.12 m
93.12 720.12 l
0.000 G
S
94.12 20.12 m
94.12 720.12 l
0.000 G
S
95.12 20.12 m
95.12 720.12 l
0.000 G
S
96.12 20.12 m
96.12 720.12 l
0.000 G
S
97.12 20.12 m
97.12 720.12 l
0.000 G
S
98.12 20.12 m
98.12 720.12 l
0.000 G
S
99.12 20.12 m
99.12 720.12 l
0.000 G
S
100.12 20.12 m
100.12 720.12 l
0.000 G
S
101.12 20.12 m
101.12 720.12 l
0.000 G
S
102.12 20.12 m
102.12 720.12 l
0.000 G
S
103.12 20.12 m
103.12 720.12 l
0.000 G
S
104.12 20.12 m
104.12 720.12 l
0.000 G
S
105.12 20.12 m
105.12 720.12 l
0.000 G
S
106.12 20.12 m
106.12 720.12 l
0.000 G
S
107.12 20.12 m
107.12 720.12 l
0.000 G
S
108.12 20.12 m
108.12 720.12 l
0.000 G
S
109.12 20.12 m
109.12 720.12 l
0.000 G
S
110.12 20.12 m
110.12 720.12 l
0.000 G
S
111.12 20.12 m
111.12 720.12 l
0.000 G
S
112.12 20.12 m
112.12 720.12 l
0.000 G
S
113.12 20.12 m
113.12 720.12 l
0.000 G
S
114.12 20.12 m
114.12 720.12 l
0.000 G
S
115.12 20.12 m
115.12 720.12 l
0.000 G
S
116.12 20.12 m
116.12 720.12 l
0.000 G
S
117.12 20.12 m
117.12 720.12 l
0.000 G
S
118.12 20.12 m
118.12 720.12 l
0.000 G
S
119.12 20.12 m
119.12 720.12 l
0.000 G
S
120.12 20.12 m
120.12 720.12 l
0.000 G
S
121.12 20.12 m
121.12 720.12 l
0.000 G
S
122.12 20.12 m
122.12 720.12 l
0.000 G
S
123.12 20.12 m
123.12 720.12 l
0.000 G
S
124.12 20.12 m
124.12 720.12 l
0.000 G
S
125.12 20.12 m
125.12 720.12 l
0.000 G
S
126.12 20.12 m
126.12 720.12 l
0.000 G
S
127.12 20.12 m
127.12 720.12 l
0.000 G
S
128.12 20.12 m
128.12 720.12 l
0.000 G
S
129.12 20.12 m
129.12 720.12 l
0.000 G
S
130.12 20.12 m
130.12 720.12 l
0.000 G
S
131.12 20.12 m
131.12 720.12 l
0.000 G
S
132.12 20.12 m
132.12 720.12 l
0.000 G
S
133.12 20.12 m
133.12 720.12 l
0.000 G
S
134.12 20.12 m
134.12 720.12 l
0.000 G
S
135.12 20.12 m
135.12 720.12 l
0.000 G
S
136.12 20.12 m
136.12 720.12 l
0.000 G
S
137.12 20.12 m
137.12 720.12 l
0.000 G
S
138.12 20.12 m
138.12 720.12 l
0.000 G
S
139.12 20.12 m
139.12 720.12 l
0.000 G
S
140.12 20.12 m
140.12 720.12 l
0.000 G
S
141.12 20.12 m
141.12 720.12 l
0.000 G
S
142.12 20.12 m
142.12 720.12 l
0.000 G
S
143.12 20.12 m
143.12 720.12 l
0.000 G
S
144.12 20.12 m
144.12 720.12 l
0.000 G
S
145.12 20.12 m
145.12 720.12 l
0.000 G
S
146.12 20.12 m
146.12 720.12 l
0.000 G
S
147.12 20.12 m
147.12 720.12 l
0.000 G
S
148.12 20.12 m
148.12 720.12 l
0.000 G
S
149.12 20.12 m
149.12 720.12 l
0.000 G
S
150.12 20.12 m
150.12 720.12 l
0.000 G
S
151.12 20.12 m
151.12 720.12 l
0.000 G
S
152.12 20.12 m
152.12 720.12 l
0.000 G
S
153.12 20.12 m
153.12 720.12 l
0.000 G
S
154.12 20.12 m
154.12 720.12 l
0.000 G
S
155.12 20.12 m
155.12 720.12 l
0.000 G
S
156.12 20.12 m
156.12 720.12 l
0.000 G
S
157.12 20.12 m
157.12 720.12 l
0.000 G
S
158.12 20.12 m
158.12 720.12 l
0.000 G
S
159.12 20.12 m
159.12 720.12 l
0.000 G
S
160.12 20.12 m
160.12 720.12 l
0.000 G
S
161.12 20.12 m
161.12 720.12 l
0.000 G
S
162.12 20.12 m
162.12 720.12 l
0.000 G
S
163.12 20.12 m
163.12 720.12 l
0.000 G
S
164.12 20.12 m
164.12 720.12 l
0.000 G
S
165.12 20.12 m
165.12 720.12 l
0.000 G
S
166.12 20.12 m
166.12 720.12 l
0.000 G
S
167.12 20.12 m
167.12 720.12 l
0.000 G
S
168.12 20.12 m
168.12 720.12 l
0.000 G
S
169.12 20.12 m
169.12 720.12 l
0.000 G
S
170.12 20.12 m
170.12 720.12 l
0.000 G
S
171.12 20.12 m
171.12 720.12 l
0.000 G
S
172.12 20.12 m
172.12 720.12 l
0.000 G
S
173.12 20.12 m
173.12 720.12 l
0.000 G
S
174.12 20.12 m
174.12 720.12 l
0.000 G
S
175.12 20.12 m
175.12 720.12 l
0.000 G
S
176.12 20.12 m
176.12 720.12 l
0.000 G
S
177.12 20.12 m
177.12 720.12 l
0.000 G
S
178.12 20.12 m
178.12 720.12 l
0.000 G
S
179.12 20.12 m
179.12 720.12 l
0.000 G
S
180.12 20.12 m
180.12 720.12 l
0.000 G
S
181.12 20.12 m
181.12 720.12 l
0.000 G
S
182.12 20.12 m
182.12 720.12 l
0.000 G
S
183.12 20.12 m
183.12 720.12 l
0.000 G
S
184.12 20.12 m
184.12 720.12 l
0.000 G
S
185.12 20.12 m
185.12 720.12 l
0.000 G
S
186.12 20.12 m
186.12 720.12 l
0.000 G
S
187.12 20.12 m
187.12 720.12 l
0.000 G
S
188.12 20.12 m
188.12 720.12 l
0.000 G
S
189.12 20.12 m
189.12 720.12 l
0.000 G
S
190.12 20.12 m
190.12 720.12 l
0.000 G
S
191.12 20.12 m
191.12 720.12 l
0.000 G
S
192.12 20.12 m
192.12 720.12 l
0.000 G
S
193.12 20.12 m
193.12 720.12 l
0.000 G
S
194.12 20.12 m
194.12 720.12 l
0.000 G
S
195.12 20.12 m
195.12 720.12 l
0.000 G
S
196.12 20.12 m
196.12 720.12 l
0.000 G
S
197.12 20.12 m
197.12 720.12 l
0.000 G
S
198.12 20.12 m
198.12 720.12 l
0.000 G
S
199.12 20.12 m
199.12 720.12 l
0.000 G
S
200.12 20.12 m
200.12 720.12 l
0.000 G
S
201.12 20.12 m
201.12 720.12 l
0.000 G
S
202.12 20.12 m
202.12 720.12 l
0.000 G
S
203.12 20.12 m
203.12 720.12 l
0.000 G
S
204.12 20.12 m
204.12 720.12 l
0.000 G
S
205.12 20.12 m
205.12 720.12 l
0.000 G
S
206.12 20.12 m
206.12 720.12 l
0.000 G
S
207.12 20.12 m
207.12 720.12 l
0.000 G
S
208.12 20.12 m
208.12 720.12 l
0.000 G
S
209.12 20.12 m
209.12 720.12 l
0.000 G
S
210.12 20.12 m
210.12 720.12 l
0.000 G
S
211.12 20.12 m
211.12 720.12 l
0.000 G
S
212.12 20.12 m
212.12 720.12 l
0.000 G
S
213.12 20.12 m
213.12 720.12 l
0.000 G
S
214.12 20.12 m
214.12 720.12 l
0.000 G
S
215.12 20.12 m
215.12 720.12 l
0.000 G
S
216.12 20.12 m
216.12 720.12 l
0.000 G
S
217.12 20.12 m
217.12 720.12 l
0.000 G
S
218.12 20.12 m
218.12 720.12 l
0.000 G
S
219.12 20.12 m
219.12 720.12 l
0.000 G
S

endstream
endobj
6 0 obj
<<
/Contents 7 0 R
/MediaBox [0 0 595 842]
/Parent 2 0 R
/Resources <<
/Font 24 0 R
>>
/Type /Page
>>
endobj
7 0 obj
<<
/Length 8040
>>
stream
20.12 20.12 m
20.12 720.12 l
0.000 G
S
21.12 20.12 m
21.12 720.12 l
0.000 G
S
22.12 20.12 m
22.12 720.12 l
0.000 G
S
23.12 20.12 m
23.12 720.12 l
0.000 G
S
24.12 20.12 m
24.12 720.12 l
0.000 G
S
25.12 20.12 m
25.12 720.12 l
0.000 G
S
26.12 20.12 m
26.12 720.12 l
0.000 G
S
27.12 20.12 m
27.12 720.12 l
0.000 G
S
28.12 20.12 m
28.12 720.12 l
0.000 G
S
29.12 20.12 m
29.12 720.12 l
0.000 G
S
30.12 20.12 m
30.12 720.12 l
0.000 G
S
31.12 20.12 m
31.12 720.12 l
0.000 G
S
32.12 20.12 m
32.12 720.12 l
0.000 G
S
33.12 20.12 m
33.12 720.12 l
0.000 G
S
34.12 20.12 m
34.12 720.12 l
0.000 G
S
35.12 20.12 m
35.12 720.12 l
0.000 G
S
36.12 20.12 m
36.12 720.12 l
0.000 G
S
37.12 20.12 m
37.12 720.12 l
0.000 G
S
38.12 20.12 m
38.12 720.12 l
0.000 G
S
39.12 20.12 m
39.12 720.12 l
0.000 G
S
40.12 20.12 m
40.12 720.12 l
0.000 G
S
41.12 20.12 m
41.12 720.12 l
0.000 G
S
42.12 20.12 m
42.12 720.12 l
0.000 G
S
43.12 20.12 m
43.12 720.12 l
0.000 G
S
44.12 20.12 m
44.12 720.12 l
0.000 G
S
45.12 20.12 m
45.12 720.12 l
0.000 G
S
46.12 20.12 m
46.12 720.12 l
0.000 G
S
47.12 20.12 m
47.12 720.12 l
0.000 G
S
48.12 20.12 m
48.12 720.12 l
0.000 G
S
49.12 20.12 m
49.12 720.12 l
0.000 G
S
50.12 20.12 m
50.12 720.12 l
0.000 G
S
51.12 20.12 m
51.12 720.12 l
0.000 G
S
52.12 20.12 m
52.12 720.12 l
0.000 G
S
53.12 20.12 m
53.12 720.12 l
0.000 G
S
54.12 20.12 m
54.12 720.12 l
0.000 G
S
55.12 20.12 m
55.12 720.12 l
0.000 G
S
56.12 20.12 m
56.12 720.12 l
0.000 G
S
57.12 20.12 m
57.12 720.12 l
0.000 G
S
58.12 20.12 m
58.12 720.12 l
0.000 G
S
59.12 20.12 m
59.12 720.12 l
0.000 G
S
60.12 20.12 m
60.12 720.12 l
0.000 G
S
61.12 20.12 m
61.12 720.12 l
0.000 G
S
62.12 20.12 m
62.12 720.12 l
0.000 G
S
63.12 20.12 m
63.12 720.12 l
0.000 G
S
64.12 20.12 m
64.12 720.12 l
0.000 G
S
65.12 20.12 m
65.12 720.12 l
0.000 G
S
66.12 20.12 m
66.12 720.12 l
0.000 G
S
67.12 20.12 m
67.12 720.12 l
0.000 G
S
68.12 20.12 m
68.12 720.12 l
0.000 G
S
69.12 20.12 m
69.12 720.12 l
0.000 G
S
70.12 20.12 m
70.12 720.12 l
0.000 G
S
71.12 20.12 m
71.12 720.12 l
0.000 G
S
72.12 20.12 m
72.12 720.12 l
0.000 G
S
73.12 20.12 m
73.12 720.12 l
0.000 G
S
74.12 20.12 m
74.12 720.12 l
0.000 G
S
75.12 20.12 m
75.12 720.12 l
0.000 G
S
76.12 20.12 m
76.12 720.12 l
0.000 G
S
77.12 20.12 m
77.12 720.12 l
0.000 G
S
78.12 20.12 m
78.12 720.12 l
0.000 G
S
79.12 20.12 m
79.12 720.12 l
0.000 G
S
80.12 20.12 m
80.12 720.12 l
0.000 G
S
81.12 20.12 m
81.12 720.12 l
0.000 G
S
82.12 20.12 m
82.12 720.12 l
0.000 G
S
83.12 20.12 m
83.12 720.12 l
0.000 G
S
84.12 20.12 m
84.12 720.12 l
0.000 G
S
85.12 20.12 m
85.12 720.12 l
0.000 G
S
86.12 20.12 m
86.12 720.12 l
0.000 G
S
87.12 20.12 m
87.12 720.12 l
0.000 G
S
88.12 20.12 m
88.12 720.12 l
0.000 G
S
89.12 20.12 m
89.12 720.12 l
0.000 G
S
90.12 20.12 m
90.12 720.12 l
0.000 G
S
91.12 20.12 m
91.12 720.12 l
0.000 G
S
92.12 20.12 m
92.12 720.12 l
0.000 G
S
93.12 20.12 m
93.12 720.12 l
0.000 G
S
94.12 20.12 m
94.12 720.12 l
0.000 G
S
95.12 20.12 m
95.12 720.12 l
0.000 G
S
96.12 20.12 m
96.12 720.12 l
0.000 G
S
97.12 20.12 m
97.12 720.12 l
0.000 G
S
98.12 20.12 m
98.12 720.12 l
0.000 G
S
99.12 20.12 m
99.12 720.12 l
0.000 G
S
100.12 20.12 m
100.12 720.12 l
0.000 G
S
101.12 20.12 m
101.12 720.12 l
0.000 G
S
102.12 20.12 m
102.12 720.12 l
0.000 G
S
103.12 20.12 m
103.12 720.12 l
0.000 G
S
104.12 20.12 m
104.12 720.12 l
0.000 G
S
105.12 20.12 m
105.12 720.12 l
0.000 G
S
106.12 20.12 m
106.12 720.12 l
0.000 G
S
107.12 20.12 m
107.12 720.12 l
0.000 G
S
108.12 20.12 m
108.12 720.12 l
0.000 G
S
109.12 20.12 m
109.12 720.12 l
0.000 G
S
110.12 20.12 m
110.12 720.12 l
0.000 G
S
111.12 20.12 m
111.12 720.12 l
0.000 G
S
112.12 20.12 m
112.12 720.12 l
0.000 G
S
113.12 20.12 m
113.12 720.12 l
0.000 G
S
114.12 20.12 m
114.12 720.12 l
0.000 G
S
115.12 20.12 m
115.12 720.12 l
0.000 G
S
116.12 20.12 m
116.12 720.12 l
0.000 G
S
117.12 20.12 m
117.12 720.12 l
0.000 G
S
118.12 20.12 m
118.12 720.12 l
0.000 G
S
119.12 20.12 m
119.12 720.12 l
0.000 G
S
120.12 20.12 m
120.12 720.12 l
0.000 G
S
121.12 20.12 m
121.12 720.12 l
0.000 G
S
122.12 20.12 m
122.12 720.12 l
0.000 G
S
123.12 20.12 m
123.12 720.12 l
0.000 G
S
124.12 20.12 m
124.12 720.12 l
0.000 G
S
125.12 20.12 m
125.12 720.12 l
0.000 G
S
126.12 20.12 m
126.12 720.12 l
0.000 G
S
127.12 20.12 m
127.12 720.12 l
0.000 G
S
128.12 20.12 m
128.12 720.12 l
0.000 G
S
129.12 20.12 m
129.12 720.12 l
0.000 G
S
130.12 20.12 m
130.12 720.12 l
0.000 G
S
131.12 20.12 m
131.12 720.12 l
0.000 G
S
132.12 20.12 m
132.12 720.12 l
0.000 G
S
133.12 20.12 m
133.12 720.12 l
0.000 G
S
134.12 20.12 m
134.12 720.12 l
0.000 G
S
135.12 20.12 m
135.12 720.12 l
0.000 G
S
136.12 20.12 m
136.12 720.12 l
0.000 G
S
137.12 20.12 m
137.12 720.12 l
0.000 G
S
138.12 20.12 m
138.12 720.12 l
0.000 G
S
139.12 20.12 m
139.12 720.12 l
0.000 G
S
140.12 20.12 m
140.12 720.12 l
0.000 G
S
141.12 20.12 m
141.12 720.12 l
0.000 G
S
142.12 20.12 m
142.12 720.12 l
0.000 G
S
143.12 20.12 m
143.12 720.12 l
0.000 G
S
144.12 20.12 m
144.12 720.12 l
0.000 G
S
145.12 20.12 m
145.12 720.12 l
0.000 G
S
146.12 20.12 m
146.12 720.12 l
0.000 G
S
147.12 20.12 m
147.12 720.12 l
0.000 G
S
148.12 20.12 m
148.12 720.12 l
0.000 G
S
149.12 20.12 m
149.12 720.12 l
0.000 G
S
150.12 20.12 m
150.12 720.12 l
0.000 G
S
151.12 20.12 m
151.12 720.12 l
0.000 G
S
152.12 20.12 m
152.12 720.12 l
0.000 G
S
153.12 20.12 m
153.12 720.12 l
0.000 G
S
154.12 20.12 m
154.12 720.12 l
0.000 G
S
155.12 20.12 m
155.12 720.12 l
0.000 G
S
156.12 20.12 m
156.12 720.12 l
0.000 G
S
157.12 20.12 m
157.12 720.12 l
0.000 G
S
158.12 20.12 m
158.12 720.12 l
0.000 G
S
159.12 20.12 m
159.12 720.12 l
0.000 G
S
160.12 20.12 m
160.12 720.12 l
0.000 G
S
161.12 20.12 m
161.12 720.12 l
0.000 G
S
162.12 20.12 m
162.12 720.12 l
0.000 G
S
163.12 20.12 m
163.12 720.12 l
0.000 G
S
164.12 20.12 m
164.12 720.12 l
0.000 G
S
165.12 20.12 m
165.12 720.12 l
0.000 G
S
166.12 20.12 m
166.12 720.12 l
0.000 G
S
167.12 20.12 m
167.12 720.12 l
0.000 G
S
168.12 20.12 m
168.12 720.12 l
0.000 G
S
169.12 20.12 m
169.12 720.12 l
0.000 G
S
170.12 20.12 m
170.12 720.12 l
0.000 G
S
171.12 20.12 m
171.12 720.12 l
0.000 G
S
172.12 20.12 m
172.12 720.12 l
0.000 G
S
173.12 20.12 m
173.12 720.12 l
0.000 G
S
174.12 20.12 m
174.12 720.12 l
0.000 G
S
175.12 20.12 m
175.12 720.12 l
0.000 G
S
176.12 20.12 m
176.12 720.12 l
0.000 G
S
177.12 20.12 m
177.12 720.12 l
0.000 G
S
178.12 20.12 m
178.12 720.12 l
0.000 G
S
179.12 20.12 m
179.12 720.12 l
0.000 G
S
180.12 20.12 m
180.12 720.12 l
0.000 G
S
181.12 20.12 m
181.12 720.12 l
0.000 G
S
182.12 20.12 m
182.12 720.12 l
0.000 G
S
183.12 20.12 m
183.12 720.12 l
0.000 G
S
184.12 20.12 m
184.12 720.12 l
0.000 G
S
185.12 20.12 m
185.12 720.12 l
0.000 G
S
186.12 20.12 m
186.12 720.12 l
0.000 G
S
187.12 20.12 m
187.12 720.12 l
0.000 G
S
188.12 20.12 m
188.12 720.12 l
0.000 G
S
189.12 20.12 m
189.12 720.12 l
0.000 G
S
190.12 20.12 m
190.12 720.12 l
0.000 G
S
191.12 20.12 m
191.12 720.12 l
0.000 G
S
192.12 20.12 m
192.12 720.12 l
0.000 G
S
193.12 20.12 m
193.12 720.12 l
0.000 G
S
194.12 20.12 m
194.12 720.12 l
0.000 G
S
195.12 20.12 m
195.12 720.12 l
0.000 G
S
196.12 20.12 m
196.12 720.12 l
0.000 G
S
197.12 20.12 m
197.12 720.12 l
0.000 G
S
198.12 20.12 m
198.12 720.12 l
0.000 G
S
199.12 20.12 m
199.12 720.12 l
0.000 G
S
200.12 20.12 m
200.12 720.12 l
0.000 G
S
201.12 20.12 m
201.12 720.12 l
0.000 G
S
202.12 20.12 m
202.12 720.12 l
0.000 G
S
203.12 20.12 m
203.12 720.12 l
0.000 G
S
204.12 20.12 m
204.12 720.12 l
0.000 G
S
205.12 20.12 m
205.12 720.12 l
0.000 G
S
206.12 20.12 m
206.12 720.12 l
0.000 G
S
207.12 20.12 m
207.12 720.12 l
0.000 G
S
208.12 20.12 m
208.12 720.12 l
0.000 G
S
209.12 20.12 m
209.12 720.12 l
0.000 G
S
210.12 20.12 m
210.12 720.12 l
0.000 G
S
211.12 20.12 m
211.12 720.12 l
0.000 G
S
212.12 20.12 m
212.12 720.12 l
0.000 G
S
213.12 20.12 m
213.12 720.12 l
0.000 G
S
214.12 20.12 m
214.12 720.12 l
0.000 G
S
215.12 20.12 m
215.12 720.12 l
0.000 G
S
216.12 20.12 m
216.12 720.12 l
0.000 G
S
217.12 20.12 m
217.12 720.12 l
0.000 G
S
218.12 20.12 m
218.12 720.12 l
0.000 G
S
219.12 20.12 m
219.12 720.12 l
0.000 G
S

endstream
endobj
8 0 obj
<<
/Contents 9 0 R
/MediaBox [0 0 595 842]
/Parent 2 0 R
/Resources <<
/Font 24 0 R
>>
/Type /Page
>>
endobj
9 0 obj
<<
/Length 8040
>>
stream
20.12 20.12 m
20.12 720.12 l
0.000 G
S
21.12 20.12 m
21.12 720.12 l
0.000 G
S
22.12 20.12 m
22.12 720.12 l
0.000 G
S
23.12 20.12 m
23.12 720.12 l
0.000 G
S
24.12 20.12 m
24.12 720.12 l
0.000 G
S
25.12 20.12 m
25.12 720.12 l
0.000 G
S
26.12 20.12 m
26.12 720.12 l
0.000 G
S
27.12 20.12 m
27.12 720.12 l
0.000 G
S
28.12 20.12 m
28.12 720.12 l
0.000 G
S
29.12 20.12 m
29.12 720.12 l
0.000 G
S
30.12 20.12 m
30.12 720.12 l
0.000 G
S
31.12 20.12 m
31.12 720.12 l
0.000 G
S
32.12 20.12 m
32.12 720.12 l
0.000 G
S
33.12 20.12 m
33.12 720.12 l
0.000 G
S
34.12 20.12 m
34.12 720.12 l
0.000 G
S
35.12 20.12 m
35.12 720.12 l
0.000 G
S
36.12 20.12 m
36.12 720.12 l
0.000 G
S
37.12 20.12 m
37.12 720.12 l
0.000 G
S
38.12 20.12 m
38.12 720.12 l
0.000 G
S
39.12 20.12 m
39.12 720.12 l
0.000 G
S
40.12 20.12 m
40.12 720.12 l
0.000 G
S
41.12 20.12 m
41.12 720.12 l
0.000 G
S
42.12 20.12 m
42.12 720.12 l
0.000 G
S
43.12 20.12 m
43.12 720.12 l
0.000 G
S
44.12 20.12 m
44.12 720.12 l
0.000 G
S
45.12 20.12 m
45.12 720.12 l
0.000 G
S
46.12 20.12 m
46.12 720.12 l
0.000 G
S
47.12 20.12 m
47.12 720.12 l
0.000 G
S
48.12 20.12 m
48.12 720.12 l
0.000 G
S
49.12 20.12 m
49.12 720.12 l
0.000 G
S
50.12 20.12 m
50.12 720.12 l
0.000 G
S
51.12 20.12 m
51.12 720.12 l
0.000 G
S
52.12 20.12 m
52.12 720.12 l
0.000 G
S
53.12 20.12 m
53.12 720.12 l
0.000 G
S
54.12 20.12 m
54.12 720.12 l
0.000 G
S
55.12 20.12 m
55.12 720.12 l
0.000 G
S
56.12 20.12 m
56.12 720.12 l
0.000 G
S
57.12 20.12 m
57.12 720.12 l
0.000 G
S
58.12 20.12 m
58.12 720.12 l
0.000 G
S
59.12 20.12 m
59.12 720.12 l
0.000 G
S
60.12 20.12 m
60.12 720.12 l
0.000 G
S
61.12 20.12 m
61.12 720.12 l
0.000 G
S
62.12 20.12 m
62.12 720.12 l
0.000 G
S
63.12 20.12 m
63.12 720.12 l
0.000 G
S
64.12 20.12 m
64.12 720.12 l
0.000 G
S
65.12 20.12 m
65.12 720.12 l
0.000 G
S
66.12 20.12 m
66.12 720.12 l
0.000 G
S
67.12 20.12 m
67.12 720.12 l
0.000 G
S
68.12 20.12 m
68.12 720.12 l
0.000 G
S
69.12 20.12 m
69.12 720.12 l
0.000 G
S
70.12 20.12 m
70.12 720.12 l
0.000 G
S
71.12 20.12 m
71.12 720.12 l
0.000 G
S
72.12 20.12 m
72.12 720.12 l
0.000 G
S
73.12 20.12 m
73.12 720.12 l
0.000 G
S
74.12 20.12 m
74.12 720.12 l
0.000 G
S
75.12 20.12 m
75.12 720.12 l
0.000 G
S
76.12 20.12 m
76.12 720.12 l
0.000 G
S
77.12 20.12 m
77.12 720.12 l
0.000 G
S
78.12 20.12 m
78.12 720.12 l
0.000 G
S
79.12 20.12 m
79.12 720.12 l
0.000 G
S
80.12 20.12 m
80.12 720.12 l
0.000 G
S
81.12 20.12 m
81.12 720.12 l
0.000 G
S
82.12 20.12 m
82.12 720.12 l
0.000 G
S
83.12 20.12 m
83.12 720.12 l
0.000 G
S
84.12 20.12 m
84.12 720.12 l
0.000 G
S
85.12 20.12 m
85.12 720.12 l
0.000 G
S
86.12 20.12 m
86.12 720.12 l
0.000 G
S
87.12 20.12 m
87.12 720.12 l
0.000 G
S
88.12 20.12 m
88.12 720.12 l
0.000 G
S
89.12 20.12 m
89.12 720.12 l
0.000 G
S
90.12 20.12 m
90.12 720.12 l
0.000 G
S
91.12 20.12 m
91.12 720.12 l
0.000 G
S
92.12 20.12 m
92.12 720.12 l
0.000 G
S
93.12 20.12 m
93.12 720.12 l
0.000 G
S
94.12 20.12 m
94.12 720.12 l
0.000 G
S
95.12 20.12 m
95.12 720.12 l
0.000 G
S
96.12 20.12 m
96.12 720.12 l
0.000 G
S
97.12 20.12 m
97.12 720.12 l
0.000 G
S
98.12 20.12 m
98.12 720.12 l
0.000 G
S
99.12 20.12 m
99.12 720.12 l
0.000 G
S
100.12 20.12 m
100.12 720.12 l
0.000 G
S
101.12 20.12 m
101.12 720.12 l
0.000 G
S
102.12 20.12 m
102.12 720.12 l
0.000 G
S
103.12 20.12 m
103.12 720.12 l
0.000 G
S
104.12 20.12 m
104.12 720.12 l
0.000 G
S
105.12 20.12 m
105.12 720.12 l
0.000 G
S
106.12 20.12 m
106.12 720.12 l
0.000 G
S
107.12 20.12 m
107.12 720.12 l
0.000 G
S
108.12 20.12 m
108.12 720.12 l
0.000 G
S
109.12 20.12 m
109.12 720.12 l
0.000 G
S
110.12 20.12 m
110.12 720.12 l
0.000 G
S
111.12 20.12 m
111.12 720.12 l
0.000 G
S
112.12 20.12 m
112.12 720.12 l
0.000 G
S
113.12 20.12 m
113.12 720.12 l
0.000 G
S
114.12 20.12 m
114.12 720.12 l
0.000 G
S
115.12 20.12 m
115.12 720.12 l
0.000 G
S
116.12 20.12 m
116.12 720.12 l
0.000 G
S
117.12 20.12 m
117.12 720.12 l
0.000 G
S
118.12 20.12 m
118.12 720.12 l
0.000 G
S
119.12 20.12 m
119.12 720.12 l
0.000 G
S
120.12 20.12 m
120.12 720.12 l
0.000 G
S
121.12 20.12 m
121.12 720.12 l
0.000 G
S
122.12 20.12 m
122.12 720.12 l
0.000 G
S
123.12 20.12 m
123.12 720.12 l
0.000 G
S
124.12 20.12 m
124.12 720.12 l
0.000 G
S
125.12 20.12 m
125.12 720.12 l
0.000 G
S
126.12 20.12 m
126.12 720.12 l
0.000 G
S
127.12 20.12 m
127.12 720.12 l
0.000 G
S
128.12 20.12 m
128.12 720.12 l
0.000 G
S
129.12 20.12 m
129.12 720.12 l
0.000 G
S
130.12 20.12 m
130.12 720.12 l
0.000 G
S
131.12 20.12 m
131.12 720.12 l
0.000 G
S
132.12 20.12 m
132.12 720.12 l
0.000 G
S
133.12 20.12 m
133.12 720.12 l
0.000 G
S
134.12 20.12 m
134.12 720.12 l
0.000 G
S
135.12 20.12 m
135.12 720.12 l
0.000 G
S
136.12 20.12 m
136.12 720.12 l
0.000 G
S
137.12 20.12 m
137.12 720.12 l
0.000 G
S
138.12 20.12 m
138.12 720.12 l
0.000 G
S
139.12 20.12 m
139.12 720.12 l
0.000 G
S
140.12 20.12 m
140.12 720.12 l
0.000 G
S
141.12 20.12 m
141.12 720.12 l
0.000 G
S
142.12 20.12 m
142.12 720.12 l
0.000 G
S
143.12 20.12 m
143.12 720.12 l
0.000 G
S
144.12 20.12 m
144.12 720.12 l
0.000 G
S
145.12 20.12 m
145.12 720.12 l
0.000 G
S
146.12 20.12 m
146.12 720.12 l
0.000 G
S
147.12 20.12 m
147.12 720.12 l
0.000 G
S
148.12 20.12 m
148.12 720.12 l
0.000 G
S
149.12 20.12 m
149.12 720.12 l
0.000 G
S
150.12 20.12 m
150.12 720.12 l
0.000 G
S
151.12 20.12 m
151.12 720.12 l
0.000 G
S
152.12 20.12 m
152.12 720.12 l
0.000 G
S
153.12 20.12 m
153.12 720.12 l
0.000 G
S
154.12 20.12 m
154.12 720.12 l
0.000 G
S
155.12 20.12 m
155.12 720.12 l
0.000 G
S
156.12 20.12 m
156.12 720.12 l
0.000 G
S
157.12 20.12 m
157.12 720.12 l
0.000 G
S
158.12 20.12 m
158.12 720.12 l
0.000 G
S
159.12 20.12 m
159.12 720.12 l
0.000 G
S
160.12 20.12 m
160.12 720.12 l
0.000 G
S
161.12 20.12 m
161.12 720.12 l
0.000 G
S
162.12 20.12 m
162.12 720.12 l
0.000 G
S
163.12 20.12 m
163.12 720.12 l
0.000 G
S
164.12 20.12 m
164.12 720.12 l
0.000 G
S
165.12 20.12 m
165.12 720.12 l
0.000 G
S
166.12 20.12 m
166.12 720.12 l
0.000 G
S
167.12 20.12 m
167.12 720.12 l
0.000 G
S
168.12 20.12 m
168.12 720.12 l
0.000 G
S
169.12 20.12 m
169.12 720.12 l
0.000 G
S
170.12 20.12 m
170.12 720.12 l
0.000 G
S
171.12 20.12 m
171.12 720.12 l
0.000 G
S
172.12 20.12 m
172.12 720.12 l
0.000 G
S
173.12 20.12 m
173.12 720.12 l
0.000 G
S
174.12 20.12 m
174.12 720.12 l
0.000 G
S
175.12 20.12 m
175.12 720.12 l
0.000 G
S
176.12 20.12 m
176.12 720.12 l
0.000 G
S
177.12 20.12 m
177.12 720.12 l
0.000 G
S
178.12 20.12 m
178.12 720.12 l
0.000 G
S
179.12 20.12 m
179.12 720.12 l
0.000 G
S
180.12 20.12 m
180.12 720.12 l
0.000 G
S
181.12 20.12 m
181.12 720.12 l
0.000 G
S
182.12 20.12 m
182.12 720.12 l
0.000 G
S
183.12 20.12 m
183.12 720.12 l
0.000 G
S
184.12 20.12 m
184.12 720.12 l
0.000 G
S
185.12 20.12 m
185.12 720.12 l
0.000 G
S
186.12 20.12 m
186.12 720.12 l
0.000 G
S
187.12 20.12 m
187.12 720.12 l
0.000 G
S
188.12 20.12 m
188.12 720.12 l
0.000 G
S
189.12 20.12 m
189.12 720.12 l
0.000 G
S
190.12 20.12 m
190.12 720.12 l
0.000 G
S
191.12 20.12 m
191.12 720.12 l
0.000 G
S
192.12 20.12 m
192.12 720.12 l
0.000 G
S
193.12 20.12 m
193.12 720.12 l
0.000 G
S
194.12 20.12 m
194.12 720.12 l
0.000 G
S
195.12 20.12 m
195.12 720.12 l
0.000 G
S
196.12 20.12 m
196.12 720.12 l
0.000 G
S
197.12 20.12 m
197.12 720.12 l
0.000 G
S
198.12 20.12 m
198.12 720.12 l
0.000 G
S
199.12 20.12 m
199.12 720.12 l
0.000 G
S
200.12 20.12 m
200.12 720.12 l
0.000 G
S
201.12 20.12 m
201.12 720.12 l
0.000 G
S
202.12 20.12 m
202.12 720.12 l
0.000 G
S
203.12 20.12 m
203.12 720.12 l
0.000 G
S
204.12 20.12 m
204.12 720.12 l
0.000 G
S
205.12 20.12 m
205.12 720.12 l
0.000 G
S
206.12 20.12 m
206.12 720.12 l
0.000 G
S
207.12 20.12 m
207.12 720.12 l
0.000 G
S
208.12 20.12 m
208.12 720.12 l
0.000 G
S
209.12 20.12 m
209.12 720.12 l
0.000 G
S
210.12 20.12 m
210.12 720.12 l
0.000 G
S
211.12 20.12 m
211.12 720.12 l
0.000 G
S
212.12 20.12 m
212.12 720.12 l
0.000 G
S
213.12 20.12 m
213.12 720.12 l
0.000 G
S
214.12 20.12 m
214.12 720.12 l
0.000 G
S
215.12 20.12 m
215.12 720.12 l
0.000 G
S
216.12 20.12 m
216.12 720.12 l
0.000 G
S
217.12 20.12 m
217.12 720.12 l
0.000 G
S
218.12 20.12 m
218.12 720.12 l
0.000 G
S
219.12 20.12 m
219.12 720.12 l
0.000 G
S

endstream
endobj
10 0 obj
<<
/Contents 11 0 R
/MediaBox [0 0 595 842]
/Parent 2 0 R
/Resources <<
/Font 24 0 R
>>
/Type /Page
>>
endobj
11 0 obj
<<
/Length 8040
>>
stream
20.12 20.12 m
20.12 720.12 l
0.000 G
S
21.12 20.12 m
21.12 720.12 l
0.000 G
S
22.12 20.12 m
22.12 720.12 l
0.000 G
S
23.12 20.12 m
23.12 720.12 l
0.000 G
S
24.12 20.12 m
24.12 720.12 l
0.000 G
S
25.12 20.12 m
25.12 720.12 l
0.000 G
S
26.12 20.12 m
26.12 720.12 l
0.000 G
S
27.12 20.12 m
27.12 720.12 l
0.000 G
S
28.12 20.12 m
28.12 720.12 l
0.000 G
S
29.12 20.12 m
29.12 720.12 l
0.000 G
S
30.12 20.12 m
30.12 720.12 l
0.000 G
S
31.12 20.12 m
31.12 720.12 l
0.000 G
S
32.12 20.12 m
32.12 720.12 l
0.000 G
S
33.12 20.12 m
33.12 720.12 l
0.000 G
S
34.12 20.12 m
34.12 720.12 l
0.000 G
S
35.12 20.12 m
35.12 720.12 l
0.000 G
S
36.12 20.12 m
36.12 720.12 l
0.000 G
S
37.12 20.12 m
37.12 720.12 l
0.000 G
S
38.12 20.12 m
38.12 720.12 l
0.000 G
S
39.12 20.12 m
39.12 720.12 l
0.000 G
S
40.12 20.12 m
40.12 720.12 l
0.000 G
S
41.12 20.12 m
41.12 720.12 l
0.000 G
S
42.12 20.12 m
42.12 720.12 l
0.000 G
S
43.12 20.12 m
43.12 720.12 l
0.000 G
S
44.12 20.12 m
44.12 720.12 l
0.000 G
S
45.12 20.12 m
45.12 720.12 l
0.000 G
S
46.12 20.12 m
46.12 720.12 l
0.000 G
S
47.12 20.12 m
47.12 720.12 l
0.000 G
S
48.12 20.12 m
48.12 720.12 l
0.000 G
S
49.12 20.12 m
49.12 720.12 l
0.000 G
S
50.12 20.12 m
50.12 720.12 l
0.000 G
S
51.12 20.12 m
51.12 720.12 l
0.000 G
S
52.12 20.12 m
52.12 720.12 l
0.000 G
S
53.12 20.12 m
53.12 720.12 l
0.000 G
S
54.12 20.12 m
54.12 720.12 l
0.000 G
S
55.12 20.12 m
55.12 720.12 l
0.000 G
S
56.12 20.12 m
56.12 720.12 l
0.000 G
S
57.12 20.12 m
57.12 720.12 l
0.000 G
S
58.12 20.12 m
58.12 720.12 l
0.000 G
S
59.12 20.12 m
59.12 720.12 l
0.000 G
S
60.12 20.12 m
60.12 720.12 l
0.000 G
S
61.12 20.12 m
61.12 720.12 l
0.000 G
S
62.12 20.12 m
62.12 720.12 l
0.000 G
S
63.12 20.12 m
63.12 720.12 l
0.000 G
S
64.12 20.12 m
64.12 720.12 l
0.000 G
S
65.12 20.12 m
65.12 720.12 l
0.000 G
S
66.12 20.12 m
66.12 720.12 l
0.000 G
S
67.12 20.12 m
67.12 720.12 l
0.000 G
S
68.12 20.12 m
68.12 720.12 l
0.000 G
S
69.12 20.12 m
69.12 720.12 l
0.000 G
S
70.12 20.12 m
70.12 720.12 l
0.000 G
S
71.12 20.12 m
71.12 720.12 l
0.000 G
S
72.12 20.12 m
72.12 720.12 l
0.000 G
S
73.12 20.12 m
73.12 720.12 l
0.000 G
S
74.12 20.12 m
74.12 720.12 l
0.000 G
S
75.12 20.12 m
75.12 720.12 l
0.000 G
S
76.12 20.12 m
76.12 720.12 l
0.000 G
S
77.12 20.12 m
77.12 720.12 l
0.000 G
S
78.12 20.12 m
78.12 720.12 l
0.000 G
S
79.12 20.12 m
79.12 720.12 l
0.000 G
S
80.12 20.12 m
80.12 720.12 l
0.000 G
S
81.12 20.12 m
81.12 720.12 l
0.000 G
S
82.12 20.12 m
82.12 720.12 l
0.000 G
S
83.12 20.12 m
83.12 720.12 l
0.000 G
S
84.12 20.12 m
84.12 720.12 l
0.000 G
S
85.12 20.12 m
85.12 720.12 l
0.000 G
S
86.12 20.12 m
86.12 720.12 l
0.000 G
S
87.12 20.12 m
87.12 720.12 l
0.000 G
S
88.12 20.12 m
88.12 720.12 l
0.000 G
S
89.12 20.12 m
89.12 720.12 l
0.000 G
S
90.12 20.12 m
90.12 720.12 l
0.000 G
S
91.12 20.12 m
91.12 720.12 l
0.000 G
S
92.12 20.12 m
92.12 720.12 l
0.000 G
S
93.12 20.12 m
93.12 720.12 l
0.000 G
S
94.12 20.12 m
94.12 720.12 l
0.000 G
S
95.12 20.12 m
95.12 720.12 l
0.000 G
S
96.12 20.12 m
96.12 720.12 l
0.000 G
S
97.12 20.12 m
97.12 720.12 l
0.000 G
S
98.12 20.12 m
98.12 720.12 l
0.000 G
S
99.12 20.12 m
99.12 720.12 l
0.000 G
S
100.12 20.12 m
100.12 720.12 l
0.000 G
S
101.12 20.12 m
101.12 720.12 l
0.000 G
S
102.12 20.12 m
102.12 720.12 l
0.000 G
S
103.12 20.12 m
103.12 720.12 l
0.000 G
S
104.12 20.12 m
104.12 720.12 l
0.000 G
S
105.12 20.12 m
105.12 720.12 l
0.000 G
S
106.12 20.12 m
106.12 720.12 l
0.000 G
S
107.12 20.12 m
107.12 720.12 l
0.000 G
S
108.12 20.12 m
108.12 720.12 l
0.000 G
S
109.12 20.12 m
109.12 720.12 l
0.000 G
S
110.12 20.12 m
110.12 720.12 l
0.000 G
S
111.12 20.12 m
111.12 720.12 l
0.000 G
S
112.12 20.12 m
112.12 720.12 l
0.000 G
S
113.12 20.12 m
113.12 720.12 l
0.000 G
S
114.12 20.12 m
114.12 720.12 l
0.000 G
S
115.12 20.12 m
115.12 720.12 l
0.000 G
S
116.12 20.12 m
116.12 720.12 l
0.000 G
S
117.12 20.12 m
117.12 720.12 l
0.000 G
S
118.12 20.12 m
118.12 720.12 l
0.000 G
S
119.12 20.12 m
119.12 720.12 l
0.000 G
S
120.12 20.12 m
120.12 720.12 l
0.000 G
S
121.12 20.12 m
121.12 720.12 l
0.000 G
S
122.12 20.12 m
122.12 720.12 l
0.000 G
S
123.12 20.12 m
123.12 720.12 l
0.000 G
S
124.12 20.12 m
124.12 720.12 l
0.000 G
S
125.12 20.12 m
125.12 720.12 l
0.000 G
S
126.12 20.12 m
126.12 720.12 l
0.000 G
S
127.12 20.12 m
127.12 720.12 l
0.000 G
S
128.12 20.12 m
128.12 720.12 l
0.000 G
S
129.12 20.12 m
129.12 720.12 l
0.000 G
S
130.12 20.12 m
130.12 720.12 l
0.000 G
S
131.12 20.12 m
131.12 720.12 l
0.000 G
S
132.12 20.12 m
132.12 720.12 l
0.000 G
S
133.12 20.12 m
133.12 720.12 l
0.000 G
S
134.12 20.12 m
134.12 720.12 l
0.000 G
S
135.12 20.12 m
135.12 720.12 l
0.000 G
S
136.12 20.12 m
136.12 720.12 l
0.000 G
S
137.12 20.12 m
137.12 720.12 l
0.000 G
S
138.12 20.12 m
138.12 720.12 l
0.000 G
S
139.12 20.12 m
139.12 720.12 l
0.000 G
S
140.12 20.12 m
140.12 720.12 l
0.000 G
S
141.12 20.12 m
141.12 720.12 l
0.000 G
S
142.12 20.12 m
142.12 720.12 l
0.000 G
S
143.12 20.12 m
143.12 720.12 l
0.000 G
S
144.12 20.12 m
144.12 720.12 l
0.000 G
S
145.12 20.12 m
145.12 720.12 l
0.000 G
S
146.12 20.12 m
146.12 720.12 l
0.000 G
S
147.12 20.12 m
147.12 720.12 l
0.000 G
S
148.12 20.12 m
148.12 720.12 l
0.000 G
S
149.12 20.12 m
149.12 720.12 l
0.000 G
S
150.12 20.12 m
150.12 720.12 l
0.000 G
S
151.12 20.12 m
151.12 720.12 l
0.000 G
S
152.12 20.12 m
152.12 720.12 l
0.000 G
S
153.12 20.12 m
153.12 720.12 l
0.000 G
S
154.12 20.12 m
154.12 720.12 l
0.000 G
S
155.12 20.12 m
155.12 720.12 l
0.000 G
S
156.12 20.12 m
156.12 720.12 l
0.000 G
S
157.12 20.12 m
157.12 720.12 l
0.000 G
S
158.12 20.12 m
158.12 720.12 l
0.000 G
S
159.12 20.12 m
159.12 720.12 l
0.000 G
S
160.12 20.12 m
160.12 720.12 l
0.000 G
S
161.12 20.12 m
161.12 720.12 l
0.000 G
S
162.12 20.12 m
162.12 720.12 l
0.000 G
S
163.12 20.12 m
163.12 720.12 l
0.000 G
S
164.12 20.12 m
164.12 720.12 l
0.000 G
S
165.12 20.12 m
165.12 720.12 l
0.000 G
S
166.12 20.12 m
166.12 720.12 l
0.000 G
S
167.12 20.12 m
167.12 720.12 l
0.000 G
S
168.12 20.12 m
168.12 720.12 l
0.000 G
S
169.12 20.12 m
169.12 720.12 l
0.000 G
S
170.12 20.12 m
170.12 720.12 l
0.000 G
S
171.12 20.12 m
171.12 720.12 l
0.000 G
S
172.12 20.12 m
172.12 720.12 l
0.000 G
S
173.12 20.12 m
173.12 720.12 l
0.000 G
S
174.12 20.12 m
174.12 720.12 l
0.000 G
S
175.12 20.12 m
175.12 720.12 l
0.000 G
S
176.12 20.12 m
176.12 720.12 l
0.000 G
S
177.12 20.12 m
177.12 720.12 l
0.000 G
S
178.12 20.12 m
178.12 720.12 l
0.000 G
S
179.12 20.12 m
179.12 720.12 l
0.000 G
S
180.12 20.12 m
180.12 720.12 l
0.000 G
S
181.12 20.12 m
181.12 720.12 l
0.000 G
S
182.12 20.12 m
182.12 720.12 l
0.000 G
S
183.12 20.12 m
183.12 720.12 l
0.000 G
S
184.12 20.12 m
184.12 720.12 l
0.000 G
S
185.12 20.12 m
185.12 720.12 l
0.000 G
S
186.12 20.12 m
186.12 720.12 l
0.000 G
S
187.12 20.12 m
187.12 720.12 l
0.000 G
S
188.12 20.12 m
188.12 720.12 l
0.000 G
S
189.12 20.12 m
189.12 720.12 l
0.000 G
S
190.12 20.12 m
190.12 720.12 l
0.000 G
S
191.12 20.12 m
191.12 720.12 l
0.000 G
S
192.12 20.12 m
192.12 720.12 l
0.000 G
S
193.12 20.12 m
193.12 720.12 l
0.000 G
S
194.12 20.12 m
194.12 720.12 l
0.000 G
S
195.12 20.12 m
195.12 720.12 l
0.000 G
S
196.12 20.12 m
196.12 720.12 l
0.000 G
S
197.12 20.12 m
197.12 720.12 l
0.000 G
S
198.12 20.12 m
198.12 720.12 l
0.000 G
S
199.12 20.12 m
199.12 720.12 l
0.000 G
S
200.12 20.12 m
200.12 720.12 l
0.000 G
S
201.12 20.12 m
201.12 720.12 l
0.000 G
S
202.12 20.12 m
202.12 720.12 l
0.000 G
S
203.12 20.12 m
203.12 720.12 l
0.000 G
S
204.12 20.12 m
204.12 720.12 l
0.000 G
S
205.12 20.12 m
205.12 720.12 l
0.000 G
S
206.12 20.12 m
206.12 720.12 l
0.000 G
S
207.12 20.12 m
207.12 720.12 l
0.000 G
S
208.12 20.12 m
208.12 720.12 l
0.000 G
S
209.12 20.12 m
209.12 720.12 l
0.000 G
S
210.12 20.12 m
210.12 720.12 l
0.000 G
S
211.12 20.12 m
211.12 720.12 l
0.000 G
S
212.12 20.12 m
212.12 720.12 l
0.000 G
S
213.12 20.12 m
213.12 720.12 l
0.000 G
S
214.12 20.12 m
214.12 720.12 l
0.000 G
S
215.12 20.12 m
215.12 720.12 l
0.000 G
S
216.12 20.12 m
216.12 720.12 l
0.000 G
S
217.12 20.12 m
217.12 720.12 l
0.000 G
S
218.12 20.12 m
218.12 720.12 l
0.000 G
S
219.12 20.12 m
219.12 720.12 l
0.000 G
S

endstream
endobj
12 0 obj
<<
/Contents 13 0 R
/MediaBox [0 0 595 842]
/Parent 2 0 R
/Resources <<
/Font 24 0 R
>>
/Type /Page
>>
endobj
13 0 obj
<<
/Length 8040
>>
stream
20.12 20.12 m
20.12 720.12 l
0.000 G
S
21.12 20.12 m
21.12 720.12 l
0.000 G
S
22.12 20.12 m
22.12 720.12 l
0.000 G
S
23.12 20.12 m
23.12 720.12 l
0.000 G
S
24.12 20.12 m
24.12 720.12 l
0.000 G
S
25.12 20.12 m
25.12 720.12 l
0.000 G
S
26.12 20.12 m
26.12 720.12 l
0.000 G
S
27.12 20.12 m
27.12 720.12 l
0.000 G
S
28.12 20.12 m
28.12 720.12 l
0.000 G
S
29.12 20.12 m
29.12 720.12 l
0.000 G
S
30.12 20.12 m
30.12 720.12 l
0.000 G
S
31.12 20.12 m
31.12 720.12 l
0.000 G
S
32.12 20.12 m
32.12 720.12 l
0.000 G
S
33.12 20.12 m
33.12 720.12 l
0.000 G
S
34.12 20.12 m
34.12 720.12 l
0.000 G
S
35.12 20.12 m
35.12 720.12 l
0.000 G
S
36.12 20.12 m
36.12 720.12 l
0.000 G
S
37.12 20.12 m
37.12 720.12 l
0.000 G
S
38.12 20.12 m
38.12 720.12 l
0.000 G
S
39.12 20.12 m
39.12 720.12 l
0.000 G
S
40.12 20.12 m
40.12 720.12 l
0.000 G
S
41.12 20.12 m
41.12 720.12 l
0.000 G
S
42.12 20.12 m
42.12 720.12 l
0.000 G
S
43.12 20.12 m
43.12 720.12 l
0.000 G
S
44.12 20.12 m
44.12 720.12 l
0.000 G
S
45.12 20.12 m
45.12 720.12 l
0.000 G
S
46.12 20.12 m
46.12 720.12 l
0.000 G
S
47.12 20.12 m
47.12 720.12 l
0.000 G
S
48.12 20.12 m
48.12 720.12 l
0.000 G
S
49.12 20.12 m
49.12 720.12 l
0.000 G
S
50.12 20.12 m
50.12 720.12 l
0.000 G
S
51.12 20.12 m
51.12 720.12 l
0.000 G
S
52.12 20.12 m
52.12 720.12 l
0.000 G
S
53.12 20.12 m
53.12 720.12 l
0.000 G
S
54.12 20.12 m
54.12 720.12 l
0.000 G
S
55.12 20.12 m
55.12 720.12 l
0.000 G
S
56.12 20.12 m
56.12 720.12 l
0.000 G
S
57.12 20.12 m
57.12 720.12 l
0.000 G
S
58.12 20.12 m
58.12 720.12 l
0.000 G
S
59.12 20.12 m
59.12 720.12 l
0.000 G
S
60.12 20.12 m
60.12 720.12 l
0.000 G
S
61.12 20.12 m
61.12 720.12 l
0.000 G
S
62.12 20.12 m
62.12 720.12 l
0.000 G
S
63.12 20.12 m
63.12 720.12 l
0.000 G
S
64.12 20.12 m
64.12 720.12 l
0.000 G
S
65.12 20.12 m
65.12 720.12 l
0.000 G
S
66.12 20.12 m
66.12 720.12 l
0.000 G
S
67.12 20.12 m
67.12 720.12 l
0.000 G
S
68.12 20.12 m
68.12 720.12 l
0.000 G
S
69.12 20.12 m
69.12 720.12 l
0.000 G
S
70.12 20.12 m
70.12 720.12 l
0.000 G
S
71.12 20.12 m
71.12 720.12 l
0.000 G
S
72.12 20.12 m
72.12 720.12 l
0.000 G
S
73.12 20.12 m
73.12 720.12 l
0.000 G
S
74.12 20.12 m
74.12 720.12 l
0.000 G
S
75.12 20.12 m
75.12 720.12 l
0.000 G
S
76.12 20.12 m
76.12 720.12 l
0.000 G
S
77.12 20.12 m
77.12 720.12 l
0.000 G
S
78.12 20.12 m
78.12 720.12 l
0.000 G
S
79.12 20.12 m
79.12 720.12 l
0.000 G
S
80.12 20.12 m
80.12 720.12 l
0.000 G
S
81.12 20.12 m
81.12 720.12 l
0.000 G
S
82.12 20.12 m
82.12 720.12 l
0.000 G
S
83.12 20.12 m
83.12 720.12 l
0.000 G
S
84.12 20.12 m
84.12 720.12 l
0.000 G
S
85.12 20.12 m
85.12 720.12 l
0.000 G
S
86.12 20.12 m
86.12 720.12 l
0.000 G
S
87.12 20.12 m
87.12 720.12 l
0.000 G
S
88.12 20.12 m
88.12 720.12 l
0.000 G
S
89.12 20.12 m
89.12 720.12 l
0.000 G
S
90.12 20.12 m
90.12 720.12 l
0.000 G
S
91.12 20.12 m
91.12 720.12 l
0.000 G
S
92.12 20.12 m
92.12 720.12 l
0.000 G
S
93.12 20.12 m
93.12 720.12 l
0.000 G
S
94.12 20.12 m
94.12 720.12 l
0.000 G
S
95.12 20.12 m
95.12 720.12 l
0.000 G
S
96.12 20.12 m
96.12 720.12 l
0.000 G
S
97.12 20.12 m
97.12 720.12 l
0.000 G
S
98.12 20.12 m
98.12 720.12 l
0.000 G
S
99.12 20.12 m
99.12 720.12 l
0.000 G
S
100.12 20.12 m
100.12 720.12 l
0.000 G
S
101.12 20.12 m
101.12 720.12 l
0.000 G
S
102.12 20.12 m
102.12 720.12 l
0.000 G
S
103.12 20.12 m
103.12 720.12 l
0.000 G
S
104.12 20.12 m
104.12 720.12 l
0.000 G
S
105.12 20.12 m
105.12 720.12 l
0.000 G
S
106.12 20.12 m
106.12 720.12 l
0.000 G
S
107.12 20.12 m
107.12 720.12 l
0.000 G
S
108.12 20.12 m
108.12 720.12 l
0.000 G
S
109.12 20.12 m
109.12 720.12 l
0.000 G
S
110.12 20.12 m
110.12 720.12 l
0.000 G
S
111.12 20.12 m
111.12 720.12 l
0.000 G
S
112.12 20.12 m
112.12 720.12 l
0.000 G
S
113.12 20.12 m
113.12 720.12 l
0.000 G
S
114.12 20.12 m
114.12 720.12 l
0.000 G
S
115.12 20.12 m
115.12 720.12 l
0.000 G
S
116.12 20.12 m
116.12 720.12 l
0.000 G
S
117.12 20.12 m
117.12 720.12 l
0.000 G
S
118.12 20.12 m
118.12 720.12 l
0.000 G
S
119.12 20.12 m
119.12 720.12 l
0.000 G
S
120.12 20.12 m
120.12 720.12 l
0.000 G
S
121.12 20.12 m
121.12 720.12 l
0.000 G
S
122.12 20.12 m
122.12 720.12 l
0.000 G
S
123.12 20.12 m
123.12 720.12 l
0.000 G
S
124.12 20.12 m
124.12 720.12 l
0.000 G
S
125.12 20.12 m
125.12 720.12 l
0.000 G
S
126.12 20.12 m
126.12 720.12 l
0.000 G
S
127.12 20.12 m
127.12 720.12 l
0.000 G
S
128.12 20.12 m
128.12 720.12 l
0.000 G
S
129.12 20.12 m
129.12 720.12 l
0.000 G
S
130.12 20.12 m
130.12 720.12 l
0.000 G
S
131.12 20.12 m
131.12 720.12 l
0.000 G
S
132.12 20.12 m
132.12 720.12 l
0.000 G
S
133.12 20.12 m
133.12 720.12 l
0.000 G
S
134.12 20.12 m
134.12 720.12 l
0.000 G
S
135.12 20.12 m
135.12 720.12 l
0.000 G
S
136.12 20.12 m
136.12 720.12 l
0.000 G
S
137.12 20.12 m
137.12 720.12 l
0.000 G
S
138.12 20.12 m
138.12 720.12 l
0.000 G
S
139.12 20.12 m
139.12 720.12 l
0.000 G
S
140.12 20.12 m
140.12 720.12 l
0.000 G
S
141.12 20.12 m
141.12 720.12 l
0.000 G
S
142.12 20.12 m
142.12 720.12 l
0.000 G
S
143.12 20.12 m
143.12 720.12 l
0.000 G
S
144.12 20.12 m
144.12 720.12 l
0.000 G
S
145.12 20.12 m
145.12 720.12 l
0.000 G
S
146.12 20.12 m
146.12 720.12 l
0.000 G
S
147.12 20.12 m
147.12 720.12 l
0.000 G
S
148.12 20.12 m
148.12 720.12 l
0.000 G
S
149.12 20.12 m
149.12 720.12 l
0.000 G
S
150.12 20.12 m
150.12 720.12 l
0.000 G
S
151.12 20.12 m
151.12 720.12 l
0.000 G
S
152.12 20.12 m
152.12 720.12 l
0.000 G
S
153.12 20.12 m
153.12 720.12 l
0.000 G
S
154.12 20.12 m
154.12 720.12 l
0.000 G
S
155.12 20.12 m
155.12 720.12 l
0.000 G
S
156.12 20.12 m
156.12 720.12 l
0.000 G
S
157.12 20.12 m
157.12 720.12 l
0.000 G
S
158.12 20.12 m
158.12 720.12 l
0.000 G
S
159.12 20.12 m
159.12 720.12 l
0.000 G
S
160.12 20.12 m
160.12 720.12 l
0.000 G
S
161.12 20.12 m
161.12 720.12 l
0.000 G
S
162.12 20.12 m
162.12 720.12 l
0.000 G
S
163.12 20.12 m
163.12 720.12 l
0.000 G
S
164.12 20.12 m
164.12 720.12 l
0.000 G
S
165.12 20.12 m
165.12 720.12 l
0.000 G
S
166.12 20.12 m
166.12 720.12 l
0.000 G
S
167.12 20.12 m
167.12 720.12 l
0.000 G
S
168.12 20.12 m
168.12 720.12 l
0.000 G
S
169.12 20.12 m
169.12 720.12 l
0.000 G
S
170.12 20.12 m
170.12 720.12 l
0.000 G
S
171.12 20.12 m
171.12 720.12 l
0.000 G
S
172.12 20.12 m
172.12 720.12 l
0.000 G
S
173.12 20.12 m
173.12 720.12 l
0.000 G
S
174.12 20.12 m
174.12 720.12 l
0.000 G
S
175.12 20.12 m
175.12 720.12 l
0.000 G
S
176.12 20.12 m
176.12 720.12 l
0.000 G
S
177.12 20.12 m
177.12 720.12 l
0.000 G
S
178.12 20.12 m
178.12 720.12 l
0.000 G
S
179.12 20.12 m
179.12 720.12 l
0.000 G
S
180.12 20.12 m
180.12 720.12 l
0.000 G
S
181.12 20.12 m
181.12 720.12 l
0.000 G
S
182.12 20.12 m
182.12 720.12 l
0.000 G
S
183.12 20.12 m
183.12 720.12 l
0.000 G
S
184.12 20.12 m
184.12 720.12 l
0.000 G
S
185.12 20.12 m
185.12 720.12 l
0.000 G
S
186.12 20.12 m
186.12 720.12 l
0.000 G
S
187.12 20.12 m
187.12 720.12 l
0.000 G
S
188.12 20.12 m
188.12 720.12 l
0.000 G
S
189.12 20.12 m
189.12 720.12 l
0.000 G
S
190.12 20.12 m
190.12 720.12 l
0.000 G
S
191.12 20.12 m
191.12 720.12 l
0.000 G
S
192.12 20.12 m
192.12 720.12 l
0.000 G
S
193.12 20.12 m
193.12 720.12 l
0.000 G
S
194.12 20.12 m
194.12 720.12 l
0.000 G
S
195.12 20.12 m
195.12 720.12 l
0.000 G
S
196.12 20.12 m
196.12 720.12 l
0.000 G
S
197.12 20.12 m
197.12 720.12 l
0.000 G
S
198.12 20.12 m
198.12 720.12 l
0.000 G
S
199.12 20.12 m
199.12 720.12 l
0.000 G
S
200.12 20.12 m
200.12 720.12 l
0.000 G
S
201.12 20.12 m
201.12 720.12 l
0.000 G
S
202.12 20.12 m
202.12 720.12 l
0.000 G
S
203.12 20.12 m
203.12 720.12 l
0.000 G
S
204.12 20.12 m
204.12 720.12 l
0.000 G
S
205.12 20.12 m
205.12 720.12 l
0.000 G
S
206.12 20.12 m
206.12 720.12 l
0.000 G
S
207.12 20.12 m
207.12 720.12 l
0.000 G
S
208.12 20.12 m
208.12 720.12 l
0.000 G
S
209.12 20.12 m
209.12 720.12 l
0.000 G
S
210.12 20.12 m
210.12 720.12 l
0.000 G
S
211.12 20.12 m
211.12 720.12 l
0.000 G
S
212.12 20.12 m
212.12 720.12 l
0.000 G
S
213.12 20.12 m
213.12 720.12 l
0.000 G
S
214.12 20.12 m
214.12 720.12 l
0.000 G
S
215.12 20.12 m
215.12 720.12 l
0.000 G
S
216.12 20.12 m
216.12 720.12 l
0.000 G
S
217.12 20.12 m
217.12 720.12 l
0.000 G
S
218.12 20.12 m
218.12 720.12 l
0.000 G
S
219.12 20.12 m
219.12 720.12 l
0.000 G
S

endstream
endobj
14 0 obj
<<
/Contents 15 0 R
/MediaBox [0 0 595 842]
/Parent 2 0 R
/Resources <<
/Font 24 0 R
>>
/Type /Page
>>
endobj
15 0 obj
<<
/Length 8040
>>
stream
20.12 20.12 m
20.12 720.12 l
0.000 G
S
21.12 20.12 m
21.12 720.12 l
0.000 G
S
22.12 20.12 m
22.12 720.12 l
0.000 G
S
23.12 20.12 m
23.12 720.12 l
0.000 G
S
24.12 20.12 m
24.12 720.12 l
0.000 G
S
25.12 20.12 m
25.12 720.12 l
0.000 G
S
26.12 20.12 m
26.12 720.12 l
0.000 G
S
27.12 20.12 m
27.12 720.12 l
0.000 G
S
28.12 20.12 m
28.12 720.12 l
0.000 G
S
29.12 20.12 m
29.12 720.12 l
0.000 G
S
30.12 20.12 m
30.12 720.12 l
0.000 G
S
31.12 20.12 m
31.12 720.12 l
0.000 G
S
32.12 20.12 m
32.12 720.12 l
0.000 G
S
33.12 20.12 m
33.12 720.12 l
0.000 G
S
34.12 20.12 m
34.12 720.12 l
0.000 G
S
35.12 20.12 m
35.12 720.12 l
0.000 G
S
36.12 20.12 m
36.12 720.12 l
0.000 G
S
37.12 20.12 m
37.12 720.12 l
0.000 G
S
38.12 20.12 m
38.12 720.12 l
0.000 G
S
39.12 20.12 m
39.12 720.12 l
0.000 G
S
40.12 20.12 m
40.12 720.12 l
0.000 G
S
41.12 20.12 m
41.12 720.12 l
0.000 G
S
42.12 20.12 m
42.12 720.12 l
0.000 G
S
43.12 20.12 m
43.12 720.12 l
0.000 G
S
44.12 20.12 m
44.12 720.12 l
0.000 G
S
45.12 20.12 m
45.12 720.12 l
0.000 G
S
46.12 20.12 m
46.12 720.12 l
0.000 G
S
47.12 20.12 m
47.12 720.12 l
0.000 G
S
48.12 20.12 m
48.12 720.12 l
0.000 G
S
49.12 20.12 m
49.12 720.12 l
0.000 G
S
50.12 20.12 m
50.12 720.12 l
0.000 G
S
51.12 20.12 m
51.12 720.12 l
0.000 G
S
52.12 20.12 m
52.12 720.12 l
0.000 G
S
53.12 20.12 m
53.12 720.12 l
0.000 G
S
54.12 20.12 m
54.12 720.12 l
0.000 G
S
55.12 20.12 m
55.12 720.12 l
0.000 G
S
56.12 20.12 m
56.12 720.12 l
0.000 G
S
57.12 20.12 m
57.12 720.12 l
0.000 G
S
58.12 20.12 m
58.12 720.12 l
0.000 G
S
59.12 20.12 m
59.12 720.12 l
0.000 G
S
60.12 20.12 m
60.12 720.12 l
0.000 G
S
61.12 20.12 m
61.12 720.12 l
0.000 G
S
62.12 20.12 m
62.12 720.12 l
0.000 G
S
63.12 20.12 m
63.12 720.12 l
0.000 G
S
64.12 20.12 m
64.12 720.12 l
0.000 G
S
65.12 20.12 m
65.12 720.12 l
0.000 G
S
66.12 20.12 m
66.12 720.12 l
0.000 G
S
67.12 20.12 m
67.12 720.12 l
0.000 G
S
68.12 20.12 m
68.12 720.12 l
0.000 G
S
69.12 20.12 m
69.12 720.12 l
0.000 G
S
70.12 20.12 m
70.12 720.12 l
0.000 G
S
71.12 20.12 m
71.12 720.12 l
0.000 G
S
72.12 20.12 m
72.12 720.12 l
0.000 G
S
73.12 20.12 m
73.12 720.12 l
0.000 G
S
74.12 20.12 m
74.12 720.12 l
0.000 G
S
75.12 20.12 m
75.12 720.12 l
0.000 G
S
76.12 20.12 m
76.12 720.12 l
0.000 G
S
77.12 20.12 m
77.12 720.12 l
0.000 G
S
78.12 20.12 m
78.12 720.12 l
0.000 G
S
79.12 20.12 m
79.12 720.12 l
0.000 G
S
80.12 20.12 m
80.12 720.12 l
0.000 G
S
81.12 20.12 m
81.12 720.12 l
0.000 G
S
82.12 20.12 m
82.12 720.12 l
0.000 G
S
83.12 20.12 m
83.12 720.12 l
0.000 G
S
84.12 20.12 m
84.12 720.12 l
0.000 G
S
85.12 20.12 m
85.12 720.12 l
0.000 G
S
86.12 20.12 m
86.12 720.12 l
0.000 G
S
87.12 20.12 m
87.12 720.12 l
0.000 G
S
88.12 20.12 m
88.12 720.12 l
0.000 G
S
89.12 20.12 m
89.12 720.12 l
0.000 G
S
90.12 20.12 m
90.12 720.12 l
0.000 G
S
91.12 20.12 m
91.12 720.12 l
0.000 G
S
92.12 20.12 m
92.12 720.12 l
0.000 G
S
93.12 20.12 m
93.12 720.12 l
0.000 G
S
94.12 20.12 m
94.12 720.12 l
0.000 G
S
95.12 20.12 m
95.12 720.12 l
0.000 G
S
96.12 20.12 m
96.12 720.12 l
0.000 G
S
97.12 20.12 m
97.12 720.12 l
0.000 G
S
98.12 20.12 m
98.12 720.12 l
0.000 G
S
99.12 20.12 m
99.12 720.12 l
0.000 G
S
100.12 20.12 m
100.12 720.12 l
0.000 G
S
101.12 20.12 m
101.12 720.12 l
0.000 G
S
102.12 20.12 m
102.12 720.12 l
0.000 G
S
103.12 20.12 m
103.12 720.12 l
0.000 G
S
104.12 20.12 m
104.12 720.12 l
0.000 G
S
105.12 20.12 m
105.12 720.12 l
0.000 G
S
106.12 20.12 m
106.12 720.12 l
0.000 G
S
107.12 20.12 m
107.12 720.12 l
0.000 G
S
108.12 20.12 m
108.12 720.12 l
0.000 G
S
109.12 20.12 m
109.12 720.12 l
0.000 G
S
110.12 20.12 m
110.12 720.12 l
0.000 G
S
111.12 20.12 m
111.12 720.12 l
0.000 G
S
112.12 20.12 m
112.12 720.12 l
0.000 G
S
113.12 20.12 m
113.12 720.12 l
0.000 G
S
114.12 20.12 m
114.12 720.12 l
0.000 G
S
115.12 20.12 m
115.12 720.12 l
0.000 G
S
116.12 20.12 m
116.12 720.12 l
0.000 G
S
117.12 20.12 m
117.12 720.12 l
0.000 G
S
118.12 20.12 m
118.12 720.12 l
0.000 G
S
119.12 20.12 m
119.12 720.12 l
0.000 G
S
120.12 20.12 m
120.12 720.12 l
0.000 G
S
121.12 20.12 m
121.12 720.12 l
0.000 G
S
122.12 20.12 m
122.12 720.12 l
0.000 G
S
123.12 20.12 m
123.12 720.12 l
0.000 G
S
124.12 20.12 m
124.12 720.12 l
0.000 G
S
125.12 20.12 m
125.12 720.12 l
0.000 G
S
126.12 20.12 m
126.12 720.12 l
0.000 G
S
127.12 20.12 m
127.12 720.12 l
0.000 G
S
128.12 20.12 m
128.12 720.12 l
0.000 G
S
129.12 20.12 m
129.12 720.12 l
0.000 G
S
130.12 20.12 m
130.12 720.12 l
0.000 G
S
131.12 20.12 m
131.12 720.12 l
0.000 G
S
132.12 20.12 m
132.12 720.12 l
0.000 G
S
133.12 20.12 m
133.12 720.12 l
0.000 G
S
134.12 20.12 m
134.12 720.12 l
0.000 G
S
135.12 20.12 m
135.12 720.12 l
0.000 G
S
136.12 20.12 m
136.12 720.12 l
0.000 G
S
137.12 20.12 m
137.12 720.12 l
0.000 G
S
138.12 20.12 m
138.12 720.12 l
0.000 G
S
139.12 20.12 m
139.12 720.12 l
0.000 G
S
140.12 20.12 m
140.12 720.12 l
0.000 G
S
141.12 20.12 m
141.12 720.12 l
0.000 G
S
142.12 20.12 m
142.12 720.12 l
0.000 G
S
143.12 20.12 m
143.12 720.12 l
0.000 G
S
144.12 20.12 m
144.12 720.12 l
0.000 G
S
145.12 20.12 m
145.12 720.12 l
0.000 G
S
146.12 20.12 m
146.12 720.12 l
0.000 G
S
147.12 20.12 m
147.12 720.12 l
0.000 G
S
148.12 20.12 m
148.12 720.12 l
0.000 G
S
149.12 20.12 m
149.12 720.12 l
0.000 G
S
150.12 20.12 m
150.12 720.12 l
0.000 G
S
151.12 20.12 m
151.12 720.12 l
0.000 G
S
152.12 20.12 m
152.12 720.12 l
0.000 G
S
153.12 20.12 m
153.12 720.12 l
0.000 G
S
154.12 20.12 m
154.12 720.12 l
0.000 G
S
155.12 20.12 m
155.12 720.12 l
0.000 G
S
156.12 20.12 m
156.12 720.12 l
0.000 G
S
157.12 20.12 m
157.12 720.12 l
0.000 G
S
158.12 20.12 m
158.12 720.12 l
0.000 G
S
159.12 20.12 m
159.12 720.12 l
0.000 G
S
160.12 20.12 m
160.12 720.12 l
0.000 G
S
161.12 20.12 m
161.12 720.12 l
0.000 G
S
162.12 20.12 m
162.12 720.12 l
0.000 G
S
163.12 20.12 m
163.12 720.12 l
0.000 G
S
164.12 20.12 m
164.12 720.12 l
0.000 G
S
165.12 20.12 m
165.12 720.12 l
0.000 G
S
166.12 20.12 m
166.12 720.12 l
0.000 G
S
167.12 20.12 m
167.12 720.12 l
0.000 G
S
168.12 20.12 m
168.12 720.12 l
0.000 G
S
169.12 20.12 m
169.12 720.12 l
0.000 G
S
170.12 20.12 m
170.12 720.12 l
0.000 G
S
171.12 20.12 m
171.12 720.12 l
0.000 G
S
172.12 20.12 m
172.12 720.12 l
0.000 G
S
173.12 20.12 m
173.12 720.12 l
0.000 G
S
174.12 20.12 m
174.12 720.12 l
0.000 G
S
175.12 20.12 m
175.12 720.12 l
0.000 G
S
176.12 20.12 m
176.12 720.12 l
0.000 G
S
177.12 20.12 m
177.12 720.12 l
0.000 G
S
178.12 20.12 m
178.12 720.12 l
0.000 G
S
179.12 20.12 m
179.12 720.12 l
0.000 G
S
180.12 20.12 m
180.12 720.12 l
0.000 G
S
181.12 20.12 m
181.12 720.12 l
0.000 G
S
182.12 20.12 m
182.12 720.12 l
0.000 G
S
183.12 20.12 m
183.12 720.12 l
0.000 G
S
184.12 20.12 m
184.12 720.12 l
0.000 G
S
185.12 20.12 m
185.12 720.12 l
0.000 G
S
186.12 20.12 m
186.12 720.12 l
0.000 G
S
187.12 20.12 m
187.12 720.12 l
0.000 G
S
188.12 20.12 m
188.12 720.12 l
0.000 G
S
189.12 20.12 m
189.12 720.12 l
0.000 G
S
190.12 20.12 m
190.12 720.12 l
0.000 G
S
191.12 20.12 m
191.12 720.12 l
0.000 G
S
192.12 20.12 m
192.12 720.12 l
0.000 G
S
193.12 20.12 m
193.12 720.12 l
0.000 G
S
194.12 20.12 m
194.12 720.12 l
0.000 G
S
195.12 20.12 m
195.12 720.12 l
0.000 G
S
196.12 20.12 m
196.12 720.12 l
0.000 G
S
197.12 20.12 m
197.12 720.12 l
0.000 G
S
198.12 20.12 m
198.12 720.12 l
0.000 G
S
199.12 20.12 m
199.12 720.12 l
0.000 G
S
200.12 20.12 m
200.12 720.12 l
0.000 G
S
201.12 20.12 m
201.12 720.12 l
0.000 G
S
202.12 20.12 m
202.12 720.12 l
0.000 G
S
203.12 20.12 m
203.12 720.12 l
0.000 G
S
204.12 20.12 m
204.12 720.12 l
0.000 G
S
205.12 20.12 m
205.12 720.12 l
0.000 G
S
206.12 20.12 m
206.12 720.12 l
0.000 G
S
207.12 20.12 m
207.12 720.12 l
0.000 G
S
208.12 20.12 m
208.12 720.12 l
0.000 G
S
209.12 20.12 m
209.12 720.12 l
0.000 G
S
210.12 20.12 m
210.12 720.12 l
0.000 G
S
211.12 20.12 m
211.12 720.12 l
0.000 G
S
212.12 20.12 m
212.12 720.12 l
0.000 G
S
213.12 20.12 m
213.12 720.12 l
0.000 G
S
214.12 20.12 m
214.12 720.12 l
0.000 G
S
215.12 20.12 m
215.12 720.12 l
0.000 G
S
216.12 20.12 m
216.12 720.12 l
0.000 G
S
217.12 20.12 m
217.12 720.12 l
0.000 G
S
218.12 20.12 m
218.12 720.12 l
0.000 G
S
219.12 20.12 m
219.12 720.12 l
0.000 G
S

endstream
endobj
16 0 obj
<<
/Contents 17 0 R
/MediaBox [0 0 595 842]
/Parent 2 0 R
/Resources <<
/Font 24 0 R
>>
/Type /Page
>>
endobj
17 0 obj
<<
/Length 8040
>>
stream
20.12 20.12 m
20.12 720.12 l
0.000 G
S
21.12 20.12 m
21.12 720.12 l
0.000 G
S
22.12 20.12 m
22.12 720.12 l
0.000 G
S
23.12 20.12 m
23.12 720.12 l
0.000 G
S
24.12 20.12 m
24.12 720.12 l
0.000 G
S
25.12 20.12 m
25.12 720.12 l
0.000 G
S
26.12 20.12 m
26.12 720.12 l
0.000 G
S
27.12 20.12 m
27.12 720.12 l
0.000 G
S
28.12 20.12 m
28.12 720.12 l
0.000 G
S
29.12 20.12 m
29.12 720.12 l
0.000 G
S
30.12 20.12 m
30.12 720.12 l
0.000 G
S
31.12 20.12 m
31.12 720.12 l
0.000 G
S
32.12 20.12 m
32.12 720.12 l
0.000 G
S
33.12 20.12 m
33.12 720.12 l
0.000 G
S
34.12 20.12 m
34.12 720.12 l
0.000 G
S
35.12 20.12 m
35.12 720.12 l
0.000 G
S
36.12 20.12 m
36.12 720.12 l
0.000 G
S
37.12 20.12 m
37.12 720.12 l
0.000 G
S
38.12 20.12 m
38.12 720.12 l
0.000 G
S
39.12 20.12 m
39.12 720.12 l
0.000 G
S
40.12 20.12 m
40.12 720.12 l
0.000 G
S
41.12 20.12 m
41.12 720.12 l
0.000 G
S
42.12 20.12 m
42.12 720.12 l
0.000 G
S
43.12 20.12 m
43.12 720.12 l
0.000 G
S
44.12 20.12 m
44.12 720.12 l
0.000 G
S
45.12 20.12 m
45.12 720.12 l
0.000 G
S
46.12 20.12 m
46.12 720.12 l
0.000 G
S
47.12 20.12 m
47.12 720.12 l
0.000 G
S
48.12 20.12 m
48.12 720.12 l
0.000 G
S
49.12 20.12 m
49.12 720.12 l
0.000 G
S
50.12 20.12 m
50.12 720.12 l
0.000 G
S
51.12 20.12 m
51.12 720.12 l
0.000 G
S
52.12 20.12 m
52.12 720.12 l
0.000 G
S
53.12 20.12 m
53.12 720.12 l
0.000 G
S
54.12 20.12 m
54.12 720.12 l
0.000 G
S
55.12 20.12 m
55.12 720.12 l
0.000 G
S
56.12 20.12 m
56.12 720.12 l
0.000 G
S
57.12 20.12 m
57.12 720.12 l
0.000 G
S
58.12 20.12 m
58.12 720.12 l
0.000 G
S
59.12 20.12 m
59.12 720.12 l
0.000 G
S
60.12 20.12 m
60.12 720.12 l
0.000 G
S
61.12 20.12 m
61.12 720.12 l
0.000 G
S
62.12 20.12 m
62.12 720.12 l
0.000 G
S
63.12 20.12 m
63.12 720.12 l
0.000 G
S
64.12 20.12 m
64.12 720.12 l
0.000 G
S
65.12 20.12 m
65.12 720.12 l
0.000 G
S
66.12 20.12 m
66.12 720.12 l
0.000 G
S
67.12 20.12 m
67.12 720.12 l
0.000 G
S
68.12 20.12 m
68.12 720.12 l
0.000 G
S
69.12 20.12 m
69.12 720.12 l
0.000 G
S
70.12 20.12 m
70.12 720.12 l
0.000 G
S
71.12 20.12 m
71.12 720.12 l
0.000 G
S
72.12 20.12 m
72.12 720.12 l
0.000 G
S
73.12 20.12 m
73.12 720.12 l
0.000 G
S
74.12 20.12 m
74.12 720.12 l
0.000 G
S
75.12 20.12 m
75.12 720.12 l
0.000 G
S
76.12 20.12 m
76.12 720.12 l
0.000 G
S
77.12 20.12 m
77.12 720.12 l
0.000 G
S
78.12 20.12 m
78.12 720.12 l
0.000 G
S
79.12 20.12 m
79.12 720.12 l
0.000 G
S
80.12 20.12 m
80.12 720.12 l
0.000 G
S
81.12 20.12 m
81.12 720.12 l
0.000 G
S
82.12 20.12 m
82.12 720.12 l
0.000 G
S
83.12 20.12 m
83.12 720.12 l
0.000 G
S
84.12 20.12 m
84.12 720.12 l
0.000 G
S
85.12 20.12 m
85.12 720.12 l
0.000 G
S
86.12 20.12 m
86.12 720.12 l
0.000 G
S
87.12 20.12 m
87.12 720.12 l
0.000 G
S
88.12 20.12 m
88.12 720.12 l
0.000 G
S
89.12 20.12 m
89.12 720.12 l
0.000 G
S
90.12 20.12 m
90.12 720.12 l
0.000 G
S
91.12 20.12 m
91.12 720.12 l
0.000 G
S
92.12 20.12 m
92.12 720.12 l
0.000 G
S
93.12 20.12 m
93.12 720.12 l
0.000 G
S
94.12 20.12 m
94.12 720.12 l
0.000 G
S
95.12 20.12 m
95.12 720.12 l
0.000 G
S
96.12 20.12 m
96.12 720.12 l
0.000 G
S
97.12 20.12 m
97.12 720.12 l
0.000 G
S
98.12 20.12 m
98.12 720.12 l
0.000 G
S
99.12 20.12 m
99.12 720.12 l
0.000 G
S
100.12 20.12 m
100.12 720.12 l
0.000 G
S
101.12 20.12 m
101.12 720.12 l
0.000 G
S
102.12 20.12 m
102.12 720.12 l
0.000 G
S
103.12 20.12 m
103.12 720.12 l
0.000 G
S
104.12 20.12 m
104.12 720.12 l
0.000 G
S
105.12 20.12 m
105.12 720.12 l
0.000 G
S
106.12 20.12 m
106.12 720.12 l
0.000 G
S
107.12 20.12 m
107.12 720.12 l
0.000 G
S
108.12 20.12 m
108.12 720.12 l
0.000 G
S
109.12 20.12 m
109.12 720.12 l
0.000 G
S
110.12 20.12 m
110.12 720.12 l
0.000 G
S
111.12 20.12 m
111.12 720.12 l
0.000 G
S
112.12 20.12 m
112.12 720.12 l
0.000 G
S
113.12 20.12 m
113.12 720.12 l
0.000 G
S
114.12 20.12 m
114.12 720.12 l
0.000 G
S
115.12 20.12 m
115.12 720.12 l
0.000 G
S
116.12 20.12 m
116.12 720.12 l
0.000 G
S
117.12 20.12 m
117.12 720.12 l
0.000 G
S
118.12 20.12 m
118.12 720.12 l
0.000 G
S
119.12 20.12 m
119.12 720.12 l
0.000 G
S
120.12 20.12 m
120.12 720.12 l
0.000 G
S
121.12 20.12 m
121.12 720.12 l
0.000 G
S
122.12 20.12 m
122.12 720.12 l
0.000 G
S
123.12 20.12 m
123.12 720.12 l
0.000 G
S
124.12 20.12 m
124.12 720.12 l
0.000 G
S
125.12 20.12 m
125.12 720.12 l
0.000 G
S
126.12 20.12 m
126.12 720.12 l
0.000 G
S
127.12 20.12 m
127.12 720.12 l
0.000 G
S
128.12 20.12 m
128.12 720.12 l
0.000 G
S
129.12 20.12 m
129.12 720.12 l
0.000 G
S
130.12 20.12 m
130.12 720.12 l
0.000 G
S
131.12 20.12 m
131.12 720.12 l
0.000 G
S
132.12 20.12 m
132.12 720.12 l
0.000 G
S
133.12 20.12 m
133.12 720.12 l
0.000 G
S
134.12 20.12 m
134.12 720.12 l
0.000 G
S
135.12 20.12 m
135.12 720.12 l
0.000 G
S
136.12 20.12 m
136.12 720.12 l
0.000 G
S
137.12 20.12 m
137.12 720.12 l
0.000 G
S
138.12 20.12 m
138.12 720.12 l
0.000 G
S
139.12 20.12 m
139.12 720.12 l
0.000 G
S
140.12 20.12 m
140.12 720.12 l
0.000 G
S
141.12 20.12 m
141.12 720.12 l
0.000 G
S
142.12 20.12 m
142.12 720.12 l
0.000 G
S
143.12 20.12 m
143.12 720.12 l
0.000 G
S
144.12 20.12 m
144.12 720.12 l
0.000 G
S
145.12 20.12 m
145.12 720.12 l
0.000 G
S
146.12 20.12 m
146.12 720.12 l
0.000 G
S
147.12 20.12 m
147.12 720.12 l
0.000 G
S
148.12 20.12 m
148.12 720.12 l
0.000 G
S
149.12 20.12 m
149.12 720.12 l
0.000 G
S
150.12 20.12 m
150.12 720.12 l
0.000 G
S
151.12 20.12 m
151.12 720.12 l
0.000 G
S
152.12 20.12 m
152.12 720.12 l
0.000 G
S
153.12 20.12 m
153.12 720.12 l
0.000 G
S
154.12 20.12 m
154.12 720.12 l
0.000 G
S
155.12 20.12 m
155.12 720.12 l
0.000 G
S
156.12 20.12 m
156.12 720.12 l
0.000 G
S
157.12 20.12 m
157.12 720.12 l
0.000 G
S
158.12 20.12 m
158.12 720.12 l
0.000 G
S
159.12 20.12 m
159.12 720.12 l
0.000 G
S
160.12 20.12 m
160.12 720.12 l
0.000 G
S
161.12 20.12 m
161.12 720.12 l
0.000 G
S
162.12 20.12 m
162.12 720.12 l
0.000 G
S
163.12 20.12 m
163.12 720.12 l
0.000 G
S
164.12 20.12 m
164.12 720.12 l
0.000 G
S
165.12 20.12 m
165.12 720.12 l
0.000 G
S
166.12 20.12 m
166.12 720.12 l
0.000 G
S
167.12 20.12 m
167.12 720.12 l
0.000 G
S
168.12 20.12 m
168.12 720.12 l
0.000 G
S
169.12 20.12 m
169.12 720.12 l
0.000 G
S
170.12 20.12 m
170.12 720.12 l
0.000 G
S
171.12 20.12 m
171.12 720.12 l
0.000 G
S
172.12 20.12 m
172.12 720.12 l
0.000 G
S
173.12 20.12 m
173.12 720.12 l
0.000 G
S
174.12 20.12 m
174.12 720.12 l
0.000 G
S
175.12 20.12 m
175.12 720.12 l
0.000 G
S
176.12 20.12 m
176.12 720.12 l
0.000 G
S
177.12 20.12 m
177.12 720.12 l
0.000 G
S
178.12 20.12 m
178.12 720.12 l
0.000 G
S
179.12 20.12 m
179.12 720.12 l
0.000 G
S
180.12 20.12 m
180.12 720.12 l
0.000 G
S
181.12 20.12 m
181.12 720.12 l
0.000 G
S
182.12 20.12 m
182.12 720.12 l
0.000 G
S
183.12 20.12 m
183.12 720.12 l
0.000 G
S
184.12 20.12 m
184.12 720.12 l
0.000 G
S
185.12 20.12 m
185.12 720.12 l
0.000 G
S
186.12 20.12 m
186.12 720.12 l
0.000 G
S
187.12 20.12 m
187.12 720.12 l
0.000 G
S
188.12 20.12 m
188.12 720.12 l
0.000 G
S
189.12 20.12 m
189.12 720.12 l
0.000 G
S
190.12 20.12 m
190.12 720.12 l
0.000 G
S
191.12 20.12 m
191.12 720.12 l
0.000 G
S
192.12 20.12 m
192.12 720.12 l
0.000 G
S
193.12 20.12 m
193.12 720.12 l
0.000 G
S
194.12 20.12 m
194.12 720.12 l
0.000 G
S
195.12 20.12 m
195.12 720.12 l
0.000 G
S
196.12 20.12 m
196.12 720.12 l
0.000 G
S
197.12 20.12 m
197.12 720.12 l
0.000 G
S
198.12 20.12 m
198.12 720.12 l
0.000 G
S
199.12 20.12 m
199.12 720.12 l
0.000 G
S
200.12 20.12 m
200.12 720.12 l
0.000 G
S
201.12 20.12 m
201.12 720.12 l
0.000 G
S
202.12 20.12 m
202.12 720.12 l
0.000 G
S
203.12 20.12 m
203.12 720.12 l
0.000 G
S
204.12 20.12 m
204.12 720.12 l
0.000 G
S
205.12 20.12 m
205.12 720.12 l
0.000 G
S
206.12 20.12 m
206.12 720.12 l
0.000 G
S
207.12 20.12 m
207.12 720.12 l
0.000 G
S
208.12 20.12 m
208.12 720.12 l
0.000 G
S
209.12 20.12 m
209.12 720.12 l
0.000 G
S
210.12 20.12 m
210.12 720.12 l
0.000 G
S
211.12 20.12 m
211.12 720.12 l
0.000 G
S
212.12 20.12 m
212.12 720.12 l
0.000 G
S
213.12 20.12 m
213.12 720.12 l
0.000 G
S
214.12 20.12 m
214.12 720.12 l
0.000 G
S
215.12 20.12 m
215.12 720.12 l
0.000 G
S
216.12 20.12 m
216.12 720.12 l
0.000 G
S
217.12 20.12 m
217.12 720.12 l
0.000 G
S
218.12 20.12 m
218.12 720.12 l
0.000 G
S
219.12 20.12 m
219.12 720.12 l
0.000 G
S

endstream
endobj
18 0 obj
<<
/Contents 19 0 R
/MediaBox [0 0 595 842]
/Parent 2 0 R
/Resources <<
/Font 24 0 R
>>
/Type /Page
>>
endobj
19 0 obj
<<
/Length 8040
>>
stream
20.12 20.12 m
20.12 720.12 l
0.000 G
S
21.12 20.12 m
21.12 720.12 l
0.000 G
S
22.12 20.12 m
22.12 720.12 l
0.000 G
S
23.12 20.12 m
23.12 720.12 l
0.000 G
S
24.12 20.12 m
24.12 720.12 l
0.000 G
S
25.12 20.12 m
25.12 720.12 l
0.000 G
S
26.12 20.12 m
26.12 720.12 l
0.000 G
S
27.12 20.12 m
27.12 720.12 l
0.000 G
S
28.12 20.12 m
28.12 720.12 l
0.000 G
S
29.12 20.12 m
29.12 720.12 l
0.000 G
S
30.12 20.12 m
30.12 720.12 l
0.000 G
S
31.12 20.12 m
31.12 720.12 l
0.000 G
S
32.12 20.12 m
32.12 720.12 l
0.000 G
S
33.12 20.12 m
33.12 720.12 l
0.000 G
S
34.12 20.12 m
34.12 720.12 l
0.000 G
S
35.12 20.12 m
35.12 720.12 l
0.000 G
S
36.12 20.12 m
36.12 720.12 l
0.000 G
S
37.12 20.12 m
37.12 720.12 l
0.000 G
S
38.12 20.12 m
38.12 720.12 l
0.000 G
S
39.12 20.12 m
39.12 720.12 l
0.000 G
S
40.12 20.12 m
40.12 720.12 l
0.000 G
S
41.12 20.12 m
41.12 720.12 l
0.000 G
S
42.12 20.12 m
42.12 720.12 l
0.000 G
S
43.12 20.12 m
43.12 720.12 l
0.000 G
S
44.12 20.12 m
44.12 720.12 l
0.000 G
S
45.12 20.12 m
45.12 720.12 l
0.000 G
S
46.12 20.12 m
46.12 720.12 l
0.000 G
S
47.12 20.12 m
47.12 720.12 l
0.000 G
S
48.12 20.12 m
48.12 720.12 l
0.000 G
S
49.12 20.12 m
49.12 720.12 l
0.000 G
S
50.12 20.12 m
50.12 720.12 l
0.000 G
S
51.12 20.12 m
51.12 720.12 l
0.000 G
S
52.12 20.12 m
52.12 720.12 l
0.000 G
S
53.12 20.12 m
53.12 720.12 l
0.000 G
S
54.12 20.12 m
54.12 720.12 l
0.000 G
S
55.12 20.12 m
55.12 720.12 l
0.000 G
S
56.12 20.12 m
56.12 720.12 l
0.000 G
S
57.12 20.12 m
57.12 720.12 l
0.000 G
S
58.12 20.12 m
58.12 720.12 l
0.000 G
S
59.12 20.12 m
59.12 720.12 l
0.000 G
S
60.12 20.12 m
60.12 720.12 l
0.000 G
S
61.12 20.12 m
61.12 720.12 l
0.000 G
S
62.12 20.12 m
62.12 720.12 l
0.000 G
S
63.12 20.12 m
63.12 720.12 l
0.000 G
S
64.12 20.12 m
64.12 720.12 l
0.000 G
S
65.12 20.12 m
65.12 720.12 l
0.000 G
S
66.12 20.12 m
66.12 720.12 l
0.000 G
S
67.12 20.12 m
67.12 720.12 l
0.000 G
S
68.12 20.12 m
68.12 720.12 l
0.000 G
S
69.12 20.12 m
69.12 720.12 l
0.000 G
S
70.12 20.12 m
70.12 720.12 l
0.000 G
S
71.12 20.12 m
71.12 720.12 l
0.000 G
S
72.12 20.12 m
72.12 720.12 l
0.000 G
S
73.12 20.12 m
73.12 720.12 l
0.000 G
S
74.12 20.12 m
74.12 720.12 l
0.000 G
S
75.12 20.12 m
75.12 720.12 l
0.000 G
S
76.12 20.12 m
76.12 720.12 l
0.000 G
S
77.12 20.12 m
77.12 720.12 l
0.000 G
S
78.12 20.12 m
78.12 720.12 l
0.000 G
S
79.12 20.12 m
79.12 720.12 l
0.000 G
S
80.12 20.12 m
80.12 720.12 l
0.000 G
S
81.12 20.12 m
81.12 720.12 l
0.000 G
S
82.12 20.12 m
82.12 720.12 l
0.000 G
S
83.12 20.12 m
83.12 720.12 l
0.000 G
S
84.12 20.12 m
84.12 720.12 l
0.000 G
S
85.12 20.12 m
85.12 720.12 l
0.000 G
S
86.12 20.12 m
86.12 720.12 l
0.000 G
S
87.12 20.12 m
87.12 720.12 l
0.000 G
S
88.12 20.12 m
88.12 720.12 l
0.000 G
S
89.12 20.12 m
89.12 720.12 l
0.000 G
S
90.12 20.12 m
90.12 720.12 l
0.000 G
S
91.12 20.12 m
91.12 720.12 l
0.000 G
S
92.12 20.12 m
92.12 720.12 l
0.000 G
S
93.12 20.12 m
93.12 720.12 l
0.000 G
S
94.12 20.12 m
94.12 720.12 l
0.000 G
S
95.12 20.12 m
95.12 720.12 l
0.000 G
S
96.12 20.12 m
96.12 720.12 l
0.000 G
S
97.12 20.12 m
97.12 720.12 l
0.000 G
S
98.12 20.12 m
98.12 720.12 l
0.000 G
S
99.12 20.12 m
99.12 720.12 l
0.000 G
S
100.12 20.12 m
100.12 720.12 l
0.000 G
S
101.12 20.12 m
101.12 720.12 l
0.000 G
S
102.12 20.12 m
102.12 720.12 l
0.000 G
S
103.12 20.12 m
103.12 720.12 l
0.000 G
S
104.12 20.12 m
104.12 720.12 l
0.000 G
S
105.12 20.12 m
105.12 720.12 l
0.000 G
S
106.12 20.12 m
106.12 720.12 l
0.000 G
S
107.12 20.12 m
107.12 720.12 l
0.000 G
S
108.12 20.12 m
108.12 720.12 l
0.000 G
S
109.12 20.12 m
109.12 720.12 l
0.000 G
S
110.12 20.12 m
110.12 720.12 l
0.000 G
S
111.12 20.12 m
111.12 720.12 l
0.000 G
S
112.12 20.12 m
112.12 720.12 l
0.000 G
S
113.12 20.12 m
113.12 720.12 l
0.000 G
S
114.12 20.12 m
114.12 720.12 l
0.000 G
S
115.12 20.12 m
115.12 720.12 l
0.000 G
S
116.12 20.12 m
116.12 720.12 l
0.000 G
S
117.12 20.12 m
117.12 720.12 l
0.000 G
S
118.12 20.12 m
118.12 720.12 l
0.000 G
S
119.12 20.12 m
119.12 720.12 l
0.000 G
S
120.12 20.12 m
120.12 720.12 l
0.000 G
S
121.12 20.12 m
121.12 720.12 l
0.000 G
S
122.12 20.12 m
122.12 720.12 l
0.000 G
S
123.12 20.12 m
123.12 720.12 l
0.000 G
S
124.12 20.12 m
124.12 720.12 l
0.000 G
S
125.12 20.12 m
125.12 720.12 l
0.000 G
S
126.12 20.12 m
126.12 720.12 l
0.000 G
S
127.12 20.12 m
127.12 720.12 l
0.000 G
S
128.12 20.12 m
128.12 720.12 l
0.000 G
S
129.12 20.12 m
129.12 720.12 l
0.000 G
S
130.12 20.12 m
130.12 720.12 l
0.000 G
S
131.12 20.12 m
131.12 720.12 l
0.000 G
S
132.12 20.12 m
132.12 720.12 l
0.000 G
S
133.12 20.12 m
133.12 720.12 l
0.000 G
S
134.12 20.12 m
134.12 720.12 l
0.000 G
S
135.12 20.12 m
135.12 720.12 l
0.000 G
S
136.12 20.12 m
136.12 720.12 l
0.000 G
S
137.12 20.12 m
137.12 720.12 l
0.000 G
S
138.12 20.12 m
138.12 720.12 l
0.000 G
S
139.12 20.12 m
139.12 720.12 l
0.000 G
S
140.12 20.12 m
140.12 720.12 l
0.000 G
S
141.12 20.12 m
141.12 720.12 l
0.000 G
S
142.12 20.12 m
142.12 720.12 l
0.000 G
S
143.12 20.12 m
143.12 720.12 l
0.000 G
S
144.12 20.12 m
144.12 720.12 l
0.000 G
S
145.12 20.12 m
145.12 720.12 l
0.000 G
S
146.12 20.12 m
146.12 720.12 l
0.000 G
S
147.12 20.12 m
147.12 720.12 l
0.000 G
S
148.12 20.12 m
148.12 720.12 l
0.000 G
S
149.12 20.12 m
149.12 720.12 l
0.000 G
S
150.12 20.12 m
150.12 720.12 l
0.000 G
S
151.12 20.12 m
151.12 720.12 l
0.000 G
S
152.12 20.12 m
152.12 720.12 l
0.000 G
S
153.12 20.12 m
153.12 720.12 l
0.000 G
S
154.12 20.12 m
154.12 720.12 l
0.000 G
S
155.12 20.12 m
155.12 720.12 l
0.000 G
S
156.12 20.12 m
156.12 720.12 l
0.000 G
S
157.12 20.12 m
157.12 720.12 l
0.000 G
S
158.12 20.12 m
158.12 720.12 l
0.000 G
S
159.12 20.12 m
159.12 720.12 l
0.000 G
S
160.12 20.12 m
160.12 720.12 l
0.000 G
S
161.12 20.12 m
161.12 720.12 l
0.000 G
S
162.12 20.12 m
162.12 720.12 l
0.000 G
S
163.12 20.12 m
163.12 720.12 l
0.000 G
S
164.12 20.12 m
164.12 720.12 l
0.000 G
S
165.12 20.12 m
165.12 720.12 l
0.000 G
S
166.12 20.12 m
166.12 720.12 l
0.000 G
S
167.12 20.12 m
167.12 720.12 l
0.000 G
S
168.12 20.12 m
168.12 720.12 l
0.000 G
S
169.12 20.12 m
169.12 720.12 l
0.000 G
S
170.12 20.12 m
170.12 720.12 l
0.000 G
S
171.12 20.12 m
171.12 720.12 l
0.000 G
S
172.12 20.12 m
172.12 720.12 l
0.000 G
S
173.12 20.12 m
173.12 720.12 l
0.000 G
S
174.12 20.12 m
174.12 720.12 l
0.000 G
S
175.12 20.12 m
175.12 720.12 l
0.000 G
S
176.12 20.12 m
176.12 720.12 l
0.000 G
S
177.12 20.12 m
177.12 720.12 l
0.000 G
S
178.12 20.12 m
178.12 720.12 l
0.000 G
S
179.12 20.12 m
179.12 720.12 l
0.000 G
S
180.12 20.12 m
180.12 720.12 l
0.000 G
S
181.12 20.12 m
181.12 720.12 l
0.000 G
S
182.12 20.12 m
182.12 720.12 l
0.000 G
S
183.12 20.12 m
183.12 720.12 l
0.000 G
S
184.12 20.12 m
184.12 720.12 l
0.000 G
S
185.12 20.12 m
185.12 720.12 l
0.000 G
S
186.12 20.12 m
186.12 720.12 l
0.000 G
S
187.12 20.12 m
187.12 720.12 l
0.000 G
S
188.12 20.12 m
188.12 720.12 l
0.000 G
S
189.12 20.12 m
189.12 720.12 l
0.000 G
S
190.12 20.12 m
190.12 720.12 l
0.000 G
S
191.12 20.12 m
191.12 720.12 l
0.000 G
S
192.12 20.12 m
192.12 720.12 l
0.000 G
S
193.12 20.12 m
193.12 720.12 l
0.000 G
S
194.12 20.12 m
194.12 720.12 l
0.000 G
S
195.12 20.12 m
195.12 720.12 l
0.000 G
S
196.12 20.12 m
196.12 720.12 l
0.000 G
S
197.12 20.12 m
197.12 720.12 l
0.000 G
S
198.12 20.12 m
198.12 720.12 l
0.000 G
S
199.12 20.12 m
199.12 720.12 l
0.000 G
S
200.12 20.12 m
200.12 720.12 l
0.000 G
S
201.12 20.12 m
201.12 720.12 l
0.000 G
S
202.12 20.12 m
202.12 720.12 l
0.000 G
S
203.12 20.12 m
203.12 720.12 l
0.000 G
S
204.12 20.12 m
204.12 720.12 l
0.000 G
S
205.12 20.12 m
205.12 720.12 l
0.000 G
S
206.12 20.12 m
206.12 720.12 l
0.000 G
S
207.12 20.12 m
207.12 720.12 l
0.000 G
S
208.12 20.12 m
208.12 720.12 l
0.000 G
S
209.12 20.12 m
209.12 720.12 l
0.000 G
S
210.12 20.12 m
210.12 720.12 l
0.000 G
S
211.12 20.12 m
211.12 720.12 l
0.000 G
S
212.12 20.12 m
212.12 720.12 l
0.000 G
S
213.12 20.12 m
213.12 720.12 l
0.000 G
S
214.12 20.12 m
214.12 720.12 l
0.000 G
S
215.12 20.12 m
215.12 720.12 l
0.000 G
S
216.12 20.12 m
216.12 720.12 l
0.000 G
S
217.12 20.12 m
217.12 720.12 l
0.000 G
S
218.12 20.12 m
218.12 720.12 l
0.000 G
S
219.12 20.12 m
219.12 720.12 l
0.000 G
S

endstream
endobj
20 0 obj
<<
/Contents 21 0 R
/MediaBox [0 0 595 842]
/Parent 2 0 R
/Resources <<
/Font 24 0 R
>>
/Type /Page
>>
endobj
21 0 obj
<<
/Length 8040
>>
stream
20.12 20.12 m
20.12 720.12 l
0.000 G
S
21.12 20.12 m
21.12 720.12 l
0.000 G
S
22.12 20.12 m
22.12 720.12 l
0.000 G
S
23.12 20.12 m
23.12 720.12 l
0.000 G
S
24.12 20.12 m
24.12 720.12 l
0.000 G
S
25.12 20.12 m
25.12 720.12 l
0.000 G
S
26.12 20.12 m
26.12 720.12 l
0.000 G
S
27.12 20.12 m
27.12 720.12 l
0.000 G
S
28.12 20.12 m
28.12 720.12 l
0.000 G
S
29.12 20.12 m
29.12 720.12 l
0.000 G
S
30.12 20.12 m
30.12 720.12 l
0.000 G
S
31.12 20.12 m
31.12 720.12 l
0.000 G
S
32.12 20.12 m
32.12 720.12 l
0.000 G
S
33.12 20.12 m
33.12 720.12 l
0.000 G
S
34.12 20.12 m
34.12 720.12 l
0.000 G
S
35.12 20.12 m
35.12 720.12 l
0.000 G
S
36.12 20.12 m
36.12 720.12 l
0.000 G
S
37.12 20.12 m
37.12 720.12 l
0.000 G
S
38.12 20.12 m
38.12 720.12 l
0.000 G
S
39.12 20.12 m
39.12 720.12 l
0.000 G
S
40.12 20.12 m
40.12 720.12 l
0.000 G
S
41.12 20.12 m
41.12 720.12 l
0.000 G
S
42.12 20.12 m
42.12 720.12 l
0.000 G
S
43.12 20.12 m
43.12 720.12 l
0.000 G
S
44.12 20.12 m
44.12 720.12 l
0.000 G
S
45.12 20.12 m
45.12 720.12 l
0.000 G
S
46.12 20.12 m
46.12 720.12 l
0.000 G
S
47.12 20.12 m
47.12 720.12 l
0.000 G
S
48.12 20.12 m
48.12 720.12 l
0.000 G
S
49.12 20.12 m
49.12 720.12 l
0.000 G
S
50.12 20.12 m
50.12 720.12 l
0.000 G
S
51.12 20.12 m
51.12 720.12 l
0.000 G
S
52.12 20.12 m
52.12 720.12 l
0.000 G
S
53.12 20.12 m
53.12 720.12 l
0.000 G
S
54.12 20.12 m
54.12 720.12 l
0.000 G
S
55.12 20.12 m
55.12 720.12 l
0.000 G
S
56.12 20.12 m
56.12 720.12 l
0.000 G
S
57.12 20.12 m
57.12 720.12 l
0.000 G
S
58.12 20.12 m
58.12 720.12 l
0.000 G
S
59.12 20.12 m
59.12 720.12 l
0.000 G
S
60.12 20.12 m
60.12 720.12 l
0.000 G
S
61.12 20.12 m
61.12 720.12 l
0.000 G
S
62.12 20.12 m
62.12 720.12 l
0.000 G
S
63.12 20.12 m
63.12 720.12 l
0.000 G
S
64.12 20.12 m
64.12 720.12 l
0.000 G
S
65.12 20.12 m
65.12 720.12 l
0.000 G
S
66.12 20.12 m
66.12 720.12 l
0.000 G
S
67.12 20.12 m
67.12 720.12 l
0.000 G
S
68.12 20.12 m
68.12 720.12 l
0.000 G
S
69.12 20.12 m
69.12 720.12 l
0.000 G
S
70.12 20.12 m
70.12 720.12 l
0.000 G
S
71.12 20.12 m
71.12 720.12 l
0.000 G
S
72.12 20.12 m
72.12 720.12 l
0.000 G
S
73.12 20.12 m
73.12 720.12 l
0.000 G
S
74.12 20.12 m
74.12 720.12 l
0.000 G
S
75.12 20.12 m
75.12 720.12 l
0.000 G
S
76.12 20.12 m
76.12 720.12 l
0.000 G
S
77.12 20.12 m
77.12 720.12 l
0.000 G
S
78.12 20.12 m
78.12 720.12 l
0.000 G
S
79.12 20.12 m
79.12 720.12 l
0.000 G
S
80.12 20.12 m
80.12 720.12 l
0.000 G
S
81.12 20.12 m
81.12 720.12 l
0.000 G
S
82.12 20.12 m
82.12 720.12 l
0.000 G
S
83.12 20.12 m
83.12 720.12 l
0.000 G
S
84.12 20.12 m
84.12 720.12 l
0.000 G
S
85.12 20.12 m
85.12 720.12 l
0.000 G
S
86.12 20.12 m
86.12 720.12 l
0.000 G
S
87.12 20.12 m
87.12 720.12 l
0.000 G
S
88.12 20.12 m
88.12 720.12 l
0.000 G
S
89.12 20.12 m
89.12 720.12 l
0.000 G
S
90.12 20.12 m
90.12 720.12 l
0.000 G
S
91.12 20.12 m
91.12 720.12 l
0.000 G
S
92.12 20.12 m
92.12 720.12 l
0.000 G
S
93.12 20.12 m
93.12 720.12 l
0.000 G
S
94.12 20.12 m
94.12 720.12 l
0.000 G
S
95.12 20.12 m
95.12 720.12 l
0.000 G
S
96.12 20.12 m
96.12 720.12 l
0.000 G
S
97.12 20.12 m
97.12 720.12 l
0.000 G
S
98.12 20.12 m
98.12 720.12 l
0.000 G
S
99.12 20.12 m
99.12 720.12 l
0.000 G
S
100.12 20.12 m
100.12 720.12 l
0.000 G
S
101.12 20.12 m
101.12 720.12 l
0.000 G
S
102.12 20.12 m
102.12 720.12 l
0.000 G
S
103.12 20.12 m
103.12 720.12 l
0.000 G
S
104.12 20.12 m
104.12 720.12 l
0.000 G
S
105.12 20.12 m
105.12 720.12 l
0.000 G
S
106.12 20.12 m
106.12 720.12 l
0.000 G
S
107.12 20.12 m
107.12 720.12 l
0.000 G
S
108.12 20.12 m
108.12 720.12 l
0.000 G
S
109.12 20.12 m
109.12 720.12 l
0.000 G
S
110.12 20.12 m
110.12 720.12 l
0.000 G
S
111.12 20.12 m
111.12 720.12 l
0.000 G
S
112.12 20.12 m
112.12 720.12 l
0.000 G
S
113.12 20.12 m
113.12 720.12 l
0.000 G
S
114.12 20.12 m
114.12 720.12 l
0.000 G
S
115.12 20.12 m
115.12 720.12 l
0.000 G
S
116.12 20.12 m
116.12 720.12 l
0.000 G
S
117.12 20.12 m
117.12 720.12 l
0.000 G
S
118.12 20.12 m
118.12 720.12 l
0.000 G
S
119.12 20.12 m
119.12 720.12 l
0.000 G
S
120.12 20.12 m
120.12 720.12 l
0.000 G
S
121.12 20.12 m
121.12 720.12 l
0.000 G
S
122.12 20.12 m
122.12 720.12 l
0.000 G
S
123.12 20.12 m
123.12 720.12 l
0.000 G
S
124.12 20.12 m
124.12 720.12 l
0.000 G
S
125.12 20.12 m
125.12 720.12 l
0.000 G
S
126.12 20.12 m
126.12 720.12 l
0.000 G
S
127.12 20.12 m
127.12 720.12 l
0.000 G
S
128.12 20.12 m
128.12 720.12 l
0.000 G
S
129.12 20.12 m
129.12 720.12 l
0.000 G
S
130.12 20.12 m
130.12 720.12 l
0.000 G
S
131.12 20.12 m
131.12 720.12 l
0.000 G
S
132.12 20.12 m
132.12 720.12 l
0.000 G
S
133.12 20.12 m
133.12 720.12 l
0.000 G
S
134.12 20.12 m
134.12 720.12 l
0.000 G
S
135.12 20.12 m
135.12 720.12 l
0.000 G
S
136.12 20.12 m
136.12 720.12 l
0.000 G
S
137.12 20.12 m
137.12 720.12 l
0.000 G
S
138.12 20.12 m
138.12 720.12 l
0.000 G
S
139.12 20.12 m
139.12 720.12 l
0.000 G
S
140.12 20.12 m
140.12 720.12 l
0.000 G
S
141.12 20.12 m
141.12 720.12 l
0.000 G
S
142.12 20.12 m
142.12 720.12 l
0.000 G
S
143.12 20.12 m
143.12 720.12 l
0.000 G
S
144.12 20.12 m
144.12 720.12 l
0.000 G
S
145.12 20.12 m
145.12 720.12 l
0.000 G
S
146.12 20.12 m
146.12 720.12 l
0.000 G
S
147.12 20.12 m
147.12 720.12 l
0.000 G
S
148.12 20.12 m
148.12 720.12 l
0.000 G
S
149.12 20.12 m
149.12 720.12 l
0.000 G
S
150.12 20.12 m
150.12 720.12 l
0.000 G
S
151.12 20.12 m
151.12 720.12 l
0.000 G
S
152.12 20.12 m
152.12 720.12 l
0.000 G
S
153.12 20.12 m
153.12 720.12 l
0.000 G
S
154.12 20.12 m
154.12 720.12 l
0.000 G
S
155.12 20.12 m
155.12 720.12 l
0.000 G
S
156.12 20.12 m
156.12 720.12 l
0.000 G
S
157.12 20.12 m
157.12 720.12 l
0.000 G
S
158.12 20.12 m
158.12 720.12 l
0.000 G
S
159.12 20.12 m
159.12 720.12 l
0.000 G
S
160.12 20.12 m
160.12 720.12 l
0.000 G
S
161.12 20.12 m
161.12 720.12 l
0.000 G
S
162.12 20.12 m
162.12 720.12 l
0.000 G
S
163.12 20.12 m
163.12 720.12 l
0.000 G
S
164.12 20.12 m
164.12 720.12 l
0.000 G
S
165.12 20.12 m
165.12 720.12 l
0.000 G
S
166.12 20.12 m
166.12 720.12 l
0.000 G
S
167.12 20.12 m
167.12 720.12 l
0.000 G
S
168.12 20.12 m
168.12 720.12 l
0.000 G
S
169.12 20.12 m
169.12 720.12 l
0.000 G
S
170.12 20.12 m
170.12 720.12 l
0.000 G
S
171.12 20.12 m
171.12 720.12 l
0.000 G
S
172.12 20.12 m
172.12 720.12 l
0.000 G
S
173.12 20.12 m
173.12 720.12 l
0.000 G
S
174.12 20.12 m
174.12 720.12 l
0.000 G
S
175.12 20.12 m
175.12 720.12 l
0.000 G
S
176.12 20.12 m
176.12 720.12 l
0.000 G
S
177.12 20.12 m
177.12 720.12 l
0.000 G
S
178.12 20.12 m
178.12 720.12 l
0.000 G
S
179.12 20.12 m
179.12 720.12 l
0.000 G
S
180.12 20.12 m
180.12 720.12 l
0.000 G
S
181.12 20.12 m
181.12 720.12 l
0.000 G
S
182.12 20.12 m
182.12 720.12 l
0.000 G
S
183.12 20.12 m
183.12 720.12 l
0.000 G
S
184.12 20.12 m
184.12 720.12 l
0.000 G
S
185.12 20.12 m
185.12 720.12 l
0.000 G
S
186.12 20.12 m
186.12 720.12 l
0.000 G
S
187.12 20.12 m
187.12 720.12 l
0.000 G
S
188.12 20.12 m
188.12 720.12 l
0.000 G
S
189.12 20.12 m
189.12 720.12 l
0.000 G
S
190.12 20.12 m
190.12 720.12 l
0.000 G
S
191.12 20.12 m
191.12 720.12 l
0.000 G
S
192.12 20.12 m
192.12 720.12 l
0.000 G
S
193.12 20.12 m
193.12 720.12 l
0.000 G
S
194.12 20.12 m
194.12 720.12 l
0.000 G
S
195.12 20.12 m
195.12 720.12 l
0.000 G
S
196.12 20.12 m
196.12 720.12 l
0.000 G
S
197.12 20.12 m
197.12 720.12 l
0.000 G
S
198.12 20.12 m
198.12 720.12 l
0.000 G
S
199.12 20.12 m
199.12 720.12 l
0.000 G
S
200.12 20.12 m
200.12 720.12 l
0.000 G
S
201.12 20.12 m
201.12 720.12 l
0.000 G
S
202.12 20.12 m
202.12 720.12 l
0.000 G
S
203.12 20.12 m
203.12 720.12 l
0.000 G
S
204.12 20.12 m
204.12 720.12 l
0.000 G
S
205.12 20.12 m
205.12 720.12 l
0.000 G
S
206.12 20.12 m
206.12 720.12 l
0.000 G
S
207.12 20.12 m
207.12 720.12 l
0.000 G
S
208.12 20.12 m
208.12 720.12 l
0.000 G
S
209.12 20.12 m
209.12 720.12 l
0.000 G
S
210.12 20.12 m
210.12 720.12 l
0.000 G
S
211.12 20.12 m
211.12 720.12 l
0.000 G
S
212.12 20.12 m
212.12 720.12 l
0.000 G
S
213.12 20.12 m
213.12 720.12 l
0.000 G
S
214.12 20.12 m
214.12 720.12 l
0.000 G
S
215.12 20.12 m
215.12 720.12 l
0.000 G
S
216.12 20.12 m
216.12 720.12 l
0.000 G
S
217.12 20.12 m
217.12 720.12 l
0.000 G
S
218.12 20.12 m
218.12 720.12 l
0.000 G
S
219.12 20.12 m
219.12 720.12 l
0.000 G
S

endstream
endobj
22 0 obj
<<
/Contents 23 0 R
/MediaBox [0 0 595 842]
/Parent 2 0 R
/Resources <<
/Font 24 0 R
>>
/Type /Page
>>
endobj
23 0 obj
<<
/Length 8040
>>
stream
20.12 20.12 m
20.12 720.12 l
0.000 G
S
21.12 20.12 m
21.12 720.12 l
0.000 G
S
22.12 20.12 m
22.12 720.12 l
0.000 G
S
23.12 20.12 m
23.12 720.12 l
0.000 G
S
24.12 20.12 m
24.12 720.12 l
0.000 G
S
25.12 20.12 m
25.12 720.12 l
0.000 G
S
26.12 20.12 m
26.12 720.12 l
0.000 G
S
27.12 20.12 m
27.12 720.12 l
0.000 G
S
28.12 20.12 m
28.12 720.12 l
0.000 G
S
29.12 20.12 m
29.12 720.12 l
0.000 G
S
30.12 20.12 m
30.12 720.12 l
0.000 G
S
31.12 20.12 m
31.12 720.12 l
0.000 G
S
32.12 20.12 m
32.12 720.12 l
0.000 G
S
33.12 20.12 m
33.12 720.12 l
0.000 G
S
34.12 20.12 m
34.12 720.12 l
0.000 G
S
35.12 20.12 m
35.12 720.12 l
0.000 G
S
36.12 20.12 m
36.12 720.12 l
0.000 G
S
37.12 20.12 m
37.12 720.12 l
0.000 G
S
38.12 20.12 m
38.12 720.12 l
0.000 G
S
39.12 20.12 m
39.12 720.12 l
0.000 G
S
40.12 20.12 m
40.12 720.12 l
0.000 G
S
41.12 20.12 m
41.12 720.12 l
0.000 G
S
42.12 20.12 m
42.12 720.12 l
0.000 G
S
43.12 20.12 m
43.12 720.12 l
0.000 G
S
44.12 20.12 m
44.12 720.12 l
0.000 G
S
45.12 20.12 m
45.12 720.12 l
0.000 G
S
46.12 20.12 m
46.12 720.12 l
0.000 G
S
47.12 20.12 m
47.12 720.12 l
0.000 G
S
48.12 20.12 m
48.12 720.12 l
0.000 G
S
49.12 20.12 m
49.12 720.12 l
0.000 G
S
50.12 20.12 m
50.12 720.12 l
0.000 G
S
51.12 20.12 m
51.12 720.12 l
0.000 G
S
52.12 20.12 m
52.12 720.12 l
0.000 G
S
53.12 20.12 m
53.12 720.12 l
0.000 G
S
54.12 20.12 m
54.12 720.12 l
0.000 G
S
55.12 20.12 m
55.12 720.12 l
0.000 G
S
56.12 20.12 m
56.12 720.12 l
0.000 G
S
57.12 20.12 m
57.12 720.12 l
0.000 G
S
58.12 20.12 m
58.12 720.12 l
0.000 G
S
59.12 20.12 m
59.12 720.12 l
0.000 G
S
60.12 20.12 m
60.12 720.12 l
0.000 G
S
61.12 20.12 m
61.12 720.12 l
0.000 G
S
62.12 20.12 m
62.12 720.12 l
0.000 G
S
63.12 20.12 m
63.12 720.12 l
0.000 G
S
64.12 20.12 m
64.12 720.12 l
0.000 G
S
65.12 20.12 m
65.12 720.12 l
0.000 G
S
66.12 20.12 m
66.12 720.12 l
0.000 G
S
67.12 20.12 m
67.12 720.12 l
0.000 G
S
68.12 20.12 m
68.12 720.12 l
0.000 G
S
69.12 20.12 m
69.12 720.12 l
0.000 G
S
70.12 20.12 m
70.12 720.12 l
0.000 G
S
71.12 20.12 m
71.12 720.12 l
0.000 G
S
72.12 20.12 m
72.12 720.12 l
0.000 G
S
73.12 20.12 m
73.12 720.12 l
0.000 G
S
74.12 20.12 m
74.12 720.12 l
0.000 G
S
75.12 20.12 m
75.12 720.12 l
0.000 G
S
76.12 20.12 m
76.12 720.12 l
0.000 G
S
77.12 20.12 m
77.12 720.12 l
0.000 G
S
78.12 20.12 m
78.12 720.12 l
0.000 G
S
79.12 20.12 m
79.12 720.12 l
0.000 G
S
80.12 20.12 m
80.12 720.12 l
0.000 G
S
81.12 20.12 m
81.12 720.12 l
0.000 G
S
82.12 20.12 m
82.12 720.12 l
0.000 G
S
83.12 20.12 m
83.12 720.12 l
0.000 G
S
84.12 20.12 m
84.12 720.12 l
0.000 G
S
85.12 20.12 m
85.12 720.12 l
0.000 G
S
86.12 20.12 m
86.12 720.12 l
0.000 G
S
87.12 20.12 m
87.12 720.12 l
0.000 G
S
88.12 20.12 m
88.12 720.12 l
0.000 G
S
89.12 20.12 m
89.12 720.12 l
0.000 G
S
90.12 20.12 m
90.12 720.12 l
0.000 G
S
91.12 20.12 m
91.12 720.12 l
0.000 G
S
92.12 20.12 m
92.12 720.12 l
0.000 G
S
93.12 20.12 m
93.12 720.12 l
0.000 G
S
94.12 20.12 m
94.12 720.12 l
0.000 G
S
95.12 20.12 m
95.12 720.12 l
0.000 G
S
96.12 20.12 m
96.12 720.12 l
0.000 G
S
97.12 20.12 m
97.12 720.12 l
0.000 G
S
98.12 20.12 m
98.12 720.12 l
0.000 G
S
99.12 20.12 m
99.12 720.12 l
0.000 G
S
100.12 20.12 m
100.12 720.12 l
0.000 G
S
101.12 20.12 m
101.12 720.12 l
0.000 G
S
102.12 20.12 m
102.12 720.12 l
0.000 G
S
103.12 20.12 m
103.12 720.12 l
0.000 G
S
104.12 20.12 m
104.12 720.12 l
0.000 G
S
105.12 20.12 m
105.12 720.12 l
0.000 G
S
106.12 20.12 m
106.12 720.12 l
0.000 G
S
107.12 20.12 m
107.12 720.12 l
0.000 G
S
108.12 20.12 m
108.12 720.12 l
0.000 G
S
109.12 20.12 m
109.12 720.12 l
0.000 G
S
110.12 20.12 m
110.12 720.12 l
0.000 G
S
111.12 20.12 m
111.12 720.12 l
0.000 G
S
112.12 20.12 m
112.12 720.12 l
0.000 G
S
113.12 20.12 m
113.12 720.12 l
0.000 G
S
114.12 20.12 m
114.12 720.12 l
0.000 G
S
115.12 20.12 m
115.12 720.12 l
0.000 G
S
116.12 20.12 m
116.12 720.12 l
0.000 G
S
117.12 20.12 m
117.12 720.12 l
0.000 G
S
118.12 20.12 m
118.12 720.12 l
0.000 G
S
119.12 20.12 m
119.12 720.12 l
0.000 G
S
120.12 20.12 m
120.12 720.12 l
0.000 G
S
121.12 20.12 m
121.12 720.12 l
0.000 G
S
122.12 20.12 m
122.12 720.12 l
0.000 G
S
123.12 20.12 m
123.12 720.12 l
0.000 G
S
124.12 20.12 m
124.12 720.12 l
0.000 G
S
125.12 20.12 m
125.12 720.12 l
0.000 G
S
126.12 20.12 m
126.12 720.12 l
0.000 G
S
127.12 20.12 m
127.12 720.12 l
0.000 G
S
128.12 20.12 m
128.12 720.12 l
0.000 G
S
129.12 20.12 m
129.12 720.12 l
0.000 G
S
130.12 20.12 m
130.12 720.12 l
0.000 G
S
131.12 20.12 m
131.12 720.12 l
0.000 G
S
132.12 20.12 m
132.12 720.12 l
0.000 G
S
133.12 20.12 m
133.12 720.12 l
0.000 G
S
134.12 20.12 m
134.12 720.12 l
0.000 G
S
135.12 20.12 m
135.12 720.12 l
0.000 G
S
136.12 20.12 m
136.12 720.12 l
0.000 G
S
137.12 20.12 m
137.12 720.12 l
0.000 G
S
138.12 20.12 m
138.12 720.12 l
0.000 G
S
139.12 20.12 m
139.12 720.12 l
0.000 G
S
140.12 20.12 m
140.12 720.12 l
0.000 G
S
141.12 20.12 m
141.12 720.12 l
0.000 G
S
142.12 20.12 m
142.12 720.12 l
0.000 G
S
143.12 20.12 m
143.12 720.12 l
0.000 G
S
144.12 20.12 m
144.12 720.12 l
0.000 G
S
145.12 20.12 m
145.12 720.12 l
0.000 G
S
146.12 20.12 m
146.12 720.12 l
0.000 G
S
147.12 20.12 m
147.12 720.12 l
0.000 G
S
148.12 20.12 m
148.12 720.12 l
0.000 G
S
149.12 20.12 m
149.12 720.12 l
0.000 G
S
150.12 20.12 m
150.12 720.12 l
0.000 G
S
151.12 20.12 m
151.12 720.12 l
0.000 G
S
152.12 20.12 m
152.12 720.12 l
0.000 G
S
153.12 20.12 m
153.12 720.12 l
0.000 G
S
154.12 20.12 m
154.12 720.12 l
0.000 G
S
155.12 20.12 m
155.12 720.12 l
0.000 G
S
156.12 20.12 m
156.12 720.12 l
0.000 G
S
157.12 20.12 m
157.12 720.12 l
0.000 G
S
158.12 20.12 m
158.12 720.12 l
0.000 G
S
159.12 20.12 m
159.12 720.12 l
0.000 G
S
160.12 20.12 m
160.12 720.12 l
0.000 G
S
161.12 20.12 m
161.12 720.12 l
0.000 G
S
162.12 20.12 m
162.12 720.12 l
0.000 G
S
163.12 20.12 m
163.12 720.12 l
0.000 G
S
164.12 20.12 m
164.12 720.12 l
0.000 G
S
165.12 20.12 m
165.12 720.12 l
0.000 G
S
166.12 20.12 m
166.12 720.12 l
0.000 G
S
167.12 20.12 m
167.12 720.12 l
0.000 G
S
168.12 20.12 m
168.12 720.12 l
0.000 G
S
169.12 20.12 m
169.12 720.12 l
0.000 G
S
170.12 20.12 m
170.12 720.12 l
0.000 G
S
171.12 20.12 m
171.12 720.12 l
0.000 G
S
172.12 20.12 m
172.12 720.12 l
0.000 G
S
173.12 20.12 m
173.12 720.12 l
0.000 G
S
174.12 20.12 m
174.12 720.12 l
0.000 G
S
175.12 20.12 m
175.12 720.12 l
0.000 G
S
176.12 20.12 m
176.12 720.12 l
0.000 G
S
177.12 20.12 m
177.12 720.12 l
0.000 G
S
178.12 20.12 m
178.12 720.12 l
0.000 G
S
179.12 20.12 m
179.12 720.12 l
0.000 G
S
180.12 20.12 m
180.12 720.12 l
0.000 G
S
181.12 20.12 m
181.12 720.12 l
0.000 G
S
182.12 20.12 m
182.12 720.12 l
0.000 G
S
183.12 20.12 m
183.12 720.12 l
0.000 G
S
184.12 20.12 m
184.12 720.12 l
0.000 G
S
185.12 20.12 m
185.12 720.12 l
0.000 G
S
186.12 20.12 m
186.12 720.12 l
0.000 G
S
187.12 20.12 m
187.12 720.12 l
0.000 G
S
188.12 20.12 m
188.12 720.12 l
0.000 G
S
189.12 20.12 m
189.12 720.12 l
0.000 G
S
190.12 20.12 m
190.12 720.12 l
0.000 G
S
191.12 20.12 m
191.12 720.12 l
0.000 G
S
192.12 20.12 m
192.12 720.12 l
0.000 G
S
193.12 20.12 m
193.12 720.12 l
0.000 G
S
194.12 20.12 m
194.12 720.12 l
0.000 G
S
195.12 20.12 m
195.12 720.12 l
0.000 G
S
196.12 20.12 m
196.12 720.12 l
0.000 G
S
197.12 20.12 m
197.12 720.12 l
0.000 G
S
198.12 20.12 m
198.12 720.12 l
0.000 G
S
199.12 20.12 m
199.12 720.12 l
0.000 G
S
200.12 20.12 m
200.12 720.12 l
0.000 G
S
201.12 20.12 m
201.12 720.12 l
0.000 G
S
202.12 20.12 m
202.12 720.12 l
0.000 G
S
203.12 20.12 m
203.12 720.12 l
0.000 G
S
204.12 20.12 m
204.12 720.12 l
0.000 G
S
205.12 20.12 m
205.12 720.12 l
0.000 G
S
206.12 20.12 m
206.12 720.12 l
0.000 G
S
207.12 20.12 m
207.12 720.12 l
0.000 G
S
208.12 20.12 m
208.12 720.12 l
0.000 G
S
209.12 20.12 m
209.12 720.12 l
0.000 G
S
210.12 20.12 m
210.12 720.12 l
0.000 G
S
211.12 20.12 m
211.12 720.12 l
0.000 G
S
212.12 20.12 m
212.12 720.12 l
0.000 G
S
213.12 20.12 m
213.12 720.12 l
0.000 G
S
214.12 20.12 m
214.12 720.12 l
0.000 G
S
215.12 20.12 m
215.12 720.12 l
0.000 G
S
216.12 20.12 m
216.12 720.12 l
0.000 G
S
217.12 20.12 m
217.12 720.12 l
0.000 G
S
218.12 20.12 m
218.12 720.12 l
0.000 G
S
219.12 20.12 m
219.12 720.12 l
0.000 G
S

endstream
endobj
25 0 obj
<<
/Length 2651
/Subtype /XML
/Type /Metadata
>>
stream
<?xpacket begin="Ôªø" id="W5M0MpCehiHzreSzNTczkc9d"?>
<x:xmpmeta xmlns:x="adobe:ns:meta/" x:xmptk="oxidize-pdf 1.4.0">
  <rdf:RDF xmlns:rdf="http://www.w3.org/1999/02/22-rdf-syntax-ns#">
    <rdf:Description rdf:about=""
        xmlns:pdf="http://ns.adobe.com/pdf/1.3/"
        xmlns:xmp="http://ns.adobe.com/xap/1.0/">
      <xmp:CreatorTool>oxidize_pdf</xmp:CreatorTool>
      <xmp:CreateDate>2026-10-09T10:23:35.150213257+00:00</xmp:CreateDate>
      <xmp:ModifyDate>2026-10-09T10:23:35.150317243+00:00</xmp:ModifyDate>
      <pdf:Producer>oxidize_pdf v5.4.1 (MIT)</pdf:Producer>
    </rdf:Description>
  </rdf:RDF>
</x:xmpmeta>
<?xpacket end="w"?>                                                                                                                                                                                                                                                                                                                                                                                                                                                                                                                                                                                                                                                                                                                                                                                                                                                                                                                                                                                                                                                                                                                                                                                                                                                                                                                                                                                                                                                                                                                                                                                                                                                                                                                                                                                                                                                                                                                                                                                                                                                                                
endstream
endobj
1 0 obj
<<
/Metadata 25 0 R
/Pages 2 0 R
/Type /Catalog
>>
endobj
3 0 obj
<<
/CreationDate (D:20261009102335+00'00)
/Creator (oxidize_pdf)
/ModDate (D:20261009102335+00'00)
/Producer (oxidize_pdf v5.4.1 \(MIT\))
/oxidize-pdf-build (oxpdf-a75c81fe3080e033)
/oxidize-pdf-edition (OpenSource)
/oxidize-pdf-features (0000)
>>
endobj
xref
0 26
0000000000 65535 f 
0000086227 00000 n 
0000000015 00000 n 
0000086293 00000 n 
0000001382 00000 n 
0000001499 00000 n 
0000009591 00000 n 
0000009708 00000 n 
0000017800 00000 n 
0000017917 00000 n 
0000026009 00000 n 
0000026128 00000 n 
0000034221 00000 n 
0000034340 00000 n 
0000042433 00000 n 
0000042552 00000 n 
0000050645 00000 n 
0000050764 00000 n 
0000058857 00000 n 
0000058976 00000 n 
0000067069 00000 n 
0000067188 00000 n 
0000075281 00000 n 
0000075400 00000 n 
0000000134 00000 n 
0000083493 00000 n 
trailer
<<
/Info 3 0 R
/Root 1 0 R
/Size 26
>>
startxref
86556
%%EOF
