%PDF-1.7
%‚„œ”
2 0 obj
<<
/Count 1
/Kids [4 0 R]
/Type /Pages
>>
endobj
4 0 obj
<<
/Contents 5 0 R
/MediaBox [0 0 595 842]
/Parent 2 0 R
/Resources <<
/Font <<
/Courier <<
/BaseFont /Courier
/Encoding /WinAnsiEncoding
/Subtype /Type1
/Type /Font
>>
/Courier-Bold <<
/BaseFont /Courier-Bold
/Encoding /WinAnsiEncoding
/Subtype /Type1
/Type /Font
>>
/Courier-BoldOblique <<
/BaseFont /Courier-BoldOblique
/Encoding /WinAnsiEncoding
/Subtype /Type1
/Type /Font
>>
/Courier-Oblique <<
/BaseFont /Courier-Oblique
/Encoding /WinAnsiEncoding
/Subtype /Type1
/Type /Font
>>
/Helvetica <<
/BaseFont /Helvetica
/Encoding /WinAnsiEncoding
/Subtype /Type1
/Type /Font
>>
/Helvetica-Bold <<
/BaseFont /Helvetica-Bold
/Encoding /WinAnsiEncoding
/Subtype /Type1
/Type /Font
>>
/Helvetica-BoldOblique <<
/BaseFont /Helvetica-BoldOblique
/Encoding /WinAnsiEncoding
/Subtype /Type1
/Type /Font
>>
/Helvetica-Oblique <<
/BaseFont /Helvetica-Oblique
/Encoding /WinAnsiEncoding
/Subtype /Type1
/Type /Font
>>
/Times-Bold <<
/BaseFont /Times-Bold
/Encoding /WinAnsiEncoding
/Subtype /Type1
/Type /Font
>>
/Times-BoldItalic <<
/BaseFont /Times-BoldItalic
/Encoding /WinAnsiEncoding
/Subtype /Type1
/Type /Font
>>
/Times-Italic <<
/BaseFont /Times-Italic
/Encoding /WinAnsiEncoding
/Subtype /Type1
/Type /Font
>>
/Times-Roman <<
/BaseFont /Times-Roman
/Encoding /WinAnsiEncoding
/Subtype /Type1
/Type /Font
>>
>>
>>
/Type /Page
>>
endobj
5 0 obj
<<
/Length 2056
>>
stream
BT
/Helvetica 10 Tf
0.000 g
50.00 790.00 Td
(Invoice benchmark | Page 0001/0001) Tj
ET
BT
/Helvetica 10 Tf
0.000 g
50.00 770.00 Td
(Item 01 | Qty 2 | Unit 12.50 | Total 25.00) Tj
ET
BT
/Helvetica 10 Tf
0.000 g
50.00 750.00 Td
(Item 02 | Qty 2 | Unit 12.50 | Total 25.00) Tj
ET
BT
/Helvetica 10 Tf
0.000 g
50.00 730.00 Td
(Item 03 | Qty 2 | Unit 12.50 | Total 25.00) Tj
ET
BT
/Helvetica 10 Tf
0.000 g
50.00 710.00 Td
(Item 04 | Qty 2 | Unit 12.50 | Total 25.00) Tj
ET
BT
/Helvetica 10 Tf
0.000 g
50.00 690.00 Td
(Item 05 | Qty 2 | Unit 12.50 | Total 25.00) Tj
ET
BT
/Helvetica 10 Tf
0.000 g
50.00 670.00 Td
(Item 06 | Qty 2 | Unit 12.50 | Total 25.00) Tj
ET
BT
/Helvetica 10 Tf
0.000 g
50.00 650.00 Td
(Item 07 | Qty 2 | Unit 12.50 | Total 25.00) Tj
ET
BT
/Helvetica 10 Tf
0.000 g
50.00 630.00 Td
(Item 08 | Qty 2 | Unit 12.50 | Total 25.00) Tj
ET
BT
/Helvetica 10 Tf
0.000 g
50.00 610.00 Td
(Item 09 | Qty 2 | Unit 12.50 | Total 25.00) Tj
ET
BT
/Helvetica 10 Tf
0.000 g
50.00 590.00 Td
(Item 10 | Qty 2 | Unit 12.50 | Total 25.00) Tj
ET
BT
/Helvetica 10 Tf
0.000 g
50.00 570.00 Td
(Item 11 | Qty 2 | Unit 12.50 | Total 25.00) Tj
ET
BT
/Helvetica 10 Tf
0.000 g
50.00 550.00 Td
(Item 12 | Qty 2 | Unit 12.50 | Total 25.00) Tj
ET
BT
/Helvetica 10 Tf
0.000 g
50.00 530.00 Td
(Item 13 | Qty 2 | Unit 12.50 | Total 25.00) Tj
ET
BT
/Helvetica 10 Tf
0.000 g
50.00 510.00 Td
(Item 14 | Qty 2 | Unit 12.50 | Total 25.00) Tj
ET
BT
/Helvetica 10 Tf
0.000 g
50.00 490.00 Td
(Item 15 | Qty 2 | Unit 12.50 | Total 25.00) Tj
ET
BT
/Helvetica 10 Tf
0.000 g
50.00 470.00 Td
(Item 16 | Qty 2 | Unit 12.50 | Total 25.00) Tj
ET
BT
/Helvetica 10 Tf
0.000 g
50.00 450.00 Td
(Item 17 | Qty 2 | Unit 12.50 | Total 25.00) Tj
ET
BT
/Helvetica 10 Tf
0.000 g
50.00 430.00 Td
(Item 18 | Qty 2 | Unit 12.50 | Total 25.00) Tj
ET
BT
/Helvetica 10 Tf
0.000 g
50.00 410.00 Td
(Item 19 | Qty 2 | Unit 12.50 | Total 25.00) Tj
ET
BT
/Helvetica 10 Tf
0.000 g
50.00 390.00 Td
(Item 20 | Qty 2 | Unit 12.50 | Total 25.00) Tj
ET
BT
/Helvetica 10 Tf
0.000 g
50.00 370.00 Td
(TOTAL 500.00 EUR) Tj
ET

endstream
endobj
6 0 obj
<<
/Length 2651
/Subtype /XML
/Type /Metadata
>>
stream
<?xpacket begin="Ôªø" id="W5M0MpCehiHzreSzNTczkc9d"?>
<x:xmpmeta xmlns:x="adobe:ns:meta/" x:xmptk="oxidize-pdf 1.4.0">
  <rdf:RDF xmlns:rdf="http://www.w3.org/1999/02/22-rdf-syntax-ns#">
    <rdf:Description rdf:about=""
        xmlns:pdf="http://ns.adobe.com/pdf/1.3/"
        xmlns:xmp="http://ns.adobe.com/xap/1.0/">
      <xmp:CreatorTool>oxidize_pdf</xmp:CreatorTool>
      <xmp:CreateDate>2026-10-09T10:23:44.378674112+00:00</xmp:CreateDate>
      <xmp:ModifyDate>2026-10-09T10:23:44.378687606+00:00</xmp:ModifyDate>
      <pdf:Producer>oxidize_pdf v5.4.1 (MIT)</pdf:Producer>
    </rdf:Description>
  </rdf:RDF>
</x:xmpmeta>
<?xpacket end="w"?>                                                                                                                                                                                                                                                                                                                                                                                                                                                                                                                                                                                                                                                                                                                                                                                                                                                                                                                                                                                                                                                                                                                                                                                                                                                                                                                                                                                                                                                                                                                                                                                                                                                                                                                                                                                                                                                                                                                                                                                                                                                                                
endstream
endobj
1 0 obj
<<
/Metadata 6 0 R
/Pages 2 0 R
/Type /Catalog
>>
endobj
3 0 obj
<<
/CreationDate (D:20261009102344+00'00)
/Creator (oxidize_pdf)
/ModDate (D:20261009102344+00'00)
/Producer (oxidize_pdf v5.4.1 \(MIT\))
/oxidize-pdf-build (oxpdf-a75c81fe3080e033)
/oxidize-pdf-edition (OpenSource)
/oxidize-pdf-features (0000)
>>
endobj
xref
0 7
0000000000 65535 f 
0000006255 00000 n 
0000000015 00000 n 
0000006320 00000 n 
0000000072 00000 n 
0000001414 00000 n 
0000003522 00000 n 
trailer
<<
/Info 3 0 R
/Root 1 0 R
/Size 7
>>
startxref
6583
%%EOF
