%PDF-1.7
%‚„œ”
2 0 obj
<<
/Count 10
/Kids [4 0 R 6 0 R 8 0 R 10 0 R 12 0 R 14 0 R 16 0 R 18 0 R 20 0 R 22 0 R]
/Type /Pages
>>
endobj
24 0 obj
<<
/Courier <<
/BaseFont /Courier
/Encoding /WinAnsiEncoding
/Subtype /Type1
/Type /Font
>>
/Courier-Bold <<
/BaseFont /Courier-Bold
/Encoding /WinAnsiEncoding
/Subtype /Type1
/Type /Font
>>
/Courier-BoldOblique <<
/BaseFont /Courier-BoldOblique
/Encoding /WinAnsiEncoding
/Subtype /Type1
/Type /Font
>>
/Courier-Oblique <<
/BaseFont /Courier-Oblique
/Encoding /WinAnsiEncoding
/Subtype /Type1
/Type /Font
>>
/Helvetica <<
/BaseFont /Helvetica
/Encoding /WinAnsiEncoding
/Subtype /Type1
/Type /Font
>>
/Helvetica-Bold <<
/BaseFont /Helvetica-Bold
/Encoding /WinAnsiEncoding
/Subtype /Type1
/Type /Font
>>
/Helvetica-BoldOblique <<
/BaseFont /Helvetica-BoldOblique
/Encoding /WinAnsiEncoding
/Subtype /Type1
/Type /Font
>>
/Helvetica-Oblique <<
/BaseFont /Helvetica-Oblique
/Encoding /WinAnsiEncoding
/Subtype /Type1
/Type /Font
>>
/Times-Bold <<
/BaseFont /Times-Bold
/Encoding /WinAnsiEncoding
/Subtype /Type1
/Type /Font
>>
/Times-BoldItalic <<
/BaseFont /Times-BoldItalic
/Encoding /WinAnsiEncoding
/Subtype /Type1
/Type /Font
>>
/Times-Italic <<
/BaseFont /Times-Italic
/Encoding /WinAnsiEncoding
/Subtype /Type1
/Type /Font
>>
/Times-Roman <<
/BaseFont /Times-Roman
/Encoding /WinAnsiEncoding
/Subtype /Type1
/Type /Font
>>
>>
endobj
4 0 obj
<<
/Contents 5 0 R
/MediaBox [0 0 595 842]
/Parent 2 0 R
/Resources <<
/Font 24 0 R
>>
/Type /Page
>>
endobj
5 0 obj
<<
/Length 8040
>>
stream
20.00 20.00 m
20.00 720.00 l
0.000 G
S
21.00 20.00 m
21.00 720.00 l
0.000 G
S
22.00 20.00 m
22.00 720.00 l
0.000 G
S
23.00 20.00 m
23.00 720.00 l
0.000 G
S
24.00 20.00 m
24.00 720.00 l
0.000 G
S
25.00 20.00 m
25.00 720.00 l
0.000 G
S
26.00 20.00 m
26.00 720.00 l
0.000 G
S
27.00 20.00 m
27.00 720.00 l
0.000 G
S
28.00 20.00 m
28.00 720.00 l
0.000 G
S
29.00 20.00 m
29.00 720.00 l
0.000 G
S
30.00 20.00 m
30.00 720.00 l
0.000 G
S
31.00 20.00 m
31.00 720.00 l
0.000 G
S
32.00 20.00 m
32.00 720.00 l
0.000 G
S
33.00 20.00 m
33.00 720.00 l
0.000 G
S
34.00 20.00 m
34.00 720.00 l
0.000 G
S
35.00 20.00 m
35.00 720.00 l
0.000 G
S
36.00 20.00 m
36.00 720.00 l
0.000 G
S
37.00 20.00 m
37.00 720.00 l
0.000 G
S
38.00 20.00 m
38.00 720.00 l
0.000 G
S
39.00 20.00 m
39.00 720.00 l
0.000 G
S
40.00 20.00 m
40.00 720.00 l
0.000 G
S
41.00 20.00 m
41.00 720.00 l
0.000 G
S
42.00 20.00 m
42.00 720.00 l
0.000 G
S
43.00 20.00 m
43.00 720.00 l
0.000 G
S
44.00 20.00 m
44.00 720.00 l
0.000 G
S
45.00 20.00 m
45.00 720.00 l
0.000 G
S
46.00 20.00 m
46.00 720.00 l
0.000 G
S
47.00 20.00 m
47.00 720.00 l
0.000 G
S
48.00 20.00 m
48.00 720.00 l
0.000 G
S
49.00 20.00 m
49.00 720.00 l
0.000 G
S
50.00 20.00 m
50.00 720.00 l
0.000 G
S
51.00 20.00 m
51.00 720.00 l
0.000 G
S
52.00 20.00 m
52.00 720.00 l
0.000 G
S
53.00 20.00 m
53.00 720.00 l
0.000 G
S
54.00 20.00 m
54.00 720.00 l
0.000 G
S
55.00 20.00 m
55.00 720.00 l
0.000 G
S
56.00 20.00 m
56.00 720.00 l
0.000 G
S
57.00 20.00 m
57.00 720.00 l
0.000 G
S
58.00 20.00 m
58.00 720.00 l
0.000 G
S
59.00 20.00 m
59.00 720.00 l
0.000 G
S
60.00 20.00 m
60.00 720.00 l
0.000 G
S
61.00 20.00 m
61.00 720.00 l
0.000 G
S
62.00 20.00 m
62.00 720.00 l
0.000 G
S
63.00 20.00 m
63.00 720.00 l
0.000 G
S
64.00 20.00 m
64.00 720.00 l
0.000 G
S
65.00 20.00 m
65.00 720.00 l
0.000 G
S
66.00 20.00 m
66.00 720.00 l
0.000 G
S
67.00 20.00 m
67.00 720.00 l
0.000 G
S
68.00 20.00 m
68.00 720.00 l
0.000 G
S
69.00 20.00 m
69.00 720.00 l
0.000 G
S
70.00 20.00 m
70.00 720.00 l
0.000 G
S
71.00 20.00 m
71.00 720.00 l
0.000 G
S
72.00 20.00 m
72.00 720.00 l
0.000 G
S
73.00 20.00 m
73.00 720.00 l
0.000 G
S
74.00 20.00 m
74.00 720.00 l
0.000 G
S
75.00 20.00 m
75.00 720.00 l
0.000 G
S
76.00 20.00 m
76.00 720.00 l
0.000 G
S
77.00 20.00 m
77.00 720.00 l
0.000 G
S
78.00 20.00 m
78.00 720.00 l
0.000 G
S
79.00 20.00 m
79.00 720.00 l
0.000 G
S
80.00 20.00 m
80.00 720.00 l
0.000 G
S
81.00 20.00 m
81.00 720.00 l
0.000 G
S
82.00 20.00 m
82.00 720.00 l
0.000 G
S
83.00 20.00 m
83.00 720.00 l
0.000 G
S
84.00 20.00 m
84.00 720.00 l
0.000 G
S
85.00 20.00 m
85.00 720.00 l
0.000 G
S
86.00 20.00 m
86.00 720.00 l
0.000 G
S
87.00 20.00 m
87.00 720.00 l
0.000 G
S
88.00 20.00 m
88.00 720.00 l
0.000 G
S
89.00 20.00 m
89.00 720.00 l
0.000 G
S
90.00 20.00 m
90.00 720.00 l
0.000 G
S
91.00 20.00 m
91.00 720.00 l
0.000 G
S
92.00 20.00 m
92.00 720.00 l
0.000 G
S
93.00 20.00 m
93.00 720.00 l
0.000 G
S
94.00 20.00 m
94.00 720.00 l
0.000 G
S
95.00 20.00 m
95.00 720.00 l
0.000 G
S
96.00 20.00 m
96.00 720.00 l
0.000 G
S
97.00 20.00 m
97.00 720.00 l
0.000 G
S
98.00 20.00 m
98.00 720.00 l
0.000 G
S
99.00 20.00 m
99.00 720.00 l
0.000 G
S
100.00 20.00 m
100.00 720.00 l
0.000 G
S
101.00 20.00 m
101.00 720.00 l
0.000 G
S
102.00 20.00 m
102.00 720.00 l
0.000 G
S
103.00 20.00 m
103.00 720.00 l
0.000 G
S
104.00 20.00 m
104.00 720.00 l
0.000 G
S
105.00 20.00 m
105.00 720.00 l
0.000 G
S
106.00 20.00 m
106.00 720.00 l
0.000 G
S
107.00 20.00 m
107.00 720.00 l
0.000 G
S
108.00 20.00 m
108.00 720.00 l
0.000 G
S
109.00 20.00 m
109.00 720.00 l
0.000 G
S
110.00 20.00 m
110.00 720.00 l
0.000 G
S
111.00 20.00 m
111.00 720.00 l
0.000 G
S
112.00 20.00 m
112.00 720.00 l
0.000 G
S
113.00 20.00 m
113.00 720.00 l
0.000 G
S
114.00 20.00 m
114.00 720.00 l
0.000 G
S
115.00 20.00 m
115.00 720.00 l
0.000 G
S
116.00 20.00 m
116.00 720.00 l
0.000 G
S
117.00 20.00 m
117.00 720.00 l
0.000 G
S
118.00 20.00 m
118.00 720.00 l
0.000 G
S
119.00 20.00 m
119.00 720.00 l
0.000 G
S
120.00 20.00 m
120.00 720.00 l
0.000 G
S
121.00 20.00 m
121.00 720.00 l
0.000 G
S
122.00 20.00 m
122.00 720.00 l
0.000 G
S
123.00 20.00 m
123.00 720.00 l
0.000 G
S
124.00 20.00 m
124.00 720.00 l
0.000 G
S
125.00 20.00 m
125.00 720.00 l
0.000 G
S
126.00 20.00 m
126.00 720.00 l
0.000 G
S
127.00 20.00 m
127.00 720.00 l
0.000 G
S
128.00 20.00 m
128.00 720.00 l
0.000 G
S
129.00 20.00 m
129.00 720.00 l
0.000 G
S
130.00 20.00 m
130.00 720.00 l
0.000 G
S
131.00 20.00 m
131.00 720.00 l
0.000 G
S
132.00 20.00 m
132.00 720.00 l
0.000 G
S
133.00 20.00 m
133.00 720.00 l
0.000 G
S
134.00 20.00 m
134.00 720.00 l
0.000 G
S
135.00 20.00 m
135.00 720.00 l
0.000 G
S
136.00 20.00 m
136.00 720.00 l
0.000 G
S
137.00 20.00 m
137.00 720.00 l
0.000 G
S
138.00 20.00 m
138.00 720.00 l
0.000 G
S
139.00 20.00 m
139.00 720.00 l
0.000 G
S
140.00 20.00 m
140.00 720.00 l
0.000 G
S
141.00 20.00 m
141.00 720.00 l
0.000 G
S
142.00 20.00 m
142.00 720.00 l
0.000 G
S
143.00 20.00 m
143.00 720.00 l
0.000 G
S
144.00 20.00 m
144.00 720.00 l
0.000 G
S
145.00 20.00 m
145.00 720.00 l
0.000 G
S
146.00 20.00 m
146.00 720.00 l
0.000 G
S
147.00 20.00 m
147.00 720.00 l
0.000 G
S
148.00 20.00 m
148.00 720.00 l
0.000 G
S
149.00 20.00 m
149.00 720.00 l
0.000 G
S
150.00 20.00 m
150.00 720.00 l
0.000 G
S
151.00 20.00 m
151.00 720.00 l
0.000 G
S
152.00 20.00 m
152.00 720.00 l
0.000 G
S
153.00 20.00 m
153.00 720.00 l
0.000 G
S
154.00 20.00 m
154.00 720.00 l
0.000 G
S
155.00 20.00 m
155.00 720.00 l
0.000 G
S
156.00 20.00 m
156.00 720.00 l
0.000 G
S
157.00 20.00 m
157.00 720.00 l
0.000 G
S
158.00 20.00 m
158.00 720.00 l
0.000 G
S
159.00 20.00 m
159.00 720.00 l
0.000 G
S
160.00 20.00 m
160.00 720.00 l
0.000 G
S
161.00 20.00 m
161.00 720.00 l
0.000 G
S
162.00 20.00 m
162.00 720.00 l
0.000 G
S
163.00 20.00 m
163.00 720.00 l
0.000 G
S
164.00 20.00 m
164.00 720.00 l
0.000 G
S
165.00 20.00 m
165.00 720.00 l
0.000 G
S
166.00 20.00 m
166.00 720.00 l
0.000 G
S
167.00 20.00 m
167.00 720.00 l
0.000 G
S
168.00 20.00 m
168.00 720.00 l
0.000 G
S
169.00 20.00 m
169.00 720.00 l
0.000 G
S
170.00 20.00 m
170.00 720.00 l
0.000 G
S
171.00 20.00 m
171.00 720.00 l
0.000 G
S
172.00 20.00 m
172.00 720.00 l
0.000 G
S
173.00 20.00 m
173.00 720.00 l
0.000 G
S
174.00 20.00 m
174.00 720.00 l
0.000 G
S
175.00 20.00 m
175.00 720.00 l
0.000 G
S
176.00 20.00 m
176.00 720.00 l
0.000 G
S
177.00 20.00 m
177.00 720.00 l
0.000 G
S
178.00 20.00 m
178.00 720.00 l
0.000 G
S
179.00 20.00 m
179.00 720.00 l
0.000 G
S
180.00 20.00 m
180.00 720.00 l
0.000 G
S
181.00 20.00 m
181.00 720.00 l
0.000 G
S
182.00 20.00 m
182.00 720.00 l
0.000 G
S
183.00 20.00 m
183.00 720.00 l
0.000 G
S
184.00 20.00 m
184.00 720.00 l
0.000 G
S
185.00 20.00 m
185.00 720.00 l
0.000 G
S
186.00 20.00 m
186.00 720.00 l
0.000 G
S
187.00 20.00 m
187.00 720.00 l
0.000 G
S
188.00 20.00 m
188.00 720.00 l
0.000 G
S
189.00 20.00 m
189.00 720.00 l
0.000 G
S
190.00 20.00 m
190.00 720.00 l
0.000 G
S
191.00 20.00 m
191.00 720.00 l
0.000 G
S
192.00 20.00 m
192.00 720.00 l
0.000 G
S
193.00 20.00 m
193.00 720.00 l
0.000 G
S
194.00 20.00 m
194.00 720.00 l
0.000 G
S
195.00 20.00 m
195.00 720.00 l
0.000 G
S
196.00 20.00 m
196.00 720.00 l
0.000 G
S
197.00 20.00 m
197.00 720.00 l
0.000 G
S
198.00 20.00 m
198.00 720.00 l
0.000 G
S
199.00 20.00 m
199.00 720.00 l
0.000 G
S
200.00 20.00 m
200.00 720.00 l
0.000 G
S
201.00 20.00 m
201.00 720.00 l
0.000 G
S
202.00 20.00 m
202.00 720.00 l
0.000 G
S
203.00 20.00 m
203.00 720.00 l
0.000 G
S
204.00 20.00 m
204.00 720.00 l
0.000 G
S
205.00 20.00 m
205.00 720.00 l
0.000 G
S
206.00 20.00 m
206.00 720.00 l
0.000 G
S
207.00 20.00 m
207.00 720.00 l
0.000 G
S
208.00 20.00 m
208.00 720.00 l
0.000 G
S
209.00 20.00 m
209.00 720.00 l
0.000 G
S
210.00 20.00 m
210.00 720.00 l
0.000 G
S
211.00 20.00 m
211.00 720.00 l
0.000 G
S
212.00 20.00 m
212.00 720.00 l
0.000 G
S
213.00 20.00 m
213.00 720.00 l
0.000 G
S
214.00 20.00 m
214.00 720.00 l
0.000 G
S
215.00 20.00 m
215.00 720.00 l
0.000 G
S
216.00 20.00 m
216.00 720.00 l
0.000 G
S
217.00 20.00 m
217.00 720.00 l
0.000 G
S
218.00 20.00 m
218.00 720.00 l
0.000 G
S
219.00 20.00 m
219.00 720.00 l
0.000 G
S

endstream
endobj
6 0 obj
<<
/Contents 7 0 R
/MediaBox [0 0 595 842]
/Parent 2 0 R
/Resources <<
/Font 24 0 R
>>
/Type /Page
>>
endobj
7 0 obj
<<
/Length 8040
>>
stream
20.00 20.00 m
20.00 720.00 l
0.000 G
S
21.00 20.00 m
21.00 720.00 l
0.000 G
S
22.00 20.00 m
22.00 720.00 l
0.000 G
S
23.00 20.00 m
23.00 720.00 l
0.000 G
S
24.00 20.00 m
24.00 720.00 l
0.000 G
S
25.00 20.00 m
25.00 720.00 l
0.000 G
S
26.00 20.00 m
26.00 720.00 l
0.000 G
S
27.00 20.00 m
27.00 720.00 l
0.000 G
S
28.00 20.00 m
28.00 720.00 l
0.000 G
S
29.00 20.00 m
29.00 720.00 l
0.000 G
S
30.00 20.00 m
30.00 720.00 l
0.000 G
S
31.00 20.00 m
31.00 720.00 l
0.000 G
S
32.00 20.00 m
32.00 720.00 l
0.000 G
S
33.00 20.00 m
33.00 720.00 l
0.000 G
S
34.00 20.00 m
34.00 720.00 l
0.000 G
S
35.00 20.00 m
35.00 720.00 l
0.000 G
S
36.00 20.00 m
36.00 720.00 l
0.000 G
S
37.00 20.00 m
37.00 720.00 l
0.000 G
S
38.00 20.00 m
38.00 720.00 l
0.000 G
S
39.00 20.00 m
39.00 720.00 l
0.000 G
S
40.00 20.00 m
40.00 720.00 l
0.000 G
S
41.00 20.00 m
41.00 720.00 l
0.000 G
S
42.00 20.00 m
42.00 720.00 l
0.000 G
S
43.00 20.00 m
43.00 720.00 l
0.000 G
S
44.00 20.00 m
44.00 720.00 l
0.000 G
S
45.00 20.00 m
45.00 720.00 l
0.000 G
S
46.00 20.00 m
46.00 720.00 l
0.000 G
S
47.00 20.00 m
47.00 720.00 l
0.000 G
S
48.00 20.00 m
48.00 720.00 l
0.000 G
S
49.00 20.00 m
49.00 720.00 l
0.000 G
S
50.00 20.00 m
50.00 720.00 l
0.000 G
S
51.00 20.00 m
51.00 720.00 l
0.000 G
S
52.00 20.00 m
52.00 720.00 l
0.000 G
S
53.00 20.00 m
53.00 720.00 l
0.000 G
S
54.00 20.00 m
54.00 720.00 l
0.000 G
S
55.00 20.00 m
55.00 720.00 l
0.000 G
S
56.00 20.00 m
56.00 720.00 l
0.000 G
S
57.00 20.00 m
57.00 720.00 l
0.000 G
S
58.00 20.00 m
58.00 720.00 l
0.000 G
S
59.00 20.00 m
59.00 720.00 l
0.000 G
S
60.00 20.00 m
60.00 720.00 l
0.000 G
S
61.00 20.00 m
61.00 720.00 l
0.000 G
S
62.00 20.00 m
62.00 720.00 l
0.000 G
S
63.00 20.00 m
63.00 720.00 l
0.000 G
S
64.00 20.00 m
64.00 720.00 l
0.000 G
S
65.00 20.00 m
65.00 720.00 l
0.000 G
S
66.00 20.00 m
66.00 720.00 l
0.000 G
S
67.00 20.00 m
67.00 720.00 l
0.000 G
S
68.00 20.00 m
68.00 720.00 l
0.000 G
S
69.00 20.00 m
69.00 720.00 l
0.000 G
S
70.00 20.00 m
70.00 720.00 l
0.000 G
S
71.00 20.00 m
71.00 720.00 l
0.000 G
S
72.00 20.00 m
72.00 720.00 l
0.000 G
S
73.00 20.00 m
73.00 720.00 l
0.000 G
S
74.00 20.00 m
74.00 720.00 l
0.000 G
S
75.00 20.00 m
75.00 720.00 l
0.000 G
S
76.00 20.00 m
76.00 720.00 l
0.000 G
S
77.00 20.00 m
77.00 720.00 l
0.000 G
S
78.00 20.00 m
78.00 720.00 l
0.000 G
S
79.00 20.00 m
79.00 720.00 l
0.000 G
S
80.00 20.00 m
80.00 720.00 l
0.000 G
S
81.00 20.00 m
81.00 720.00 l
0.000 G
S
82.00 20.00 m
82.00 720.00 l
0.000 G
S
83.00 20.00 m
83.00 720.00 l
0.000 G
S
84.00 20.00 m
84.00 720.00 l
0.000 G
S
85.00 20.00 m
85.00 720.00 l
0.000 G
S
86.00 20.00 m
86.00 720.00 l
0.000 G
S
87.00 20.00 m
87.00 720.00 l
0.000 G
S
88.00 20.00 m
88.00 720.00 l
0.000 G
S
89.00 20.00 m
89.00 720.00 l
0.000 G
S
90.00 20.00 m
90.00 720.00 l
0.000 G
S
91.00 20.00 m
91.00 720.00 l
0.000 G
S
92.00 20.00 m
92.00 720.00 l
0.000 G
S
93.00 20.00 m
93.00 720.00 l
0.000 G
S
94.00 20.00 m
94.00 720.00 l
0.000 G
S
95.00 20.00 m
95.00 720.00 l
0.000 G
S
96.00 20.00 m
96.00 720.00 l
0.000 G
S
97.00 20.00 m
97.00 720.00 l
0.000 G
S
98.00 20.00 m
98.00 720.00 l
0.000 G
S
99.00 20.00 m
99.00 720.00 l
0.000 G
S
100.00 20.00 m
100.00 720.00 l
0.000 G
S
101.00 20.00 m
101.00 720.00 l
0.000 G
S
102.00 20.00 m
102.00 720.00 l
0.000 G
S
103.00 20.00 m
103.00 720.00 l
0.000 G
S
104.00 20.00 m
104.00 720.00 l
0.000 G
S
105.00 20.00 m
105.00 720.00 l
0.000 G
S
106.00 20.00 m
106.00 720.00 l
0.000 G
S
107.00 20.00 m
107.00 720.00 l
0.000 G
S
108.00 20.00 m
108.00 720.00 l
0.000 G
S
109.00 20.00 m
109.00 720.00 l
0.000 G
S
110.00 20.00 m
110.00 720.00 l
0.000 G
S
111.00 20.00 m
111.00 720.00 l
0.000 G
S
112.00 20.00 m
112.00 720.00 l
0.000 G
S
113.00 20.00 m
113.00 720.00 l
0.000 G
S
114.00 20.00 m
114.00 720.00 l
0.000 G
S
115.00 20.00 m
115.00 720.00 l
0.000 G
S
116.00 20.00 m
116.00 720.00 l
0.000 G
S
117.00 20.00 m
117.00 720.00 l
0.000 G
S
118.00 20.00 m
118.00 720.00 l
0.000 G
S
119.00 20.00 m
119.00 720.00 l
0.000 G
S
120.00 20.00 m
120.00 720.00 l
0.000 G
S
121.00 20.00 m
121.00 720.00 l
0.000 G
S
122.00 20.00 m
122.00 720.00 l
0.000 G
S
123.00 20.00 m
123.00 720.00 l
0.000 G
S
124.00 20.00 m
124.00 720.00 l
0.000 G
S
125.00 20.00 m
125.00 720.00 l
0.000 G
S
126.00 20.00 m
126.00 720.00 l
0.000 G
S
127.00 20.00 m
127.00 720.00 l
0.000 G
S
128.00 20.00 m
128.00 720.00 l
0.000 G
S
129.00 20.00 m
129.00 720.00 l
0.000 G
S
130.00 20.00 m
130.00 720.00 l
0.000 G
S
131.00 20.00 m
131.00 720.00 l
0.000 G
S
132.00 20.00 m
132.00 720.00 l
0.000 G
S
133.00 20.00 m
133.00 720.00 l
0.000 G
S
134.00 20.00 m
134.00 720.00 l
0.000 G
S
135.00 20.00 m
135.00 720.00 l
0.000 G
S
136.00 20.00 m
136.00 720.00 l
0.000 G
S
137.00 20.00 m
137.00 720.00 l
0.000 G
S
138.00 20.00 m
138.00 720.00 l
0.000 G
S
139.00 20.00 m
139.00 720.00 l
0.000 G
S
140.00 20.00 m
140.00 720.00 l
0.000 G
S
141.00 20.00 m
141.00 720.00 l
0.000 G
S
142.00 20.00 m
142.00 720.00 l
0.000 G
S
143.00 20.00 m
143.00 720.00 l
0.000 G
S
144.00 20.00 m
144.00 720.00 l
0.000 G
S
145.00 20.00 m
145.00 720.00 l
0.000 G
S
146.00 20.00 m
146.00 720.00 l
0.000 G
S
147.00 20.00 m
147.00 720.00 l
0.000 G
S
148.00 20.00 m
148.00 720.00 l
0.000 G
S
149.00 20.00 m
149.00 720.00 l
0.000 G
S
150.00 20.00 m
150.00 720.00 l
0.000 G
S
151.00 20.00 m
151.00 720.00 l
0.000 G
S
152.00 20.00 m
152.00 720.00 l
0.000 G
S
153.00 20.00 m
153.00 720.00 l
0.000 G
S
154.00 20.00 m
154.00 720.00 l
0.000 G
S
155.00 20.00 m
155.00 720.00 l
0.000 G
S
156.00 20.00 m
156.00 720.00 l
0.000 G
S
157.00 20.00 m
157.00 720.00 l
0.000 G
S
158.00 20.00 m
158.00 720.00 l
0.000 G
S
159.00 20.00 m
159.00 720.00 l
0.000 G
S
160.00 20.00 m
160.00 720.00 l
0.000 G
S
161.00 20.00 m
161.00 720.00 l
0.000 G
S
162.00 20.00 m
162.00 720.00 l
0.000 G
S
163.00 20.00 m
163.00 720.00 l
0.000 G
S
164.00 20.00 m
164.00 720.00 l
0.000 G
S
165.00 20.00 m
165.00 720.00 l
0.000 G
S
166.00 20.00 m
166.00 720.00 l
0.000 G
S
167.00 20.00 m
167.00 720.00 l
0.000 G
S
168.00 20.00 m
168.00 720.00 l
0.000 G
S
169.00 20.00 m
169.00 720.00 l
0.000 G
S
170.00 20.00 m
170.00 720.00 l
0.000 G
S
171.00 20.00 m
171.00 720.00 l
0.000 G
S
172.00 20.00 m
172.00 720.00 l
0.000 G
S
173.00 20.00 m
173.00 720.00 l
0.000 G
S
174.00 20.00 m
174.00 720.00 l
0.000 G
S
175.00 20.00 m
175.00 720.00 l
0.000 G
S
176.00 20.00 m
176.00 720.00 l
0.000 G
S
177.00 20.00 m
177.00 720.00 l
0.000 G
S
178.00 20.00 m
178.00 720.00 l
0.000 G
S
179.00 20.00 m
179.00 720.00 l
0.000 G
S
180.00 20.00 m
180.00 720.00 l
0.000 G
S
181.00 20.00 m
181.00 720.00 l
0.000 G
S
182.00 20.00 m
182.00 720.00 l
0.000 G
S
183.00 20.00 m
183.00 720.00 l
0.000 G
S
184.00 20.00 m
184.00 720.00 l
0.000 G
S
185.00 20.00 m
185.00 720.00 l
0.000 G
S
186.00 20.00 m
186.00 720.00 l
0.000 G
S
187.00 20.00 m
187.00 720.00 l
0.000 G
S
188.00 20.00 m
188.00 720.00 l
0.000 G
S
189.00 20.00 m
189.00 720.00 l
0.000 G
S
190.00 20.00 m
190.00 720.00 l
0.000 G
S
191.00 20.00 m
191.00 720.00 l
0.000 G
S
192.00 20.00 m
192.00 720.00 l
0.000 G
S
193.00 20.00 m
193.00 720.00 l
0.000 G
S
194.00 20.00 m
194.00 720.00 l
0.000 G
S
195.00 20.00 m
195.00 720.00 l
0.000 G
S
196.00 20.00 m
196.00 720.00 l
0.000 G
S
197.00 20.00 m
197.00 720.00 l
0.000 G
S
198.00 20.00 m
198.00 720.00 l
0.000 G
S
199.00 20.00 m
199.00 720.00 l
0.000 G
S
200.00 20.00 m
200.00 720.00 l
0.000 G
S
201.00 20.00 m
201.00 720.00 l
0.000 G
S
202.00 20.00 m
202.00 720.00 l
0.000 G
S
203.00 20.00 m
203.00 720.00 l
0.000 G
S
204.00 20.00 m
204.00 720.00 l
0.000 G
S
205.00 20.00 m
205.00 720.00 l
0.000 G
S
206.00 20.00 m
206.00 720.00 l
0.000 G
S
207.00 20.00 m
207.00 720.00 l
0.000 G
S
208.00 20.00 m
208.00 720.00 l
0.000 G
S
209.00 20.00 m
209.00 720.00 l
0.000 G
S
210.00 20.00 m
210.00 720.00 l
0.000 G
S
211.00 20.00 m
211.00 720.00 l
0.000 G
S
212.00 20.00 m
212.00 720.00 l
0.000 G
S
213.00 20.00 m
213.00 720.00 l
0.000 G
S
214.00 20.00 m
214.00 720.00 l
0.000 G
S
215.00 20.00 m
215.00 720.00 l
0.000 G
S
216.00 20.00 m
216.00 720.00 l
0.000 G
S
217.00 20.00 m
217.00 720.00 l
0.000 G
S
218.00 20.00 m
218.00 720.00 l
0.000 G
S
219.00 20.00 m
219.00 720.00 l
0.000 G
S

endstream
endobj
8 0 obj
<<
/Contents 9 0 R
/MediaBox [0 0 595 842]
/Parent 2 0 R
/Resources <<
/Font 24 0 R
>>
/Type /Page
>>
endobj
9 0 obj
<<
/Length 8040
>>
stream
20.00 20.00 m
20.00 720.00 l
0.000 G
S
21.00 20.00 m
21.00 720.00 l
0.000 G
S
22.00 20.00 m
22.00 720.00 l
0.000 G
S
23.00 20.00 m
23.00 720.00 l
0.000 G
S
24.00 20.00 m
24.00 720.00 l
0.000 G
S
25.00 20.00 m
25.00 720.00 l
0.000 G
S
26.00 20.00 m
26.00 720.00 l
0.000 G
S
27.00 20.00 m
27.00 720.00 l
0.000 G
S
28.00 20.00 m
28.00 720.00 l
0.000 G
S
29.00 20.00 m
29.00 720.00 l
0.000 G
S
30.00 20.00 m
30.00 720.00 l
0.000 G
S
31.00 20.00 m
31.00 720.00 l
0.000 G
S
32.00 20.00 m
32.00 720.00 l
0.000 G
S
33.00 20.00 m
33.00 720.00 l
0.000 G
S
34.00 20.00 m
34.00 720.00 l
0.000 G
S
35.00 20.00 m
35.00 720.00 l
0.000 G
S
36.00 20.00 m
36.00 720.00 l
0.000 G
S
37.00 20.00 m
37.00 720.00 l
0.000 G
S
38.00 20.00 m
38.00 720.00 l
0.000 G
S
39.00 20.00 m
39.00 720.00 l
0.000 G
S
40.00 20.00 m
40.00 720.00 l
0.000 G
S
41.00 20.00 m
41.00 720.00 l
0.000 G
S
42.00 20.00 m
42.00 720.00 l
0.000 G
S
43.00 20.00 m
43.00 720.00 l
0.000 G
S
44.00 20.00 m
44.00 720.00 l
0.000 G
S
45.00 20.00 m
45.00 720.00 l
0.000 G
S
46.00 20.00 m
46.00 720.00 l
0.000 G
S
47.00 20.00 m
47.00 720.00 l
0.000 G
S
48.00 20.00 m
48.00 720.00 l
0.000 G
S
49.00 20.00 m
49.00 720.00 l
0.000 G
S
50.00 20.00 m
50.00 720.00 l
0.000 G
S
51.00 20.00 m
51.00 720.00 l
0.000 G
S
52.00 20.00 m
52.00 720.00 l
0.000 G
S
53.00 20.00 m
53.00 720.00 l
0.000 G
S
54.00 20.00 m
54.00 720.00 l
0.000 G
S
55.00 20.00 m
55.00 720.00 l
0.000 G
S
56.00 20.00 m
56.00 720.00 l
0.000 G
S
57.00 20.00 m
57.00 720.00 l
0.000 G
S
58.00 20.00 m
58.00 720.00 l
0.000 G
S
59.00 20.00 m
59.00 720.00 l
0.000 G
S
60.00 20.00 m
60.00 720.00 l
0.000 G
S
61.00 20.00 m
61.00 720.00 l
0.000 G
S
62.00 20.00 m
62.00 720.00 l
0.000 G
S
63.00 20.00 m
63.00 720.00 l
0.000 G
S
64.00 20.00 m
64.00 720.00 l
0.000 G
S
65.00 20.00 m
65.00 720.00 l
0.000 G
S
66.00 20.00 m
66.00 720.00 l
0.000 G
S
67.00 20.00 m
67.00 720.00 l
0.000 G
S
68.00 20.00 m
68.00 720.00 l
0.000 G
S
69.00 20.00 m
69.00 720.00 l
0.000 G
S
70.00 20.00 m
70.00 720.00 l
0.000 G
S
71.00 20.00 m
71.00 720.00 l
0.000 G
S
72.00 20.00 m
72.00 720.00 l
0.000 G
S
73.00 20.00 m
73.00 720.00 l
0.000 G
S
74.00 20.00 m
74.00 720.00 l
0.000 G
S
75.00 20.00 m
75.00 720.00 l
0.000 G
S
76.00 20.00 m
76.00 720.00 l
0.000 G
S
77.00 20.00 m
77.00 720.00 l
0.000 G
S
78.00 20.00 m
78.00 720.00 l
0.000 G
S
79.00 20.00 m
79.00 720.00 l
0.000 G
S
80.00 20.00 m
80.00 720.00 l
0.000 G
S
81.00 20.00 m
81.00 720.00 l
0.000 G
S
82.00 20.00 m
82.00 720.00 l
0.000 G
S
83.00 20.00 m
83.00 720.00 l
0.000 G
S
84.00 20.00 m
84.00 720.00 l
0.000 G
S
85.00 20.00 m
85.00 720.00 l
0.000 G
S
86.00 20.00 m
86.00 720.00 l
0.000 G
S
87.00 20.00 m
87.00 720.00 l
0.000 G
S
88.00 20.00 m
88.00 720.00 l
0.000 G
S
89.00 20.00 m
89.00 720.00 l
0.000 G
S
90.00 20.00 m
90.00 720.00 l
0.000 G
S
91.00 20.00 m
91.00 720.00 l
0.000 G
S
92.00 20.00 m
92.00 720.00 l
0.000 G
S
93.00 20.00 m
93.00 720.00 l
0.000 G
S
94.00 20.00 m
94.00 720.00 l
0.000 G
S
95.00 20.00 m
95.00 720.00 l
0.000 G
S
96.00 20.00 m
96.00 720.00 l
0.000 G
S
97.00 20.00 m
97.00 720.00 l
0.000 G
S
98.00 20.00 m
98.00 720.00 l
0.000 G
S
99.00 20.00 m
99.00 720.00 l
0.000 G
S
100.00 20.00 m
100.00 720.00 l
0.000 G
S
101.00 20.00 m
101.00 720.00 l
0.000 G
S
102.00 20.00 m
102.00 720.00 l
0.000 G
S
103.00 20.00 m
103.00 720.00 l
0.000 G
S
104.00 20.00 m
104.00 720.00 l
0.000 G
S
105.00 20.00 m
105.00 720.00 l
0.000 G
S
106.00 20.00 m
106.00 720.00 l
0.000 G
S
107.00 20.00 m
107.00 720.00 l
0.000 G
S
108.00 20.00 m
108.00 720.00 l
0.000 G
S
109.00 20.00 m
109.00 720.00 l
0.000 G
S
110.00 20.00 m
110.00 720.00 l
0.000 G
S
111.00 20.00 m
111.00 720.00 l
0.000 G
S
112.00 20.00 m
112.00 720.00 l
0.000 G
S
113.00 20.00 m
113.00 720.00 l
0.000 G
S
114.00 20.00 m
114.00 720.00 l
0.000 G
S
115.00 20.00 m
115.00 720.00 l
0.000 G
S
116.00 20.00 m
116.00 720.00 l
0.000 G
S
117.00 20.00 m
117.00 720.00 l
0.000 G
S
118.00 20.00 m
118.00 720.00 l
0.000 G
S
119.00 20.00 m
119.00 720.00 l
0.000 G
S
120.00 20.00 m
120.00 720.00 l
0.000 G
S
121.00 20.00 m
121.00 720.00 l
0.000 G
S
122.00 20.00 m
122.00 720.00 l
0.000 G
S
123.00 20.00 m
123.00 720.00 l
0.000 G
S
124.00 20.00 m
124.00 720.00 l
0.000 G
S
125.00 20.00 m
125.00 720.00 l
0.000 G
S
126.00 20.00 m
126.00 720.00 l
0.000 G
S
127.00 20.00 m
127.00 720.00 l
0.000 G
S
128.00 20.00 m
128.00 720.00 l
0.000 G
S
129.00 20.00 m
129.00 720.00 l
0.000 G
S
130.00 20.00 m
130.00 720.00 l
0.000 G
S
131.00 20.00 m
131.00 720.00 l
0.000 G
S
132.00 20.00 m
132.00 720.00 l
0.000 G
S
133.00 20.00 m
133.00 720.00 l
0.000 G
S
134.00 20.00 m
134.00 720.00 l
0.000 G
S
135.00 20.00 m
135.00 720.00 l
0.000 G
S
136.00 20.00 m
136.00 720.00 l
0.000 G
S
137.00 20.00 m
137.00 720.00 l
0.000 G
S
138.00 20.00 m
138.00 720.00 l
0.000 G
S
139.00 20.00 m
139.00 720.00 l
0.000 G
S
140.00 20.00 m
140.00 720.00 l
0.000 G
S
141.00 20.00 m
141.00 720.00 l
0.000 G
S
142.00 20.00 m
142.00 720.00 l
0.000 G
S
143.00 20.00 m
143.00 720.00 l
0.000 G
S
144.00 20.00 m
144.00 720.00 l
0.000 G
S
145.00 20.00 m
145.00 720.00 l
0.000 G
S
146.00 20.00 m
146.00 720.00 l
0.000 G
S
147.00 20.00 m
147.00 720.00 l
0.000 G
S
148.00 20.00 m
148.00 720.00 l
0.000 G
S
149.00 20.00 m
149.00 720.00 l
0.000 G
S
150.00 20.00 m
150.00 720.00 l
0.000 G
S
151.00 20.00 m
151.00 720.00 l
0.000 G
S
152.00 20.00 m
152.00 720.00 l
0.000 G
S
153.00 20.00 m
153.00 720.00 l
0.000 G
S
154.00 20.00 m
154.00 720.00 l
0.000 G
S
155.00 20.00 m
155.00 720.00 l
0.000 G
S
156.00 20.00 m
156.00 720.00 l
0.000 G
S
157.00 20.00 m
157.00 720.00 l
0.000 G
S
158.00 20.00 m
158.00 720.00 l
0.000 G
S
159.00 20.00 m
159.00 720.00 l
0.000 G
S
160.00 20.00 m
160.00 720.00 l
0.000 G
S
161.00 20.00 m
161.00 720.00 l
0.000 G
S
162.00 20.00 m
162.00 720.00 l
0.000 G
S
163.00 20.00 m
163.00 720.00 l
0.000 G
S
164.00 20.00 m
164.00 720.00 l
0.000 G
S
165.00 20.00 m
165.00 720.00 l
0.000 G
S
166.00 20.00 m
166.00 720.00 l
0.000 G
S
167.00 20.00 m
167.00 720.00 l
0.000 G
S
168.00 20.00 m
168.00 720.00 l
0.000 G
S
169.00 20.00 m
169.00 720.00 l
0.000 G
S
170.00 20.00 m
170.00 720.00 l
0.000 G
S
171.00 20.00 m
171.00 720.00 l
0.000 G
S
172.00 20.00 m
172.00 720.00 l
0.000 G
S
173.00 20.00 m
173.00 720.00 l
0.000 G
S
174.00 20.00 m
174.00 720.00 l
0.000 G
S
175.00 20.00 m
175.00 720.00 l
0.000 G
S
176.00 20.00 m
176.00 720.00 l
0.000 G
S
177.00 20.00 m
177.00 720.00 l
0.000 G
S
178.00 20.00 m
178.00 720.00 l
0.000 G
S
179.00 20.00 m
179.00 720.00 l
0.000 G
S
180.00 20.00 m
180.00 720.00 l
0.000 G
S
181.00 20.00 m
181.00 720.00 l
0.000 G
S
182.00 20.00 m
182.00 720.00 l
0.000 G
S
183.00 20.00 m
183.00 720.00 l
0.000 G
S
184.00 20.00 m
184.00 720.00 l
0.000 G
S
185.00 20.00 m
185.00 720.00 l
0.000 G
S
186.00 20.00 m
186.00 720.00 l
0.000 G
S
187.00 20.00 m
187.00 720.00 l
0.000 G
S
188.00 20.00 m
188.00 720.00 l
0.000 G
S
189.00 20.00 m
189.00 720.00 l
0.000 G
S
190.00 20.00 m
190.00 720.00 l
0.000 G
S
191.00 20.00 m
191.00 720.00 l
0.000 G
S
192.00 20.00 m
192.00 720.00 l
0.000 G
S
193.00 20.00 m
193.00 720.00 l
0.000 G
S
194.00 20.00 m
194.00 720.00 l
0.000 G
S
195.00 20.00 m
195.00 720.00 l
0.000 G
S
196.00 20.00 m
196.00 720.00 l
0.000 G
S
197.00 20.00 m
197.00 720.00 l
0.000 G
S
198.00 20.00 m
198.00 720.00 l
0.000 G
S
199.00 20.00 m
199.00 720.00 l
0.000 G
S
200.00 20.00 m
200.00 720.00 l
0.000 G
S
201.00 20.00 m
201.00 720.00 l
0.000 G
S
202.00 20.00 m
202.00 720.00 l
0.000 G
S
203.00 20.00 m
203.00 720.00 l
0.000 G
S
204.00 20.00 m
204.00 720.00 l
0.000 G
S
205.00 20.00 m
205.00 720.00 l
0.000 G
S
206.00 20.00 m
206.00 720.00 l
0.000 G
S
207.00 20.00 m
207.00 720.00 l
0.000 G
S
208.00 20.00 m
208.00 720.00 l
0.000 G
S
209.00 20.00 m
209.00 720.00 l
0.000 G
S
210.00 20.00 m
210.00 720.00 l
0.000 G
S
211.00 20.00 m
211.00 720.00 l
0.000 G
S
212.00 20.00 m
212.00 720.00 l
0.000 G
S
213.00 20.00 m
213.00 720.00 l
0.000 G
S
214.00 20.00 m
214.00 720.00 l
0.000 G
S
215.00 20.00 m
215.00 720.00 l
0.000 G
S
216.00 20.00 m
216.00 720.00 l
0.000 G
S
217.00 20.00 m
217.00 720.00 l
0.000 G
S
218.00 20.00 m
218.00 720.00 l
0.000 G
S
219.00 20.00 m
219.00 720.00 l
0.000 G
S

endstream
endobj
10 0 obj
<<
/Contents 11 0 R
/MediaBox [0 0 595 842]
/Parent 2 0 R
/Resources <<
/Font 24 0 R
>>
/Type /Page
>>
endobj
11 0 obj
<<
/Length 8040
>>
stream
20.00 20.00 m
20.00 720.00 l
0.000 G
S
21.00 20.00 m
21.00 720.00 l
0.000 G
S
22.00 20.00 m
22.00 720.00 l
0.000 G
S
23.00 20.00 m
23.00 720.00 l
0.000 G
S
24.00 20.00 m
24.00 720.00 l
0.000 G
S
25.00 20.00 m
25.00 720.00 l
0.000 G
S
26.00 20.00 m
26.00 720.00 l
0.000 G
S
27.00 20.00 m
27.00 720.00 l
0.000 G
S
28.00 20.00 m
28.00 720.00 l
0.000 G
S
29.00 20.00 m
29.00 720.00 l
0.000 G
S
30.00 20.00 m
30.00 720.00 l
0.000 G
S
31.00 20.00 m
31.00 720.00 l
0.000 G
S
32.00 20.00 m
32.00 720.00 l
0.000 G
S
33.00 20.00 m
33.00 720.00 l
0.000 G
S
34.00 20.00 m
34.00 720.00 l
0.000 G
S
35.00 20.00 m
35.00 720.00 l
0.000 G
S
36.00 20.00 m
36.00 720.00 l
0.000 G
S
37.00 20.00 m
37.00 720.00 l
0.000 G
S
38.00 20.00 m
38.00 720.00 l
0.000 G
S
39.00 20.00 m
39.00 720.00 l
0.000 G
S
40.00 20.00 m
40.00 720.00 l
0.000 G
S
41.00 20.00 m
41.00 720.00 l
0.000 G
S
42.00 20.00 m
42.00 720.00 l
0.000 G
S
43.00 20.00 m
43.00 720.00 l
0.000 G
S
44.00 20.00 m
44.00 720.00 l
0.000 G
S
45.00 20.00 m
45.00 720.00 l
0.000 G
S
46.00 20.00 m
46.00 720.00 l
0.000 G
S
47.00 20.00 m
47.00 720.00 l
0.000 G
S
48.00 20.00 m
48.00 720.00 l
0.000 G
S
49.00 20.00 m
49.00 720.00 l
0.000 G
S
50.00 20.00 m
50.00 720.00 l
0.000 G
S
51.00 20.00 m
51.00 720.00 l
0.000 G
S
52.00 20.00 m
52.00 720.00 l
0.000 G
S
53.00 20.00 m
53.00 720.00 l
0.000 G
S
54.00 20.00 m
54.00 720.00 l
0.000 G
S
55.00 20.00 m
55.00 720.00 l
0.000 G
S
56.00 20.00 m
56.00 720.00 l
0.000 G
S
57.00 20.00 m
57.00 720.00 l
0.000 G
S
58.00 20.00 m
58.00 720.00 l
0.000 G
S
59.00 20.00 m
59.00 720.00 l
0.000 G
S
60.00 20.00 m
60.00 720.00 l
0.000 G
S
61.00 20.00 m
61.00 720.00 l
0.000 G
S
62.00 20.00 m
62.00 720.00 l
0.000 G
S
63.00 20.00 m
63.00 720.00 l
0.000 G
S
64.00 20.00 m
64.00 720.00 l
0.000 G
S
65.00 20.00 m
65.00 720.00 l
0.000 G
S
66.00 20.00 m
66.00 720.00 l
0.000 G
S
67.00 20.00 m
67.00 720.00 l
0.000 G
S
68.00 20.00 m
68.00 720.00 l
0.000 G
S
69.00 20.00 m
69.00 720.00 l
0.000 G
S
70.00 20.00 m
70.00 720.00 l
0.000 G
S
71.00 20.00 m
71.00 720.00 l
0.000 G
S
72.00 20.00 m
72.00 720.00 l
0.000 G
S
73.00 20.00 m
73.00 720.00 l
0.000 G
S
74.00 20.00 m
74.00 720.00 l
0.000 G
S
75.00 20.00 m
75.00 720.00 l
0.000 G
S
76.00 20.00 m
76.00 720.00 l
0.000 G
S
77.00 20.00 m
77.00 720.00 l
0.000 G
S
78.00 20.00 m
78.00 720.00 l
0.000 G
S
79.00 20.00 m
79.00 720.00 l
0.000 G
S
80.00 20.00 m
80.00 720.00 l
0.000 G
S
81.00 20.00 m
81.00 720.00 l
0.000 G
S
82.00 20.00 m
82.00 720.00 l
0.000 G
S
83.00 20.00 m
83.00 720.00 l
0.000 G
S
84.00 20.00 m
84.00 720.00 l
0.000 G
S
85.00 20.00 m
85.00 720.00 l
0.000 G
S
86.00 20.00 m
86.00 720.00 l
0.000 G
S
87.00 20.00 m
87.00 720.00 l
0.000 G
S
88.00 20.00 m
88.00 720.00 l
0.000 G
S
89.00 20.00 m
89.00 720.00 l
0.000 G
S
90.00 20.00 m
90.00 720.00 l
0.000 G
S
91.00 20.00 m
91.00 720.00 l
0.000 G
S
92.00 20.00 m
92.00 720.00 l
0.000 G
S
93.00 20.00 m
93.00 720.00 l
0.000 G
S
94.00 20.00 m
94.00 720.00 l
0.000 G
S
95.00 20.00 m
95.00 720.00 l
0.000 G
S
96.00 20.00 m
96.00 720.00 l
0.000 G
S
97.00 20.00 m
97.00 720.00 l
0.000 G
S
98.00 20.00 m
98.00 720.00 l
0.000 G
S
99.00 20.00 m
99.00 720.00 l
0.000 G
S
100.00 20.00 m
100.00 720.00 l
0.000 G
S
101.00 20.00 m
101.00 720.00 l
0.000 G
S
102.00 20.00 m
102.00 720.00 l
0.000 G
S
103.00 20.00 m
103.00 720.00 l
0.000 G
S
104.00 20.00 m
104.00 720.00 l
0.000 G
S
105.00 20.00 m
105.00 720.00 l
0.000 G
S
106.00 20.00 m
106.00 720.00 l
0.000 G
S
107.00 20.00 m
107.00 720.00 l
0.000 G
S
108.00 20.00 m
108.00 720.00 l
0.000 G
S
109.00 20.00 m
109.00 720.00 l
0.000 G
S
110.00 20.00 m
110.00 720.00 l
0.000 G
S
111.00 20.00 m
111.00 720.00 l
0.000 G
S
112.00 20.00 m
112.00 720.00 l
0.000 G
S
113.00 20.00 m
113.00 720.00 l
0.000 G
S
114.00 20.00 m
114.00 720.00 l
0.000 G
S
115.00 20.00 m
115.00 720.00 l
0.000 G
S
116.00 20.00 m
116.00 720.00 l
0.000 G
S
117.00 20.00 m
117.00 720.00 l
0.000 G
S
118.00 20.00 m
118.00 720.00 l
0.000 G
S
119.00 20.00 m
119.00 720.00 l
0.000 G
S
120.00 20.00 m
120.00 720.00 l
0.000 G
S
121.00 20.00 m
121.00 720.00 l
0.000 G
S
122.00 20.00 m
122.00 720.00 l
0.000 G
S
123.00 20.00 m
123.00 720.00 l
0.000 G
S
124.00 20.00 m
124.00 720.00 l
0.000 G
S
125.00 20.00 m
125.00 720.00 l
0.000 G
S
126.00 20.00 m
126.00 720.00 l
0.000 G
S
127.00 20.00 m
127.00 720.00 l
0.000 G
S
128.00 20.00 m
128.00 720.00 l
0.000 G
S
129.00 20.00 m
129.00 720.00 l
0.000 G
S
130.00 20.00 m
130.00 720.00 l
0.000 G
S
131.00 20.00 m
131.00 720.00 l
0.000 G
S
132.00 20.00 m
132.00 720.00 l
0.000 G
S
133.00 20.00 m
133.00 720.00 l
0.000 G
S
134.00 20.00 m
134.00 720.00 l
0.000 G
S
135.00 20.00 m
135.00 720.00 l
0.000 G
S
136.00 20.00 m
136.00 720.00 l
0.000 G
S
137.00 20.00 m
137.00 720.00 l
0.000 G
S
138.00 20.00 m
138.00 720.00 l
0.000 G
S
139.00 20.00 m
139.00 720.00 l
0.000 G
S
140.00 20.00 m
140.00 720.00 l
0.000 G
S
141.00 20.00 m
141.00 720.00 l
0.000 G
S
142.00 20.00 m
142.00 720.00 l
0.000 G
S
143.00 20.00 m
143.00 720.00 l
0.000 G
S
144.00 20.00 m
144.00 720.00 l
0.000 G
S
145.00 20.00 m
145.00 720.00 l
0.000 G
S
146.00 20.00 m
146.00 720.00 l
0.000 G
S
147.00 20.00 m
147.00 720.00 l
0.000 G
S
148.00 20.00 m
148.00 720.00 l
0.000 G
S
149.00 20.00 m
149.00 720.00 l
0.000 G
S
150.00 20.00 m
150.00 720.00 l
0.000 G
S
151.00 20.00 m
151.00 720.00 l
0.000 G
S
152.00 20.00 m
152.00 720.00 l
0.000 G
S
153.00 20.00 m
153.00 720.00 l
0.000 G
S
154.00 20.00 m
154.00 720.00 l
0.000 G
S
155.00 20.00 m
155.00 720.00 l
0.000 G
S
156.00 20.00 m
156.00 720.00 l
0.000 G
S
157.00 20.00 m
157.00 720.00 l
0.000 G
S
158.00 20.00 m
158.00 720.00 l
0.000 G
S
159.00 20.00 m
159.00 720.00 l
0.000 G
S
160.00 20.00 m
160.00 720.00 l
0.000 G
S
161.00 20.00 m
161.00 720.00 l
0.000 G
S
162.00 20.00 m
162.00 720.00 l
0.000 G
S
163.00 20.00 m
163.00 720.00 l
0.000 G
S
164.00 20.00 m
164.00 720.00 l
0.000 G
S
165.00 20.00 m
165.00 720.00 l
0.000 G
S
166.00 20.00 m
166.00 720.00 l
0.000 G
S
167.00 20.00 m
167.00 720.00 l
0.000 G
S
168.00 20.00 m
168.00 720.00 l
0.000 G
S
169.00 20.00 m
169.00 720.00 l
0.000 G
S
170.00 20.00 m
170.00 720.00 l
0.000 G
S
171.00 20.00 m
171.00 720.00 l
0.000 G
S
172.00 20.00 m
172.00 720.00 l
0.000 G
S
173.00 20.00 m
173.00 720.00 l
0.000 G
S
174.00 20.00 m
174.00 720.00 l
0.000 G
S
175.00 20.00 m
175.00 720.00 l
0.000 G
S
176.00 20.00 m
176.00 720.00 l
0.000 G
S
177.00 20.00 m
177.00 720.00 l
0.000 G
S
178.00 20.00 m
178.00 720.00 l
0.000 G
S
179.00 20.00 m
179.00 720.00 l
0.000 G
S
180.00 20.00 m
180.00 720.00 l
0.000 G
S
181.00 20.00 m
181.00 720.00 l
0.000 G
S
182.00 20.00 m
182.00 720.00 l
0.000 G
S
183.00 20.00 m
183.00 720.00 l
0.000 G
S
184.00 20.00 m
184.00 720.00 l
0.000 G
S
185.00 20.00 m
185.00 720.00 l
0.000 G
S
186.00 20.00 m
186.00 720.00 l
0.000 G
S
187.00 20.00 m
187.00 720.00 l
0.000 G
S
188.00 20.00 m
188.00 720.00 l
0.000 G
S
189.00 20.00 m
189.00 720.00 l
0.000 G
S
190.00 20.00 m
190.00 720.00 l
0.000 G
S
191.00 20.00 m
191.00 720.00 l
0.000 G
S
192.00 20.00 m
192.00 720.00 l
0.000 G
S
193.00 20.00 m
193.00 720.00 l
0.000 G
S
194.00 20.00 m
194.00 720.00 l
0.000 G
S
195.00 20.00 m
195.00 720.00 l
0.000 G
S
196.00 20.00 m
196.00 720.00 l
0.000 G
S
197.00 20.00 m
197.00 720.00 l
0.000 G
S
198.00 20.00 m
198.00 720.00 l
0.000 G
S
199.00 20.00 m
199.00 720.00 l
0.000 G
S
200.00 20.00 m
200.00 720.00 l
0.000 G
S
201.00 20.00 m
201.00 720.00 l
0.000 G
S
202.00 20.00 m
202.00 720.00 l
0.000 G
S
203.00 20.00 m
203.00 720.00 l
0.000 G
S
204.00 20.00 m
204.00 720.00 l
0.000 G
S
205.00 20.00 m
205.00 720.00 l
0.000 G
S
206.00 20.00 m
206.00 720.00 l
0.000 G
S
207.00 20.00 m
207.00 720.00 l
0.000 G
S
208.00 20.00 m
208.00 720.00 l
0.000 G
S
209.00 20.00 m
209.00 720.00 l
0.000 G
S
210.00 20.00 m
210.00 720.00 l
0.000 G
S
211.00 20.00 m
211.00 720.00 l
0.000 G
S
212.00 20.00 m
212.00 720.00 l
0.000 G
S
213.00 20.00 m
213.00 720.00 l
0.000 G
S
214.00 20.00 m
214.00 720.00 l
0.000 G
S
215.00 20.00 m
215.00 720.00 l
0.000 G
S
216.00 20.00 m
216.00 720.00 l
0.000 G
S
217.00 20.00 m
217.00 720.00 l
0.000 G
S
218.00 20.00 m
218.00 720.00 l
0.000 G
S
219.00 20.00 m
219.00 720.00 l
0.000 G
S

endstream
endobj
12 0 obj
<<
/Contents 13 0 R
/MediaBox [0 0 595 842]
/Parent 2 0 R
/Resources <<
/Font 24 0 R
>>
/Type /Page
>>
endobj
13 0 obj
<<
/Length 8040
>>
stream
20.00 20.00 m
20.00 720.00 l
0.000 G
S
21.00 20.00 m
21.00 720.00 l
0.000 G
S
22.00 20.00 m
22.00 720.00 l
0.000 G
S
23.00 20.00 m
23.00 720.00 l
0.000 G
S
24.00 20.00 m
24.00 720.00 l
0.000 G
S
25.00 20.00 m
25.00 720.00 l
0.000 G
S
26.00 20.00 m
26.00 720.00 l
0.000 G
S
27.00 20.00 m
27.00 720.00 l
0.000 G
S
28.00 20.00 m
28.00 720.00 l
0.000 G
S
29.00 20.00 m
29.00 720.00 l
0.000 G
S
30.00 20.00 m
30.00 720.00 l
0.000 G
S
31.00 20.00 m
31.00 720.00 l
0.000 G
S
32.00 20.00 m
32.00 720.00 l
0.000 G
S
33.00 20.00 m
33.00 720.00 l
0.000 G
S
34.00 20.00 m
34.00 720.00 l
0.000 G
S
35.00 20.00 m
35.00 720.00 l
0.000 G
S
36.00 20.00 m
36.00 720.00 l
0.000 G
S
37.00 20.00 m
37.00 720.00 l
0.000 G
S
38.00 20.00 m
38.00 720.00 l
0.000 G
S
39.00 20.00 m
39.00 720.00 l
0.000 G
S
40.00 20.00 m
40.00 720.00 l
0.000 G
S
41.00 20.00 m
41.00 720.00 l
0.000 G
S
42.00 20.00 m
42.00 720.00 l
0.000 G
S
43.00 20.00 m
43.00 720.00 l
0.000 G
S
44.00 20.00 m
44.00 720.00 l
0.000 G
S
45.00 20.00 m
45.00 720.00 l
0.000 G
S
46.00 20.00 m
46.00 720.00 l
0.000 G
S
47.00 20.00 m
47.00 720.00 l
0.000 G
S
48.00 20.00 m
48.00 720.00 l
0.000 G
S
49.00 20.00 m
49.00 720.00 l
0.000 G
S
50.00 20.00 m
50.00 720.00 l
0.000 G
S
51.00 20.00 m
51.00 720.00 l
0.000 G
S
52.00 20.00 m
52.00 720.00 l
0.000 G
S
53.00 20.00 m
53.00 720.00 l
0.000 G
S
54.00 20.00 m
54.00 720.00 l
0.000 G
S
55.00 20.00 m
55.00 720.00 l
0.000 G
S
56.00 20.00 m
56.00 720.00 l
0.000 G
S
57.00 20.00 m
57.00 720.00 l
0.000 G
S
58.00 20.00 m
58.00 720.00 l
0.000 G
S
59.00 20.00 m
59.00 720.00 l
0.000 G
S
60.00 20.00 m
60.00 720.00 l
0.000 G
S
61.00 20.00 m
61.00 720.00 l
0.000 G
S
62.00 20.00 m
62.00 720.00 l
0.000 G
S
63.00 20.00 m
63.00 720.00 l
0.000 G
S
64.00 20.00 m
64.00 720.00 l
0.000 G
S
65.00 20.00 m
65.00 720.00 l
0.000 G
S
66.00 20.00 m
66.00 720.00 l
0.000 G
S
67.00 20.00 m
67.00 720.00 l
0.000 G
S
68.00 20.00 m
68.00 720.00 l
0.000 G
S
69.00 20.00 m
69.00 720.00 l
0.000 G
S
70.00 20.00 m
70.00 720.00 l
0.000 G
S
71.00 20.00 m
71.00 720.00 l
0.000 G
S
72.00 20.00 m
72.00 720.00 l
0.000 G
S
73.00 20.00 m
73.00 720.00 l
0.000 G
S
74.00 20.00 m
74.00 720.00 l
0.000 G
S
75.00 20.00 m
75.00 720.00 l
0.000 G
S
76.00 20.00 m
76.00 720.00 l
0.000 G
S
77.00 20.00 m
77.00 720.00 l
0.000 G
S
78.00 20.00 m
78.00 720.00 l
0.000 G
S
79.00 20.00 m
79.00 720.00 l
0.000 G
S
80.00 20.00 m
80.00 720.00 l
0.000 G
S
81.00 20.00 m
81.00 720.00 l
0.000 G
S
82.00 20.00 m
82.00 720.00 l
0.000 G
S
83.00 20.00 m
83.00 720.00 l
0.000 G
S
84.00 20.00 m
84.00 720.00 l
0.000 G
S
85.00 20.00 m
85.00 720.00 l
0.000 G
S
86.00 20.00 m
86.00 720.00 l
0.000 G
S
87.00 20.00 m
87.00 720.00 l
0.000 G
S
88.00 20.00 m
88.00 720.00 l
0.000 G
S
89.00 20.00 m
89.00 720.00 l
0.000 G
S
90.00 20.00 m
90.00 720.00 l
0.000 G
S
91.00 20.00 m
91.00 720.00 l
0.000 G
S
92.00 20.00 m
92.00 720.00 l
0.000 G
S
93.00 20.00 m
93.00 720.00 l
0.000 G
S
94.00 20.00 m
94.00 720.00 l
0.000 G
S
95.00 20.00 m
95.00 720.00 l
0.000 G
S
96.00 20.00 m
96.00 720.00 l
0.000 G
S
97.00 20.00 m
97.00 720.00 l
0.000 G
S
98.00 20.00 m
98.00 720.00 l
0.000 G
S
99.00 20.00 m
99.00 720.00 l
0.000 G
S
100.00 20.00 m
100.00 720.00 l
0.000 G
S
101.00 20.00 m
101.00 720.00 l
0.000 G
S
102.00 20.00 m
102.00 720.00 l
0.000 G
S
103.00 20.00 m
103.00 720.00 l
0.000 G
S
104.00 20.00 m
104.00 720.00 l
0.000 G
S
105.00 20.00 m
105.00 720.00 l
0.000 G
S
106.00 20.00 m
106.00 720.00 l
0.000 G
S
107.00 20.00 m
107.00 720.00 l
0.000 G
S
108.00 20.00 m
108.00 720.00 l
0.000 G
S
109.00 20.00 m
109.00 720.00 l
0.000 G
S
110.00 20.00 m
110.00 720.00 l
0.000 G
S
111.00 20.00 m
111.00 720.00 l
0.000 G
S
112.00 20.00 m
112.00 720.00 l
0.000 G
S
113.00 20.00 m
113.00 720.00 l
0.000 G
S
114.00 20.00 m
114.00 720.00 l
0.000 G
S
115.00 20.00 m
115.00 720.00 l
0.000 G
S
116.00 20.00 m
116.00 720.00 l
0.000 G
S
117.00 20.00 m
117.00 720.00 l
0.000 G
S
118.00 20.00 m
118.00 720.00 l
0.000 G
S
119.00 20.00 m
119.00 720.00 l
0.000 G
S
120.00 20.00 m
120.00 720.00 l
0.000 G
S
121.00 20.00 m
121.00 720.00 l
0.000 G
S
122.00 20.00 m
122.00 720.00 l
0.000 G
S
123.00 20.00 m
123.00 720.00 l
0.000 G
S
124.00 20.00 m
124.00 720.00 l
0.000 G
S
125.00 20.00 m
125.00 720.00 l
0.000 G
S
126.00 20.00 m
126.00 720.00 l
0.000 G
S
127.00 20.00 m
127.00 720.00 l
0.000 G
S
128.00 20.00 m
128.00 720.00 l
0.000 G
S
129.00 20.00 m
129.00 720.00 l
0.000 G
S
130.00 20.00 m
130.00 720.00 l
0.000 G
S
131.00 20.00 m
131.00 720.00 l
0.000 G
S
132.00 20.00 m
132.00 720.00 l
0.000 G
S
133.00 20.00 m
133.00 720.00 l
0.000 G
S
134.00 20.00 m
134.00 720.00 l
0.000 G
S
135.00 20.00 m
135.00 720.00 l
0.000 G
S
136.00 20.00 m
136.00 720.00 l
0.000 G
S
137.00 20.00 m
137.00 720.00 l
0.000 G
S
138.00 20.00 m
138.00 720.00 l
0.000 G
S
139.00 20.00 m
139.00 720.00 l
0.000 G
S
140.00 20.00 m
140.00 720.00 l
0.000 G
S
141.00 20.00 m
141.00 720.00 l
0.000 G
S
142.00 20.00 m
142.00 720.00 l
0.000 G
S
143.00 20.00 m
143.00 720.00 l
0.000 G
S
144.00 20.00 m
144.00 720.00 l
0.000 G
S
145.00 20.00 m
145.00 720.00 l
0.000 G
S
146.00 20.00 m
146.00 720.00 l
0.000 G
S
147.00 20.00 m
147.00 720.00 l
0.000 G
S
148.00 20.00 m
148.00 720.00 l
0.000 G
S
149.00 20.00 m
149.00 720.00 l
0.000 G
S
150.00 20.00 m
150.00 720.00 l
0.000 G
S
151.00 20.00 m
151.00 720.00 l
0.000 G
S
152.00 20.00 m
152.00 720.00 l
0.000 G
S
153.00 20.00 m
153.00 720.00 l
0.000 G
S
154.00 20.00 m
154.00 720.00 l
0.000 G
S
155.00 20.00 m
155.00 720.00 l
0.000 G
S
156.00 20.00 m
156.00 720.00 l
0.000 G
S
157.00 20.00 m
157.00 720.00 l
0.000 G
S
158.00 20.00 m
158.00 720.00 l
0.000 G
S
159.00 20.00 m
159.00 720.00 l
0.000 G
S
160.00 20.00 m
160.00 720.00 l
0.000 G
S
161.00 20.00 m
161.00 720.00 l
0.000 G
S
162.00 20.00 m
162.00 720.00 l
0.000 G
S
163.00 20.00 m
163.00 720.00 l
0.000 G
S
164.00 20.00 m
164.00 720.00 l
0.000 G
S
165.00 20.00 m
165.00 720.00 l
0.000 G
S
166.00 20.00 m
166.00 720.00 l
0.000 G
S
167.00 20.00 m
167.00 720.00 l
0.000 G
S
168.00 20.00 m
168.00 720.00 l
0.000 G
S
169.00 20.00 m
169.00 720.00 l
0.000 G
S
170.00 20.00 m
170.00 720.00 l
0.000 G
S
171.00 20.00 m
171.00 720.00 l
0.000 G
S
172.00 20.00 m
172.00 720.00 l
0.000 G
S
173.00 20.00 m
173.00 720.00 l
0.000 G
S
174.00 20.00 m
174.00 720.00 l
0.000 G
S
175.00 20.00 m
175.00 720.00 l
0.000 G
S
176.00 20.00 m
176.00 720.00 l
0.000 G
S
177.00 20.00 m
177.00 720.00 l
0.000 G
S
178.00 20.00 m
178.00 720.00 l
0.000 G
S
179.00 20.00 m
179.00 720.00 l
0.000 G
S
180.00 20.00 m
180.00 720.00 l
0.000 G
S
181.00 20.00 m
181.00 720.00 l
0.000 G
S
182.00 20.00 m
182.00 720.00 l
0.000 G
S
183.00 20.00 m
183.00 720.00 l
0.000 G
S
184.00 20.00 m
184.00 720.00 l
0.000 G
S
185.00 20.00 m
185.00 720.00 l
0.000 G
S
186.00 20.00 m
186.00 720.00 l
0.000 G
S
187.00 20.00 m
187.00 720.00 l
0.000 G
S
188.00 20.00 m
188.00 720.00 l
0.000 G
S
189.00 20.00 m
189.00 720.00 l
0.000 G
S
190.00 20.00 m
190.00 720.00 l
0.000 G
S
191.00 20.00 m
191.00 720.00 l
0.000 G
S
192.00 20.00 m
192.00 720.00 l
0.000 G
S
193.00 20.00 m
193.00 720.00 l
0.000 G
S
194.00 20.00 m
194.00 720.00 l
0.000 G
S
195.00 20.00 m
195.00 720.00 l
0.000 G
S
196.00 20.00 m
196.00 720.00 l
0.000 G
S
197.00 20.00 m
197.00 720.00 l
0.000 G
S
198.00 20.00 m
198.00 720.00 l
0.000 G
S
199.00 20.00 m
199.00 720.00 l
0.000 G
S
200.00 20.00 m
200.00 720.00 l
0.000 G
S
201.00 20.00 m
201.00 720.00 l
0.000 G
S
202.00 20.00 m
202.00 720.00 l
0.000 G
S
203.00 20.00 m
203.00 720.00 l
0.000 G
S
204.00 20.00 m
204.00 720.00 l
0.000 G
S
205.00 20.00 m
205.00 720.00 l
0.000 G
S
206.00 20.00 m
206.00 720.00 l
0.000 G
S
207.00 20.00 m
207.00 720.00 l
0.000 G
S
208.00 20.00 m
208.00 720.00 l
0.000 G
S
209.00 20.00 m
209.00 720.00 l
0.000 G
S
210.00 20.00 m
210.00 720.00 l
0.000 G
S
211.00 20.00 m
211.00 720.00 l
0.000 G
S
212.00 20.00 m
212.00 720.00 l
0.000 G
S
213.00 20.00 m
213.00 720.00 l
0.000 G
S
214.00 20.00 m
214.00 720.00 l
0.000 G
S
215.00 20.00 m
215.00 720.00 l
0.000 G
S
216.00 20.00 m
216.00 720.00 l
0.000 G
S
217.00 20.00 m
217.00 720.00 l
0.000 G
S
218.00 20.00 m
218.00 720.00 l
0.000 G
S
219.00 20.00 m
219.00 720.00 l
0.000 G
S

endstream
endobj
14 0 obj
<<
/Contents 15 0 R
/MediaBox [0 0 595 842]
/Parent 2 0 R
/Resources <<
/Font 24 0 R
>>
/Type /Page
>>
endobj
15 0 obj
<<
/Length 8040
>>
stream
20.00 20.00 m
20.00 720.00 l
0.000 G
S
21.00 20.00 m
21.00 720.00 l
0.000 G
S
22.00 20.00 m
22.00 720.00 l
0.000 G
S
23.00 20.00 m
23.00 720.00 l
0.000 G
S
24.00 20.00 m
24.00 720.00 l
0.000 G
S
25.00 20.00 m
25.00 720.00 l
0.000 G
S
26.00 20.00 m
26.00 720.00 l
0.000 G
S
27.00 20.00 m
27.00 720.00 l
0.000 G
S
28.00 20.00 m
28.00 720.00 l
0.000 G
S
29.00 20.00 m
29.00 720.00 l
0.000 G
S
30.00 20.00 m
30.00 720.00 l
0.000 G
S
31.00 20.00 m
31.00 720.00 l
0.000 G
S
32.00 20.00 m
32.00 720.00 l
0.000 G
S
33.00 20.00 m
33.00 720.00 l
0.000 G
S
34.00 20.00 m
34.00 720.00 l
0.000 G
S
35.00 20.00 m
35.00 720.00 l
0.000 G
S
36.00 20.00 m
36.00 720.00 l
0.000 G
S
37.00 20.00 m
37.00 720.00 l
0.000 G
S
38.00 20.00 m
38.00 720.00 l
0.000 G
S
39.00 20.00 m
39.00 720.00 l
0.000 G
S
40.00 20.00 m
40.00 720.00 l
0.000 G
S
41.00 20.00 m
41.00 720.00 l
0.000 G
S
42.00 20.00 m
42.00 720.00 l
0.000 G
S
43.00 20.00 m
43.00 720.00 l
0.000 G
S
44.00 20.00 m
44.00 720.00 l
0.000 G
S
45.00 20.00 m
45.00 720.00 l
0.000 G
S
46.00 20.00 m
46.00 720.00 l
0.000 G
S
47.00 20.00 m
47.00 720.00 l
0.000 G
S
48.00 20.00 m
48.00 720.00 l
0.000 G
S
49.00 20.00 m
49.00 720.00 l
0.000 G
S
50.00 20.00 m
50.00 720.00 l
0.000 G
S
51.00 20.00 m
51.00 720.00 l
0.000 G
S
52.00 20.00 m
52.00 720.00 l
0.000 G
S
53.00 20.00 m
53.00 720.00 l
0.000 G
S
54.00 20.00 m
54.00 720.00 l
0.000 G
S
55.00 20.00 m
55.00 720.00 l
0.000 G
S
56.00 20.00 m
56.00 720.00 l
0.000 G
S
57.00 20.00 m
57.00 720.00 l
0.000 G
S
58.00 20.00 m
58.00 720.00 l
0.000 G
S
59.00 20.00 m
59.00 720.00 l
0.000 G
S
60.00 20.00 m
60.00 720.00 l
0.000 G
S
61.00 20.00 m
61.00 720.00 l
0.000 G
S
62.00 20.00 m
62.00 720.00 l
0.000 G
S
63.00 20.00 m
63.00 720.00 l
0.000 G
S
64.00 20.00 m
64.00 720.00 l
0.000 G
S
65.00 20.00 m
65.00 720.00 l
0.000 G
S
66.00 20.00 m
66.00 720.00 l
0.000 G
S
67.00 20.00 m
67.00 720.00 l
0.000 G
S
68.00 20.00 m
68.00 720.00 l
0.000 G
S
69.00 20.00 m
69.00 720.00 l
0.000 G
S
70.00 20.00 m
70.00 720.00 l
0.000 G
S
71.00 20.00 m
71.00 720.00 l
0.000 G
S
72.00 20.00 m
72.00 720.00 l
0.000 G
S
73.00 20.00 m
73.00 720.00 l
0.000 G
S
74.00 20.00 m
74.00 720.00 l
0.000 G
S
75.00 20.00 m
75.00 720.00 l
0.000 G
S
76.00 20.00 m
76.00 720.00 l
0.000 G
S
77.00 20.00 m
77.00 720.00 l
0.000 G
S
78.00 20.00 m
78.00 720.00 l
0.000 G
S
79.00 20.00 m
79.00 720.00 l
0.000 G
S
80.00 20.00 m
80.00 720.00 l
0.000 G
S
81.00 20.00 m
81.00 720.00 l
0.000 G
S
82.00 20.00 m
82.00 720.00 l
0.000 G
S
83.00 20.00 m
83.00 720.00 l
0.000 G
S
84.00 20.00 m
84.00 720.00 l
0.000 G
S
85.00 20.00 m
85.00 720.00 l
0.000 G
S
86.00 20.00 m
86.00 720.00 l
0.000 G
S
87.00 20.00 m
87.00 720.00 l
0.000 G
S
88.00 20.00 m
88.00 720.00 l
0.000 G
S
89.00 20.00 m
89.00 720.00 l
0.000 G
S
90.00 20.00 m
90.00 720.00 l
0.000 G
S
91.00 20.00 m
91.00 720.00 l
0.000 G
S
92.00 20.00 m
92.00 720.00 l
0.000 G
S
93.00 20.00 m
93.00 720.00 l
0.000 G
S
94.00 20.00 m
94.00 720.00 l
0.000 G
S
95.00 20.00 m
95.00 720.00 l
0.000 G
S
96.00 20.00 m
96.00 720.00 l
0.000 G
S
97.00 20.00 m
97.00 720.00 l
0.000 G
S
98.00 20.00 m
98.00 720.00 l
0.000 G
S
99.00 20.00 m
99.00 720.00 l
0.000 G
S
100.00 20.00 m
100.00 720.00 l
0.000 G
S
101.00 20.00 m
101.00 720.00 l
0.000 G
S
102.00 20.00 m
102.00 720.00 l
0.000 G
S
103.00 20.00 m
103.00 720.00 l
0.000 G
S
104.00 20.00 m
104.00 720.00 l
0.000 G
S
105.00 20.00 m
105.00 720.00 l
0.000 G
S
106.00 20.00 m
106.00 720.00 l
0.000 G
S
107.00 20.00 m
107.00 720.00 l
0.000 G
S
108.00 20.00 m
108.00 720.00 l
0.000 G
S
109.00 20.00 m
109.00 720.00 l
0.000 G
S
110.00 20.00 m
110.00 720.00 l
0.000 G
S
111.00 20.00 m
111.00 720.00 l
0.000 G
S
112.00 20.00 m
112.00 720.00 l
0.000 G
S
113.00 20.00 m
113.00 720.00 l
0.000 G
S
114.00 20.00 m
114.00 720.00 l
0.000 G
S
115.00 20.00 m
115.00 720.00 l
0.000 G
S
116.00 20.00 m
116.00 720.00 l
0.000 G
S
117.00 20.00 m
117.00 720.00 l
0.000 G
S
118.00 20.00 m
118.00 720.00 l
0.000 G
S
119.00 20.00 m
119.00 720.00 l
0.000 G
S
120.00 20.00 m
120.00 720.00 l
0.000 G
S
121.00 20.00 m
121.00 720.00 l
0.000 G
S
122.00 20.00 m
122.00 720.00 l
0.000 G
S
123.00 20.00 m
123.00 720.00 l
0.000 G
S
124.00 20.00 m
124.00 720.00 l
0.000 G
S
125.00 20.00 m
125.00 720.00 l
0.000 G
S
126.00 20.00 m
126.00 720.00 l
0.000 G
S
127.00 20.00 m
127.00 720.00 l
0.000 G
S
128.00 20.00 m
128.00 720.00 l
0.000 G
S
129.00 20.00 m
129.00 720.00 l
0.000 G
S
130.00 20.00 m
130.00 720.00 l
0.000 G
S
131.00 20.00 m
131.00 720.00 l
0.000 G
S
132.00 20.00 m
132.00 720.00 l
0.000 G
S
133.00 20.00 m
133.00 720.00 l
0.000 G
S
134.00 20.00 m
134.00 720.00 l
0.000 G
S
135.00 20.00 m
135.00 720.00 l
0.000 G
S
136.00 20.00 m
136.00 720.00 l
0.000 G
S
137.00 20.00 m
137.00 720.00 l
0.000 G
S
138.00 20.00 m
138.00 720.00 l
0.000 G
S
139.00 20.00 m
139.00 720.00 l
0.000 G
S
140.00 20.00 m
140.00 720.00 l
0.000 G
S
141.00 20.00 m
141.00 720.00 l
0.000 G
S
142.00 20.00 m
142.00 720.00 l
0.000 G
S
143.00 20.00 m
143.00 720.00 l
0.000 G
S
144.00 20.00 m
144.00 720.00 l
0.000 G
S
145.00 20.00 m
145.00 720.00 l
0.000 G
S
146.00 20.00 m
146.00 720.00 l
0.000 G
S
147.00 20.00 m
147.00 720.00 l
0.000 G
S
148.00 20.00 m
148.00 720.00 l
0.000 G
S
149.00 20.00 m
149.00 720.00 l
0.000 G
S
150.00 20.00 m
150.00 720.00 l
0.000 G
S
151.00 20.00 m
151.00 720.00 l
0.000 G
S
152.00 20.00 m
152.00 720.00 l
0.000 G
S
153.00 20.00 m
153.00 720.00 l
0.000 G
S
154.00 20.00 m
154.00 720.00 l
0.000 G
S
155.00 20.00 m
155.00 720.00 l
0.000 G
S
156.00 20.00 m
156.00 720.00 l
0.000 G
S
157.00 20.00 m
157.00 720.00 l
0.000 G
S
158.00 20.00 m
158.00 720.00 l
0.000 G
S
159.00 20.00 m
159.00 720.00 l
0.000 G
S
160.00 20.00 m
160.00 720.00 l
0.000 G
S
161.00 20.00 m
161.00 720.00 l
0.000 G
S
162.00 20.00 m
162.00 720.00 l
0.000 G
S
163.00 20.00 m
163.00 720.00 l
0.000 G
S
164.00 20.00 m
164.00 720.00 l
0.000 G
S
165.00 20.00 m
165.00 720.00 l
0.000 G
S
166.00 20.00 m
166.00 720.00 l
0.000 G
S
167.00 20.00 m
167.00 720.00 l
0.000 G
S
168.00 20.00 m
168.00 720.00 l
0.000 G
S
169.00 20.00 m
169.00 720.00 l
0.000 G
S
170.00 20.00 m
170.00 720.00 l
0.000 G
S
171.00 20.00 m
171.00 720.00 l
0.000 G
S
172.00 20.00 m
172.00 720.00 l
0.000 G
S
173.00 20.00 m
173.00 720.00 l
0.000 G
S
174.00 20.00 m
174.00 720.00 l
0.000 G
S
175.00 20.00 m
175.00 720.00 l
0.000 G
S
176.00 20.00 m
176.00 720.00 l
0.000 G
S
177.00 20.00 m
177.00 720.00 l
0.000 G
S
178.00 20.00 m
178.00 720.00 l
0.000 G
S
179.00 20.00 m
179.00 720.00 l
0.000 G
S
180.00 20.00 m
180.00 720.00 l
0.000 G
S
181.00 20.00 m
181.00 720.00 l
0.000 G
S
182.00 20.00 m
182.00 720.00 l
0.000 G
S
183.00 20.00 m
183.00 720.00 l
0.000 G
S
184.00 20.00 m
184.00 720.00 l
0.000 G
S
185.00 20.00 m
185.00 720.00 l
0.000 G
S
186.00 20.00 m
186.00 720.00 l
0.000 G
S
187.00 20.00 m
187.00 720.00 l
0.000 G
S
188.00 20.00 m
188.00 720.00 l
0.000 G
S
189.00 20.00 m
189.00 720.00 l
0.000 G
S
190.00 20.00 m
190.00 720.00 l
0.000 G
S
191.00 20.00 m
191.00 720.00 l
0.000 G
S
192.00 20.00 m
192.00 720.00 l
0.000 G
S
193.00 20.00 m
193.00 720.00 l
0.000 G
S
194.00 20.00 m
194.00 720.00 l
0.000 G
S
195.00 20.00 m
195.00 720.00 l
0.000 G
S
196.00 20.00 m
196.00 720.00 l
0.000 G
S
197.00 20.00 m
197.00 720.00 l
0.000 G
S
198.00 20.00 m
198.00 720.00 l
0.000 G
S
199.00 20.00 m
199.00 720.00 l
0.000 G
S
200.00 20.00 m
200.00 720.00 l
0.000 G
S
201.00 20.00 m
201.00 720.00 l
0.000 G
S
202.00 20.00 m
202.00 720.00 l
0.000 G
S
203.00 20.00 m
203.00 720.00 l
0.000 G
S
204.00 20.00 m
204.00 720.00 l
0.000 G
S
205.00 20.00 m
205.00 720.00 l
0.000 G
S
206.00 20.00 m
206.00 720.00 l
0.000 G
S
207.00 20.00 m
207.00 720.00 l
0.000 G
S
208.00 20.00 m
208.00 720.00 l
0.000 G
S
209.00 20.00 m
209.00 720.00 l
0.000 G
S
210.00 20.00 m
210.00 720.00 l
0.000 G
S
211.00 20.00 m
211.00 720.00 l
0.000 G
S
212.00 20.00 m
212.00 720.00 l
0.000 G
S
213.00 20.00 m
213.00 720.00 l
0.000 G
S
214.00 20.00 m
214.00 720.00 l
0.000 G
S
215.00 20.00 m
215.00 720.00 l
0.000 G
S
216.00 20.00 m
216.00 720.00 l
0.000 G
S
217.00 20.00 m
217.00 720.00 l
0.000 G
S
218.00 20.00 m
218.00 720.00 l
0.000 G
S
219.00 20.00 m
219.00 720.00 l
0.000 G
S

endstream
endobj
16 0 obj
<<
/Contents 17 0 R
/MediaBox [0 0 595 842]
/Parent 2 0 R
/Resources <<
/Font 24 0 R
>>
/Type /Page
>>
endobj
17 0 obj
<<
/Length 8040
>>
stream
20.00 20.00 m
20.00 720.00 l
0.000 G
S
21.00 20.00 m
21.00 720.00 l
0.000 G
S
22.00 20.00 m
22.00 720.00 l
0.000 G
S
23.00 20.00 m
23.00 720.00 l
0.000 G
S
24.00 20.00 m
24.00 720.00 l
0.000 G
S
25.00 20.00 m
25.00 720.00 l
0.000 G
S
26.00 20.00 m
26.00 720.00 l
0.000 G
S
27.00 20.00 m
27.00 720.00 l
0.000 G
S
28.00 20.00 m
28.00 720.00 l
0.000 G
S
29.00 20.00 m
29.00 720.00 l
0.000 G
S
30.00 20.00 m
30.00 720.00 l
0.000 G
S
31.00 20.00 m
31.00 720.00 l
0.000 G
S
32.00 20.00 m
32.00 720.00 l
0.000 G
S
33.00 20.00 m
33.00 720.00 l
0.000 G
S
34.00 20.00 m
34.00 720.00 l
0.000 G
S
35.00 20.00 m
35.00 720.00 l
0.000 G
S
36.00 20.00 m
36.00 720.00 l
0.000 G
S
37.00 20.00 m
37.00 720.00 l
0.000 G
S
38.00 20.00 m
38.00 720.00 l
0.000 G
S
39.00 20.00 m
39.00 720.00 l
0.000 G
S
40.00 20.00 m
40.00 720.00 l
0.000 G
S
41.00 20.00 m
41.00 720.00 l
0.000 G
S
42.00 20.00 m
42.00 720.00 l
0.000 G
S
43.00 20.00 m
43.00 720.00 l
0.000 G
S
44.00 20.00 m
44.00 720.00 l
0.000 G
S
45.00 20.00 m
45.00 720.00 l
0.000 G
S
46.00 20.00 m
46.00 720.00 l
0.000 G
S
47.00 20.00 m
47.00 720.00 l
0.000 G
S
48.00 20.00 m
48.00 720.00 l
0.000 G
S
49.00 20.00 m
49.00 720.00 l
0.000 G
S
50.00 20.00 m
50.00 720.00 l
0.000 G
S
51.00 20.00 m
51.00 720.00 l
0.000 G
S
52.00 20.00 m
52.00 720.00 l
0.000 G
S
53.00 20.00 m
53.00 720.00 l
0.000 G
S
54.00 20.00 m
54.00 720.00 l
0.000 G
S
55.00 20.00 m
55.00 720.00 l
0.000 G
S
56.00 20.00 m
56.00 720.00 l
0.000 G
S
57.00 20.00 m
57.00 720.00 l
0.000 G
S
58.00 20.00 m
58.00 720.00 l
0.000 G
S
59.00 20.00 m
59.00 720.00 l
0.000 G
S
60.00 20.00 m
60.00 720.00 l
0.000 G
S
61.00 20.00 m
61.00 720.00 l
0.000 G
S
62.00 20.00 m
62.00 720.00 l
0.000 G
S
63.00 20.00 m
63.00 720.00 l
0.000 G
S
64.00 20.00 m
64.00 720.00 l
0.000 G
S
65.00 20.00 m
65.00 720.00 l
0.000 G
S
66.00 20.00 m
66.00 720.00 l
0.000 G
S
67.00 20.00 m
67.00 720.00 l
0.000 G
S
68.00 20.00 m
68.00 720.00 l
0.000 G
S
69.00 20.00 m
69.00 720.00 l
0.000 G
S
70.00 20.00 m
70.00 720.00 l
0.000 G
S
71.00 20.00 m
71.00 720.00 l
0.000 G
S
72.00 20.00 m
72.00 720.00 l
0.000 G
S
73.00 20.00 m
73.00 720.00 l
0.000 G
S
74.00 20.00 m
74.00 720.00 l
0.000 G
S
75.00 20.00 m
75.00 720.00 l
0.000 G
S
76.00 20.00 m
76.00 720.00 l
0.000 G
S
77.00 20.00 m
77.00 720.00 l
0.000 G
S
78.00 20.00 m
78.00 720.00 l
0.000 G
S
79.00 20.00 m
79.00 720.00 l
0.000 G
S
80.00 20.00 m
80.00 720.00 l
0.000 G
S
81.00 20.00 m
81.00 720.00 l
0.000 G
S
82.00 20.00 m
82.00 720.00 l
0.000 G
S
83.00 20.00 m
83.00 720.00 l
0.000 G
S
84.00 20.00 m
84.00 720.00 l
0.000 G
S
85.00 20.00 m
85.00 720.00 l
0.000 G
S
86.00 20.00 m
86.00 720.00 l
0.000 G
S
87.00 20.00 m
87.00 720.00 l
0.000 G
S
88.00 20.00 m
88.00 720.00 l
0.000 G
S
89.00 20.00 m
89.00 720.00 l
0.000 G
S
90.00 20.00 m
90.00 720.00 l
0.000 G
S
91.00 20.00 m
91.00 720.00 l
0.000 G
S
92.00 20.00 m
92.00 720.00 l
0.000 G
S
93.00 20.00 m
93.00 720.00 l
0.000 G
S
94.00 20.00 m
94.00 720.00 l
0.000 G
S
95.00 20.00 m
95.00 720.00 l
0.000 G
S
96.00 20.00 m
96.00 720.00 l
0.000 G
S
97.00 20.00 m
97.00 720.00 l
0.000 G
S
98.00 20.00 m
98.00 720.00 l
0.000 G
S
99.00 20.00 m
99.00 720.00 l
0.000 G
S
100.00 20.00 m
100.00 720.00 l
0.000 G
S
101.00 20.00 m
101.00 720.00 l
0.000 G
S
102.00 20.00 m
102.00 720.00 l
0.000 G
S
103.00 20.00 m
103.00 720.00 l
0.000 G
S
104.00 20.00 m
104.00 720.00 l
0.000 G
S
105.00 20.00 m
105.00 720.00 l
0.000 G
S
106.00 20.00 m
106.00 720.00 l
0.000 G
S
107.00 20.00 m
107.00 720.00 l
0.000 G
S
108.00 20.00 m
108.00 720.00 l
0.000 G
S
109.00 20.00 m
109.00 720.00 l
0.000 G
S
110.00 20.00 m
110.00 720.00 l
0.000 G
S
111.00 20.00 m
111.00 720.00 l
0.000 G
S
112.00 20.00 m
112.00 720.00 l
0.000 G
S
113.00 20.00 m
113.00 720.00 l
0.000 G
S
114.00 20.00 m
114.00 720.00 l
0.000 G
S
115.00 20.00 m
115.00 720.00 l
0.000 G
S
116.00 20.00 m
116.00 720.00 l
0.000 G
S
117.00 20.00 m
117.00 720.00 l
0.000 G
S
118.00 20.00 m
118.00 720.00 l
0.000 G
S
119.00 20.00 m
119.00 720.00 l
0.000 G
S
120.00 20.00 m
120.00 720.00 l
0.000 G
S
121.00 20.00 m
121.00 720.00 l
0.000 G
S
122.00 20.00 m
122.00 720.00 l
0.000 G
S
123.00 20.00 m
123.00 720.00 l
0.000 G
S
124.00 20.00 m
124.00 720.00 l
0.000 G
S
125.00 20.00 m
125.00 720.00 l
0.000 G
S
126.00 20.00 m
126.00 720.00 l
0.000 G
S
127.00 20.00 m
127.00 720.00 l
0.000 G
S
128.00 20.00 m
128.00 720.00 l
0.000 G
S
129.00 20.00 m
129.00 720.00 l
0.000 G
S
130.00 20.00 m
130.00 720.00 l
0.000 G
S
131.00 20.00 m
131.00 720.00 l
0.000 G
S
132.00 20.00 m
132.00 720.00 l
0.000 G
S
133.00 20.00 m
133.00 720.00 l
0.000 G
S
134.00 20.00 m
134.00 720.00 l
0.000 G
S
135.00 20.00 m
135.00 720.00 l
0.000 G
S
136.00 20.00 m
136.00 720.00 l
0.000 G
S
137.00 20.00 m
137.00 720.00 l
0.000 G
S
138.00 20.00 m
138.00 720.00 l
0.000 G
S
139.00 20.00 m
139.00 720.00 l
0.000 G
S
140.00 20.00 m
140.00 720.00 l
0.000 G
S
141.00 20.00 m
141.00 720.00 l
0.000 G
S
142.00 20.00 m
142.00 720.00 l
0.000 G
S
143.00 20.00 m
143.00 720.00 l
0.000 G
S
144.00 20.00 m
144.00 720.00 l
0.000 G
S
145.00 20.00 m
145.00 720.00 l
0.000 G
S
146.00 20.00 m
146.00 720.00 l
0.000 G
S
147.00 20.00 m
147.00 720.00 l
0.000 G
S
148.00 20.00 m
148.00 720.00 l
0.000 G
S
149.00 20.00 m
149.00 720.00 l
0.000 G
S
150.00 20.00 m
150.00 720.00 l
0.000 G
S
151.00 20.00 m
151.00 720.00 l
0.000 G
S
152.00 20.00 m
152.00 720.00 l
0.000 G
S
153.00 20.00 m
153.00 720.00 l
0.000 G
S
154.00 20.00 m
154.00 720.00 l
0.000 G
S
155.00 20.00 m
155.00 720.00 l
0.000 G
S
156.00 20.00 m
156.00 720.00 l
0.000 G
S
157.00 20.00 m
157.00 720.00 l
0.000 G
S
158.00 20.00 m
158.00 720.00 l
0.000 G
S
159.00 20.00 m
159.00 720.00 l
0.000 G
S
160.00 20.00 m
160.00 720.00 l
0.000 G
S
161.00 20.00 m
161.00 720.00 l
0.000 G
S
162.00 20.00 m
162.00 720.00 l
0.000 G
S
163.00 20.00 m
163.00 720.00 l
0.000 G
S
164.00 20.00 m
164.00 720.00 l
0.000 G
S
165.00 20.00 m
165.00 720.00 l
0.000 G
S
166.00 20.00 m
166.00 720.00 l
0.000 G
S
167.00 20.00 m
167.00 720.00 l
0.000 G
S
168.00 20.00 m
168.00 720.00 l
0.000 G
S
169.00 20.00 m
169.00 720.00 l
0.000 G
S
170.00 20.00 m
170.00 720.00 l
0.000 G
S
171.00 20.00 m
171.00 720.00 l
0.000 G
S
172.00 20.00 m
172.00 720.00 l
0.000 G
S
173.00 20.00 m
173.00 720.00 l
0.000 G
S
174.00 20.00 m
174.00 720.00 l
0.000 G
S
175.00 20.00 m
175.00 720.00 l
0.000 G
S
176.00 20.00 m
176.00 720.00 l
0.000 G
S
177.00 20.00 m
177.00 720.00 l
0.000 G
S
178.00 20.00 m
178.00 720.00 l
0.000 G
S
179.00 20.00 m
179.00 720.00 l
0.000 G
S
180.00 20.00 m
180.00 720.00 l
0.000 G
S
181.00 20.00 m
181.00 720.00 l
0.000 G
S
182.00 20.00 m
182.00 720.00 l
0.000 G
S
183.00 20.00 m
183.00 720.00 l
0.000 G
S
184.00 20.00 m
184.00 720.00 l
0.000 G
S
185.00 20.00 m
185.00 720.00 l
0.000 G
S
186.00 20.00 m
186.00 720.00 l
0.000 G
S
187.00 20.00 m
187.00 720.00 l
0.000 G
S
188.00 20.00 m
188.00 720.00 l
0.000 G
S
189.00 20.00 m
189.00 720.00 l
0.000 G
S
190.00 20.00 m
190.00 720.00 l
0.000 G
S
191.00 20.00 m
191.00 720.00 l
0.000 G
S
192.00 20.00 m
192.00 720.00 l
0.000 G
S
193.00 20.00 m
193.00 720.00 l
0.000 G
S
194.00 20.00 m
194.00 720.00 l
0.000 G
S
195.00 20.00 m
195.00 720.00 l
0.000 G
S
196.00 20.00 m
196.00 720.00 l
0.000 G
S
197.00 20.00 m
197.00 720.00 l
0.000 G
S
198.00 20.00 m
198.00 720.00 l
0.000 G
S
199.00 20.00 m
199.00 720.00 l
0.000 G
S
200.00 20.00 m
200.00 720.00 l
0.000 G
S
201.00 20.00 m
201.00 720.00 l
0.000 G
S
202.00 20.00 m
202.00 720.00 l
0.000 G
S
203.00 20.00 m
203.00 720.00 l
0.000 G
S
204.00 20.00 m
204.00 720.00 l
0.000 G
S
205.00 20.00 m
205.00 720.00 l
0.000 G
S
206.00 20.00 m
206.00 720.00 l
0.000 G
S
207.00 20.00 m
207.00 720.00 l
0.000 G
S
208.00 20.00 m
208.00 720.00 l
0.000 G
S
209.00 20.00 m
209.00 720.00 l
0.000 G
S
210.00 20.00 m
210.00 720.00 l
0.000 G
S
211.00 20.00 m
211.00 720.00 l
0.000 G
S
212.00 20.00 m
212.00 720.00 l
0.000 G
S
213.00 20.00 m
213.00 720.00 l
0.000 G
S
214.00 20.00 m
214.00 720.00 l
0.000 G
S
215.00 20.00 m
215.00 720.00 l
0.000 G
S
216.00 20.00 m
216.00 720.00 l
0.000 G
S
217.00 20.00 m
217.00 720.00 l
0.000 G
S
218.00 20.00 m
218.00 720.00 l
0.000 G
S
219.00 20.00 m
219.00 720.00 l
0.000 G
S

endstream
endobj
18 0 obj
<<
/Contents 19 0 R
/MediaBox [0 0 595 842]
/Parent 2 0 R
/Resources <<
/Font 24 0 R
>>
/Type /Page
>>
endobj
19 0 obj
<<
/Length 8040
>>
stream
20.00 20.00 m
20.00 720.00 l
0.000 G
S
21.00 20.00 m
21.00 720.00 l
0.000 G
S
22.00 20.00 m
22.00 720.00 l
0.000 G
S
23.00 20.00 m
23.00 720.00 l
0.000 G
S
24.00 20.00 m
24.00 720.00 l
0.000 G
S
25.00 20.00 m
25.00 720.00 l
0.000 G
S
26.00 20.00 m
26.00 720.00 l
0.000 G
S
27.00 20.00 m
27.00 720.00 l
0.000 G
S
28.00 20.00 m
28.00 720.00 l
0.000 G
S
29.00 20.00 m
29.00 720.00 l
0.000 G
S
30.00 20.00 m
30.00 720.00 l
0.000 G
S
31.00 20.00 m
31.00 720.00 l
0.000 G
S
32.00 20.00 m
32.00 720.00 l
0.000 G
S
33.00 20.00 m
33.00 720.00 l
0.000 G
S
34.00 20.00 m
34.00 720.00 l
0.000 G
S
35.00 20.00 m
35.00 720.00 l
0.000 G
S
36.00 20.00 m
36.00 720.00 l
0.000 G
S
37.00 20.00 m
37.00 720.00 l
0.000 G
S
38.00 20.00 m
38.00 720.00 l
0.000 G
S
39.00 20.00 m
39.00 720.00 l
0.000 G
S
40.00 20.00 m
40.00 720.00 l
0.000 G
S
41.00 20.00 m
41.00 720.00 l
0.000 G
S
42.00 20.00 m
42.00 720.00 l
0.000 G
S
43.00 20.00 m
43.00 720.00 l
0.000 G
S
44.00 20.00 m
44.00 720.00 l
0.000 G
S
45.00 20.00 m
45.00 720.00 l
0.000 G
S
46.00 20.00 m
46.00 720.00 l
0.000 G
S
47.00 20.00 m
47.00 720.00 l
0.000 G
S
48.00 20.00 m
48.00 720.00 l
0.000 G
S
49.00 20.00 m
49.00 720.00 l
0.000 G
S
50.00 20.00 m
50.00 720.00 l
0.000 G
S
51.00 20.00 m
51.00 720.00 l
0.000 G
S
52.00 20.00 m
52.00 720.00 l
0.000 G
S
53.00 20.00 m
53.00 720.00 l
0.000 G
S
54.00 20.00 m
54.00 720.00 l
0.000 G
S
55.00 20.00 m
55.00 720.00 l
0.000 G
S
56.00 20.00 m
56.00 720.00 l
0.000 G
S
57.00 20.00 m
57.00 720.00 l
0.000 G
S
58.00 20.00 m
58.00 720.00 l
0.000 G
S
59.00 20.00 m
59.00 720.00 l
0.000 G
S
60.00 20.00 m
60.00 720.00 l
0.000 G
S
61.00 20.00 m
61.00 720.00 l
0.000 G
S
62.00 20.00 m
62.00 720.00 l
0.000 G
S
63.00 20.00 m
63.00 720.00 l
0.000 G
S
64.00 20.00 m
64.00 720.00 l
0.000 G
S
65.00 20.00 m
65.00 720.00 l
0.000 G
S
66.00 20.00 m
66.00 720.00 l
0.000 G
S
67.00 20.00 m
67.00 720.00 l
0.000 G
S
68.00 20.00 m
68.00 720.00 l
0.000 G
S
69.00 20.00 m
69.00 720.00 l
0.000 G
S
70.00 20.00 m
70.00 720.00 l
0.000 G
S
71.00 20.00 m
71.00 720.00 l
0.000 G
S
72.00 20.00 m
72.00 720.00 l
0.000 G
S
73.00 20.00 m
73.00 720.00 l
0.000 G
S
74.00 20.00 m
74.00 720.00 l
0.000 G
S
75.00 20.00 m
75.00 720.00 l
0.000 G
S
76.00 20.00 m
76.00 720.00 l
0.000 G
S
77.00 20.00 m
77.00 720.00 l
0.000 G
S
78.00 20.00 m
78.00 720.00 l
0.000 G
S
79.00 20.00 m
79.00 720.00 l
0.000 G
S
80.00 20.00 m
80.00 720.00 l
0.000 G
S
81.00 20.00 m
81.00 720.00 l
0.000 G
S
82.00 20.00 m
82.00 720.00 l
0.000 G
S
83.00 20.00 m
83.00 720.00 l
0.000 G
S
84.00 20.00 m
84.00 720.00 l
0.000 G
S
85.00 20.00 m
85.00 720.00 l
0.000 G
S
86.00 20.00 m
86.00 720.00 l
0.000 G
S
87.00 20.00 m
87.00 720.00 l
0.000 G
S
88.00 20.00 m
88.00 720.00 l
0.000 G
S
89.00 20.00 m
89.00 720.00 l
0.000 G
S
90.00 20.00 m
90.00 720.00 l
0.000 G
S
91.00 20.00 m
91.00 720.00 l
0.000 G
S
92.00 20.00 m
92.00 720.00 l
0.000 G
S
93.00 20.00 m
93.00 720.00 l
0.000 G
S
94.00 20.00 m
94.00 720.00 l
0.000 G
S
95.00 20.00 m
95.00 720.00 l
0.000 G
S
96.00 20.00 m
96.00 720.00 l
0.000 G
S
97.00 20.00 m
97.00 720.00 l
0.000 G
S
98.00 20.00 m
98.00 720.00 l
0.000 G
S
99.00 20.00 m
99.00 720.00 l
0.000 G
S
100.00 20.00 m
100.00 720.00 l
0.000 G
S
101.00 20.00 m
101.00 720.00 l
0.000 G
S
102.00 20.00 m
102.00 720.00 l
0.000 G
S
103.00 20.00 m
103.00 720.00 l
0.000 G
S
104.00 20.00 m
104.00 720.00 l
0.000 G
S
105.00 20.00 m
105.00 720.00 l
0.000 G
S
106.00 20.00 m
106.00 720.00 l
0.000 G
S
107.00 20.00 m
107.00 720.00 l
0.000 G
S
108.00 20.00 m
108.00 720.00 l
0.000 G
S
109.00 20.00 m
109.00 720.00 l
0.000 G
S
110.00 20.00 m
110.00 720.00 l
0.000 G
S
111.00 20.00 m
111.00 720.00 l
0.000 G
S
112.00 20.00 m
112.00 720.00 l
0.000 G
S
113.00 20.00 m
113.00 720.00 l
0.000 G
S
114.00 20.00 m
114.00 720.00 l
0.000 G
S
115.00 20.00 m
115.00 720.00 l
0.000 G
S
116.00 20.00 m
116.00 720.00 l
0.000 G
S
117.00 20.00 m
117.00 720.00 l
0.000 G
S
118.00 20.00 m
118.00 720.00 l
0.000 G
S
119.00 20.00 m
119.00 720.00 l
0.000 G
S
120.00 20.00 m
120.00 720.00 l
0.000 G
S
121.00 20.00 m
121.00 720.00 l
0.000 G
S
122.00 20.00 m
122.00 720.00 l
0.000 G
S
123.00 20.00 m
123.00 720.00 l
0.000 G
S
124.00 20.00 m
124.00 720.00 l
0.000 G
S
125.00 20.00 m
125.00 720.00 l
0.000 G
S
126.00 20.00 m
126.00 720.00 l
0.000 G
S
127.00 20.00 m
127.00 720.00 l
0.000 G
S
128.00 20.00 m
128.00 720.00 l
0.000 G
S
129.00 20.00 m
129.00 720.00 l
0.000 G
S
130.00 20.00 m
130.00 720.00 l
0.000 G
S
131.00 20.00 m
131.00 720.00 l
0.000 G
S
132.00 20.00 m
132.00 720.00 l
0.000 G
S
133.00 20.00 m
133.00 720.00 l
0.000 G
S
134.00 20.00 m
134.00 720.00 l
0.000 G
S
135.00 20.00 m
135.00 720.00 l
0.000 G
S
136.00 20.00 m
136.00 720.00 l
0.000 G
S
137.00 20.00 m
137.00 720.00 l
0.000 G
S
138.00 20.00 m
138.00 720.00 l
0.000 G
S
139.00 20.00 m
139.00 720.00 l
0.000 G
S
140.00 20.00 m
140.00 720.00 l
0.000 G
S
141.00 20.00 m
141.00 720.00 l
0.000 G
S
142.00 20.00 m
142.00 720.00 l
0.000 G
S
143.00 20.00 m
143.00 720.00 l
0.000 G
S
144.00 20.00 m
144.00 720.00 l
0.000 G
S
145.00 20.00 m
145.00 720.00 l
0.000 G
S
146.00 20.00 m
146.00 720.00 l
0.000 G
S
147.00 20.00 m
147.00 720.00 l
0.000 G
S
148.00 20.00 m
148.00 720.00 l
0.000 G
S
149.00 20.00 m
149.00 720.00 l
0.000 G
S
150.00 20.00 m
150.00 720.00 l
0.000 G
S
151.00 20.00 m
151.00 720.00 l
0.000 G
S
152.00 20.00 m
152.00 720.00 l
0.000 G
S
153.00 20.00 m
153.00 720.00 l
0.000 G
S
154.00 20.00 m
154.00 720.00 l
0.000 G
S
155.00 20.00 m
155.00 720.00 l
0.000 G
S
156.00 20.00 m
156.00 720.00 l
0.000 G
S
157.00 20.00 m
157.00 720.00 l
0.000 G
S
158.00 20.00 m
158.00 720.00 l
0.000 G
S
159.00 20.00 m
159.00 720.00 l
0.000 G
S
160.00 20.00 m
160.00 720.00 l
0.000 G
S
161.00 20.00 m
161.00 720.00 l
0.000 G
S
162.00 20.00 m
162.00 720.00 l
0.000 G
S
163.00 20.00 m
163.00 720.00 l
0.000 G
S
164.00 20.00 m
164.00 720.00 l
0.000 G
S
165.00 20.00 m
165.00 720.00 l
0.000 G
S
166.00 20.00 m
166.00 720.00 l
0.000 G
S
167.00 20.00 m
167.00 720.00 l
0.000 G
S
168.00 20.00 m
168.00 720.00 l
0.000 G
S
169.00 20.00 m
169.00 720.00 l
0.000 G
S
170.00 20.00 m
170.00 720.00 l
0.000 G
S
171.00 20.00 m
171.00 720.00 l
0.000 G
S
172.00 20.00 m
172.00 720.00 l
0.000 G
S
173.00 20.00 m
173.00 720.00 l
0.000 G
S
174.00 20.00 m
174.00 720.00 l
0.000 G
S
175.00 20.00 m
175.00 720.00 l
0.000 G
S
176.00 20.00 m
176.00 720.00 l
0.000 G
S
177.00 20.00 m
177.00 720.00 l
0.000 G
S
178.00 20.00 m
178.00 720.00 l
0.000 G
S
179.00 20.00 m
179.00 720.00 l
0.000 G
S
180.00 20.00 m
180.00 720.00 l
0.000 G
S
181.00 20.00 m
181.00 720.00 l
0.000 G
S
182.00 20.00 m
182.00 720.00 l
0.000 G
S
183.00 20.00 m
183.00 720.00 l
0.000 G
S
184.00 20.00 m
184.00 720.00 l
0.000 G
S
185.00 20.00 m
185.00 720.00 l
0.000 G
S
186.00 20.00 m
186.00 720.00 l
0.000 G
S
187.00 20.00 m
187.00 720.00 l
0.000 G
S
188.00 20.00 m
188.00 720.00 l
0.000 G
S
189.00 20.00 m
189.00 720.00 l
0.000 G
S
190.00 20.00 m
190.00 720.00 l
0.000 G
S
191.00 20.00 m
191.00 720.00 l
0.000 G
S
192.00 20.00 m
192.00 720.00 l
0.000 G
S
193.00 20.00 m
193.00 720.00 l
0.000 G
S
194.00 20.00 m
194.00 720.00 l
0.000 G
S
195.00 20.00 m
195.00 720.00 l
0.000 G
S
196.00 20.00 m
196.00 720.00 l
0.000 G
S
197.00 20.00 m
197.00 720.00 l
0.000 G
S
198.00 20.00 m
198.00 720.00 l
0.000 G
S
199.00 20.00 m
199.00 720.00 l
0.000 G
S
200.00 20.00 m
200.00 720.00 l
0.000 G
S
201.00 20.00 m
201.00 720.00 l
0.000 G
S
202.00 20.00 m
202.00 720.00 l
0.000 G
S
203.00 20.00 m
203.00 720.00 l
0.000 G
S
204.00 20.00 m
204.00 720.00 l
0.000 G
S
205.00 20.00 m
205.00 720.00 l
0.000 G
S
206.00 20.00 m
206.00 720.00 l
0.000 G
S
207.00 20.00 m
207.00 720.00 l
0.000 G
S
208.00 20.00 m
208.00 720.00 l
0.000 G
S
209.00 20.00 m
209.00 720.00 l
0.000 G
S
210.00 20.00 m
210.00 720.00 l
0.000 G
S
211.00 20.00 m
211.00 720.00 l
0.000 G
S
212.00 20.00 m
212.00 720.00 l
0.000 G
S
213.00 20.00 m
213.00 720.00 l
0.000 G
S
214.00 20.00 m
214.00 720.00 l
0.000 G
S
215.00 20.00 m
215.00 720.00 l
0.000 G
S
216.00 20.00 m
216.00 720.00 l
0.000 G
S
217.00 20.00 m
217.00 720.00 l
0.000 G
S
218.00 20.00 m
218.00 720.00 l
0.000 G
S
219.00 20.00 m
219.00 720.00 l
0.000 G
S

endstream
endobj
20 0 obj
<<
/Contents 21 0 R
/MediaBox [0 0 595 842]
/Parent 2 0 R
/Resources <<
/Font 24 0 R
>>
/Type /Page
>>
endobj
21 0 obj
<<
/Length 8040
>>
stream
20.00 20.00 m
20.00 720.00 l
0.000 G
S
21.00 20.00 m
21.00 720.00 l
0.000 G
S
22.00 20.00 m
22.00 720.00 l
0.000 G
S
23.00 20.00 m
23.00 720.00 l
0.000 G
S
24.00 20.00 m
24.00 720.00 l
0.000 G
S
25.00 20.00 m
25.00 720.00 l
0.000 G
S
26.00 20.00 m
26.00 720.00 l
0.000 G
S
27.00 20.00 m
27.00 720.00 l
0.000 G
S
28.00 20.00 m
28.00 720.00 l
0.000 G
S
29.00 20.00 m
29.00 720.00 l
0.000 G
S
30.00 20.00 m
30.00 720.00 l
0.000 G
S
31.00 20.00 m
31.00 720.00 l
0.000 G
S
32.00 20.00 m
32.00 720.00 l
0.000 G
S
33.00 20.00 m
33.00 720.00 l
0.000 G
S
34.00 20.00 m
34.00 720.00 l
0.000 G
S
35.00 20.00 m
35.00 720.00 l
0.000 G
S
36.00 20.00 m
36.00 720.00 l
0.000 G
S
37.00 20.00 m
37.00 720.00 l
0.000 G
S
38.00 20.00 m
38.00 720.00 l
0.000 G
S
39.00 20.00 m
39.00 720.00 l
0.000 G
S
40.00 20.00 m
40.00 720.00 l
0.000 G
S
41.00 20.00 m
41.00 720.00 l
0.000 G
S
42.00 20.00 m
42.00 720.00 l
0.000 G
S
43.00 20.00 m
43.00 720.00 l
0.000 G
S
44.00 20.00 m
44.00 720.00 l
0.000 G
S
45.00 20.00 m
45.00 720.00 l
0.000 G
S
46.00 20.00 m
46.00 720.00 l
0.000 G
S
47.00 20.00 m
47.00 720.00 l
0.000 G
S
48.00 20.00 m
48.00 720.00 l
0.000 G
S
49.00 20.00 m
49.00 720.00 l
0.000 G
S
50.00 20.00 m
50.00 720.00 l
0.000 G
S
51.00 20.00 m
51.00 720.00 l
0.000 G
S
52.00 20.00 m
52.00 720.00 l
0.000 G
S
53.00 20.00 m
53.00 720.00 l
0.000 G
S
54.00 20.00 m
54.00 720.00 l
0.000 G
S
55.00 20.00 m
55.00 720.00 l
0.000 G
S
56.00 20.00 m
56.00 720.00 l
0.000 G
S
57.00 20.00 m
57.00 720.00 l
0.000 G
S
58.00 20.00 m
58.00 720.00 l
0.000 G
S
59.00 20.00 m
59.00 720.00 l
0.000 G
S
60.00 20.00 m
60.00 720.00 l
0.000 G
S
61.00 20.00 m
61.00 720.00 l
0.000 G
S
62.00 20.00 m
62.00 720.00 l
0.000 G
S
63.00 20.00 m
63.00 720.00 l
0.000 G
S
64.00 20.00 m
64.00 720.00 l
0.000 G
S
65.00 20.00 m
65.00 720.00 l
0.000 G
S
66.00 20.00 m
66.00 720.00 l
0.000 G
S
67.00 20.00 m
67.00 720.00 l
0.000 G
S
68.00 20.00 m
68.00 720.00 l
0.000 G
S
69.00 20.00 m
69.00 720.00 l
0.000 G
S
70.00 20.00 m
70.00 720.00 l
0.000 G
S
71.00 20.00 m
71.00 720.00 l
0.000 G
S
72.00 20.00 m
72.00 720.00 l
0.000 G
S
73.00 20.00 m
73.00 720.00 l
0.000 G
S
74.00 20.00 m
74.00 720.00 l
0.000 G
S
75.00 20.00 m
75.00 720.00 l
0.000 G
S
76.00 20.00 m
76.00 720.00 l
0.000 G
S
77.00 20.00 m
77.00 720.00 l
0.000 G
S
78.00 20.00 m
78.00 720.00 l
0.000 G
S
79.00 20.00 m
79.00 720.00 l
0.000 G
S
80.00 20.00 m
80.00 720.00 l
0.000 G
S
81.00 20.00 m
81.00 720.00 l
0.000 G
S
82.00 20.00 m
82.00 720.00 l
0.000 G
S
83.00 20.00 m
83.00 720.00 l
0.000 G
S
84.00 20.00 m
84.00 720.00 l
0.000 G
S
85.00 20.00 m
85.00 720.00 l
0.000 G
S
86.00 20.00 m
86.00 720.00 l
0.000 G
S
87.00 20.00 m
87.00 720.00 l
0.000 G
S
88.00 20.00 m
88.00 720.00 l
0.000 G
S
89.00 20.00 m
89.00 720.00 l
0.000 G
S
90.00 20.00 m
90.00 720.00 l
0.000 G
S
91.00 20.00 m
91.00 720.00 l
0.000 G
S
92.00 20.00 m
92.00 720.00 l
0.000 G
S
93.00 20.00 m
93.00 720.00 l
0.000 G
S
94.00 20.00 m
94.00 720.00 l
0.000 G
S
95.00 20.00 m
95.00 720.00 l
0.000 G
S
96.00 20.00 m
96.00 720.00 l
0.000 G
S
97.00 20.00 m
97.00 720.00 l
0.000 G
S
98.00 20.00 m
98.00 720.00 l
0.000 G
S
99.00 20.00 m
99.00 720.00 l
0.000 G
S
100.00 20.00 m
100.00 720.00 l
0.000 G
S
101.00 20.00 m
101.00 720.00 l
0.000 G
S
102.00 20.00 m
102.00 720.00 l
0.000 G
S
103.00 20.00 m
103.00 720.00 l
0.000 G
S
104.00 20.00 m
104.00 720.00 l
0.000 G
S
105.00 20.00 m
105.00 720.00 l
0.000 G
S
106.00 20.00 m
106.00 720.00 l
0.000 G
S
107.00 20.00 m
107.00 720.00 l
0.000 G
S
108.00 20.00 m
108.00 720.00 l
0.000 G
S
109.00 20.00 m
109.00 720.00 l
0.000 G
S
110.00 20.00 m
110.00 720.00 l
0.000 G
S
111.00 20.00 m
111.00 720.00 l
0.000 G
S
112.00 20.00 m
112.00 720.00 l
0.000 G
S
113.00 20.00 m
113.00 720.00 l
0.000 G
S
114.00 20.00 m
114.00 720.00 l
0.000 G
S
115.00 20.00 m
115.00 720.00 l
0.000 G
S
116.00 20.00 m
116.00 720.00 l
0.000 G
S
117.00 20.00 m
117.00 720.00 l
0.000 G
S
118.00 20.00 m
118.00 720.00 l
0.000 G
S
119.00 20.00 m
119.00 720.00 l
0.000 G
S
120.00 20.00 m
120.00 720.00 l
0.000 G
S
121.00 20.00 m
121.00 720.00 l
0.000 G
S
122.00 20.00 m
122.00 720.00 l
0.000 G
S
123.00 20.00 m
123.00 720.00 l
0.000 G
S
124.00 20.00 m
124.00 720.00 l
0.000 G
S
125.00 20.00 m
125.00 720.00 l
0.000 G
S
126.00 20.00 m
126.00 720.00 l
0.000 G
S
127.00 20.00 m
127.00 720.00 l
0.000 G
S
128.00 20.00 m
128.00 720.00 l
0.000 G
S
129.00 20.00 m
129.00 720.00 l
0.000 G
S
130.00 20.00 m
130.00 720.00 l
0.000 G
S
131.00 20.00 m
131.00 720.00 l
0.000 G
S
132.00 20.00 m
132.00 720.00 l
0.000 G
S
133.00 20.00 m
133.00 720.00 l
0.000 G
S
134.00 20.00 m
134.00 720.00 l
0.000 G
S
135.00 20.00 m
135.00 720.00 l
0.000 G
S
136.00 20.00 m
136.00 720.00 l
0.000 G
S
137.00 20.00 m
137.00 720.00 l
0.000 G
S
138.00 20.00 m
138.00 720.00 l
0.000 G
S
139.00 20.00 m
139.00 720.00 l
0.000 G
S
140.00 20.00 m
140.00 720.00 l
0.000 G
S
141.00 20.00 m
141.00 720.00 l
0.000 G
S
142.00 20.00 m
142.00 720.00 l
0.000 G
S
143.00 20.00 m
143.00 720.00 l
0.000 G
S
144.00 20.00 m
144.00 720.00 l
0.000 G
S
145.00 20.00 m
145.00 720.00 l
0.000 G
S
146.00 20.00 m
146.00 720.00 l
0.000 G
S
147.00 20.00 m
147.00 720.00 l
0.000 G
S
148.00 20.00 m
148.00 720.00 l
0.000 G
S
149.00 20.00 m
149.00 720.00 l
0.000 G
S
150.00 20.00 m
150.00 720.00 l
0.000 G
S
151.00 20.00 m
151.00 720.00 l
0.000 G
S
152.00 20.00 m
152.00 720.00 l
0.000 G
S
153.00 20.00 m
153.00 720.00 l
0.000 G
S
154.00 20.00 m
154.00 720.00 l
0.000 G
S
155.00 20.00 m
155.00 720.00 l
0.000 G
S
156.00 20.00 m
156.00 720.00 l
0.000 G
S
157.00 20.00 m
157.00 720.00 l
0.000 G
S
158.00 20.00 m
158.00 720.00 l
0.000 G
S
159.00 20.00 m
159.00 720.00 l
0.000 G
S
160.00 20.00 m
160.00 720.00 l
0.000 G
S
161.00 20.00 m
161.00 720.00 l
0.000 G
S
162.00 20.00 m
162.00 720.00 l
0.000 G
S
163.00 20.00 m
163.00 720.00 l
0.000 G
S
164.00 20.00 m
164.00 720.00 l
0.000 G
S
165.00 20.00 m
165.00 720.00 l
0.000 G
S
166.00 20.00 m
166.00 720.00 l
0.000 G
S
167.00 20.00 m
167.00 720.00 l
0.000 G
S
168.00 20.00 m
168.00 720.00 l
0.000 G
S
169.00 20.00 m
169.00 720.00 l
0.000 G
S
170.00 20.00 m
170.00 720.00 l
0.000 G
S
171.00 20.00 m
171.00 720.00 l
0.000 G
S
172.00 20.00 m
172.00 720.00 l
0.000 G
S
173.00 20.00 m
173.00 720.00 l
0.000 G
S
174.00 20.00 m
174.00 720.00 l
0.000 G
S
175.00 20.00 m
175.00 720.00 l
0.000 G
S
176.00 20.00 m
176.00 720.00 l
0.000 G
S
177.00 20.00 m
177.00 720.00 l
0.000 G
S
178.00 20.00 m
178.00 720.00 l
0.000 G
S
179.00 20.00 m
179.00 720.00 l
0.000 G
S
180.00 20.00 m
180.00 720.00 l
0.000 G
S
181.00 20.00 m
181.00 720.00 l
0.000 G
S
182.00 20.00 m
182.00 720.00 l
0.000 G
S
183.00 20.00 m
183.00 720.00 l
0.000 G
S
184.00 20.00 m
184.00 720.00 l
0.000 G
S
185.00 20.00 m
185.00 720.00 l
0.000 G
S
186.00 20.00 m
186.00 720.00 l
0.000 G
S
187.00 20.00 m
187.00 720.00 l
0.000 G
S
188.00 20.00 m
188.00 720.00 l
0.000 G
S
189.00 20.00 m
189.00 720.00 l
0.000 G
S
190.00 20.00 m
190.00 720.00 l
0.000 G
S
191.00 20.00 m
191.00 720.00 l
0.000 G
S
192.00 20.00 m
192.00 720.00 l
0.000 G
S
193.00 20.00 m
193.00 720.00 l
0.000 G
S
194.00 20.00 m
194.00 720.00 l
0.000 G
S
195.00 20.00 m
195.00 720.00 l
0.000 G
S
196.00 20.00 m
196.00 720.00 l
0.000 G
S
197.00 20.00 m
197.00 720.00 l
0.000 G
S
198.00 20.00 m
198.00 720.00 l
0.000 G
S
199.00 20.00 m
199.00 720.00 l
0.000 G
S
200.00 20.00 m
200.00 720.00 l
0.000 G
S
201.00 20.00 m
201.00 720.00 l
0.000 G
S
202.00 20.00 m
202.00 720.00 l
0.000 G
S
203.00 20.00 m
203.00 720.00 l
0.000 G
S
204.00 20.00 m
204.00 720.00 l
0.000 G
S
205.00 20.00 m
205.00 720.00 l
0.000 G
S
206.00 20.00 m
206.00 720.00 l
0.000 G
S
207.00 20.00 m
207.00 720.00 l
0.000 G
S
208.00 20.00 m
208.00 720.00 l
0.000 G
S
209.00 20.00 m
209.00 720.00 l
0.000 G
S
210.00 20.00 m
210.00 720.00 l
0.000 G
S
211.00 20.00 m
211.00 720.00 l
0.000 G
S
212.00 20.00 m
212.00 720.00 l
0.000 G
S
213.00 20.00 m
213.00 720.00 l
0.000 G
S
214.00 20.00 m
214.00 720.00 l
0.000 G
S
215.00 20.00 m
215.00 720.00 l
0.000 G
S
216.00 20.00 m
216.00 720.00 l
0.000 G
S
217.00 20.00 m
217.00 720.00 l
0.000 G
S
218.00 20.00 m
218.00 720.00 l
0.000 G
S
219.00 20.00 m
219.00 720.00 l
0.000 G
S

endstream
endobj
22 0 obj
<<
/Contents 23 0 R
/MediaBox [0 0 595 842]
/Parent 2 0 R
/Resources <<
/Font 24 0 R
>>
/Type /Page
>>
endobj
23 0 obj
<<
/Length 8040
>>
stream
20.00 20.00 m
20.00 720.00 l
0.000 G
S
21.00 20.00 m
21.00 720.00 l
0.000 G
S
22.00 20.00 m
22.00 720.00 l
0.000 G
S
23.00 20.00 m
23.00 720.00 l
0.000 G
S
24.00 20.00 m
24.00 720.00 l
0.000 G
S
25.00 20.00 m
25.00 720.00 l
0.000 G
S
26.00 20.00 m
26.00 720.00 l
0.000 G
S
27.00 20.00 m
27.00 720.00 l
0.000 G
S
28.00 20.00 m
28.00 720.00 l
0.000 G
S
29.00 20.00 m
29.00 720.00 l
0.000 G
S
30.00 20.00 m
30.00 720.00 l
0.000 G
S
31.00 20.00 m
31.00 720.00 l
0.000 G
S
32.00 20.00 m
32.00 720.00 l
0.000 G
S
33.00 20.00 m
33.00 720.00 l
0.000 G
S
34.00 20.00 m
34.00 720.00 l
0.000 G
S
35.00 20.00 m
35.00 720.00 l
0.000 G
S
36.00 20.00 m
36.00 720.00 l
0.000 G
S
37.00 20.00 m
37.00 720.00 l
0.000 G
S
38.00 20.00 m
38.00 720.00 l
0.000 G
S
39.00 20.00 m
39.00 720.00 l
0.000 G
S
40.00 20.00 m
40.00 720.00 l
0.000 G
S
41.00 20.00 m
41.00 720.00 l
0.000 G
S
42.00 20.00 m
42.00 720.00 l
0.000 G
S
43.00 20.00 m
43.00 720.00 l
0.000 G
S
44.00 20.00 m
44.00 720.00 l
0.000 G
S
45.00 20.00 m
45.00 720.00 l
0.000 G
S
46.00 20.00 m
46.00 720.00 l
0.000 G
S
47.00 20.00 m
47.00 720.00 l
0.000 G
S
48.00 20.00 m
48.00 720.00 l
0.000 G
S
49.00 20.00 m
49.00 720.00 l
0.000 G
S
50.00 20.00 m
50.00 720.00 l
0.000 G
S
51.00 20.00 m
51.00 720.00 l
0.000 G
S
52.00 20.00 m
52.00 720.00 l
0.000 G
S
53.00 20.00 m
53.00 720.00 l
0.000 G
S
54.00 20.00 m
54.00 720.00 l
0.000 G
S
55.00 20.00 m
55.00 720.00 l
0.000 G
S
56.00 20.00 m
56.00 720.00 l
0.000 G
S
57.00 20.00 m
57.00 720.00 l
0.000 G
S
58.00 20.00 m
58.00 720.00 l
0.000 G
S
59.00 20.00 m
59.00 720.00 l
0.000 G
S
60.00 20.00 m
60.00 720.00 l
0.000 G
S
61.00 20.00 m
61.00 720.00 l
0.000 G
S
62.00 20.00 m
62.00 720.00 l
0.000 G
S
63.00 20.00 m
63.00 720.00 l
0.000 G
S
64.00 20.00 m
64.00 720.00 l
0.000 G
S
65.00 20.00 m
65.00 720.00 l
0.000 G
S
66.00 20.00 m
66.00 720.00 l
0.000 G
S
67.00 20.00 m
67.00 720.00 l
0.000 G
S
68.00 20.00 m
68.00 720.00 l
0.000 G
S
69.00 20.00 m
69.00 720.00 l
0.000 G
S
70.00 20.00 m
70.00 720.00 l
0.000 G
S
71.00 20.00 m
71.00 720.00 l
0.000 G
S
72.00 20.00 m
72.00 720.00 l
0.000 G
S
73.00 20.00 m
73.00 720.00 l
0.000 G
S
74.00 20.00 m
74.00 720.00 l
0.000 G
S
75.00 20.00 m
75.00 720.00 l
0.000 G
S
76.00 20.00 m
76.00 720.00 l
0.000 G
S
77.00 20.00 m
77.00 720.00 l
0.000 G
S
78.00 20.00 m
78.00 720.00 l
0.000 G
S
79.00 20.00 m
79.00 720.00 l
0.000 G
S
80.00 20.00 m
80.00 720.00 l
0.000 G
S
81.00 20.00 m
81.00 720.00 l
0.000 G
S
82.00 20.00 m
82.00 720.00 l
0.000 G
S
83.00 20.00 m
83.00 720.00 l
0.000 G
S
84.00 20.00 m
84.00 720.00 l
0.000 G
S
85.00 20.00 m
85.00 720.00 l
0.000 G
S
86.00 20.00 m
86.00 720.00 l
0.000 G
S
87.00 20.00 m
87.00 720.00 l
0.000 G
S
88.00 20.00 m
88.00 720.00 l
0.000 G
S
89.00 20.00 m
89.00 720.00 l
0.000 G
S
90.00 20.00 m
90.00 720.00 l
0.000 G
S
91.00 20.00 m
91.00 720.00 l
0.000 G
S
92.00 20.00 m
92.00 720.00 l
0.000 G
S
93.00 20.00 m
93.00 720.00 l
0.000 G
S
94.00 20.00 m
94.00 720.00 l
0.000 G
S
95.00 20.00 m
95.00 720.00 l
0.000 G
S
96.00 20.00 m
96.00 720.00 l
0.000 G
S
97.00 20.00 m
97.00 720.00 l
0.000 G
S
98.00 20.00 m
98.00 720.00 l
0.000 G
S
99.00 20.00 m
99.00 720.00 l
0.000 G
S
100.00 20.00 m
100.00 720.00 l
0.000 G
S
101.00 20.00 m
101.00 720.00 l
0.000 G
S
102.00 20.00 m
102.00 720.00 l
0.000 G
S
103.00 20.00 m
103.00 720.00 l
0.000 G
S
104.00 20.00 m
104.00 720.00 l
0.000 G
S
105.00 20.00 m
105.00 720.00 l
0.000 G
S
106.00 20.00 m
106.00 720.00 l
0.000 G
S
107.00 20.00 m
107.00 720.00 l
0.000 G
S
108.00 20.00 m
108.00 720.00 l
0.000 G
S
109.00 20.00 m
109.00 720.00 l
0.000 G
S
110.00 20.00 m
110.00 720.00 l
0.000 G
S
111.00 20.00 m
111.00 720.00 l
0.000 G
S
112.00 20.00 m
112.00 720.00 l
0.000 G
S
113.00 20.00 m
113.00 720.00 l
0.000 G
S
114.00 20.00 m
114.00 720.00 l
0.000 G
S
115.00 20.00 m
115.00 720.00 l
0.000 G
S
116.00 20.00 m
116.00 720.00 l
0.000 G
S
117.00 20.00 m
117.00 720.00 l
0.000 G
S
118.00 20.00 m
118.00 720.00 l
0.000 G
S
119.00 20.00 m
119.00 720.00 l
0.000 G
S
120.00 20.00 m
120.00 720.00 l
0.000 G
S
121.00 20.00 m
121.00 720.00 l
0.000 G
S
122.00 20.00 m
122.00 720.00 l
0.000 G
S
123.00 20.00 m
123.00 720.00 l
0.000 G
S
124.00 20.00 m
124.00 720.00 l
0.000 G
S
125.00 20.00 m
125.00 720.00 l
0.000 G
S
126.00 20.00 m
126.00 720.00 l
0.000 G
S
127.00 20.00 m
127.00 720.00 l
0.000 G
S
128.00 20.00 m
128.00 720.00 l
0.000 G
S
129.00 20.00 m
129.00 720.00 l
0.000 G
S
130.00 20.00 m
130.00 720.00 l
0.000 G
S
131.00 20.00 m
131.00 720.00 l
0.000 G
S
132.00 20.00 m
132.00 720.00 l
0.000 G
S
133.00 20.00 m
133.00 720.00 l
0.000 G
S
134.00 20.00 m
134.00 720.00 l
0.000 G
S
135.00 20.00 m
135.00 720.00 l
0.000 G
S
136.00 20.00 m
136.00 720.00 l
0.000 G
S
137.00 20.00 m
137.00 720.00 l
0.000 G
S
138.00 20.00 m
138.00 720.00 l
0.000 G
S
139.00 20.00 m
139.00 720.00 l
0.000 G
S
140.00 20.00 m
140.00 720.00 l
0.000 G
S
141.00 20.00 m
141.00 720.00 l
0.000 G
S
142.00 20.00 m
142.00 720.00 l
0.000 G
S
143.00 20.00 m
143.00 720.00 l
0.000 G
S
144.00 20.00 m
144.00 720.00 l
0.000 G
S
145.00 20.00 m
145.00 720.00 l
0.000 G
S
146.00 20.00 m
146.00 720.00 l
0.000 G
S
147.00 20.00 m
147.00 720.00 l
0.000 G
S
148.00 20.00 m
148.00 720.00 l
0.000 G
S
149.00 20.00 m
149.00 720.00 l
0.000 G
S
150.00 20.00 m
150.00 720.00 l
0.000 G
S
151.00 20.00 m
151.00 720.00 l
0.000 G
S
152.00 20.00 m
152.00 720.00 l
0.000 G
S
153.00 20.00 m
153.00 720.00 l
0.000 G
S
154.00 20.00 m
154.00 720.00 l
0.000 G
S
155.00 20.00 m
155.00 720.00 l
0.000 G
S
156.00 20.00 m
156.00 720.00 l
0.000 G
S
157.00 20.00 m
157.00 720.00 l
0.000 G
S
158.00 20.00 m
158.00 720.00 l
0.000 G
S
159.00 20.00 m
159.00 720.00 l
0.000 G
S
160.00 20.00 m
160.00 720.00 l
0.000 G
S
161.00 20.00 m
161.00 720.00 l
0.000 G
S
162.00 20.00 m
162.00 720.00 l
0.000 G
S
163.00 20.00 m
163.00 720.00 l
0.000 G
S
164.00 20.00 m
164.00 720.00 l
0.000 G
S
165.00 20.00 m
165.00 720.00 l
0.000 G
S
166.00 20.00 m
166.00 720.00 l
0.000 G
S
167.00 20.00 m
167.00 720.00 l
0.000 G
S
168.00 20.00 m
168.00 720.00 l
0.000 G
S
169.00 20.00 m
169.00 720.00 l
0.000 G
S
170.00 20.00 m
170.00 720.00 l
0.000 G
S
171.00 20.00 m
171.00 720.00 l
0.000 G
S
172.00 20.00 m
172.00 720.00 l
0.000 G
S
173.00 20.00 m
173.00 720.00 l
0.000 G
S
174.00 20.00 m
174.00 720.00 l
0.000 G
S
175.00 20.00 m
175.00 720.00 l
0.000 G
S
176.00 20.00 m
176.00 720.00 l
0.000 G
S
177.00 20.00 m
177.00 720.00 l
0.000 G
S
178.00 20.00 m
178.00 720.00 l
0.000 G
S
179.00 20.00 m
179.00 720.00 l
0.000 G
S
180.00 20.00 m
180.00 720.00 l
0.000 G
S
181.00 20.00 m
181.00 720.00 l
0.000 G
S
182.00 20.00 m
182.00 720.00 l
0.000 G
S
183.00 20.00 m
183.00 720.00 l
0.000 G
S
184.00 20.00 m
184.00 720.00 l
0.000 G
S
185.00 20.00 m
185.00 720.00 l
0.000 G
S
186.00 20.00 m
186.00 720.00 l
0.000 G
S
187.00 20.00 m
187.00 720.00 l
0.000 G
S
188.00 20.00 m
188.00 720.00 l
0.000 G
S
189.00 20.00 m
189.00 720.00 l
0.000 G
S
190.00 20.00 m
190.00 720.00 l
0.000 G
S
191.00 20.00 m
191.00 720.00 l
0.000 G
S
192.00 20.00 m
192.00 720.00 l
0.000 G
S
193.00 20.00 m
193.00 720.00 l
0.000 G
S
194.00 20.00 m
194.00 720.00 l
0.000 G
S
195.00 20.00 m
195.00 720.00 l
0.000 G
S
196.00 20.00 m
196.00 720.00 l
0.000 G
S
197.00 20.00 m
197.00 720.00 l
0.000 G
S
198.00 20.00 m
198.00 720.00 l
0.000 G
S
199.00 20.00 m
199.00 720.00 l
0.000 G
S
200.00 20.00 m
200.00 720.00 l
0.000 G
S
201.00 20.00 m
201.00 720.00 l
0.000 G
S
202.00 20.00 m
202.00 720.00 l
0.000 G
S
203.00 20.00 m
203.00 720.00 l
0.000 G
S
204.00 20.00 m
204.00 720.00 l
0.000 G
S
205.00 20.00 m
205.00 720.00 l
0.000 G
S
206.00 20.00 m
206.00 720.00 l
0.000 G
S
207.00 20.00 m
207.00 720.00 l
0.000 G
S
208.00 20.00 m
208.00 720.00 l
0.000 G
S
209.00 20.00 m
209.00 720.00 l
0.000 G
S
210.00 20.00 m
210.00 720.00 l
0.000 G
S
211.00 20.00 m
211.00 720.00 l
0.000 G
S
212.00 20.00 m
212.00 720.00 l
0.000 G
S
213.00 20.00 m
213.00 720.00 l
0.000 G
S
214.00 20.00 m
214.00 720.00 l
0.000 G
S
215.00 20.00 m
215.00 720.00 l
0.000 G
S
216.00 20.00 m
216.00 720.00 l
0.000 G
S
217.00 20.00 m
217.00 720.00 l
0.000 G
S
218.00 20.00 m
218.00 720.00 l
0.000 G
S
219.00 20.00 m
219.00 720.00 l
0.000 G
S

endstream
endobj
25 0 obj
<<
/Length 2651
/Subtype /XML
/Type /Metadata
>>
stream
<?xpacket begin="Ôªø" id="W5M0MpCehiHzreSzNTczkc9d"?>
<x:xmpmeta xmlns:x="adobe:ns:meta/" x:xmptk="oxidize-pdf 1.4.0">
  <rdf:RDF xmlns:rdf="http://www.w3.org/1999/02/22-rdf-syntax-ns#">
    <rdf:Description rdf:about=""
        xmlns:pdf="http://ns.adobe.com/pdf/1.3/"
        xmlns:xmp="http://ns.adobe.com/xap/1.0/">
      <xmp:CreatorTool>oxidize_pdf</xmp:CreatorTool>
      <xmp:CreateDate>2026-10-09T10:23:33.995775889+00:00</xmp:CreateDate>
      <xmp:ModifyDate>2026-10-09T10:23:33.995870395+00:00</xmp:ModifyDate>
      <pdf:Producer>oxidize_pdf v5.4.1 (MIT)</pdf:Producer>
    </rdf:Description>
  </rdf:RDF>
</x:xmpmeta>
<?xpacket end="w"?>                                                                                                                                                                                                                                                                                                                                                                                                                                                                                                                                                                                                                                                                                                                                                                                                                                                                                                                                                                                                                                                                                                                                                                                                                                                                                                                                                                                                                                                                                                                                                                                                                                                                                                                                                                                                                                                                                                                                                                                                                                                                                
endstream
endobj
1 0 obj
<<
/Metadata 25 0 R
/Pages 2 0 R
/Type /Catalog
>>
endobj
3 0 obj
<<
/CreationDate (D:20261009102333+00'00)
/Creator (oxidize_pdf)
/ModDate (D:20261009102333+00'00)
/Producer (oxidize_pdf v5.4.1 \(MIT\))
/oxidize-pdf-build (oxpdf-a75c81fe3080e033)
/oxidize-pdf-edition (OpenSource)
/oxidize-pdf-features (0000)
>>
endobj
xref
0 26
0000000000 65535 f 
0000086227 00000 n 
0000000015 00000 n 
0000086293 00000 n 
0000001382 00000 n 
0000001499 00000 n 
0000009591 00000 n 
0000009708 00000 n 
0000017800 00000 n 
0000017917 00000 n 
0000026009 00000 n 
0000026128 00000 n 
0000034221 00000 n 
0000034340 00000 n 
0000042433 00000 n 
0000042552 00000 n 
0000050645 00000 n 
0000050764 00000 n 
0000058857 00000 n 
0000058976 00000 n 
0000067069 00000 n 
0000067188 00000 n 
0000075281 00000 n 
0000075400 00000 n 
0000000134 00000 n 
0000083493 00000 n 
trailer
<<
/Info 3 0 R
/Root 1 0 R
/Size 26
>>
startxref
86556
%%EOF
