## Calidad de Tests (Kripteia)

=== Kripteia Test Quality Report ===
Overall Score: 99 | Tests: 38 | Files: 1

--- Files ---
Path                                                          Tests  Score
--------------------------------------------------------------------------
target/issue690-review/oxidize-pdf-core/src/text/mod.rs          38     99

--- Worst Offenders ---
  test_text_context_new (target/issue690-review/oxidize-pdf-core/src/text/mod.rs:588) - Score: 90
    i Test 'test_text_context_new' asserts against a hardcoded constant instead of a computed expected value
    i Test 'test_text_context_new' has multiple assertions without diagnostic messages
    - Test 'test_text_context_new' does not call any production code
  test_text_context_default (target/issue690-review/oxidize-pdf-core/src/text/mod.rs:597) - Score: 90
    i Test 'test_text_context_default' asserts against a hardcoded constant instead of a computed expected value
    i Test 'test_text_context_default' has multiple assertions without diagnostic messages
    - Test 'test_text_context_default' does not call any production code
  show_text_bytes_match_historical_encoding_for_unicode_and_escapes (target/issue690-review/oxidize-pdf-core/src/text/mod.rs:1087) - Score: 90
    i Test 'show_text_bytes_match_historical_encoding_for_unicode_and_escapes' has multiple assertions without diagnostic messages
    - Test 'show_text_bytes_match_historical_encoding_for_unicode_and_escapes' has low assert-to-setup ratio (19%): 3 asserts vs 13 setup lines
  test_set_font (target/issue690-review/oxidize-pdf-core/src/text/mod.rs:604) - Score: 100
    i Test 'test_set_font' asserts against a hardcoded constant instead of a computed expected value
    i Test 'test_set_font' has multiple assertions without diagnostic messages
  test_position (target/issue690-review/oxidize-pdf-core/src/text/mod.rs:612) - Score: 100
    i Test 'test_position' asserts against a hardcoded constant instead of a computed expected value
    i Test 'test_position' has multiple assertions without diagnostic messages

--- Details ---
target/issue690-review/oxidize-pdf-core/src/text/mod.rs:
  test_text_context_new (line 588) - Score: 90
    i Test 'test_text_context_new' asserts against a hardcoded constant instead of a computed expected value
    i Test 'test_text_context_new' has multiple assertions without diagnostic messages
    - Test 'test_text_context_new' does not call any production code
  test_text_context_default (line 597) - Score: 90
    i Test 'test_text_context_default' asserts against a hardcoded constant instead of a computed expected value
    i Test 'test_text_context_default' has multiple assertions without diagnostic messages
    - Test 'test_text_context_default' does not call any production code
  test_set_font (line 604) - Score: 100
    i Test 'test_set_font' asserts against a hardcoded constant instead of a computed expected value
    i Test 'test_set_font' has multiple assertions without diagnostic messages
  test_position (line 612) - Score: 100
    i Test 'test_position' asserts against a hardcoded constant instead of a computed expected value
    i Test 'test_position' has multiple assertions without diagnostic messages
  test_write_simple_text (line 623) - Score: 100
    i Test 'test_write_simple_text' has multiple assertions without diagnostic messages
    i Test 'test_write_simple_text' uses .unwrap() which silently discards error information
  test_write_text_with_escaping (line 635) - Score: 100
    i Test 'test_write_text_with_escaping' uses .unwrap() which silently discards error information
  test_write_line (line 644) - Score: 100
    i Test 'test_write_line' has multiple assertions without diagnostic messages
    i Test 'test_write_line' uses .unwrap() which silently discards error information
  test_clear (line 701) - Score: 100
    i Test 'test_clear' has multiple assertions without diagnostic messages
    i Test 'test_clear' uses .unwrap() which silently discards error information
  test_generate_operations (line 711) - Score: 100
    i Test 'test_generate_operations' uses .unwrap() which silently discards error information
  test_method_chaining (line 721) - Score: 100
    i Test 'test_method_chaining' asserts against a hardcoded constant instead of a computed expected value
    i Test 'test_method_chaining' has multiple assertions without diagnostic messages
  test_special_characters_encoding (line 746) - Score: 100
    i Test 'test_special_characters_encoding' has multiple assertions without diagnostic messages
    i Test 'test_special_characters_encoding' uses .unwrap() which silently discards error information
  test_text_state_parameters_chaining (line 828) - Score: 100
    i Test 'test_text_state_parameters_chaining' has multiple assertions without diagnostic messages
  test_all_text_state_operators_generated (line 848) - Score: 100
    i Test 'test_all_text_state_operators_generated' has multiple assertions without diagnostic messages
  test_text_color_operations (line 880) - Score: 100
    i Test 'test_text_color_operations' has multiple assertions without diagnostic messages
  test_used_characters_tracking_ascii (line 943) - Score: 100
    i Test 'test_used_characters_tracking_ascii' asserts against a hardcoded constant instead of a computed expected value
    i Test 'test_used_characters_tracking_ascii' has multiple assertions without diagnostic messages
    i Test 'test_used_characters_tracking_ascii' uses .unwrap() which silently discards error information
  test_used_characters_tracking_cjk (line 958) - Score: 100
    i Test 'test_used_characters_tracking_cjk' asserts against a hardcoded constant instead of a computed expected value
    i Test 'test_used_characters_tracking_cjk' has multiple assertions without diagnostic messages
    i Test 'test_used_characters_tracking_cjk' uses .unwrap() which silently discards error information
  test_used_characters_multiple_writes (line 980) - Score: 100
    i Test 'test_used_characters_multiple_writes' asserts against a hardcoded constant instead of a computed expected value
    i Test 'test_used_characters_multiple_writes' has multiple assertions without diagnostic messages
    i Test 'test_used_characters_multiple_writes' uses .unwrap() which silently discards error information
  nan_char_spacing_sanitised_at_emission (line 1001) - Score: 100
    i Test 'nan_char_spacing_sanitised_at_emission' has multiple assertions without diagnostic messages
    i Test 'nan_char_spacing_sanitised_at_emission' uses .unwrap() which silently discards error information
  pos_inf_word_spacing_sanitised_at_emission (line 1017) - Score: 100
    i Test 'pos_inf_word_spacing_sanitised_at_emission' has multiple assertions without diagnostic messages
    i Test 'pos_inf_word_spacing_sanitised_at_emission' uses .unwrap() which silently discards error information
  nan_horizontal_scaling_sanitised_at_emission (line 1033) - Score: 100
    i Test 'nan_horizontal_scaling_sanitised_at_emission' uses .unwrap() which silently discards error information
  nan_leading_and_text_rise_sanitised_at_emission (line 1045) - Score: 100
    i Test 'nan_leading_and_text_rise_sanitised_at_emission' has multiple assertions without diagnostic messages
    i Test 'nan_leading_and_text_rise_sanitised_at_emission' uses .unwrap() which silently discards error information
  test_text_context_threads_metrics_store (line 1062) - Score: 100
    i Test 'test_text_context_threads_metrics_store' asserts against a hardcoded constant instead of a computed expected value
    i Test 'test_text_context_threads_metrics_store' has multiple assertions without diagnostic messages
  show_text_bytes_match_historical_encoding_for_unicode_and_escapes (line 1087) - Score: 90
    i Test 'show_text_bytes_match_historical_encoding_for_unicode_and_escapes' has multiple assertions without diagnostic messages
    - Test 'show_text_bytes_match_historical_encoding_for_unicode_and_escapes' has low assert-to-setup ratio (19%): 3 asserts vs 13 setup lines


## Analisis de Seguridad (Kripteia Security)

=== Kripteia Security Analysis ===

No security issues found.
