## Calidad de Tests (Kripteia)

=== Kripteia Test Quality Report ===
Overall Score: 90 | Tests: 1 | Files: 1

--- Files ---
Path                                                          Tests  Score
--------------------------------------------------------------------------
...ize-pdf-core/tests/issue_700_metric_allocations_test.rs        1     90

--- Worst Offenders ---
  warmed_queries_do_not_clone_maps_and_replacements_remain_visible (target/issue690-review/oxidize-pdf-core/tests/issue_700_metric_allocations_test.rs:58) - Score: 90
    i Test 'warmed_queries_do_not_clone_maps_and_replacements_remain_visible' asserts against a hardcoded constant instead of a computed expected value
    i Test 'warmed_queries_do_not_clone_maps_and_replacements_remain_visible' uses .unwrap() which silently discards error information
    - Test 'warmed_queries_do_not_clone_maps_and_replacements_remain_visible' has low assert-to-setup ratio (17%): 4 asserts vs 19 setup lines

--- Details ---
target/issue690-review/oxidize-pdf-core/tests/issue_700_metric_allocations_test.rs:
  warmed_queries_do_not_clone_maps_and_replacements_remain_visible (line 58) - Score: 90
    i Test 'warmed_queries_do_not_clone_maps_and_replacements_remain_visible' asserts against a hardcoded constant instead of a computed expected value
    i Test 'warmed_queries_do_not_clone_maps_and_replacements_remain_visible' uses .unwrap() which silently discards error information
    - Test 'warmed_queries_do_not_clone_maps_and_replacements_remain_visible' has low assert-to-setup ratio (17%): 4 asserts vs 19 setup lines


## Analisis de Seguridad (Kripteia Security)

=== Kripteia Security Analysis ===

--- Unsafe Usages (4) ---
  target/issue690-review/oxidize-pdf-core/tests/issue_700_metric_allocations_test.rs:24 — fn alloc
  target/issue690-review/oxidize-pdf-core/tests/issue_700_metric_allocations_test.rs:28 — fn alloc_zeroed
  target/issue690-review/oxidize-pdf-core/tests/issue_700_metric_allocations_test.rs:32 — fn realloc
  target/issue690-review/oxidize-pdf-core/tests/issue_700_metric_allocations_test.rs:36 — fn dealloc

