   Compiling proc-macro2 v1.0.107
   Compiling unicode-ident v1.0.26
   Compiling quote v1.0.47
   Compiling version_check v0.9.5
   Compiling generic-array v0.14.7
   Compiling typenum v1.20.1
   Compiling serde_core v1.0.229
   Compiling cfg-if v1.0.5
   Compiling memchr v2.8.3
   Compiling libc v0.2.189
   Compiling crypto-common v0.1.7
   Compiling syn v3.0.6
   Compiling block-padding v0.3.3
   Compiling syn v2.0.119
   Compiling autocfg v1.5.1
   Compiling getrandom v0.4.3
   Compiling rand_core v0.10.1
   Compiling num-traits v0.2.19
   Compiling inout v0.1.4
   Compiling bitflags v2.13.2
   Compiling crc32fast v1.5.2
   Compiling once_cell v1.21.4
   Compiling serde v1.0.229
   Compiling rustix v1.1.5
   Compiling cipher v0.4.4
   Compiling serde_derive v1.0.229
   Compiling aho-corasick v1.1.5
   Compiling block-buffer v0.10.4
   Compiling adler2 v2.0.1
   Compiling winnow v1.0.4
   Compiling simd-adler32 v0.3.10
   Compiling thiserror v2.0.21
   Compiling cpufeatures v0.2.17
   Compiling cpufeatures v0.3.1
   Compiling const-oid v0.9.6
   Compiling zmij v1.0.23
   Compiling regex-syntax v0.8.11
   Compiling linux-raw-sys v0.12.1
   Compiling regex-automata v0.4.18
   Compiling digest v0.10.7
   Compiling chacha20 v0.10.2
   Compiling miniz_oxide v0.9.1
   Compiling toml_parser v1.1.3+spec-1.1.0
   Compiling tracing-attributes v0.1.31
   Compiling zeroize_derive v1.5.0
   Compiling tracing-core v0.1.36
   Compiling thiserror-impl v2.0.21
   Compiling serde_spanned v1.1.1
   Compiling toml_datetime v0.7.5+spec-1.1.0
   Compiling pin-project-lite v0.2.17
   Compiling winnow v0.7.15
   Compiling tinyvec v1.13.3
   Compiling fastrand v2.5.0
   Compiling serde_json v1.0.151
   Compiling itoa v1.0.18
   Compiling toml_writer v1.1.2+spec-1.1.0
   Compiling iana-time-zone v0.1.65
   Compiling chrono v0.4.45
   Compiling toml v0.9.12+spec-1.1.0
   Compiling tempfile v3.27.0
   Compiling unicode-normalization v0.1.25
   Compiling tracing v0.1.44
   Compiling flate2 v1.1.10
   Compiling zeroize v1.9.0
   Compiling regex v1.13.1
   Compiling rand v0.10.3
   Compiling sha2 v0.10.9
   Compiling aes v0.8.4
   Compiling cbc v0.1.2
   Compiling num_cpus v1.17.0
   Compiling quick-xml v0.41.0
   Compiling md5 v0.8.1
   Compiling ryu v1.0.23
   Compiling subtle v2.6.1
   Compiling lazy_static v1.5.0
   Compiling oxidize-pdf v5.4.1 (/home/santi/repos/BelowZero/oxidizePdf/oxidize-pdf/target/issue690-review/oxidize-pdf-core)
   Compiling pdf-writer v0.15.0
   Compiling writer-perf-probe v0.1.0 (/home/santi/repos/BelowZero/oxidizePdf/oxidize-pdf/target/performance-review-20261009)
    Finished `release` profile [optimized + debuginfo] target(s) in 2m 40s
