## Calidad de Tests (Kripteia)

=== Kripteia Test Quality Report ===
Overall Score: 99 | Tests: 37 | Files: 1

--- Files ---
Path                                                          Tests  Score
--------------------------------------------------------------------------
target/issue690-review/oxidize-pdf-core/src/text/mod.rs          37     99

--- Worst Offenders ---
  test_text_context_new (target/issue690-review/oxidize-pdf-core/src/text/mod.rs:583) - Score: 90
    i Test 'test_text_context_new' asserts against a hardcoded constant instead of a computed expected value
    i Test 'test_text_context_new' has multiple assertions without diagnostic messages
    - Test 'test_text_context_new' does not call any production code
  test_text_context_default (target/issue690-review/oxidize-pdf-core/src/text/mod.rs:592) - Score: 90
    i Test 'test_text_context_default' asserts against a hardcoded constant instead of a computed expected value
    i Test 'test_text_context_default' has multiple assertions without diagnostic messages
    - Test 'test_text_context_default' does not call any production code
  test_set_font (target/issue690-review/oxidize-pdf-core/src/text/mod.rs:599) - Score: 100
    i Test 'test_set_font' asserts against a hardcoded constant instead of a computed expected value
    i Test 'test_set_font' has multiple assertions without diagnostic messages
  test_position (target/issue690-review/oxidize-pdf-core/src/text/mod.rs:607) - Score: 100
    i Test 'test_position' asserts against a hardcoded constant instead of a computed expected value
    i Test 'test_position' has multiple assertions without diagnostic messages
  test_write_simple_text (target/issue690-review/oxidize-pdf-core/src/text/mod.rs:618) - Score: 100
    i Test 'test_write_simple_text' has multiple assertions without diagnostic messages
    i Test 'test_write_simple_text' uses .unwrap() which silently discards error information

--- Details ---
target/issue690-review/oxidize-pdf-core/src/text/mod.rs:
  test_text_context_new (line 583) - Score: 90
    i Test 'test_text_context_new' asserts against a hardcoded constant instead of a computed expected value
    i Test 'test_text_context_new' has multiple assertions without diagnostic messages
    - Test 'test_text_context_new' does not call any production code
  test_text_context_default (line 592) - Score: 90
    i Test 'test_text_context_default' asserts against a hardcoded constant instead of a computed expected value
    i Test 'test_text_context_default' has multiple assertions without diagnostic messages
    - Test 'test_text_context_default' does not call any production code
  test_set_font (line 599) - Score: 100
    i Test 'test_set_font' asserts against a hardcoded constant instead of a computed expected value
    i Test 'test_set_font' has multiple assertions without diagnostic messages
  test_position (line 607) - Score: 100
    i Test 'test_position' asserts against a hardcoded constant instead of a computed expected value
    i Test 'test_position' has multiple assertions without diagnostic messages
  test_write_simple_text (line 618) - Score: 100
    i Test 'test_write_simple_text' has multiple assertions without diagnostic messages
    i Test 'test_write_simple_text' uses .unwrap() which silently discards error information
  test_write_text_with_escaping (line 630) - Score: 100
    i Test 'test_write_text_with_escaping' uses .unwrap() which silently discards error information
  test_write_line (line 639) - Score: 100
    i Test 'test_write_line' has multiple assertions without diagnostic messages
    i Test 'test_write_line' uses .unwrap() which silently discards error information
  test_clear (line 696) - Score: 100
    i Test 'test_clear' has multiple assertions without diagnostic messages
    i Test 'test_clear' uses .unwrap() which silently discards error information
  test_generate_operations (line 706) - Score: 100
    i Test 'test_generate_operations' uses .unwrap() which silently discards error information
  test_method_chaining (line 716) - Score: 100
    i Test 'test_method_chaining' asserts against a hardcoded constant instead of a computed expected value
    i Test 'test_method_chaining' has multiple assertions without diagnostic messages
  test_special_characters_encoding (line 741) - Score: 100
    i Test 'test_special_characters_encoding' has multiple assertions without diagnostic messages
    i Test 'test_special_characters_encoding' uses .unwrap() which silently discards error information
  test_text_state_parameters_chaining (line 823) - Score: 100
    i Test 'test_text_state_parameters_chaining' has multiple assertions without diagnostic messages
  test_all_text_state_operators_generated (line 843) - Score: 100
    i Test 'test_all_text_state_operators_generated' has multiple assertions without diagnostic messages
  test_text_color_operations (line 875) - Score: 100
    i Test 'test_text_color_operations' has multiple assertions without diagnostic messages
  test_used_characters_tracking_ascii (line 938) - Score: 100
    i Test 'test_used_characters_tracking_ascii' asserts against a hardcoded constant instead of a computed expected value
    i Test 'test_used_characters_tracking_ascii' has multiple assertions without diagnostic messages
    i Test 'test_used_characters_tracking_ascii' uses .unwrap() which silently discards error information
  test_used_characters_tracking_cjk (line 953) - Score: 100
    i Test 'test_used_characters_tracking_cjk' asserts against a hardcoded constant instead of a computed expected value
    i Test 'test_used_characters_tracking_cjk' has multiple assertions without diagnostic messages
    i Test 'test_used_characters_tracking_cjk' uses .unwrap() which silently discards error information
  test_used_characters_multiple_writes (line 975) - Score: 100
    i Test 'test_used_characters_multiple_writes' asserts against a hardcoded constant instead of a computed expected value
    i Test 'test_used_characters_multiple_writes' has multiple assertions without diagnostic messages
    i Test 'test_used_characters_multiple_writes' uses .unwrap() which silently discards error information
  nan_char_spacing_sanitised_at_emission (line 996) - Score: 100
    i Test 'nan_char_spacing_sanitised_at_emission' has multiple assertions without diagnostic messages
    i Test 'nan_char_spacing_sanitised_at_emission' uses .unwrap() which silently discards error information
  pos_inf_word_spacing_sanitised_at_emission (line 1012) - Score: 100
    i Test 'pos_inf_word_spacing_sanitised_at_emission' has multiple assertions without diagnostic messages
    i Test 'pos_inf_word_spacing_sanitised_at_emission' uses .unwrap() which silently discards error information
  nan_horizontal_scaling_sanitised_at_emission (line 1028) - Score: 100
    i Test 'nan_horizontal_scaling_sanitised_at_emission' uses .unwrap() which silently discards error information
  nan_leading_and_text_rise_sanitised_at_emission (line 1040) - Score: 100
    i Test 'nan_leading_and_text_rise_sanitised_at_emission' has multiple assertions without diagnostic messages
    i Test 'nan_leading_and_text_rise_sanitised_at_emission' uses .unwrap() which silently discards error information
  test_text_context_threads_metrics_store (line 1057) - Score: 100
    i Test 'test_text_context_threads_metrics_store' asserts against a hardcoded constant instead of a computed expected value
    i Test 'test_text_context_threads_metrics_store' has multiple assertions without diagnostic messages


## Analisis de Seguridad (Kripteia Security)

=== Kripteia Security Analysis ===

No security issues found.
