   Compiling oxidize-pdf v5.1.3 (/home/santi/repos/BelowZero/oxidizePdf/oxidize-pdf/oxidize-pdf-core)
    Finished `test` profile [unoptimized] target(s) in 12.63s
     Running tests/issue_513_resolved_parser_fonts_test.rs (target/debug/deps/issue_513_resolved_parser_fonts_test-f63f4f8a7a1d4ec6)

running 16 tests
test decodes_win_ansi_without_confusing_code_and_unicode ... ok
test rejects_circular_font_resource_without_panicking ... ok
test rejects_non_cid_descendant_in_type0_font ... ok
test rejects_odd_cid_to_gid_map_without_panicking ... ok
test exposes_type3_through_the_coherent_resource_model ... ok
test cid_unicode_collection_requires_adobe_registry_and_resolves_indirect_strings ... ok
test rejects_type0_font_without_required_encoding ... ok
test resolves_cidfont_type0_open_type_program_and_vertical_mode ... ok
test resolves_inherited_identity_type2_into_renderer_glyphs ... ok
test unmapped_composite_code_uses_default_cid_width ... ok
test type3_uses_tounicode_when_decoding_glyphs ... ok
test resolves_non_identity_encoding_cmap_and_default_identity_gid ... ok
test rejects_oversized_cid_to_gid_map_after_bounded_decompression ... ok
test resolves_symbol_difference_as_a_bullet_not_latin_x ... ok
test named_unicode_encoding_resolves_cid_before_width_and_unicode ... ok
test rejects_oversized_embedded_font_after_bounded_decompression ... ok

test result: ok. 16 passed; 0 failed; 0 ignored; 0 measured; 0 filtered out; finished in 0.36s

     Running tests/text_competing_cmap_contract_test.rs (target/debug/deps/text_competing_cmap_contract_test-aecb06698f9cba06)

running 6 tests
test fallback_uses_first_nonpreferred_table_without_inventing_unicode_priority ... ok
test bmp_wins_when_full_unicode_is_absent ... ok
test generic_unicode_wins_when_windows_unicode_is_absent ... ok
test selected_full_unicode_keeps_non_bmp_gid_and_does_not_merge_lower_tables ... ok
test competing_program_matches_independent_fonttools_tables_and_hash ... ok
test full_unicode_wins_in_all_120_subtable_orders ... ok

test result: ok. 6 passed; 0 failed; 0 ignored; 0 measured; 0 filtered out; finished in 0.00s

     Running tests/text_symbolic_truetype_contract_test.rs (target/debug/deps/text_symbolic_truetype_contract_test-91e7fc73a19c3ad3)

running 11 tests
test macintosh_byte_cmap_preserves_original_glyph_selection ... ok
test all_symbolic_programs_and_pdfs_match_frozen_hashes ... ok
test windows_symbol_cmap_preserves_private_codes_and_gids ... ok
test windows_ucs4_cmap_retains_non_bmp_mapping_only_in_full_font ... ok
test windows_unicode_bmp_cmap_preserves_gids_and_metrics ... ok
test explicit_symbolic_encodings_and_differences_remain_evidence ... ok
test arbitrary_symbolic_truetype_has_no_implicit_adobe_symbol_unicode ... ok
test symbolic_tounicode_preserves_sequences_independently_of_glyph_names ... ok
test multi_scalar_tounicode_does_not_multiply_the_source_glyph_advance ... ok
test nonsymbolic_winansi_and_explicit_unicode_have_separate_contracts ... ok
test arbitrary_symbolic_text_uses_replacement_without_losing_advance ... ok

test result: ok. 11 passed; 0 failed; 0 ignored; 0 measured; 0 filtered out; finished in 0.02s

     Running tests/text_truetype_contract_test.rs (target/debug/deps/text_truetype_contract_test-5b7b919e731860a6)

running 5 tests
test subset_truetype_decodes_composite_glyph_without_tounicode ... ok
test full_truetype_decodes_composite_glyph_without_tounicode ... ok
test full_and_subset_tounicode_override_font_encoding ... ok
test full_and_subset_preserve_advance_and_explicit_space ... ok
test full_and_subset_are_pinned_distinct_truetype_programs ... ok

test result: ok. 5 passed; 0 failed; 0 ignored; 0 measured; 0 filtered out; finished in 0.03s

