## Calidad de Tests (Kripteia)

=== Kripteia Test Quality Report ===
Overall Score: 98 | Tests: 12 | Files: 1

--- Files ---
Path                                                          Tests  Score
--------------------------------------------------------------------------
...-pdf-core/tests/text_symbolic_truetype_contract_test.rs       12     98

--- Worst Offenders ---
  windows_symbol_cmap_preserves_private_codes_and_gids (oxidize-pdf-core/tests/text_symbolic_truetype_contract_test.rs:88) - Score: 90
    - Test 'windows_symbol_cmap_preserves_private_codes_and_gids' does not call any production code
  macintosh_byte_cmap_preserves_original_glyph_selection (oxidize-pdf-core/tests/text_symbolic_truetype_contract_test.rs:93) - Score: 90
    - Test 'macintosh_byte_cmap_preserves_original_glyph_selection' does not call any production code
  windows_unicode_bmp_cmap_preserves_gids_and_metrics (oxidize-pdf-core/tests/text_symbolic_truetype_contract_test.rs:98) - Score: 90
    - Test 'windows_unicode_bmp_cmap_preserves_gids_and_metrics' does not call any production code
  windows_ucs4_cmap_retains_non_bmp_mapping_only_in_full_font (oxidize-pdf-core/tests/text_symbolic_truetype_contract_test.rs:103) - Score: 100
    i Test 'windows_ucs4_cmap_retains_non_bmp_mapping_only_in_full_font' has multiple assertions without diagnostic messages
    i Test 'windows_ucs4_cmap_retains_non_bmp_mapping_only_in_full_font' uses .unwrap() which silently discards error information
  symbolic_tounicode_preserves_sequences_independently_of_glyph_names (oxidize-pdf-core/tests/text_symbolic_truetype_contract_test.rs:118) - Score: 100
    i Test 'symbolic_tounicode_preserves_sequences_independently_of_glyph_names' asserts against a hardcoded constant instead of a computed expected value

--- Details ---
oxidize-pdf-core/tests/text_symbolic_truetype_contract_test.rs:
  windows_symbol_cmap_preserves_private_codes_and_gids (line 88) - Score: 90
    - Test 'windows_symbol_cmap_preserves_private_codes_and_gids' does not call any production code
  macintosh_byte_cmap_preserves_original_glyph_selection (line 93) - Score: 90
    - Test 'macintosh_byte_cmap_preserves_original_glyph_selection' does not call any production code
  windows_unicode_bmp_cmap_preserves_gids_and_metrics (line 98) - Score: 90
    - Test 'windows_unicode_bmp_cmap_preserves_gids_and_metrics' does not call any production code
  windows_ucs4_cmap_retains_non_bmp_mapping_only_in_full_font (line 103) - Score: 100
    i Test 'windows_ucs4_cmap_retains_non_bmp_mapping_only_in_full_font' has multiple assertions without diagnostic messages
    i Test 'windows_ucs4_cmap_retains_non_bmp_mapping_only_in_full_font' uses .unwrap() which silently discards error information
  symbolic_tounicode_preserves_sequences_independently_of_glyph_names (line 118) - Score: 100
    i Test 'symbolic_tounicode_preserves_sequences_independently_of_glyph_names' asserts against a hardcoded constant instead of a computed expected value
  multi_scalar_tounicode_does_not_multiply_the_source_glyph_advance (line 152) - Score: 100
    i Test 'multi_scalar_tounicode_does_not_multiply_the_source_glyph_advance' asserts against a hardcoded constant instead of a computed expected value
    i Test 'multi_scalar_tounicode_does_not_multiply_the_source_glyph_advance' uses .unwrap() which silently discards error information
  all_symbolic_programs_and_pdfs_match_frozen_hashes (line 187) - Score: 100
    i Test 'all_symbolic_programs_and_pdfs_match_frozen_hashes' asserts against a hardcoded constant instead of a computed expected value
    i Test 'all_symbolic_programs_and_pdfs_match_frozen_hashes' has multiple assertions without diagnostic messages
    i Test 'all_symbolic_programs_and_pdfs_match_frozen_hashes' uses .unwrap() which silently discards error information
  arbitrary_symbolic_truetype_has_no_implicit_adobe_symbol_unicode (line 233) - Score: 100
    i Test 'arbitrary_symbolic_truetype_has_no_implicit_adobe_symbol_unicode' has multiple assertions without diagnostic messages
    i Test 'arbitrary_symbolic_truetype_has_no_implicit_adobe_symbol_unicode' uses .unwrap() which silently discards error information
  arbitrary_symbolic_text_uses_replacement_without_losing_advance (line 269) - Score: 100
    i Test 'arbitrary_symbolic_text_uses_replacement_without_losing_advance' has multiple assertions without diagnostic messages
    i Test 'arbitrary_symbolic_text_uses_replacement_without_losing_advance' uses .unwrap() which silently discards error information
  explicit_symbolic_encodings_and_differences_remain_evidence (line 309) - Score: 100
    i Test 'explicit_symbolic_encodings_and_differences_remain_evidence' has multiple assertions without diagnostic messages
    i Test 'explicit_symbolic_encodings_and_differences_remain_evidence' uses .unwrap() which silently discards error information
  full_and_subset_preserve_selected_symbolic_contours (line 351) - Score: 100
    i Test 'full_and_subset_preserve_selected_symbolic_contours' asserts against a hardcoded constant instead of a computed expected value
    i Test 'full_and_subset_preserve_selected_symbolic_contours' uses .unwrap() which silently discards error information


## Analisis de Seguridad (Kripteia Security)

=== Kripteia Security Analysis ===

No security issues found.
