error: no test target named `spi_feature_test` in `oxidize-pdf` package
help: available test targets:
    acroform_fields_serialize_test
    advanced_tables_tests
    analysis_spi_corpus_parity_test
    analysis_spi_test
    annotation_write_test
    annotations_comprehensive_test
    annotations_error_handling_test
    annotations_integration_test
    annotations_tests
    architecture_simple_test
    batch_processing_tests
    calibrated_color_tests
    cff_desubroutinize_test
    cff_subsetter_test
    charts_tests
    choice_fields_tests
    chunk_page_mapper_test
    ci_differential_gates_wiring_test
    cid_cmap_test
    circular_ref_test
    cjk_font_integration_test
    cli_ocr_tests
    cmap_utils_test
    compression_test
    content_tokenizer_hang_test
    corpus_support
    custom_fonts_test
    dashboard_integration_test
    deprecation_parity_test
    deprecation_warning_test
    descendant_fonts_spellings_test
    devicen_color_tests
    differential_fusion_test
    differential_order_test
    document_builder_tests
    draw_image_transparency_tests
    element_graph_integration_test
    element_graph_test
    element_relationships_advanced_test
    element_relationships_test
    element_types_test
    encoding_embedded_stream_test
    encoding_gbk_euc_h_test
    encoding_usecmap_external_test
    encryption_algorithm_2b_test
    encryption_basic_test
    encryption_cross_validation_test
    encryption_dependencies_test
    encryption_owner_password_test
    encryption_password_test
    encryption_r5_real_pdf_test
    encryption_r6_real_pdf_test
    encryption_real_pdf_test
    encryption_write_test
    end_to_end_test
    extgstate_smask_bm_test
    extraction_actualtext_test
    extraction_artifact_test
    extraction_boe_identity_h_test
    extraction_ctm_test
    extraction_mcid_test
    extraction_profile_test
    extraction_td_operator_test
    extraction_tj_implicit_space_test
    extraction_two_column_writer_roundtrip_test
    extraction_unbalanced_bdc_test
    field_appearance_tests
    fill_field_and_smask_correctness_test
    fill_field_cjk_type0_test
    fill_field_non_ascii_encoding_test
    fill_field_roundtrip_test
    fixtures_support
    flow_layout_tests
    font_embedding_integration
    font_embedding_integration_test
    font_encoding_test
    font_metrics_per_document_render_test
    font_metrics_per_document_test
    font_subset_pdf_round_trip_test
    font_subset_post_and_cidtogidmap_test
    font_subset_size_test
    font_workflows_integration
    fonts_comprehensive_test
    fonts_unit_tests
    form_actions_tests
    form_processing_integration
    forms_comprehensive_test
    forms_cross_module_integration_test
    forms_document_integration_test
    forms_error_handling_test
    forms_parser_integration_test
    forms_performance_scalability_test
    forms_validation_javascript_test
    formxobject_group_test
    fuzz_regressions_test
    gfx_019_icc_graphics_color_test
    hybrid_chunker_disjoint_test
    hybrid_chunking_graph_test
    hybrid_chunking_test
    hybrid_chunking_v2_test
    icc_colorspace_stream_test
    image_fitting_tests
    incremental_form_fill_ap_test
    incremental_form_fill_test
    incremental_overlay_tests
    inline_font_resources_test
    integration_compression
    integration_encryption
    integration_fonts
    integration_tests
    interactive_features_test
    invoice_extraction_tests
    invoice_pattern_api_tests
    iso_curation_stats_tests
    iso_curation_validation_tests
    iso_document_catalog_tests
    iso_system_demo
    iso_verification_test
    issue_212_closing_invariants_test
    issue_212_combobox_custom_font_test
    issue_212_form_only_font_emission_test
    issue_212_listbox_custom_font_test
    issue_212_pushbutton_custom_font_test
    issue_217_tablestyle_header_typography_test
    issue_220_color_emission_sanitization_test
    issue_230_text_context_injection_test
    issue_235_tj_fragment_emission_test
    issue_239_unified_fill_color_test
    issue_240_text_flow_encoding_test
    issue_260_stream_length_test
    issue_265_line_interleaving_test
    issue_286_high_compression_image_test
    issue_286_indexed_image_test
    issue_287_glyph_coverage_test
    issue_302_extraction_fidelity_test
    issue_302_indirect_font_dict_test
    issue_302_width_from_codes_test
    issue_319_content_recovery_test
    issue_319_form_xobject_test
    issue_329_presentation_profile_test
    issue_330_text_fragments_invariant_test
    issue_331_xmp_deterministic_test
    issue_334_item5_font_order_deterministic_test
    issue_334_xmp_struct_deterministic_test
    issue_341_xref_stream_double_decode_test
    issue_345_pipeline_partition_config_test
    issue_346_pdfa_metadata_decode_test
    issue_358_cid_keyed_font_test
    issue_358_glyph_run_extraction_test
    issue_358_subsetting_test
    issue_360_rag_chunks_from_elements_test
    issue_373_qpdf_aes256_stream_decrypt_test
    issue_374_xref_reconstruction_test
    issue_375_merged_cells_detect_test
    issue_375_merged_cells_test
    issue_375_multi_level_header_test
    issue_375_text_conservation_test
    issue_376_contextual_chunks
    issue_377_token_counter_test
    issue_379_encrypt_metadata_test
    issue_380_aes256_owner_hash_test
    issue_381_tj_newline_test
    issue_382_extract_page_byte_limit
    issue_386_tz_pen_advance_test
    issue_389_flat_reorder_columns_test
    issue_390_flat_line_wrap_test
    issue_392_unicode_keyed_cyrillic_test
    issue_395_font_collision_test
    issue_403_column_scope_test
    issue_408_dense_prose_reorder_test
    issue_415_indirect_kids_test
    issue_417_column_line_grouping_test
    issue_422_column_boundary_alignment_test
    issue_427_char_boundary_test
    issue_441_same_line_backward_jump_test
    issue_447_same_y_wrap_test
    issue_448_reading_order_wiring_test
    issue_452_text_state_graphics_state_test
    issue_453_page_ops_preserve_content_test
    issue_453_text_streamer_positioning_test
    issue_455_graphics_state_stack_cap_test
    issue_456_text_state_params_test
    issue_458_tj_boundary_space_test
    issue_459_literal_binary_string_test
    issue_459_padded_password_entries_test
    issue_459_text_string_consumers_test
    issue_465_smask_preservation_test
    issue_476_carriage_return_policy_test
    issue_476_stray_cr_test
    issue_477_text_render_mode_test
    issue_482_preserve_layout_interleave_test
    issue_486_flat_hyphen_merge_test
    issue_492_aes256_perms_interop_test
    issue_493_incremental_text_notes_test
    issue_495_flat_grid_order_test
    issue_496_cid_width_lookup_test
    issue_498_tagged_actual_text_test
    issue_500_type0_implicit_space_test
    issue_506_struct_actual_text_test
    issue_509_type3_charprocs_test
    issue_510_tm_scaled_space_threshold_test
    issue_513_resolved_parser_fonts_test
    issue_514_indirect_decode_parms_test
    issue_516_in_memory_image_extraction_test
    issue_521_merge_fp_residue_test
    issue_523_standard14_encoding_widths_test
    issue_525_incremental_highlights_test
    issue_526_signature_validation_test
    issue_531_lossless_page_reorder_test
    issue_532_docmdp_permissions_test
    issue_534_incremental_free_text_test
    issue_536_incremental_ink_test
    issue_537_incremental_geometric_test
    issue_538_page_tree_mutations_test
    issue_539_semantic_preservation_test
    issue_540_incremental_signing_test
    issue_542_incremental_ocr_test
    issue_544_tagged_pdf_validation_test
    issue_548_outline_reading_test
    issue_560_v4_api_compatibility_test
    issue_564_plaintext_quality_test
    issue_572_adobe_glyph_list_differences_test
    issue_573_type3_font_matrix_widths_test
    issue_574_numeric_hyphen_fusion_test
    issue_584_direct_link_annotation_test
    issue_584_link_annotation_extraction_test
    issue_593_unreliable_figure_text_test
    issue_606_signature_layout_test
    issue_609_literal_string_escaped_line_break_test
    issue_610_no_space_before_punctuation_test
    issue_613_multistream_boundary_test
    issue_615_punctuation_boundaries_test
    issue_616_imported_footer_test
    issue_617_stream_recovery_test
    issue_618_incremental_callbacks_test
    issue_621_tagged_split_test
    issue_627_certificate_provider_test
    issue_633_outline_writer_test
    issue_634_reconstruct_metadata_test
    issue_637_flate_errors_test
    issue_637_recovery_test
    issue_638_predictor_errors_test
    issue_639_build_identification_test
    issue_640_public_key_containment_test
    issue_648_tj_boundary_baseline_shift_test
    issue_649_tj_zero_width_kerning_test
    issue_662_macroman_extraction_test
    issue_662_pdf_macroman_contract_test
    issue_663_lenient_tracking_fallback_test
    issue_663_tracking_guards_test
    issue_668_order_diagnostic
    issue_93_utf8_panic
    jpeg_extraction_regression_test
    language_detection_corpus_test
    language_detection_test
    layout_invoice_e2e_test
    linearized_xref_test
    marked_content_props_test
    marked_content_roundtrip_test
    measure_text_and_wrap_tests
    memory_optimization_integration
    memory_optimization_tests
    memory_stress_integration
    merge_font_mapping_test
    multilingual_corpus_test
    ncsc_no_alphabet_soup_test
    new_architecture_test
    object_decryption_test
    objects_integration_test
    ocr_tests
    operations_test
    overlay_font_preservation_test
    overlay_smask_test
    overlay_test
    page_color_spaces_test
    page_color_spaces_typed_api_test
    page_font_reference_resolve_test
    page_labels_integration_test
    page_patterns_test
    page_shadings_test
    page_tree_timeout_test
    painter_model_ordering
    paragraph_reconstruction_test
    parser_comprehensive_test
    parser_edge_cases_integration
    parser_malformed_comprehensive_test
    parser_objects_coverage
    parser_reader_coverage
    parser_stress_and_recovery_test
    parser_tests
    parser_version_compatibility_test
    parser_writer_roundtrip
    partition_classifier_regression_test
    partition_confidence_test
    partition_ncsc_classifier_test
    partition_reading_order_test
    partition_table_detection_test
    partition_test
    pdfa_integration_test
    pdfa_validator_coverage_test
    per_font_char_tracking_test
    pipeline_export_test
    pipeline_integration_test
    plaintext_quote_operators_test
    plaintext_td_operator_test
    plaintext_tj_array_test
    png_rendering_test
    png_transparency_tests
    prop_encryption_invariants
    prop_extraction_invariants
    prop_font_invariants
    prop_parser_invariants
    prop_parser_panic_invariants
    prop_rag_chunking_invariants
    prop_rag_e2e_invariants
    prop_roundtrip_invariants
    prop_text_sanitization_invariants
    prop_token_counter_invariants
    proptest_geometry
    proptest_graphics
    proptest_parser
    proptest_primitives
    public_claims_documentation_test
    rag_chunk_metadata_test
    rag_chunk_test
    rag_pipeline_integration_test
    rag_pipeline_test
    rag_realworld_jsonl_test
    reader_integration_test
    reading_order_test
    real_pdf_integration_tests
    rich_text_tests
    ruling_table_partition_test
    semantic_chunking_test
    semantic_comparison_differential
    semantic_redactor_test
    signature_integration_test
    signature_preparation_test
    source_highlighter_test
    space_decision_test
    stream_syntax_test
    t0_regression
    t1_spec
    t2_realworld
    t3_stress
    t4_ai_target
    t5_quality
    t6_adversarial
    table_extraction_real_pdfs
    table_integration_test
    table_pagination_test
    table_write_regression_test
    tagged_pdf_integration_test
    tesseract_ocr_tests
    test_hybrid_reference_pdfs
    test_issue47_regression
    text_block_metrics_tests
    text_cid_cff_contract_test
    text_cid_contract_test
    text_cjk_contract_test
    text_embedded_font_contract_test
    text_encoding_contract_test
    text_expert_contract_test
    text_extraction_e2e_test
    text_extraction_test
    text_flow_at_x_test
    text_flow_inherits_page_state_test
    text_font_program_contract_test
    text_sanitization_test
    text_script_contract_test
    text_spacing_contract_test
    text_state_propagation
    text_tracking_recovery_contract_test
    text_transform_contract_test
    text_truetype_contract_test
    text_validation_coverage
    text_vertical_contract_test
    tracing_infrastructure
    transparency_integration_test
    ttf_parser_cmap_test
    type0_font_parsing_security_test
    type0_font_parsing_test
    type0_page_integration_test
    vibecoding_facade_test
    writer_hygiene_test
    xref_recovery_test
    xref_stream_simple
