   Compiling oxidize-pdf v5.1.3 (/home/santi/repos/BelowZero/oxidizePdf/oxidize-pdf/oxidize-pdf-core)
    Finished `test` profile [unoptimized] target(s) in 11.22s
     Running tests/issue_523_standard14_encoding_widths_test.rs (target/debug/deps/issue_523_standard14_encoding_widths_test-55f8b33850335d1f)

running 1 test
test pdf_font_dictionaries_drive_standard14_afm_widths ... ok

test result: ok. 1 passed; 0 failed; 0 ignored; 0 measured; 0 filtered out; finished in 0.01s

     Running tests/issue_648_tj_boundary_baseline_shift_test.rs (target/debug/deps/issue_648_tj_boundary_baseline_shift_test-68625f3ac669d081)

running 11 tests
test issue_648_large_vertical_shift_still_emits_newline ... ok
test issue_648_baseline_shift_emits_space_at_moderate_gap ... ok
test issue_648_baseline_shift_via_td_operator ... ok
test issue_648_subpixel_vertical_jitter_leaves_same_baseline_runs_welded ... ok
test issue_648_superscript_citation_following_word_stays_attached ... ok
test issue_648_superscript_with_baseline_shift_does_not_insert_artificial_space ... ok
test issue_648_table_cells_with_shifted_baselines_are_not_fused ... ok
test issue_648_same_baseline_runs_retain_conservative_threshold ... ok
test rotation_preserves_baseline_shift ... ok
test vertical_scale_preserves_baseline_shift ... ok
test shear_keeps_perpendicular_baseline_threshold ... ok

test result: ok. 11 passed; 0 failed; 0 ignored; 0 measured; 0 filtered out; finished in 0.00s

     Running tests/issue_649_tj_zero_width_kerning_test.rs (target/debug/deps/issue_649_tj_zero_width_kerning_test-0313173623056b0d)

running 16 tests
test ordinary_word_gaps_are_not_tracking ... ok
test tj_ordinary_intra_word_kerning_unaffected ... ok
test leading_and_trailing_kerns_do_not_establish_tracking ... ok
test char_spacing_does_not_get_discounted_as_missing_advance ... ok
test nonuniform_zero_width_advances_remain_conservative ... ok
test one_transition_cannot_establish_tracking ... ok
test positive_declared_widths_do_not_activate_tracking ... ok
test tj_punctuation_and_symbols_in_tracking_sequence ... ok
test tj_word_breaks_as_negative_kerns_without_explicit_spaces_still_split_words ... ok
test tj_zero_width_kerning_phone_number_formatting ... ok
test zero_width_single_word_without_literal_space ... ok
test tj_zero_width_kerning_with_explicit_spaces_does_not_split_characters ... ok
test word_spacing_does_not_get_discounted_as_missing_advance ... ok
test type0_tracking_uses_cids_not_unicode_or_source_codes ... ok
test zero_width_tracking_preserves_larger_word_gap ... ok
test type0_identity_h_zero_widths_without_literal_space ... ok

test result: ok. 16 passed; 0 failed; 0 ignored; 0 measured; 0 filtered out; finished in 0.00s

     Running tests/issue_662_macroman_extraction_test.rs (target/debug/deps/issue_662_macroman_extraction_test-882889a8962482ce)

running 3 tests
test test_issue_662_special_symbols_in_macroman_upper_range ... ok
test test_issue_662_ordinal_indicators_extracted_correctly ... ok
test test_issue_662_accented_characters_in_macroman_upper_range ... ok

test result: ok. 3 passed; 0 failed; 0 ignored; 0 measured; 0 filtered out; finished in 0.00s

     Running tests/issue_662_pdf_macroman_contract_test.rs (target/debug/deps/issue_662_pdf_macroman_contract_test-fcd37259913d5400)

running 2 tests
test explicit_mappings_override_currency_and_undefined_codes ... ok
test all_pdf_macroman_positions_match_independent_reference ... ok

test result: ok. 2 passed; 0 failed; 0 ignored; 0 measured; 0 filtered out; finished in 0.21s

     Running tests/issue_663_lenient_tracking_fallback_test.rs (target/debug/deps/issue_663_lenient_tracking_fallback_test-82f91c7fd8e717db)

running 3 tests
test test_issue_663_corrupt_descendant_fonts_non_full_em_kerns_do_not_infer ... ok
test test_issue_663_corrupt_descendant_fonts_without_explicit_spaces_does_not_infer ... ok
test test_issue_663_corrupt_descendant_fonts_with_explicit_spaces_infers_tracking ... ok

test result: ok. 3 passed; 0 failed; 0 ignored; 0 measured; 0 filtered out; finished in 0.00s

     Running tests/issue_663_tracking_guards_test.rs (target/debug/deps/issue_663_tracking_guards_test-9972973d9b53af32)

running 10 tests
test larger_outlier_remains_a_word_gap_during_recovery ... ok
test a_space_inside_a_unicode_sequence_is_not_a_space_glyph ... ok
test missing_space_guard_is_exercised_by_two_full_em_adjustments ... ok
test multiple_source_glyphs_cannot_certify_per_glyph_tracking ... ok
test resolved_descendant_without_widths_does_not_enable_recovery ... ok
test truncated_identity_codes_cannot_certify_tracking ... ok
test vertical_encoding_does_not_enable_horizontal_recovery ... ok
test damaged_type0_recovery_covers_full_em_tolerance_and_mode ... ok
test damaged_type0_rejects_non_em_baselines_and_explicit_spacing ... ok
test simple_fonts_with_unknown_widths_keep_word_boundaries ... ok

test result: ok. 10 passed; 0 failed; 0 ignored; 0 measured; 0 filtered out; finished in 0.01s

     Running tests/text_encoding_contract_test.rs (target/debug/deps/text_encoding_contract_test-8b823f1d04deae6c)

running 22 tests
test builtin_font_selection_does_not_match_unrelated_names_or_type3 ... ok
test differences_restart_the_code_counter_and_preserve_unmodified_codes ... ok
test builtin_decoding_preserves_afm_widths_and_following_origins ... ok
test external_oracles_have_256_unique_positions_and_recorded_hashes ... ok
test builtin_symbol_subset_names_and_explicit_tounicode_are_distinct ... ok
test differences_override_the_base_encoding ... ok
test builtin_symbol_and_zapf_keep_encoding_and_differences_precedence ... ok
test literal_and_hex_strings_preserve_the_same_source_codes ... ok
test macroman_overrides_cover_undefined_and_currency_codes ... ok
test tounicode_overrides_builtin_symbol_and_dingbats ... ok
test tounicode_overrides_differences_and_supports_unicode_sequences ... ok
test unresolved_differences_replace_instead_of_restoring_the_base_glyph ... ok
test macroman_undefined_codes_preserve_neighbors_with_replacement ... ok
test zapf_differences_resolve_adobe_names_before_builtin_codes ... ok
test standard_encoding_matches_independent_table ... ok
test symbol_builtin_encoding_matches_independent_table ... ok
test macroman_encoding_matches_independent_table ... ok
test zapfdingbats_builtin_encoding_matches_independent_table ... ok
test winansi_encoding_matches_independent_table ... ok
test all_zapf_glyph_names_can_be_remapped_over_an_explicit_base_encoding ... ok
test simple_encoding_undefined_codes_recover_without_losing_neighbors ... ok
test latin_standard14_fonts_use_complete_explicit_pdf_encodings_in_both_modes ... ok

test result: ok. 22 passed; 0 failed; 0 ignored; 0 measured; 0 filtered out; finished in 5.87s

     Running tests/text_expert_contract_test.rs (target/debug/deps/text_expert_contract_test-61ced53d1b848098)

running 5 tests
test expert_program_and_independent_name_inventory_are_pinned ... ok
test tounicode_can_choose_non_pua_text_for_expert_glyphs ... ok
test macexpert_unambiguous_glyph_names_decode_without_tounicode ... ok
test all_expert_codes_preserve_their_explicit_tounicode_values ... ok
test all_macexpert_codes_follow_agl_or_explicit_undefined_recovery ... ok

test result: ok. 5 passed; 0 failed; 0 ignored; 0 measured; 0 filtered out; finished in 0.35s
