   Compiling oxidize-pdf v5.1.3 (/home/santi/repos/BelowZero/oxidizePdf/oxidize-pdf/oxidize-pdf-core)
    Finished `test` profile [unoptimized] target(s) in 13.42s
     Running tests/text_encoding_contract_test.rs (target/debug/deps/text_encoding_contract_test-8b823f1d04deae6c)

running 1 test
test symbol_builtin_encoding_matches_independent_table ... FAILED

failures:

---- symbol_builtin_encoding_matches_independent_table stdout ----
SymbolEncoding: 189 defined codes exercised, 154 mismatches

thread 'symbol_builtin_encoding_matches_independent_table' (390) panicked at oxidize-pdf-core/tests/text_encoding_contract_test.rs:118:5:
SymbolEncoding 0x22 /universal: expected "∀", actual "\""
SymbolEncoding 0x24 /existential: expected "∃", actual "$"
SymbolEncoding 0x27 /suchthat: expected "∋", actual "'"
SymbolEncoding 0x2A /asteriskmath: expected "∗", actual "*"
SymbolEncoding 0x2D /minus: expected "−", actual "-"
SymbolEncoding 0x40 /congruent: expected "≅", actual "@"
SymbolEncoding 0x41 /Alpha: expected "Α", actual "A"
SymbolEncoding 0x42 /Beta: expected "Β", actual "B"
SymbolEncoding 0x43 /Chi: expected "Χ", actual "C"
SymbolEncoding 0x44 /Delta: expected "∆", actual "D"
SymbolEncoding 0x45 /Epsilon: expected "Ε", actual "E"
SymbolEncoding 0x46 /Phi: expected "Φ", actual "F"
SymbolEncoding 0x47 /Gamma: expected "Γ", actual "G"
SymbolEncoding 0x48 /Eta: expected "Η", actual "H"
SymbolEncoding 0x49 /Iota: expected "Ι", actual "I"
SymbolEncoding 0x4A /theta1: expected "ϑ", actual "J"
SymbolEncoding 0x4B /Kappa: expected "Κ", actual "K"
SymbolEncoding 0x4C /Lambda: expected "Λ", actual "L"
SymbolEncoding 0x4D /Mu: expected "Μ", actual "M"
SymbolEncoding 0x4E /Nu: expected "Ν", actual "N"
SymbolEncoding 0x4F /Omicron: expected "Ο", actual "O"
SymbolEncoding 0x50 /Pi: expected "Π", actual "P"
SymbolEncoding 0x51 /Theta: expected "Θ", actual "Q"
SymbolEncoding 0x52 /Rho: expected "Ρ", actual "R"
SymbolEncoding 0x53 /Sigma: expected "Σ", actual "S"
SymbolEncoding 0x54 /Tau: expected "Τ", actual "T"
SymbolEncoding 0x55 /Upsilon: expected "Υ", actual "U"
SymbolEncoding 0x56 /sigma1: expected "ς", actual "V"
SymbolEncoding 0x57 /Omega: expected "Ω", actual "W"
SymbolEncoding 0x58 /Xi: expected "Ξ", actual "X"
SymbolEncoding 0x59 /Psi: expected "Ψ", actual "Y"
SymbolEncoding 0x5A /Zeta: expected "Ζ", actual "Z"
SymbolEncoding 0x5C /therefore: expected "∴", actual "\\"
SymbolEncoding 0x5E /perpendicular: expected "⊥", actual "^"
SymbolEncoding 0x60 /radicalex: expected "\u{f8e5}", actual "`"
SymbolEncoding 0x61 /alpha: expected "α", actual "a"
SymbolEncoding 0x62 /beta: expected "β", actual "b"
SymbolEncoding 0x63 /chi: expected "χ", actual "c"
SymbolEncoding 0x64 /delta: expected "δ", actual "d"
SymbolEncoding 0x65 /epsilon: expected "ε", actual "e"
SymbolEncoding 0x66 /phi: expected "φ", actual "f"
SymbolEncoding 0x67 /gamma: expected "γ", actual "g"
SymbolEncoding 0x68 /eta: expected "η", actual "h"
SymbolEncoding 0x69 /iota: expected "ι", actual "i"
SymbolEncoding 0x6A /phi1: expected "ϕ", actual "j"
SymbolEncoding 0x6B /kappa: expected "κ", actual "k"
SymbolEncoding 0x6C /lambda: expected "λ", actual "l"
SymbolEncoding 0x6D /mu: expected "µ", actual "m"
SymbolEncoding 0x6E /nu: expected "ν", actual "n"
SymbolEncoding 0x6F /omicron: expected "ο", actual "o"
SymbolEncoding 0x70 /pi: expected "π", actual "p"
SymbolEncoding 0x71 /theta: expected "θ", actual "q"
SymbolEncoding 0x72 /rho: expected "ρ", actual "r"
SymbolEncoding 0x73 /sigma: expected "σ", actual "s"
SymbolEncoding 0x74 /tau: expected "τ", actual "t"
SymbolEncoding 0x75 /upsilon: expected "υ", actual "u"
SymbolEncoding 0x76 /omega1: expected "ϖ", actual "v"
SymbolEncoding 0x77 /omega: expected "ω", actual "w"
SymbolEncoding 0x78 /xi: expected "ξ", actual "x"
SymbolEncoding 0x79 /psi: expected "ψ", actual "y"
SymbolEncoding 0x7A /zeta: expected "ζ", actual "z"
SymbolEncoding 0x7E /similar: expected "∼", actual "~"
SymbolEncoding 0xA0 /Euro: expected "€", actual "\u{a0}"
SymbolEncoding 0xA1 /Upsilon1: expected "ϒ", actual "¡"
SymbolEncoding 0xA2 /minute: expected "′", actual "¢"
SymbolEncoding 0xA3 /lessequal: expected "≤", actual "£"
SymbolEncoding 0xA4 /fraction: expected "⁄", actual "¤"
SymbolEncoding 0xA5 /infinity: expected "∞", actual "¥"
SymbolEncoding 0xA6 /florin: expected "ƒ", actual "¦"
SymbolEncoding 0xA7 /club: expected "♣", actual "§"
SymbolEncoding 0xA8 /diamond: expected "♦", actual "¨"
SymbolEncoding 0xA9 /heart: expected "♥", actual "©"
SymbolEncoding 0xAA /spade: expected "♠", actual "ª"
SymbolEncoding 0xAB /arrowboth: expected "↔", actual "«"
SymbolEncoding 0xAC /arrowleft: expected "←", actual "¬"
SymbolEncoding 0xAD /arrowup: expected "↑", actual "\u{ad}"
SymbolEncoding 0xAE /arrowright: expected "→", actual "®"
SymbolEncoding 0xAF /arrowdown: expected "↓", actual "¯"
SymbolEncoding 0xB2 /second: expected "″", actual "²"
SymbolEncoding 0xB3 /greaterequal: expected "≥", actual "³"
SymbolEncoding 0xB4 /multiply: expected "×", actual "´"
SymbolEncoding 0xB5 /proportional: expected "∝", actual "µ"
SymbolEncoding 0xB6 /partialdiff: expected "∂", actual "¶"
SymbolEncoding 0xB7 /bullet: expected "•", actual "·"
SymbolEncoding 0xB8 /divide: expected "÷", actual "¸"
SymbolEncoding 0xB9 /notequal: expected "≠", actual "¹"
SymbolEncoding 0xBA /equivalence: expected "≡", actual "º"
SymbolEncoding 0xBB /approxequal: expected "≈", actual "»"
SymbolEncoding 0xBC /ellipsis: expected "…", actual "¼"
SymbolEncoding 0xBD /arrowvertex: expected "\u{f8e6}", actual "½"
SymbolEncoding 0xBE /arrowhorizex: expected "\u{f8e7}", actual "¾"
SymbolEncoding 0xBF /carriagereturn: expected "↵", actual "¿"
SymbolEncoding 0xC0 /aleph: expected "ℵ", actual "À"
SymbolEncoding 0xC1 /Ifraktur: expected "ℑ", actual "Á"
SymbolEncoding 0xC2 /Rfraktur: expected "ℜ", actual "Â"
SymbolEncoding 0xC3 /weierstrass: expected "℘", actual "Ã"
SymbolEncoding 0xC4 /circlemultiply: expected "⊗", actual "Ä"
SymbolEncoding 0xC5 /circleplus: expected "⊕", actual "Å"
SymbolEncoding 0xC6 /emptyset: expected "∅", actual "Æ"
SymbolEncoding 0xC7 /intersection: expected "∩", actual "Ç"
SymbolEncoding 0xC8 /union: expected "∪", actual "È"
SymbolEncoding 0xC9 /propersuperset: expected "⊃", actual "É"
SymbolEncoding 0xCA /reflexsuperset: expected "⊇", actual "Ê"
SymbolEncoding 0xCB /notsubset: expected "⊄", actual "Ë"
SymbolEncoding 0xCC /propersubset: expected "⊂", actual "Ì"
SymbolEncoding 0xCD /reflexsubset: expected "⊆", actual "Í"
SymbolEncoding 0xCE /element: expected "∈", actual "Î"
SymbolEncoding 0xCF /notelement: expected "∉", actual "Ï"
SymbolEncoding 0xD0 /angle: expected "∠", actual "Ð"
SymbolEncoding 0xD1 /gradient: expected "∇", actual "Ñ"
SymbolEncoding 0xD2 /registerserif: expected "\u{f6da}", actual "Ò"
SymbolEncoding 0xD3 /copyrightserif: expected "\u{f6d9}", actual "Ó"
SymbolEncoding 0xD4 /trademarkserif: expected "\u{f6db}", actual "Ô"
SymbolEncoding 0xD5 /product: expected "∏", actual "Õ"
SymbolEncoding 0xD6 /radical: expected "√", actual "Ö"
SymbolEncoding 0xD7 /dotmath: expected "⋅", actual "×"
SymbolEncoding 0xD8 /logicalnot: expected "¬", actual "Ø"
SymbolEncoding 0xD9 /logicaland: expected "∧", actual "Ù"
SymbolEncoding 0xDA /logicalor: expected "∨", actual "Ú"
SymbolEncoding 0xDB /arrowdblboth: expected "⇔", actual "Û"
SymbolEncoding 0xDC /arrowdblleft: expected "⇐", actual "Ü"
SymbolEncoding 0xDD /arrowdblup: expected "⇑", actual "Ý"
SymbolEncoding 0xDE /arrowdblright: expected "⇒", actual "Þ"
SymbolEncoding 0xDF /arrowdbldown: expected "⇓", actual "ß"
SymbolEncoding 0xE0 /lozenge: expected "◊", actual "à"
SymbolEncoding 0xE1 /angleleft: expected "〈", actual "á"
SymbolEncoding 0xE2 /registersans: expected "\u{f8e8}", actual "â"
SymbolEncoding 0xE3 /copyrightsans: expected "\u{f8e9}", actual "ã"
SymbolEncoding 0xE4 /trademarksans: expected "\u{f8ea}", actual "ä"
SymbolEncoding 0xE5 /summation: expected "∑", actual "å"
SymbolEncoding 0xE6 /parenlefttp: expected "\u{f8eb}", actual "æ"
SymbolEncoding 0xE7 /parenleftex: expected "\u{f8ec}", actual "ç"
SymbolEncoding 0xE8 /parenleftbt: expected "\u{f8ed}", actual "è"
SymbolEncoding 0xE9 /bracketlefttp: expected "\u{f8ee}", actual "é"
SymbolEncoding 0xEA /bracketleftex: expected "\u{f8ef}", actual "ê"
SymbolEncoding 0xEB /bracketleftbt: expected "\u{f8f0}", actual "ë"
SymbolEncoding 0xEC /bracelefttp: expected "\u{f8f1}", actual "ì"
SymbolEncoding 0xED /braceleftmid: expected "\u{f8f2}", actual "í"
SymbolEncoding 0xEE /braceleftbt: expected "\u{f8f3}", actual "î"
SymbolEncoding 0xEF /braceex: expected "\u{f8f4}", actual "ï"
SymbolEncoding 0xF1 /angleright: expected "〉", actual "ñ"
SymbolEncoding 0xF2 /integral: expected "∫", actual "ò"
SymbolEncoding 0xF3 /integraltp: expected "⌠", actual "ó"
SymbolEncoding 0xF4 /integralex: expected "\u{f8f5}", actual "ô"
SymbolEncoding 0xF5 /integralbt: expected "⌡", actual "õ"
SymbolEncoding 0xF6 /parenrighttp: expected "\u{f8f6}", actual "ö"
SymbolEncoding 0xF7 /parenrightex: expected "\u{f8f7}", actual "÷"
SymbolEncoding 0xF8 /parenrightbt: expected "\u{f8f8}", actual "ø"
SymbolEncoding 0xF9 /bracketrighttp: expected "\u{f8f9}", actual "ù"
SymbolEncoding 0xFA /bracketrightex: expected "\u{f8fa}", actual "ú"
SymbolEncoding 0xFB /bracketrightbt: expected "\u{f8fb}", actual "û"
SymbolEncoding 0xFC /bracerighttp: expected "\u{f8fc}", actual "ü"
SymbolEncoding 0xFD /bracerightmid: expected "\u{f8fd}", actual "ý"
SymbolEncoding 0xFE /bracerightbt: expected "\u{f8fe}", actual "þ"
note: run with `RUST_BACKTRACE=1` environment variable to display a backtrace


failures:
    symbol_builtin_encoding_matches_independent_table

test result: FAILED. 0 passed; 1 failed; 0 ignored; 0 measured; 21 filtered out; finished in 0.08s

error: test failed, to rerun pass `-p oxidize-pdf --test text_encoding_contract_test`
