   Compiling oxidize-pdf v5.1.3 (/home/santi/repos/BelowZero/oxidizePdf/oxidize-pdf/oxidize-pdf-core)
    Finished `test` profile [unoptimized] target(s) in 1.62s
     Running tests/issue_496_cid_width_lookup_test.rs (target/debug/deps/issue_496_cid_width_lookup_test-805e55c3460ac17f)

running 7 tests
test flat_path_uses_the_mapped_type0_space_cid_width_for_narrow_word_gaps ... ok
test preserve_layout_path_also_benefits_from_cid_widths ... ok
test dw_only_no_w_array_is_honored ... ok
test wide_cid_glyph_does_not_get_a_spurious_space_when_w_is_present ... ok
test oversized_w_range_does_not_hang_or_allocate_unboundedly ... ok
test missing_dw_uses_the_normative_1000_unit_default ... ok
test real_widths_fix_the_wide_cid_and_expose_the_narrow_word_gap ... ok

test result: ok. 7 passed; 0 failed; 0 ignored; 0 measured; 0 filtered out; finished in 0.01s

     Running tests/text_metrics_boundary_contract_test.rs (target/debug/deps/text_metrics_boundary_contract_test-3369e698de7e0c21)

running 16 tests
test implicit_standard14_metrics_reach_both_consumers ... ok
test cid_width_array_may_end_at_maximum_cid ... ok
test cid_metrics_resolve_indirect_array_range_and_default_values ... ok
test lastchar_limits_explicit_widths_and_retains_missingwidth ... ok
test declared_missingwidth_applies_when_private_font_has_no_widths_array ... ok
test cid_missing_and_explicit_zero_defaults_remain_distinct ... ok
test invalid_metric_values_cannot_enter_either_consumer_as_zero_or_infinity ... ok
test null_dictionary_metrics_are_absent_instead_of_invalid_values ... ok
test null_missingwidth_and_program_entries_match_omission ... ok
test null_cid_metrics_and_gid_map_keep_the_absent_defaults ... ok
test simple_negative_widths_are_preserved ... ok
test simple_metrics_resolve_indirect_firstchar_widths_and_missingwidth ... ok
test explicit_invalid_simple_font_bounds_do_not_wrap_or_default_to_zero ... ok
test unspecified_private_metrics_use_documented_consumer_recovery ... ok
test cid_invalid_widths_fail_strict_and_recover_finitely_without_losing_unicode ... ok
test malformed_cid_width_tables_cannot_clamp_or_overflow_into_a_valid_cid ... ok

test result: ok. 16 passed; 0 failed; 0 ignored; 0 measured; 0 filtered out; finished in 0.04s

