[1;33m==> Compiling all examples (--examples --all-features)[0m
    Checking generic-array v0.14.7
    Checking num-integer v0.1.46
   Compiling equator-macro v0.4.2
    Checking crypto-common v0.1.7
    Checking block-buffer v0.10.4
    Checking digest v0.10.7
   Compiling anyhow v1.0.102
    Checking hmac v0.12.1
    Checking equator v0.4.2
    Checking regex-automata v0.4.14
    Checking aligned-vec v0.6.4
    Checking signature v2.2.0
    Checking num-bigint v0.4.6
    Checking ff v0.13.1
    Checking half v2.7.1
    Checking arrayvec v0.7.6
    Checking base16ct v0.2.0
    Checking sec1 v0.7.3
    Checking group v0.13.0
    Checking num-rational v0.4.2
    Checking v_frame v0.3.9
    Checking hkdf v0.12.4
    Checking crypto-bigint v0.5.5
    Checking as-slice v0.2.1
   Compiling paste v1.0.15
   Compiling av-scenechange v0.14.1
   Compiling built v0.8.1
   Compiling rav1e v0.8.1
    Checking aligned v0.4.3
    Checking nom v8.0.0
    Checking elliptic-curve v0.13.8
    Checking no_std_io2 v0.9.4
   Compiling arg_enum_proc_macro v0.3.4
   Compiling profiling-procmacros v1.0.18
    Checking y4m v0.8.0
   Compiling pastey v0.1.1
    Checking quick-error v2.0.1
    Checking profiling v1.0.18
    Checking bitstream-io v4.10.0
    Checking av1-grain v0.2.5
    Checking maybe-rayon v0.1.1
    Checking sha2 v0.10.9
    Checking rfc6979 v0.4.0
    Checking block-padding v0.3.3
    Checking itertools v0.14.0
   Compiling num-derive v0.4.2
   Compiling simd_helpers v0.1.0
   Compiling noop_proc_macro v0.3.0
    Checking imgref v1.12.2
    Checking new_debug_unreachable v1.0.6
    Checking loop9 v0.1.5
    Checking inout v0.1.4
    Checking ecdsa v0.16.9
    Checking primeorder v0.13.6
    Checking avif-serialize v0.8.9
    Checking zune-inflate v0.2.54
    Checking num-iter v0.1.45
   Compiling substring v1.4.5
   Compiling curve25519-dalek-derive v0.1.1
    Checking rgb v0.8.53
   Compiling thiserror v1.0.69
    Checking fax v0.2.7
    Checking lebe v0.5.3
    Checking color_quant v1.1.0
    Checking bit_field v0.10.3
    Checking exr v1.74.0
    Checking ravif v0.13.0
    Checking gif v0.14.2
    Checking tiff v0.11.3
    Checking qoi v0.4.1
    Checking image-webp v0.2.4
    Checking curve25519-dalek v4.1.3
    Checking num-bigint-dig v0.8.6
    Checking cipher v0.4.4
    Checking regex v1.12.3
    Checking ed25519 v2.2.3
   Compiling thiserror-impl v1.0.69
    Checking powerfmt v0.2.0
    Checking equivalent v1.0.2
    Checking allocator-api2 v0.2.21
    Checking foldhash v0.1.5
    Checking ciborium-ll v0.2.2
    Checking hashbrown v0.15.5
    Checking deranged v0.5.8
    Checking rsa v0.9.10
    Checking ed25519-dalek v2.2.0
    Checking image v0.25.10
    Checking p384 v0.13.1
    Checking p256 v0.13.2
    Checking fancy-regex v0.17.0
    Checking bstr v1.12.1
    Checking subprocess v0.2.15
    Checking rustc-hash v2.1.2
    Checking num-conv v0.2.2
    Checking time-core v0.1.8
    Checking time v0.3.47
    Checking rusty-tesseract v1.1.10
    Checking tiktoken-rs v0.12.0
    Checking oxidize-webpki v0.1.0
    Checking whatlang v0.18.0
    Checking ciborium v0.2.2
    Checking cbc v0.1.2
    Checking aes v0.8.4
    Checking matchers v0.2.0
    Checking tracing-subscriber v0.3.23
    Checking oxidize-pdf v5.2.0 (/tmp/oxidize-release-next/oxidize-pdf-core)
    Checking criterion v0.8.2
    Checking sha1 v0.10.6
    Finished `dev` profile [unoptimized] target(s) in 49.33s
[0;32m    all examples compile[0m
[1;33m==> Skipping run gate: corpus_cache not present (no network in CI)[0m
[0;32m==> verify-examples: all checks passed[0m
