   Compiling zeroize v1.8.2
   Compiling zerofrom v0.1.8
   Compiling generic-array v0.14.7
   Compiling der v0.7.10
   Compiling crypto-common v0.1.7
   Compiling block-buffer v0.10.4
   Compiling digest v0.10.7
   Compiling stable_deref_trait v1.2.1
   Compiling yoke v0.8.3
   Compiling spki v0.7.3
   Compiling zerocopy v0.8.50
   Compiling zerovec v0.11.6
   Compiling pkcs8 v0.10.2
   Compiling smallvec v1.15.1
   Compiling hmac v0.12.1
   Compiling tinystr v0.8.3
   Compiling signature v2.2.0
   Compiling litemap v0.8.2
   Compiling writeable v0.6.3
   Compiling icu_locale_core v2.2.0
   Compiling ppv-lite86 v0.2.21
   Compiling sec1 v0.7.3
   Compiling hkdf v0.12.4
   Compiling zerotrie v0.2.4
   Compiling potential_utf v0.1.5
   Compiling crypto-bigint v0.5.5
   Compiling rustls-pki-types v1.14.1
   Compiling utf8_iter v1.0.4
   Compiling elliptic-curve v0.13.8
   Compiling icu_collections v2.2.0
   Compiling icu_provider v2.2.0
   Compiling serde v1.0.228
   Compiling regex-automata v0.4.14
   Compiling getrandom v0.3.4
   Compiling icu_normalizer_data v2.2.0
   Compiling icu_properties_data v2.2.0
   Compiling crossbeam-utils v0.8.21
   Compiling rand_chacha v0.3.1
   Compiling sha2 v0.10.9
   Compiling rfc6979 v0.4.0
   Compiling block-padding v0.3.3
   Compiling utf8parse v0.2.2
   Compiling ring v0.17.14
   Compiling anstyle-parse v1.0.0
   Compiling inout v0.1.4
   Compiling ecdsa v0.16.9
   Compiling rand v0.8.6
   Compiling crossbeam-epoch v0.9.18
   Compiling icu_properties v2.2.0
   Compiling icu_normalizer v2.2.0
   Compiling rand_core v0.9.5
   Compiling primeorder v0.13.6
   Compiling tracing-core v0.1.36
   Compiling anstyle-query v1.1.5
   Compiling colorchoice v1.0.5
   Compiling log v0.4.32
   Compiling either v1.16.0
   Compiling anstyle v1.0.14
   Compiling is_terminal_polyfill v1.70.2
   Compiling curve25519-dalek v4.1.3
   Compiling anstream v1.0.0
   Compiling idna_adapter v1.2.2
   Compiling rustls-webpki v0.103.13
   Compiling crossbeam-deque v0.8.6
   Compiling num-bigint-dig v0.8.6
   Compiling cipher v0.4.4
   Compiling zmij v1.0.21
   Compiling webpki-roots v1.0.7
   Compiling half v2.7.1
   Compiling ed25519 v2.2.3
   Compiling pkcs1 v0.7.5
   Compiling plotters-backend v0.3.7
   Compiling ciborium-io v0.2.2
   Compiling clap_lex v1.1.0
   Compiling strsim v0.11.1
   Compiling percent-encoding v2.3.2
   Compiling itoa v1.0.18
   Compiling tracing v0.1.44
   Compiling serde_json v1.0.150
   Compiling clap_builder v4.6.0
   Compiling form_urlencoded v1.2.2
   Compiling plotters-svg v0.3.7
   Compiling ciborium-ll v0.2.2
   Compiling rsa v0.9.10
   Compiling ed25519-dalek v2.2.0
   Compiling rayon-core v1.13.0
   Compiling idna v1.1.0
   Compiling itertools v0.13.0
   Compiling p256 v0.13.2
   Compiling p384 v0.13.1
   Compiling regex v1.12.3
   Compiling x509-cert v0.2.5
   Compiling wait-timeout v0.2.1
   Compiling bit-vec v0.8.0
   Compiling quick-error v1.2.3
   Compiling unicode-width v0.2.2
   Compiling same-file v1.0.6
   Compiling fnv v1.0.7
   Compiling cast v0.3.0
   Compiling criterion-plot v0.8.2
   Compiling cms v0.2.3
   Compiling chrono v0.4.45
   Compiling rusty-fork v0.3.1
   Compiling walkdir v2.5.0
   Compiling console v0.16.3
   Compiling bit-set v0.8.0
   Compiling thiserror v2.0.18
   Compiling oxidize-webpki v0.1.0
   Compiling url v2.5.8
   Compiling rayon v1.12.0
   Compiling clap v4.6.1
   Compiling alloca v0.4.0
   Compiling portable-atomic v1.13.1
   Compiling ciborium v0.2.2
   Compiling plotters v0.3.7
   Compiling tinytemplate v1.2.1
   Compiling rustls v0.23.40
   Compiling webpki-roots v0.26.11
   Compiling cbc v0.1.2
   Compiling aes v0.8.4
   Compiling tracing-log v0.2.0
   Compiling rand_xorshift v0.4.0
   Compiling rand v0.9.4
   Compiling rand_chacha v0.9.0
   Compiling matchers v0.2.0
   Compiling sharded-slab v0.1.7
   Compiling page_size v0.6.0
   Compiling thread_local v1.1.9
   Compiling nu-ansi-term v0.50.3
   Compiling unit-prefix v0.5.2
   Compiling unarray v0.1.4
   Compiling base64 v0.22.1
   Compiling anes v0.1.6
   Compiling oorandom v11.1.5
   Compiling criterion v0.8.2
   Compiling ureq v2.12.1
   Compiling proptest v1.11.0
   Compiling indicatif v0.18.4
   Compiling tracing-subscriber v0.3.23
   Compiling oxidize-pdf v5.2.0 (/tmp/oxidize-release-next/oxidize-pdf-core)
   Compiling sha1 v0.10.6
   Compiling weezl v0.1.12
    Finished `test` profile [unoptimized] target(s) in 1m 29s
     Running tests/issue_526_signature_validation_test.rs (/tmp/oxidize-642-consumer-target/debug/deps/issue_526_signature_validation_test-f82cf89227adea3f)

running 18 tests
test byte_range_exclusion_must_be_the_actual_cms_contents ... ok
test incomplete_chain_fails_closed ... ok
test malformed_byte_ranges_fail_before_cryptographic_validation ... ok
test malformed_crl_is_rejected_at_the_trust_boundary ... ok
test altered_signed_content_invalidates_only_document_integrity ... ok
test altered_signed_attributes_break_the_cryptographic_signature ... ok
test altered_message_digest_fails_closed ... ok
test complete_chain_builds_to_explicit_trust_anchor ... ok
test untrusted_self_signed_signer_is_not_trusted ... ok
test openssl_rsa_and_ecdsa_signed_attributes_verify ... ok
test chain_order_is_irrelevant_but_missing_intermediate_is_not ... ok
test certificate_without_digital_signature_usage_is_rejected ... ok
test validity_is_checked_at_the_requested_time ... ok
test mutation_inside_the_signed_ranges_breaks_integrity ... ok
test revoked_signer_fails_closed_with_an_explicit_status ... ok
test post_signature_bytes_are_reported_separately_from_integrity ... ok
test real_pdf_signature_passes_the_complete_validation_pipeline ... ok
test valid_crl_makes_the_chain_fully_valid ... ok

test result: ok. 18 passed; 0 failed; 0 ignored; 0 measured; 0 filtered out; finished in 0.08s

     Running tests/issue_540_incremental_signing_test.rs (/tmp/oxidize-642-consumer-target/debug/deps/issue_540_incremental_signing_test-669fe492ca2782ee)

running 14 tests
test external_tools_render_and_verify_custom_visible_signature_appearance ... ignored, requires qpdf, openssl, and pdftoppm; exercised by the Ubuntu CI interoperability step
test qpdf_accepts_finalized_signatures_for_both_xref_formats ... ignored, requires qpdf; exercised by the Ubuntu CI interoperability step
test qpdf_accepts_finalized_visible_combined_field ... ignored, requires qpdf; exercised by the Ubuntu CI interoperability step
test custom_appearance_rejects_missing_geometry_and_malformed_watermarks ... ok
test custom_appearance_preserves_widget_local_coordinates_on_rotated_cropped_pages ... ok
test selects_indirect_existing_fields_with_nonzero_generations_and_rejects_ambiguity ... ok
test profile_extensions_and_mdp_transforms_are_serialized ... ok
test custom_visible_appearance_embeds_text_and_watermark_before_signing ... ok
test two_phase_signing_preserves_the_source_and_exact_byte_range ... ok
test visible_combined_field_is_replaced_once_with_value_and_appearance ... ok
test malformed_inputs_and_unsafe_extension_overrides_fail_closed ... ok
test docmdp_and_fieldmdp_are_enforced_on_later_signatures ... ok
test visible_and_successive_signatures_are_incremental_for_both_xref_formats ... ok
test prepared_slots_respect_certification_and_field_locks ... ok

test result: ok. 11 passed; 0 failed; 3 ignored; 0 measured; 0 filtered out; finished in 0.15s

     Running tests/issue_627_certificate_provider_test.rs (/tmp/oxidize-642-consumer-target/debug/deps/issue_627_certificate_provider_test-c0f0370e0a9725cd)

running 4 tests
test malformed_certificate_inputs_return_errors ... ok
test certificate_signature_mutation_fails_with_unchanged_identity_and_validity ... ok
test revoked_certificate_still_fails_with_valid_chain ... ok
test crl_signature_mutation_cannot_report_checked_valid ... ok

test result: ok. 4 passed; 0 failed; 0 ignored; 0 measured; 0 filtered out; finished in 0.07s

     Running tests/signature_preparation_test.rs (/tmp/oxidize-642-consumer-target/debug/deps/signature_preparation_test-3f5ef4cc23018a93)

running 10 tests
test creation_rejects_rotation_that_reading_cannot_support ... ok
test completing_preserves_other_field_flags ... ok
test reading_rejects_a_slot_outside_the_page ... ok
test drawn_slot_can_be_used_by_the_detached_signing_api ... ok
test rotated_label_appearance_is_escaped_and_does_not_complete_the_slot ... ok
test handwritten_completion_has_an_appearance_but_no_digital_signature ... ok
test rejects_invalid_geometry_duplicates_and_empty_or_invalid_strokes ... ok
test slots_survive_reopening_and_preserve_previous_bytes ... ok
test list_and_remove_only_the_requested_unsigned_slot ... ok
test creation_rejects_unreadable_rotation_and_excess_slots ... ok

test result: ok. 10 passed; 0 failed; 0 ignored; 0 measured; 0 filtered out; finished in 0.26s
