   Compiling oxidize-pdf v5.1.3 (/home/santi/repos/BelowZero/oxidizePdf/oxidize-pdf/oxidize-pdf-core)
    Finished `test` profile [unoptimized] target(s) in 12.47s
     Running tests/issue_509_type3_charprocs_test.rs (target/debug/deps/issue_509_type3_charprocs_test-806db9656a960f27)

running 8 tests
test bounded_decode_limits_output_not_ascii_encoded_input ... ok
test bounded_decode_stops_ascii85_expansion_during_output ... ok
test bounded_decode_rejects_filters_without_a_bounded_decoder ... ok
test non_type3_font_is_rejected ... ok
test bounded_decode_stops_flate_expansion_at_the_local_limit ... ok
test d0_metrics_are_exposed_without_changing_content_operation ... ok
test malformed_charproc_is_rejected_with_glyph_context ... ok
test resolves_opaque_control_code_to_parsed_charproc ... ok

test result: ok. 8 passed; 0 failed; 0 ignored; 0 measured; 0 filtered out; finished in 0.00s

     Running tests/issue_516_in_memory_image_extraction_test.rs (target/debug/deps/issue_516_in_memory_image_extraction_test-4ed27930d94ec36c)

running 8 tests
test inline_binary_offsets_are_applied_to_the_original_bytes ... ok
test enforces_the_image_count_limit_before_visiting ... ok
test rejects_pixel_limit_before_decoding_image_data ... ok
test extracts_one_page_in_memory ... ok
test extracts_image_bytes_without_touching_the_filesystem ... ok
test visitor_error_stops_extraction_immediately ... ok
test enforces_per_image_and_total_encoded_byte_limits ... ok
test file_api_persists_the_same_bytes_produced_by_the_memory_core ... ok

test result: ok. 8 passed; 0 failed; 0 ignored; 0 measured; 0 filtered out; finished in 0.00s

     Running tests/issue_613_multistream_boundary_test.rs (target/debug/deps/issue_613_multistream_boundary_test-cca0ccd3d55c226b)

running 9 tests
test test_combine_streams_corner_cases ... ok
test streaming_recovers_after_bad_stream_without_losing_split_operands ... ok
test streaming_skips_inline_image_data_across_stream_boundaries ... ok
test test_content_parser_parse_content_streams ... ok
test test_stream_text_multistream_boundary ... ok
test test_multistream_plaintext_extraction ... ok
test test_combined_content_stream_helpers ... ok
test test_multistream_operand_operator_split_text_extraction ... ok
test test_multistream_operand_split_coordinates_text_extraction ... ok

test result: ok. 9 passed; 0 failed; 0 ignored; 0 measured; 0 filtered out; finished in 0.00s

     Running tests/issue_617_stream_recovery_test.rs (target/debug/deps/issue_617_stream_recovery_test-0551afa372ca0a6e)

running 4 tests
test strict_content_parser_still_rejects_malformed_content ... ok
test recovery_keeps_prefix_operations_but_discards_incomplete_operands ... ok
test healthy_streams_keep_operands_after_recovery_and_empty_streams ... ok
test later_valid_text_survives_lexical_error_in_every_extraction_facade ... ok

test result: ok. 4 passed; 0 failed; 0 ignored; 0 measured; 0 filtered out; finished in 0.00s

     Running tests/text_inline_image_boundary_contract_test.rs (target/debug/deps/text_inline_image_boundary_contract_test-8b3a1b0fe4ec0e52)

running 6 tests
test nul_separates_tokens_and_hex_digits_but_remains_literal_data ... ok
test unfiltered_length_keeps_embedded_ei_inside_pixels_and_recovers_tight_end_marker ... ok
test indexed_inline_palette_is_one_component_and_retains_its_binary_lookup ... ok
test filters_unknown_color_spaces_and_overflow_do_not_guess_raw_length ... ok
test unfiltered_length_uses_components_and_per_row_bit_padding ... ok
test pdf_whitespace_delimits_inline_image_without_swallowing_following_text ... ok

test result: ok. 6 passed; 0 failed; 0 ignored; 0 measured; 0 filtered out; finished in 0.02s

