   Compiling oxidize-pdf v5.1.3 (/home/santi/repos/BelowZero/oxidizePdf/oxidize-pdf/oxidize-pdf-core)
    Finished `test` profile [unoptimized] target(s) in 0.69s
     Running tests/issue_509_type3_charprocs_test.rs (target/debug/deps/issue_509_type3_charprocs_test-806db9656a960f27)

running 8 tests
test bounded_decode_limits_output_not_ascii_encoded_input ... ok
test bounded_decode_stops_ascii85_expansion_during_output ... ok
test bounded_decode_rejects_filters_without_a_bounded_decoder ... ok
test non_type3_font_is_rejected ... ok
test bounded_decode_stops_flate_expansion_at_the_local_limit ... ok
test malformed_charproc_is_rejected_with_glyph_context ... ok
test d0_metrics_are_exposed_without_changing_content_operation ... ok
test resolves_opaque_control_code_to_parsed_charproc ... ok

test result: ok. 8 passed; 0 failed; 0 ignored; 0 measured; 0 filtered out; finished in 0.00s

     Running tests/issue_516_in_memory_image_extraction_test.rs (target/debug/deps/issue_516_in_memory_image_extraction_test-4ed27930d94ec36c)

running 8 tests
test enforces_the_image_count_limit_before_visiting ... ok
test extracts_one_page_in_memory ... ok
test extracts_image_bytes_without_touching_the_filesystem ... ok
test inline_binary_offsets_are_applied_to_the_original_bytes ... ok
test enforces_per_image_and_total_encoded_byte_limits ... ok
test rejects_pixel_limit_before_decoding_image_data ... ok
test file_api_persists_the_same_bytes_produced_by_the_memory_core ... ok
test visitor_error_stops_extraction_immediately ... ok

test result: ok. 8 passed; 0 failed; 0 ignored; 0 measured; 0 filtered out; finished in 0.00s

