   Compiling oxidize-pdf v5.1.3 (/home/santi/repos/BelowZero/oxidizePdf/oxidize-pdf/oxidize-pdf-core)
    Finished `test` profile [unoptimized] target(s) in 0.78s
     Running tests/text_inline_image_boundary_contract_test.rs (target/debug/deps/text_inline_image_boundary_contract_test-8b3a1b0fe4ec0e52)

running 6 tests
test nul_separates_tokens_and_hex_digits_but_remains_literal_data ... ok
test indexed_inline_palette_is_one_component_and_retains_its_binary_lookup ... FAILED
test unfiltered_length_keeps_embedded_ei_inside_pixels_and_recovers_tight_end_marker ... FAILED
test unfiltered_length_uses_components_and_per_row_bit_padding ... FAILED
test filters_unknown_color_spaces_and_overflow_do_not_guess_raw_length ... ok
test pdf_whitespace_delimits_inline_image_without_swallowing_following_text ... ok

failures:

---- indexed_inline_palette_is_one_component_and_retains_its_binary_lookup stdout ----

thread 'indexed_inline_palette_is_one_component_and_retains_its_binary_lookup' (134) panicked at oxidize-pdf-core/tests/text_inline_image_boundary_contract_test.rs:69:63:
assertion `left == right` failed
  left: [255, 255, 255, 255, 69, 73, 32, 66, 84, 32, 47, 70, 49, 32, 49, 48, 32, 84, 102, 32, 49, 48, 48, 32, 55, 48, 48, 32, 84, 100, 32, 40, 65, 70, 84, 69, 82, 41, 32, 84, 106, 32, 69, 84]
 right: [255, 255, 255, 255]
note: run with `RUST_BACKTRACE=1` environment variable to display a backtrace

---- unfiltered_length_keeps_embedded_ei_inside_pixels_and_recovers_tight_end_marker stdout ----

thread 'unfiltered_length_keeps_embedded_ei_inside_pixels_and_recovers_tight_end_marker' (137) panicked at oxidize-pdf-core/tests/text_inline_image_boundary_contract_test.rs:67:60:
called `Result::unwrap()` on an `Err` value: SyntaxError { position: 37, message: "Unexpected '>'" }

---- unfiltered_length_uses_components_and_per_row_bit_padding stdout ----

thread 'unfiltered_length_uses_components_and_per_row_bit_padding' (138) panicked at oxidize-pdf-core/tests/text_inline_image_boundary_contract_test.rs:69:63:
assertion `left == right` failed
  left: [255, 255, 69, 73, 32, 66, 84, 32, 47, 70, 49, 32, 49, 48, 32, 84, 102, 32, 49, 48, 48, 32, 55, 48, 48, 32, 84, 100, 32, 40, 65, 70, 84, 69, 82, 41, 32, 84, 106, 32, 69, 84]
 right: [255, 255]


failures:
    indexed_inline_palette_is_one_component_and_retains_its_binary_lookup
    unfiltered_length_keeps_embedded_ei_inside_pixels_and_recovers_tight_end_marker
    unfiltered_length_uses_components_and_per_row_bit_padding

test result: FAILED. 3 passed; 3 failed; 0 ignored; 0 measured; 0 filtered out; finished in 0.02s

error: test failed, to rerun pass `-p oxidize-pdf --test text_inline_image_boundary_contract_test`
