test_blank_reference_has_no_invented_rate_denominator (test_content_differential.ContentMetrics.test_blank_reference_has_no_invented_rate_denominator) ... ok
test_case_punctuation_and_replacement_characters_remain_observable (test_content_differential.ContentMetrics.test_case_punctuation_and_replacement_characters_remain_observable) ... ok
test_empty_successful_extraction_counts_all_reference_content_as_missing (test_content_differential.ContentMetrics.test_empty_successful_extraction_counts_all_reference_content_as_missing) ... ok
test_export_rejects_partial_duplicate_and_ambiguous_records (test_content_differential.ContentMetrics.test_export_rejects_partial_duplicate_and_ambiguous_records) ... ok
test_oversized_page_is_explicitly_excluded_from_comparable_population (test_content_differential.ContentMetrics.test_oversized_page_is_explicitly_excluded_from_comparable_population) ... ok
test_page_count_mismatch_cannot_shift_the_remaining_comparisons (test_content_differential.ContentMetrics.test_page_count_mismatch_cannot_shift_the_remaining_comparisons) ... FAIL
test_page_failure_and_missing_pages_are_not_empty_successes (test_content_differential.ContentMetrics.test_page_failure_and_missing_pages_are_not_empty_successes) ... ok
test_poppler_page_delimiters_preserve_blank_pages (test_content_differential.ContentMetrics.test_poppler_page_delimiters_preserve_blank_pages) ... ok
test_population_hash_and_path_are_enforced (test_content_differential.ContentMetrics.test_population_hash_and_path_are_enforced) ... ok
test_reordering_does_not_become_multiset_content_loss (test_content_differential.ContentMetrics.test_reordering_does_not_become_multiset_content_loss) ... ok
test_repeated_characters_are_not_discarded_as_alignment_junk (test_content_differential.ContentMetrics.test_repeated_characters_are_not_discarded_as_alignment_junk) ... ok
test_substitution_is_distinct_from_missing_and_added_content (test_content_differential.ContentMetrics.test_substitution_is_distinct_from_missing_and_added_content) ... ok
test_whitespace_is_separate_and_unicode_is_not_normalized (test_content_differential.ContentMetrics.test_whitespace_is_separate_and_unicode_is_not_normalized) ... ok

======================================================================
FAIL: test_page_count_mismatch_cannot_shift_the_remaining_comparisons (test_content_differential.ContentMetrics.test_page_count_mismatch_cannot_shift_the_remaining_comparisons)
----------------------------------------------------------------------
Traceback (most recent call last):
  File "/home/santi/repos/BelowZero/oxidizePdf/oxidize-pdf/tools/tests/test_content_differential.py", line 74, in test_page_count_mismatch_cannot_shift_the_remaining_comparisons
    self.assertEqual([p["status"] for p in pages], ["page_count_mismatch"] * 3)
AssertionError: Lists differ: ['compared', 'compared', 'page_count_mismatch'] != ['page_count_mismatch', 'page_count_mismatch', 'page_count_mismatch']

First differing element 0:
'compared'
'page_count_mismatch'

- ['compared', 'compared', 'page_count_mismatch']
+ ['page_count_mismatch', 'page_count_mismatch', 'page_count_mismatch']

----------------------------------------------------------------------
Ran 13 tests in 0.020s

FAILED (failures=1)
