   Compiling oxidize-pdf v5.1.3 (/home/santi/repos/BelowZero/oxidizePdf/oxidize-pdf/oxidize-pdf-core)
    Finished `test` profile [unoptimized] target(s) in 16.09s
     Running unittests src/lib.rs (target/debug/deps/oxidize_pdf-24bdcf433267eaa0)

running 95 tests
test parser::content::tests::comprehensive_tests::test_all_graphics_state_operators ... ok
test parser::content::tests::comprehensive_tests::test_all_color_operators ... ok
test parser::content::tests::comprehensive_tests::malformed_operator_does_not_discard_surrounding_text ... ok
test parser::content::tests::comprehensive_tests::test_all_path_construction_operators ... ok
test parser::content::tests::comprehensive_tests::test_all_path_painting_operators ... ok
test parser::content::tests::comprehensive_tests::test_all_text_operators ... ok
test parser::content::tests::comprehensive_tests::test_complex_content_stream ... ok
test parser::content::tests::comprehensive_tests::test_dash_array_parsing_valid ... ok
test parser::content::tests::comprehensive_tests::test_dash_pattern_complex ... ok
test parser::content::tests::comprehensive_tests::test_empty_content_stream ... ok
test parser::content::tests::comprehensive_tests::test_dash_pattern_empty ... ok
test parser::content::tests::comprehensive_tests::test_error_handling_insufficient_operands ... ok
test parser::content::tests::comprehensive_tests::test_error_handling_invalid_operator ... ok
test parser::content::tests::comprehensive_tests::test_error_handling_malformed_hex_string ... ok
test parser::content::tests::comprehensive_tests::test_error_handling_malformed_string ... ok
test parser::content::tests::comprehensive_tests::test_error_handling_malformed_name ... ok
test parser::content::tests::comprehensive_tests::test_hex_string_parsing ... ok
test parser::content::tests::comprehensive_tests::test_large_numbers ... ok
test parser::content::tests::comprehensive_tests::test_name_parsing_edge_cases ... ok
test parser::content::tests::comprehensive_tests::test_inline_image_with_filter ... ok
test parser::content::tests::comprehensive_tests::test_inline_image_handling ... ok
test parser::content::tests::comprehensive_tests::test_mixed_integer_and_real_operands ... ok
test parser::content::tests::comprehensive_tests::test_concurrent_parsing ... ok
test parser::content::tests::comprehensive_tests::test_negative_operands ... ok
test parser::content::tests::comprehensive_tests::test_parser_bezier_curves ... ok
test parser::content::tests::comprehensive_tests::test_parser_clipping_operations ... ok
test parser::content::tests::comprehensive_tests::test_parser_color_operations ... ok
test parser::content::tests::comprehensive_tests::test_parser_complex_path_operations ... ok
test parser::content::tests::comprehensive_tests::test_parser_empty_content_stream ... ok
test parser::content::tests::comprehensive_tests::test_parser_error_handling_invalid_operators ... ok
test parser::content::tests::comprehensive_tests::test_content_parser_performance ... ok
test parser::content::tests::comprehensive_tests::test_parser_graphics_state_operations ... ok
test parser::content::tests::comprehensive_tests::test_parser_line_style_operations ... ok
test parser::content::tests::comprehensive_tests::test_parser_marked_content_operations ... ok
test parser::content::tests::comprehensive_tests::test_operator_parsing_edge_cases ... ok
test parser::content::tests::comprehensive_tests::test_parser_painting_operations ... ok
test parser::content::tests::comprehensive_tests::test_parser_rectangle_operations ... ok
test parser::content::tests::comprehensive_tests::test_parser_stream_with_binary_data ... ok
test parser::content::tests::comprehensive_tests::test_parser_stress_test_large_coordinates ... ok
test parser::content::tests::comprehensive_tests::test_parser_memory_efficiency_large_strings ... ok
test parser::content::tests::comprehensive_tests::test_parser_text_positioning_advanced ... ok
test parser::content::tests::comprehensive_tests::test_parser_text_state_operations ... ok
test parser::content::tests::comprehensive_tests::test_parser_unicode_text ... ok
test parser::content::tests::comprehensive_tests::test_parser_whitespace_tolerance ... ok
test parser::content::tests::comprehensive_tests::test_parser_xobject_operations ... ok
test parser::content::tests::comprehensive_tests::test_pop_array_removes_array_end ... ok
test parser::content::tests::comprehensive_tests::test_scientific_notation ... ok
test parser::content::tests::comprehensive_tests::test_show_text_array_complex ... ok
test parser::content::tests::comprehensive_tests::test_string_parsing_edge_cases ... ok
test parser::content::tests::comprehensive_tests::test_text_array_parsing_valid ... ok
test parser::content::tests::comprehensive_tests::test_tokenizer_array_parsing ... ok
test parser::content::tests::comprehensive_tests::test_tokenizer_comment_handling ... ok
test parser::content::tests::comprehensive_tests::test_tokenizer_edge_cases ... ok
test parser::content::tests::comprehensive_tests::test_tokenizer_error_recovery ... ok
test parser::content::tests::comprehensive_tests::test_tokenizer_hex_string_edge_cases ... ok
test parser::content::tests::comprehensive_tests::test_tokenizer_literal_string_escape_sequences ... ok
test parser::content::tests::comprehensive_tests::test_tokenizer_name_hex_escapes ... ok
test parser::content::tests::comprehensive_tests::test_tokenizer_nested_parentheses ... ok
test parser::content::tests::comprehensive_tests::test_tokenizer_number_edge_cases ... ok
test parser::content::tests::comprehensive_tests::test_tokenizer_whitespace_handling ... ok
test parser::content::tests::comprehensive_tests::test_whitespace_only_content_stream ... ok
test parser::content::tests::comprehensive_tests::test_xobject_and_marked_content_operators ... ok
test parser::content::tests::incremental_inline_image_terminator_at_next_stream_preserves_bytes ... ok
test parser::content::tests::comprehensive_tests::test_parser_optimization_repeated_operations ... ok
test parser::content::tests::inline_length_distinguishes_absent_mask_defaults_from_invalid_values ... ok
test parser::content::tests::inline_parameter_nesting_is_bounded_and_truncation_is_an_error ... ok
test parser::content::tests::test_content_parser_inline_image_produces_correct_operation ... ok
test parser::content::tests::test_content_with_inline_images ... ok
test parser::content::tests::test_escape_sequences_in_strings ... ok
test parser::content::tests::test_inline_image_binary_with_all_byte_values ... ok
test parser::content::tests::test_inline_image_binary_with_curly_braces ... ok
test parser::content::tests::comprehensive_tests::test_tokenizer_performance ... ok
test parser::content::tests::test_invalid_operator_handling ... ok
test parser::content::tests::test_inline_image_ei_detection ... ok
test parser::content::tests::test_nested_arrays_malformed ... ok
test parser::content::tests::test_octal_escape_max_valid_377 ... ok
test parser::content::tests::test_octal_escape_overflow_400 ... ok
test parser::content::tests::test_octal_escape_overflow_577 ... ok
test parser::content::tests::test_octal_escape_overflow_777 ... ok
test parser::content::tests::test_octal_escape_overflow_mixed_with_valid ... ok
test parser::content::tests::test_operator_with_missing_operands ... ok
test parser::content::tests::test_parse_color_operators ... ok
test parser::content::tests::test_parse_graphics_operators ... ok
test parser::content::tests::test_parse_text_operators ... ok
test parser::content::tests::test_tokenize_hex_strings ... ok
test parser::content::tests::test_tokenize_names ... ok
test parser::content::tests::test_tokenize_numbers ... ok
test parser::content::tests::test_tokenize_operators ... ok
test parser::content::tests::test_tokenize_strings ... ok
test parser::content::tests::test_tokenizer_handles_closing_paren ... ok
test parser::content::tests::test_tokenizer_handles_curly_braces ... ok
test parser::content::tests::test_tokenizer_no_infinite_loop_on_consecutive_delimiters ... ok
test parser::content::tests::incremental_operations_match_batch_at_lexical_boundaries ... ok
test parser::content::tests::test_content_stream_too_large ... ok
test parser::content::tests::comprehensive_tests::test_memory_usage_large_content ... ok

test result: ok. 95 passed; 0 failed; 0 ignored; 0 measured; 6708 filtered out; finished in 0.03s

