    Blocking waiting for file lock on build directory
   Compiling proc-macro2 v1.0.106
   Compiling quote v1.0.45
   Compiling version_check v0.9.5
   Compiling unicode-ident v1.0.24
   Compiling generic-array v0.14.7
   Compiling cfg-if v1.0.4
   Compiling typenum v1.20.1
   Compiling syn v2.0.117
   Compiling serde_core v1.0.228
   Compiling libc v0.2.186
   Compiling autocfg v1.5.1
   Compiling num-traits v0.2.19
   Compiling crypto-common v0.1.7
   Compiling simd-adler32 v0.3.9
   Compiling crc32fast v1.5.0
   Compiling block-padding v0.3.3
   Compiling bitflags v2.13.0
   Compiling adler2 v2.0.1
   Compiling rand_core v0.10.1
   Compiling getrandom v0.4.2
   Compiling memchr v2.8.1
   Compiling miniz_oxide v0.8.9
   Compiling inout v0.1.4
   Compiling rustix v1.1.4
   Compiling once_cell v1.21.4
   Compiling serde v1.0.228
   Compiling flate2 v1.1.9
   Compiling cipher v0.4.4
   Compiling aho-corasick v1.1.4
   Compiling serde_derive v1.0.228
   Compiling fdeflate v0.3.7
   Compiling block-buffer v0.10.4
   Compiling cpufeatures v0.2.17
   Compiling linux-raw-sys v0.12.1
   Compiling thiserror v2.0.18
   Compiling const-oid v0.9.6
   Compiling tinyvec_macros v0.1.1
   Compiling pxfm v0.1.29
   Compiling zune-core v0.5.1
   Compiling cpufeatures v0.3.0
   Compiling winnow v1.0.3
   Compiling regex-syntax v0.8.10
   Compiling regex-automata v0.4.14
   Compiling moxcms v0.8.1
   Compiling toml_parser v1.1.2+spec-1.1.0
   Compiling chacha20 v0.10.0
   Compiling zune-jpeg v0.5.15
   Compiling tinyvec v1.11.0
   Compiling digest v0.10.7
   Compiling png v0.18.1
   Compiling tracing-core v0.1.36
   Compiling thiserror-impl v2.0.18
   Compiling zeroize_derive v1.4.3
   Compiling tracing-attributes v0.1.31
   Compiling serde_spanned v1.1.1
   Compiling toml_datetime v0.7.5+spec-1.1.0
   Compiling byteorder-lite v0.1.0
   Compiling iana-time-zone v0.1.65
   Compiling winnow v0.7.15
   Compiling fastrand v2.4.1
   Compiling pin-project-lite v0.2.17
   Compiling bytemuck v1.25.0
   Compiling toml_writer v1.1.1+spec-1.1.0
   Compiling image v0.25.10
   Compiling toml v0.9.12+spec-1.1.0
   Compiling tracing v0.1.44
   Compiling tempfile v3.27.0
   Compiling chrono v0.4.45
   Compiling zeroize v1.8.2
   Compiling sha2 v0.10.9
   Compiling unicode-normalization v0.1.25
   Compiling rand v0.10.1
   Compiling regex v1.12.3
   Compiling aes v0.8.4
   Compiling cbc v0.1.2
   Compiling quick-xml v0.41.0
   Compiling num_cpus v1.17.0
   Compiling md5 v0.8.0
   Compiling subtle v2.6.1
   Compiling lazy_static v1.5.0
   Compiling oxidize-pdf v5.1.3 (/home/santi/repos/BelowZero/oxidizePdf/oxidize-pdf/oxidize-pdf-core)
    Finished `dev` profile [unoptimized] target(s) in 1m 37s
