   Packaging oxidize-pdf v5.4.1 (/home/santi/repos/BelowZero/oxidizePdf/oxidize-pdf/target/issue690-review/oxidize-pdf-core)
warning: package `chacha20 v0.10.0` in Cargo.lock is yanked in registry `crates-io`, consider updating to a version that is not yanked
warning: package `spin v0.9.8` in Cargo.lock is yanked in registry `crates-io`, consider updating to a version that is not yanked
    Packaged 1605 files, 26.3MiB (7.3MiB compressed)
   Verifying oxidize-pdf v5.4.1 (/home/santi/repos/BelowZero/oxidizePdf/oxidize-pdf/target/issue690-review/oxidize-pdf-core)
   Compiling generic-array v0.14.7
   Compiling const-oid v0.9.6
   Compiling crypto-common v0.1.7
   Compiling getrandom v0.2.17
   Compiling rand_core v0.6.4
   Compiling block-buffer v0.10.4
   Compiling digest v0.10.7
   Compiling base64ct v1.8.3
   Compiling der_derive v0.7.3
   Compiling pem-rfc7468 v0.7.0
   Compiling flagset v0.4.7
   Compiling libm v0.2.16
   Compiling num-traits v0.2.19
   Compiling der v0.7.10
   Compiling spki v0.7.3
   Compiling pkcs8 v0.10.2
   Compiling hmac v0.12.1
   Compiling zerocopy v0.8.50
   Compiling signature v2.2.0
   Compiling ff v0.13.1
   Compiling base16ct v0.2.0
   Compiling sec1 v0.7.3
   Compiling group v0.13.0
   Compiling hkdf v0.12.4
   Compiling crypto-bigint v0.5.5
   Compiling semver v1.0.28
   Compiling rustc_version v0.4.1
   Compiling elliptic-curve v0.13.8
   Compiling curve25519-dalek v4.1.3
   Compiling num-integer v0.1.46
   Compiling sha2 v0.10.9
   Compiling rfc6979 v0.4.0
   Compiling block-padding v0.3.3
   Compiling spin v0.9.8
   Compiling num-bigint-dig v0.8.6
   Compiling lazy_static v1.5.0
   Compiling inout v0.1.4
   Compiling ecdsa v0.16.9
   Compiling ppv-lite86 v0.2.21
   Compiling num-iter v0.1.45
   Compiling primeorder v0.13.6
   Compiling rand_chacha v0.3.1
   Compiling rustls-pki-types v1.14.1
   Compiling rand v0.8.6
   Compiling curve25519-dalek-derive v0.1.1
   Compiling smallvec v1.15.1
   Compiling cipher v0.4.4
   Compiling ed25519 v2.2.3
   Compiling pkcs1 v0.7.5
   Compiling powerfmt v0.2.0
   Compiling deranged v0.5.8
   Compiling rsa v0.9.10
   Compiling moxcms v0.8.1
   Compiling ed25519-dalek v2.2.0
   Compiling p256 v0.13.2
   Compiling p384 v0.13.1
   Compiling x509-cert v0.2.5
   Compiling time-core v0.1.8
   Compiling num-conv v0.2.2
   Compiling image v0.25.10
   Compiling rustls-webpki v0.103.13
   Compiling chrono v0.4.45
   Compiling time v0.3.47
   Compiling cms v0.2.3
   Compiling oxidize-webpki v0.1.0
   Compiling cbc v0.1.2
   Compiling aes v0.8.4
   Compiling webpki-roots v1.0.7
   Compiling oxidize-pdf v5.4.1 (/home/santi/repos/BelowZero/oxidizePdf/oxidize-pdf/target/package/oxidize-pdf-5.4.1)
    Finished `dev` profile [unoptimized] target(s) in 51.64s
