   Compiling oxidize-pdf v5.1.3 (/home/santi/repos/BelowZero/oxidizePdf/oxidize-pdf/oxidize-pdf-core)
    Finished `test` profile [unoptimized] target(s) in 7.13s
     Running tests/text_standard14_metrics_contract_test.rs (target/debug/deps/text_standard14_metrics_contract_test-77fe3bfd266fac8a)

running 8 tests
test symbol_and_zapf_follow_adobe_metrics ... ok
test courier_styles_follow_adobe_monospaced_metrics ... ok
test helvetica_styles_follow_adobe_implicit_metrics ... ok
test times_styles_follow_adobe_implicit_metrics ... ok
test resolved_standard14_widths_match_frozen_afm_and_explicit_overrides ... ok
test declared_widths_override_implicit_metrics_for_all_fourteen_fonts ... ok
test frozen_afm_sources_license_and_pdfs_are_unchanged ... ok
test every_font_pair_and_return_transition_selects_the_current_metrics ... ok

test result: ok. 8 passed; 0 failed; 0 ignored; 0 measured; 0 filtered out; finished in 0.25s

     Running tests/text_state_contract_test.rs (target/debug/deps/text_state_contract_test-8ca206f874cc9015)

running 17 tests
test default_spacing_and_scale_leave_declared_width_unchanged ... ok
test actualtext_accumulates_scaled_source_widths ... ok
test consecutive_tj_and_tj_arrays_keep_one_continuous_pen ... ok
test character_spacing_applies_once_to_a_multiscalar_source_glyph ... ok
test bt_retains_spacing_and_scale_while_resetting_text_position ... ok
test double_quote_sets_word_and_character_spacing_in_pdf_operand_order ... ok
test mapped_unicode_space_does_not_receive_word_spacing ... ok
test changes_apply_only_to_subsequent_advances_and_can_return_to_defaults ... ok
test q_restores_text_parameters_but_not_the_text_object_pen ... ok
test q_restores_leading_without_rewinding_the_line_matrix ... ok
test negative_spacing_is_in_text_units_and_scaled_once ... ok
test q_restores_word_spacing_before_the_next_source_space ... ok
test word_spacing_changes_and_reset_affect_only_later_source_spaces ... ok
test nested_forms_restore_font_resources_and_text_parameters_at_each_return ... ok
test word_spacing_uses_source_byte32_even_when_tounicode_changes_it ... ok
test tracking_inference_does_not_leak_between_consecutive_tj_arrays ... ok
test zero_and_reflected_horizontal_scale_reach_fragment_extent ... ok

test result: ok. 17 passed; 0 failed; 0 ignored; 0 measured; 0 filtered out; finished in 0.01s

     Running tests/text_transform_contract_test.rs (target/debug/deps/text_transform_contract_test-57da4620cfd91d58)

running 15 tests
test bt_resets_text_matrix_and_retains_text_state ... ok
test ctm_scale_composes_with_rotated_tm_in_pdf_order ... ok
test ctm_nonuniform_scale_and_translation_apply_to_text_origins ... ok
test ctm_shear_and_translation_apply_to_text_origins ... ok
test font_switch_changes_advance_without_resetting_text_matrix ... ok
test composed_overflow_and_integer_overflow_do_not_return_success ... ok
test integer_syntax_outside_i32_keeps_real_valued_transform_operands ... ok
test large_representable_transform_does_not_overflow_norm_calculation ... ok
test nested_forms_compose_matrices_shadow_fonts_and_restore_parent_state ... ok
test paragraph_extent_overflow_returns_an_error ... ok
test tm_rotation_rotates_glyph_advance ... ok
test tm_shear_preserves_both_advance_components ... ok
test q_and_q_restore_ctm_before_the_next_text_object ... ok
test nonrepresentable_text_geometry_returns_an_error ... ok
test degenerate_reflected_and_rotated_transforms_preserve_text_for_simple_and_cid_fonts ... ok

test result: ok. 15 passed; 0 failed; 0 ignored; 0 measured; 0 filtered out; finished in 0.03s

