   Compiling oxidize-pdf v5.1.3 (/home/santi/repos/BelowZero/oxidizePdf/oxidize-pdf/oxidize-pdf-core)
    Finished `test` profile [unoptimized] target(s) in 8.39s
     Running tests/text_state_contract_test.rs (target/debug/deps/text_state_contract_test-8ca206f874cc9015)

running 8 tests
test default_spacing_and_scale_leave_declared_width_unchanged ... ok
test bt_retains_spacing_and_scale_while_resetting_text_position ... ok
test changes_apply_only_to_subsequent_advances_and_can_return_to_defaults ... ok
test zero_and_reflected_horizontal_scale_reach_fragment_extent ... ok
test mapped_unicode_space_does_not_receive_word_spacing ... ok
test character_spacing_applies_once_to_a_multiscalar_source_glyph ... ok
test negative_spacing_is_in_text_units_and_scaled_once ... ok
test word_spacing_uses_source_byte32_even_when_tounicode_changes_it ... ok

test result: ok. 8 passed; 0 failed; 0 ignored; 0 measured; 0 filtered out; finished in 0.00s

     Running tests/text_tj_scale_contract_test.rs (target/debug/deps/text_tj_scale_contract_test-adff38aa153acd86)

running 5 tests
test fixture_hashes_are_frozen ... ok
test forward_tj_adjustment_scales_with_tz ... ok
test backward_tj_adjustment_scales_with_tz ... ok
test zero_tj_control_scales_only_source_width ... ok
test numeric_only_and_split_tj_adjustments_preserve_the_pen ... ok

test result: ok. 5 passed; 0 failed; 0 ignored; 0 measured; 0 filtered out; finished in 0.03s

     Running tests/text_transform_contract_test.rs (target/debug/deps/text_transform_contract_test-57da4620cfd91d58)

running 9 tests
test ctm_shear_and_translation_apply_to_text_origins ... ok
test ctm_scale_composes_with_rotated_tm_in_pdf_order ... ok
test ctm_nonuniform_scale_and_translation_apply_to_text_origins ... ok
test bt_resets_text_matrix_and_retains_text_state ... ok
test q_and_q_restore_ctm_before_the_next_text_object ... ok
test tm_rotation_rotates_glyph_advance ... ok
test font_switch_changes_advance_without_resetting_text_matrix ... ok
test nested_forms_compose_matrices_shadow_fonts_and_restore_parent_state ... ok
test tm_shear_preserves_both_advance_components ... ok

test result: ok. 9 passed; 0 failed; 0 ignored; 0 measured; 0 filtered out; finished in 0.00s

     Running tests/text_vertical_contract_test.rs (target/debug/deps/text_vertical_contract_test-fcfbd6e3bb975c41)

running 15 tests
test character_spacing_applies_on_the_vertical_axis ... ok
test embedded_wmode_one_selects_vertical_advance ... ok
test dw2_overrides_default_vertical_advance ... ok
test font_size_changes_apply_to_subsequent_vertical_advances ... ok
test missing_w2_entry_falls_back_to_dw2 ... ok
test identity_v_uses_default_vertical_advance ... ok
test horizontal_scale_does_not_scale_vertical_pen_advance ... ok
test vertical_pen_follows_rotated_ctm ... ok
test w2_array_overrides_dw2_for_the_selected_cid ... ok
test w2_array_uses_selected_cid_at_each_position ... ok
test w2_range_overrides_dw2_for_the_selected_cid ... ok
test vertical_multiscalar_unicode_advances_once_per_source_code ... ok
test word_spacing_does_not_apply_to_two_byte_source_codes ... ok
test vertical_tj_adjustment_changes_y_with_the_pdf_sign ... ok
test vertical_tj_ignores_horizontal_scale_for_both_signs ... ok

test result: ok. 15 passed; 0 failed; 0 ignored; 0 measured; 0 filtered out; finished in 0.02s

