   Compiling oxidize-pdf v5.1.3 (/home/santi/repos/BelowZero/oxidizePdf/oxidize-pdf/oxidize-pdf-core)
    Finished `test` profile [unoptimized] target(s) in 1.03s
     Running tests/text_state_contract_test.rs (target/debug/deps/text_state_contract_test-8ca206f874cc9015)

running 7 tests
test changes_apply_only_to_subsequent_advances_and_can_return_to_defaults ... FAILED
test bt_retains_spacing_and_scale_while_resetting_text_position ... FAILED
test negative_spacing_is_in_text_units_and_scaled_once ... FAILED
test character_spacing_applies_once_to_a_multiscalar_source_glyph ... ok
test default_spacing_and_scale_leave_declared_width_unchanged ... ok
test mapped_unicode_space_does_not_receive_word_spacing ... ok
test word_spacing_uses_source_byte32_even_when_tounicode_changes_it ... ok

failures:

---- changes_apply_only_to_subsequent_advances_and_can_return_to_defaults stdout ----

thread 'changes_apply_only_to_subsequent_advances_and_can_return_to_defaults' (136) panicked at oxidize-pdf-core/tests/text_state_contract_test.rs:47:13:
TextFragment { text: "C", x: 117.0, y: 700.0, width: 12.0, height: 20.0, font_size: 20.0, font_name: Some("F1"), is_bold: false, is_italic: false, color: None, render_mode: FillStroke, space_decisions: [], mcid: None, struct_tag: None }, expected (117,700,6)

---- bt_retains_spacing_and_scale_while_resetting_text_position stdout ----

thread 'bt_retains_spacing_and_scale_while_resetting_text_position' (135) panicked at oxidize-pdf-core/tests/text_state_contract_test.rs:47:13:
TextFragment { text: "A", x: 100.0, y: 700.0, width: 7.0, height: 10.0, font_size: 10.0, font_name: Some("F1"), is_bold: false, is_italic: false, color: None, render_mode: Fill, space_decisions: [], mcid: None, struct_tag: None }, expected (100,700,3.5)
note: run with `RUST_BACKTRACE=1` environment variable to display a backtrace

---- negative_spacing_is_in_text_units_and_scaled_once stdout ----

thread 'negative_spacing_is_in_text_units_and_scaled_once' (140) panicked at oxidize-pdf-core/tests/text_state_contract_test.rs:47:13:
TextFragment { text: "A", x: 100.0, y: 700.0, width: 3.0, height: 10.0, font_size: 10.0, font_name: Some("F1"), is_bold: false, is_italic: false, color: None, render_mode: Fill, space_decisions: [], mcid: None, struct_tag: None }, expected (100,700,1.5)


failures:
    bt_retains_spacing_and_scale_while_resetting_text_position
    changes_apply_only_to_subsequent_advances_and_can_return_to_defaults
    negative_spacing_is_in_text_units_and_scaled_once

test result: FAILED. 4 passed; 3 failed; 0 ignored; 0 measured; 0 filtered out; finished in 0.00s

error: test failed, to rerun pass `-p oxidize-pdf --test text_state_contract_test`
