   Compiling generic-array v0.14.7
    Checking der v0.7.10
    Checking crypto-common v0.1.7
    Checking block-buffer v0.10.4
    Checking digest v0.10.7
    Checking spki v0.7.3
    Checking hmac v0.12.1
    Checking signature v2.2.0
    Checking pkcs8 v0.10.2
    Checking ff v0.13.1
    Checking base16ct v0.2.0
    Checking group v0.13.0
    Checking sec1 v0.7.3
    Checking hkdf v0.12.4
    Checking crypto-bigint v0.5.5
   Compiling semver v1.0.28
   Compiling rustc_version v0.4.1
   Compiling curve25519-dalek v4.1.3
    Checking rand_chacha v0.3.1
    Checking sha2 v0.10.9
    Checking rfc6979 v0.4.0
    Checking block-padding v0.3.3
    Checking elliptic-curve v0.13.8
    Checking ring v0.17.14
    Checking ecdsa v0.16.9
    Checking primeorder v0.13.6
    Checking inout v0.1.4
    Checking rand v0.8.6
   Compiling curve25519-dalek-derive v0.1.1
    Checking num-bigint-dig v0.8.6
    Checking rustls-webpki v0.103.13
    Checking cipher v0.4.4
    Checking pkcs1 v0.7.5
    Checking ed25519 v2.2.3
    Checking powerfmt v0.2.0
    Checking rsa v0.9.10
    Checking deranged v0.5.8
    Checking ed25519-dalek v2.2.0
    Checking p384 v0.13.1
    Checking p256 v0.13.2
    Checking x509-cert v0.2.5
    Checking num-conv v0.2.2
    Checking time-core v0.1.8
    Checking time v0.3.47
    Checking cms v0.2.3
    Checking chrono v0.4.45
    Checking oxidize-webpki v0.1.0
    Checking plotters v0.3.7
    Checking rustls v0.23.40
    Checking aes v0.8.4
    Checking cbc v0.1.2
    Checking sharded-slab v0.1.7
    Checking criterion v0.8.2
    Checking ureq v2.12.1
    Checking oxidize-pdf v5.1.3 (/tmp/oxidize-641-642/oxidize-pdf-core)
    Checking tracing-subscriber v0.3.23
    Checking proptest v1.11.0
    Checking sha1 v0.10.6
    Finished `dev` profile [unoptimized] target(s) in 27.55s
