
running 10 tests
test bfrange_sequential_destination_increments_unicode ... ok
test bfrange_array_preserves_sequences_and_surrogate_pairs ... ok
test type3_charproc_names_supply_unicode_without_tounicode ... ok
test type3_non_scalar_matrices_preserve_horizontal_text_pen_contract ... FAILED
test type3_nonuniform_font_matrix_combines_with_character_and_horizontal_scaling ... FAILED
test resolved_type3_retains_full_matrix_but_reports_horizontal_advance ... FAILED
test type3_advance_uses_font_matrix_and_declared_width ... FAILED
test type3_text_matrix_rotates_the_pen_even_when_font_matrix_does_not ... FAILED
test type3_tounicode_overrides_charproc_names ... ok
test type3_tj_adjustment_is_in_text_units_not_glyph_matrix_units ... FAILED

failures:

---- type3_non_scalar_matrices_preserve_horizontal_text_pen_contract stdout ----

thread 'type3_non_scalar_matrices_preserve_horizontal_text_pen_contract' (96) panicked at /home/santi/repos/BelowZero/oxidizePdf/oxidize-pdf/target/issue666-type3/mutations/fixed_scale.rs:160:13:
rotate: expected (100,700), got (105,700)
note: run with `RUST_BACKTRACE=1` environment variable to display a backtrace

---- type3_nonuniform_font_matrix_combines_with_character_and_horizontal_scaling stdout ----

thread 'type3_nonuniform_font_matrix_combines_with_character_and_horizontal_scaling' (97) panicked at /home/santi/repos/BelowZero/oxidizePdf/oxidize-pdf/target/issue666-type3/mutations/fixed_scale.rs:191:9:
expected (106.0, 700.0), got (103.5,700)

---- resolved_type3_retains_full_matrix_but_reports_horizontal_advance stdout ----

thread 'resolved_type3_retains_full_matrix_but_reports_horizontal_advance' (93) panicked at /home/santi/repos/BelowZero/oxidizePdf/oxidize-pdf/target/issue666-type3/mutations/fixed_scale.rs:236:9:
assertion failed: (glyphs[0].advance - 500_000.0 * matrix[0]).abs() < 0.0001

---- type3_advance_uses_font_matrix_and_declared_width stdout ----

thread 'type3_advance_uses_font_matrix_and_declared_width' (94) panicked at /home/santi/repos/BelowZero/oxidizePdf/oxidize-pdf/target/issue666-type3/mutations/fixed_scale.rs:93:5:
FontMatrix 0.002: B expected (110,700), got (105,700)

---- type3_text_matrix_rotates_the_pen_even_when_font_matrix_does_not stdout ----

thread 'type3_text_matrix_rotates_the_pen_even_when_font_matrix_does_not' (98) panicked at /home/santi/repos/BelowZero/oxidizePdf/oxidize-pdf/target/issue666-type3/mutations/fixed_scale.rs:191:9:
expected (100.0, 710.0), got (100,705)

---- type3_tj_adjustment_is_in_text_units_not_glyph_matrix_units stdout ----

thread 'type3_tj_adjustment_is_in_text_units_not_glyph_matrix_units' (99) panicked at /home/santi/repos/BelowZero/oxidizePdf/oxidize-pdf/target/issue666-type3/mutations/fixed_scale.rs:191:9:
expected (105.5, 700.0), got (103,700)


failures:
    resolved_type3_retains_full_matrix_but_reports_horizontal_advance
    type3_advance_uses_font_matrix_and_declared_width
    type3_non_scalar_matrices_preserve_horizontal_text_pen_contract
    type3_nonuniform_font_matrix_combines_with_character_and_horizontal_scaling
    type3_text_matrix_rotates_the_pen_even_when_font_matrix_does_not
    type3_tj_adjustment_is_in_text_units_not_glyph_matrix_units

test result: FAILED. 4 passed; 6 failed; 0 ignored; 0 measured; 0 filtered out; finished in 0.00s

