   Compiling oxidize-pdf v5.1.3 (/home/santi/repos/BelowZero/oxidizePdf/oxidize-pdf/target/t4-product-harness-validated/core)
warning: unused variable: `has_explicit_space`
    --> core/src/text/extraction.rs:1124:17
     |
1124 |             let has_explicit_space = array.iter().any(|item| match item {
     |                 ^^^^^^^^^^^^^^^^^^ help: if this is intentional, prefix it with an underscore: `_has_explicit_space`
     |
     = note: `#[warn(unused_variables)]` (part of `#[warn(unused)]`) on by default

warning: `oxidize-pdf` (lib) generated 1 warning (run `cargo fix --lib -p oxidize-pdf` to apply 1 suggestion)
    Finished `test` profile [unoptimized] target(s) in 6.26s
     Running tests/text_spacing_contract_test.rs (/home/santi/repos/BelowZero/oxidizePdf/oxidize-pdf/target/t4-product-build/debug/deps/text_spacing_contract_test-d2f8de657aaf0009)

running 1 test
test unresolved_type0_without_space_reaches_and_rejects_the_fallback ... FAILED

failures:

---- unresolved_type0_without_space_reaches_and_rejects_the_fallback stdout ----

thread 'unresolved_type0_without_space_reaches_and_rejects_the_fallback' (2446) panicked at core/tests/text_spacing_contract_test.rs:91:9:
assertion `left == right` failed: three glyphs and two kerns must reach the space guard
  left: "101"
 right: "1 0 1"
note: run with `RUST_BACKTRACE=1` environment variable to display a backtrace


failures:
    unresolved_type0_without_space_reaches_and_rejects_the_fallback

test result: FAILED. 0 passed; 1 failed; 0 ignored; 0 measured; 24 filtered out; finished in 0.00s

error: test failed, to rerun pass `--test text_spacing_contract_test`
