   Packaging oxidize-pdf v5.4.2 (/home/santi/repos/BelowZero/oxidizePdf/oxidize-pdf/target/issue690-review/oxidize-pdf-core)
warning: package `chacha20 v0.10.0` in Cargo.lock is yanked in registry `crates-io`, consider updating to a version that is not yanked
warning: package `spin v0.9.8` in Cargo.lock is yanked in registry `crates-io`, consider updating to a version that is not yanked
    Packaged 1607 files, 26.3MiB (7.3MiB compressed)
   Verifying oxidize-pdf v5.4.2 (/home/santi/repos/BelowZero/oxidizePdf/oxidize-pdf/target/issue690-review/oxidize-pdf-core)
   Compiling proc-macro2 v1.0.106
   Compiling quote v1.0.45
   Compiling unicode-ident v1.0.24
   Compiling cfg-if v1.0.4
   Compiling version_check v0.9.5
   Compiling generic-array v0.14.7
   Compiling typenum v1.20.1
   Compiling syn v2.0.117
   Compiling libc v0.2.186
   Compiling const-oid v0.9.6
   Compiling subtle v2.6.1
   Compiling getrandom v0.2.17
   Compiling rand_core v0.6.4
   Compiling base64ct v1.8.3
   Compiling pem-rfc7468 v0.7.0
   Compiling flagset v0.4.7
   Compiling autocfg v1.5.1
   Compiling libm v0.2.16
   Compiling num-traits v0.2.19
   Compiling zeroize_derive v1.4.3
   Compiling der_derive v0.7.3
   Compiling zeroize v1.8.2
   Compiling der v0.7.10
   Compiling crypto-common v0.1.7
   Compiling block-buffer v0.10.4
   Compiling digest v0.10.7
   Compiling hmac v0.12.1
   Compiling spki v0.7.3
   Compiling zerocopy v0.8.50
   Compiling pkcs8 v0.10.2
   Compiling signature v2.2.0
   Compiling ff v0.13.1
   Compiling serde_core v1.0.228
   Compiling base16ct v0.2.0
   Compiling cpufeatures v0.2.17
   Compiling sec1 v0.7.3
   Compiling group v0.13.0
   Compiling hkdf v0.12.4
   Compiling crypto-bigint v0.5.5
   Compiling semver v1.0.28
   Compiling rustc_version v0.4.1
   Compiling elliptic-curve v0.13.8
   Compiling ppv-lite86 v0.2.21
   Compiling crc32fast v1.5.0
   Compiling simd-adler32 v0.3.9
   Compiling rand_chacha v0.3.1
   Compiling curve25519-dalek v4.1.3
   Compiling sha2 v0.10.9
   Compiling num-integer v0.1.46
   Compiling rfc6979 v0.4.0
   Compiling block-padding v0.3.3
   Compiling rand_core v0.10.1
   Compiling getrandom v0.4.2
   Compiling num-bigint-dig v0.8.6
   Compiling spin v0.9.8
   Compiling memchr v2.8.1
   Compiling adler2 v2.0.1
   Compiling bitflags v2.13.0
   Compiling miniz_oxide v0.8.9
   Compiling lazy_static v1.5.0
   Compiling num-iter v0.1.45
   Compiling inout v0.1.4
   Compiling ecdsa v0.16.9
   Compiling rand v0.8.6
   Compiling primeorder v0.13.6
   Compiling rustls-pki-types v1.14.1
   Compiling curve25519-dalek-derive v0.1.1
   Compiling serde v1.0.228
   Compiling smallvec v1.15.1
   Compiling rustix v1.1.4
   Compiling once_cell v1.21.4
   Compiling flate2 v1.1.9
   Compiling cipher v0.4.4
   Compiling aho-corasick v1.1.4
   Compiling fdeflate v0.3.7
   Compiling ed25519 v2.2.3
   Compiling pkcs1 v0.7.5
   Compiling serde_derive v1.0.228
   Compiling powerfmt v0.2.0
   Compiling winnow v1.0.3
   Compiling thiserror v2.0.18
   Compiling cpufeatures v0.3.0
   Compiling pxfm v0.1.29
   Compiling zune-core v0.5.1
   Compiling tinyvec_macros v0.1.1
   Compiling linux-raw-sys v0.12.1
   Compiling regex-syntax v0.8.10
   Compiling moxcms v0.8.1
   Compiling regex-automata v0.4.14
   Compiling tinyvec v1.11.0
   Compiling zune-jpeg v0.5.15
   Compiling chacha20 v0.10.0
   Compiling toml_parser v1.1.2+spec-1.1.0
   Compiling deranged v0.5.8
   Compiling rsa v0.9.10
   Compiling ed25519-dalek v2.2.0
   Compiling png v0.18.1
   Compiling tracing-core v0.1.36
   Compiling p256 v0.13.2
   Compiling p384 v0.13.1
   Compiling serde_spanned v1.1.1
   Compiling toml_datetime v0.7.5+spec-1.1.0
   Compiling x509-cert v0.2.5
   Compiling tracing-attributes v0.1.31
   Compiling thiserror-impl v2.0.18
   Compiling toml_writer v1.1.1+spec-1.1.0
   Compiling num-conv v0.2.2
   Compiling byteorder-lite v0.1.0
   Compiling pin-project-lite v0.2.17
   Compiling iana-time-zone v0.1.65
   Compiling bytemuck v1.25.0
   Compiling fastrand v2.4.1
   Compiling time-core v0.1.8
   Compiling untrusted v0.9.0
   Compiling winnow v0.7.15
   Compiling time v0.3.47
   Compiling rustls-webpki v0.103.13
   Compiling image v0.25.10
   Compiling toml v0.9.12+spec-1.1.0
   Compiling tempfile v3.27.0
   Compiling chrono v0.4.45
   Compiling tracing v0.1.44
   Compiling cms v0.2.3
   Compiling oxidize-webpki v0.1.0
   Compiling rand v0.10.1
   Compiling unicode-normalization v0.1.25
   Compiling regex v1.12.3
   Compiling aes v0.8.4
   Compiling cbc v0.1.2
   Compiling webpki-roots v1.0.7
   Compiling quick-xml v0.41.0
   Compiling num_cpus v1.17.0
   Compiling md5 v0.8.0
   Compiling oxidize-pdf v5.4.2 (/home/santi/repos/BelowZero/oxidizePdf/oxidize-pdf/target/issue690-review/target/package/oxidize-pdf-5.4.2)
    Finished `dev` profile [unoptimized] target(s) in 1m 14s
