   Compiling oxidize-pdf v5.1.3 (/home/santi/repos/BelowZero/oxidizePdf/oxidize-pdf/oxidize-pdf-core)
    Finished `test` profile [unoptimized] target(s) in 10.64s
     Running tests/plaintext_td_operator_test.rs (target/debug/deps/plaintext_td_operator_test-5825cd90c7f14181)

running 5 tests
test plaintext_td_breaks_the_line_so_words_do_not_fuse ... ok
test plaintext_td_does_not_fuse_words_under_the_default_config ... ok
test plaintext_td_leading_magnitude_does_not_exceed_ty ... ok
test plaintext_td_sets_leading_for_subsequent_t_star ... ok
test plaintext_td_is_equivalent_to_tl_plus_td_lowercase ... ok

test result: ok. 5 passed; 0 failed; 0 ignored; 0 measured; 0 filtered out; finished in 0.00s

     Running tests/text_output_api_contract_test.rs (target/debug/deps/text_output_api_contract_test-193dd67eae72543e)

running 10 tests
test plain_outputs_propagate_unrepresentable_geometry_errors ... ok
test document_api_resets_same_resource_name_between_pages ... ok
test plain_outputs_keep_certified_zero_width_tracking ... ok
test mixed_page_and_nested_cid_forms_preserve_semantic_text_in_all_apis ... ok
test type3_output_preserves_multiscalar_mapping_and_real_charprocs ... ok
test all_standard14_styles_have_consistent_output_apis ... ok
test cid_type0_and_type2_program_variants_have_consistent_output_apis ... ok
test symbolic_and_nonsymbolic_truetype_outputs_preserve_unicode_sequences ... ok
test cid_cff_inheritance_outputs_preserve_child_and_parent_text ... ok
test embedded_type1_and_cff_outputs_preserve_encoding_precedence ... ok

test result: ok. 10 passed; 0 failed; 0 ignored; 0 measured; 0 filtered out; finished in 0.09s

     Running tests/text_spacing_contract_test.rs (target/debug/deps/text_spacing_contract_test-040fabcda5bb0cc2)

running 25 tests
test glyph_origins_follow_declared_widths_kerns_and_horizontal_scale ... ok
test absent_widths_never_certify_tracking_for_standard_fonts ... ok
test a_single_transition_does_not_certify_uniform_tracking ... ok
test declared_zero_widths_allow_uniform_advances ... ok
test excess_advance_remains_a_word_separator ... ok
test lenient_type0_recovery_uses_explicit_spaces_and_full_em_advances ... ok
test declared_positive_widths_keep_word_separators ... ok
test explicit_character_spacing_disables_tracking_inference ... ok
test one_source_glyph_is_not_the_same_as_one_unicode_scalar ... ok
test explicit_word_spacing_disables_tracking_inference ... ok
test ordinary_small_kerning_does_not_add_spaces ... ok
test known_zero_width_single_word_needs_no_literal_space ... ok
test partial_em_adjustments_do_not_trigger_unknown_width_recovery ... ok
test nonuniform_advances_without_a_majority_keep_ordinary_gaps ... ok
test strict_mode_does_not_enable_unknown_width_recovery ... ok
test resolved_cid_tracking_counts_source_glyphs_per_string ... ok
test multiple_source_glyphs_disable_simple_font_tracking ... ok
test unresolved_type0_without_space_reaches_and_rejects_the_fallback ... ok
test literal_spaces_and_adjustments_have_distinct_evidence ... ok
test leading_and_trailing_kerns_do_not_certify_tracking ... ok
test minimum_support_and_strict_majority_are_both_required ... ok
test separator_evidence_follows_unicode_not_the_source_byte ... ok
test tracking_outlier_compares_only_excess_against_strict_threshold ... ok
test ordinary_tj_gap_threshold_is_strict_for_both_signs ... ok
test tracking_threshold_and_backward_kern_controls ... ok

test result: ok. 25 passed; 0 failed; 0 ignored; 0 measured; 0 filtered out; finished in 0.20s

     Running tests/text_tracking_recovery_contract_test.rs (target/debug/deps/text_tracking_recovery_contract_test-62d9e1ff39e7e205)

running 8 tests
test multiple_source_glyphs_cannot_certify_per_glyph_tracking ... ok
test truncated_identity_codes_cannot_certify_tracking ... ok
test a_space_inside_a_unicode_sequence_is_not_a_space_glyph ... ok
test larger_outlier_remains_a_word_gap_during_recovery ... ok
test resolved_descendant_without_widths_does_not_enable_recovery ... ok
test vertical_encoding_does_not_enable_horizontal_recovery ... ok
test damaged_type0_recovery_covers_full_em_tolerance_and_mode ... ok
test damaged_type0_rejects_non_em_baselines_and_explicit_spacing ... ok

test result: ok. 8 passed; 0 failed; 0 ignored; 0 measured; 0 filtered out; finished in 0.01s

