   Compiling oxidize-pdf v5.1.3 (/home/santi/repos/BelowZero/oxidizePdf/oxidize-pdf/oxidize-pdf-core)
    Finished `test` profile [unoptimized] target(s) in 0.88s
     Running tests/text_output_api_contract_test.rs (target/debug/deps/text_output_api_contract_test-193dd67eae72543e)

running 8 tests
test mixed_page_and_nested_cid_forms_preserve_semantic_text_in_all_apis ... FAILED
test document_api_resets_same_resource_name_between_pages ... ok
test type3_output_preserves_multiscalar_mapping_and_real_charprocs ... ok
test cid_cff_inheritance_outputs_preserve_child_and_parent_text ... ok
test all_standard14_styles_have_consistent_output_apis ... ok
test embedded_type1_and_cff_outputs_preserve_encoding_precedence ... ok
test symbolic_and_nonsymbolic_truetype_outputs_preserve_unicode_sequences ... ok
test cid_type0_and_type2_program_variants_have_consistent_output_apis ... ok

failures:

---- mixed_page_and_nested_cid_forms_preserve_semantic_text_in_all_apis stdout ----

thread 'mixed_page_and_nested_cid_forms_preserve_semantic_text_in_all_apis' (150) panicked at oxidize-pdf-core/tests/text_output_api_contract_test.rs:32:13:
assertion `left == right` failed: mixed page/nested CID forms: plaintext layout=false
  left: "A C"
 right: "ABC"
note: run with `RUST_BACKTRACE=1` environment variable to display a backtrace


failures:
    mixed_page_and_nested_cid_forms_preserve_semantic_text_in_all_apis

test result: FAILED. 7 passed; 1 failed; 0 ignored; 0 measured; 0 filtered out; finished in 0.11s

error: test failed, to rerun pass `-p oxidize-pdf --test text_output_api_contract_test`
