   Compiling oxidize-pdf v5.1.3 (/home/santi/repos/BelowZero/oxidizePdf/oxidize-pdf/oxidize-pdf-core)
    Finished `test` profile [unoptimized] target(s) in 0.70s
     Running tests/text_output_api_contract_test.rs (target/debug/deps/text_output_api_contract_test-193dd67eae72543e)

running 10 tests
test plain_outputs_propagate_unrepresentable_geometry_errors ... FAILED
test plain_outputs_keep_certified_zero_width_tracking ... FAILED
test mixed_page_and_nested_cid_forms_preserve_semantic_text_in_all_apis ... FAILED
test document_api_resets_same_resource_name_between_pages ... ok
test type3_output_preserves_multiscalar_mapping_and_real_charprocs ... ok
test all_standard14_styles_have_consistent_output_apis ... ok
test symbolic_and_nonsymbolic_truetype_outputs_preserve_unicode_sequences ... ok
test cid_type0_and_type2_program_variants_have_consistent_output_apis ... ok
test cid_cff_inheritance_outputs_preserve_child_and_parent_text ... ok
test embedded_type1_and_cff_outputs_preserve_encoding_precedence ... ok

failures:

---- plain_outputs_propagate_unrepresentable_geometry_errors stdout ----

thread 'plain_outputs_propagate_unrepresentable_geometry_errors' (143) panicked at oxidize-pdf-core/tests/text_output_api_contract_test.rs:251:13:
layout=false
note: run with `RUST_BACKTRACE=1` environment variable to display a backtrace

---- plain_outputs_keep_certified_zero_width_tracking stdout ----

thread 'plain_outputs_keep_certified_zero_width_tracking' (142) panicked at oxidize-pdf-core/tests/text_output_api_contract_test.rs:32:13:
assertion `left == right` failed: zero-width tracking: plaintext layout=false
  left: "A B C"
 right: "ABC"

---- mixed_page_and_nested_cid_forms_preserve_semantic_text_in_all_apis stdout ----

thread 'mixed_page_and_nested_cid_forms_preserve_semantic_text_in_all_apis' (141) panicked at oxidize-pdf-core/tests/text_output_api_contract_test.rs:32:13:
assertion `left == right` failed: mixed page/nested CID forms: plaintext layout=false
  left: "A C"
 right: "ABC"


failures:
    mixed_page_and_nested_cid_forms_preserve_semantic_text_in_all_apis
    plain_outputs_keep_certified_zero_width_tracking
    plain_outputs_propagate_unrepresentable_geometry_errors

test result: FAILED. 7 passed; 3 failed; 0 ignored; 0 measured; 0 filtered out; finished in 0.09s

error: test failed, to rerun pass `-p oxidize-pdf --test text_output_api_contract_test`
