[1m[92m    Updating[0m crates.io index
[1m[92m Downloading[0m crates ...
[1m[92m  Downloaded[0m adler2 v2.0.1
[1m[92m  Downloaded[0m block-buffer v0.10.4
[1m[92m  Downloaded[0m byteorder-lite v0.1.0
[1m[92m  Downloaded[0m block-padding v0.3.3
[1m[92m  Downloaded[0m cfg-if v1.0.4
[1m[92m  Downloaded[0m inout v0.1.4
[1m[92m  Downloaded[0m md5 v0.8.0
[1m[92m  Downloaded[0m serde_spanned v1.1.1
[1m[92m  Downloaded[0m autocfg v1.5.1
[1m[92m  Downloaded[0m chacha20 v0.10.0
[1m[92m  Downloaded[0m cpufeatures v0.3.0
[1m[92m  Downloaded[0m tinyvec_macros v0.1.1
[1m[92m  Downloaded[0m cbc v0.1.2
[1m[92m  Downloaded[0m cpufeatures v0.2.17
[1m[92m  Downloaded[0m const-oid v0.9.6
[1m[92m  Downloaded[0m generic-array v0.14.7
[1m[92m  Downloaded[0m quote v1.0.45
[1m[92m  Downloaded[0m zeroize_derive v1.4.3
[1m[92m  Downloaded[0m bytemuck v1.25.0
[1m[92m  Downloaded[0m cipher v0.4.4
[1m[92m  Downloaded[0m crypto-common v0.1.7
[1m[92m  Downloaded[0m zmij v1.0.21
[1m[92m  Downloaded[0m equivalent v1.0.2
[1m[92m  Downloaded[0m version_check v0.9.5
[1m[92m  Downloaded[0m bitflags v2.13.0
[1m[92m  Downloaded[0m num_cpus v1.17.0
[1m[92m  Downloaded[0m once_cell v1.21.4
[1m[92m  Downloaded[0m unicode-ident v1.0.24
[1m[92m  Downloaded[0m fdeflate v0.3.7
[1m[92m  Downloaded[0m flate2 v1.1.9
[1m[92m  Downloaded[0m proc-macro2 v1.0.106
[1m[92m  Downloaded[0m toml_datetime v0.7.5+spec-1.1.0
[1m[92m  Downloaded[0m digest v0.10.7
[1m[92m  Downloaded[0m getrandom v0.4.2
[1m[92m  Downloaded[0m pin-project-lite v0.2.17
[1m[92m  Downloaded[0m subtle v2.6.1
[1m[92m  Downloaded[0m windows-link v0.2.1
[1m[92m  Downloaded[0m num-traits v0.2.19
[1m[92m  Downloaded[0m lazy_static v1.5.0
[1m[92m  Downloaded[0m serde_core v1.0.228
[1m[92m  Downloaded[0m simd-adler32 v0.3.9
[1m[92m  Downloaded[0m zune-core v0.5.1
[1m[92m  Downloaded[0m crc32fast v1.5.0
[1m[92m  Downloaded[0m itoa v1.0.18
[1m[92m  Downloaded[0m rand_core v0.10.1
[1m[92m  Downloaded[0m fastrand v2.4.1
[1m[92m  Downloaded[0m thiserror v2.0.18
[1m[92m  Downloaded[0m zeroize v1.8.2
[1m[92m  Downloaded[0m serde v1.0.228
[1m[92m  Downloaded[0m tempfile v3.27.0
[1m[92m  Downloaded[0m thiserror-impl v2.0.18
[1m[92m  Downloaded[0m toml_writer v1.1.1+spec-1.1.0
[1m[92m  Downloaded[0m serde_derive v1.0.228
[1m[92m  Downloaded[0m toml_parser v1.1.2+spec-1.1.0
[1m[92m  Downloaded[0m tracing-attributes v0.1.31
[1m[92m  Downloaded[0m miniz_oxide v0.8.9
[1m[92m  Downloaded[0m tinyvec v1.11.0
[1m[92m  Downloaded[0m aes v0.8.4
[1m[92m  Downloaded[0m tracing-core v0.1.36
[1m[92m  Downloaded[0m memchr v2.8.1
[1m[92m  Downloaded[0m png v0.18.1
[1m[92m  Downloaded[0m toml v0.9.12+spec-1.1.0
[1m[92m  Downloaded[0m aho-corasick v1.1.4
[1m[92m  Downloaded[0m indexmap v2.14.0
[1m[92m  Downloaded[0m typenum v1.20.1
[1m[92m  Downloaded[0m zune-jpeg v0.5.15
[1m[92m  Downloaded[0m rand v0.10.1
[1m[92m  Downloaded[0m hashbrown v0.17.1
[1m[92m  Downloaded[0m regex v1.12.3
[1m[92m  Downloaded[0m unicode-normalization v0.1.25
[1m[92m  Downloaded[0m moxcms v0.8.1
[1m[92m  Downloaded[0m chrono v0.4.45
[1m[92m  Downloaded[0m serde_json v1.0.150
[1m[92m  Downloaded[0m winnow v0.7.15
[1m[92m  Downloaded[0m winnow v1.0.3
[1m[92m  Downloaded[0m quick-xml v0.41.0
[1m[92m  Downloaded[0m image v0.25.10
[1m[92m  Downloaded[0m regex-syntax v0.8.10
[1m[92m  Downloaded[0m tracing v0.1.44
[1m[92m  Downloaded[0m regex-automata v0.4.14
[1m[92m  Downloaded[0m pxfm v0.1.29
[1m[92m  Downloaded[0m winapi v0.3.9
[1m[92m  Downloaded[0m windows-sys v0.61.2
[1m[92m  Downloaded[0m syn v2.0.117
[1m[92m  Downloaded[0m sha2 v0.10.9
[1m[92m   Compiling[0m proc-macro2 v1.0.106
[1m[92m   Compiling[0m quote v1.0.45
[1m[92m   Compiling[0m unicode-ident v1.0.24
[1m[92m   Compiling[0m version_check v0.9.5
[1m[92m   Compiling[0m generic-array v0.14.7
[1m[92m   Compiling[0m cfg-if v1.0.4
[1m[92m   Compiling[0m typenum v1.20.1
[1m[92m   Compiling[0m syn v2.0.117
[1m[92m   Compiling[0m serde_core v1.0.228
[1m[92m   Compiling[0m autocfg v1.5.1
[1m[92m   Compiling[0m num-traits v0.2.19
[1m[92m   Compiling[0m crypto-common v0.1.7
[1m[92m   Compiling[0m simd-adler32 v0.3.9
[1m[92m   Compiling[0m memchr v2.8.1
[1m[92m   Compiling[0m crc32fast v1.5.0
[1m[92m   Compiling[0m block-padding v0.3.3
[1m[92m   Compiling[0m getrandom v0.4.2
[1m[92m   Compiling[0m rand_core v0.10.1
[1m[92m   Compiling[0m adler2 v2.0.1
[1m[92m   Compiling[0m inout v0.1.4
[1m[92m   Compiling[0m miniz_oxide v0.8.9
[1m[92m   Compiling[0m windows-link v0.2.1
[1m[92m   Compiling[0m once_cell v1.21.4
[1m[92m   Compiling[0m serde v1.0.228
[1m[92m   Compiling[0m zmij v1.0.21
[1m[92m   Compiling[0m flate2 v1.1.9
[1m[92m   Compiling[0m cipher v0.4.4
[1m[92m   Compiling[0m serde_derive v1.0.228
[1m[92m   Compiling[0m aho-corasick v1.1.4
[1m[92m   Compiling[0m fdeflate v0.3.7
[1m[92m   Compiling[0m block-buffer v0.10.4
[1m[92m   Compiling[0m zune-core v0.5.1
[1m[92m   Compiling[0m winnow v1.0.3
[1m[92m   Compiling[0m thiserror v2.0.18
[1m[92m   Compiling[0m tinyvec_macros v0.1.1
[1m[92m   Compiling[0m regex-syntax v0.8.10
[1m[92m   Compiling[0m const-oid v0.9.6
[1m[92m   Compiling[0m winapi v0.3.9
[1m[92m   Compiling[0m serde_json v1.0.150
[1m[92m   Compiling[0m bitflags v2.13.0
[1m[92m   Compiling[0m cpufeatures v0.2.17
[1m[92m   Compiling[0m pxfm v0.1.29
[1m[92m   Compiling[0m cpufeatures v0.3.0
[1m[92m   Compiling[0m chacha20 v0.10.0
[1m[92m   Compiling[0m regex-automata v0.4.14
[1m[92m   Compiling[0m moxcms v0.8.1
[1m[92m   Compiling[0m png v0.18.1
[1m[92m   Compiling[0m digest v0.10.7
[1m[92m   Compiling[0m tinyvec v1.11.0
[1m[92m   Compiling[0m toml_parser v1.1.2+spec-1.1.0
[1m[92m   Compiling[0m zune-jpeg v0.5.15
[1m[92m   Compiling[0m tracing-core v0.1.36
[1m[92m   Compiling[0m windows-sys v0.61.2
[1m[92m   Compiling[0m tracing-attributes v0.1.31
[1m[92m   Compiling[0m zeroize_derive v1.4.3
[1m[92m   Compiling[0m thiserror-impl v2.0.18
[1m[92m   Compiling[0m serde_spanned v1.1.1
[1m[92m   Compiling[0m toml_datetime v0.7.5+spec-1.1.0
[1m[92m   Compiling[0m winnow v0.7.15
[1m[92m   Compiling[0m pin-project-lite v0.2.17
[1m[92m   Compiling[0m toml_writer v1.1.1+spec-1.1.0
[1m[92m   Compiling[0m fastrand v2.4.1
[1m[92m   Compiling[0m byteorder-lite v0.1.0
[1m[92m   Compiling[0m itoa v1.0.18
[1m[92m   Compiling[0m bytemuck v1.25.0
[1m[92m   Compiling[0m image v0.25.10
[1m[92m   Compiling[0m toml v0.9.12+spec-1.1.0
[1m[92m   Compiling[0m tempfile v3.27.0
[1m[92m   Compiling[0m tracing v0.1.44
[1m[92m   Compiling[0m zeroize v1.8.2
[1m[92m   Compiling[0m unicode-normalization v0.1.25
[1m[92m   Compiling[0m chrono v0.4.45
[1m[92m   Compiling[0m sha2 v0.10.9
[1m[92m   Compiling[0m regex v1.12.3
[1m[92m   Compiling[0m rand v0.10.1
[1m[92m   Compiling[0m aes v0.8.4
[1m[92m   Compiling[0m cbc v0.1.2
[1m[92m   Compiling[0m quick-xml v0.41.0
[1m[92m   Compiling[0m num_cpus v1.17.0
[1m[92m   Compiling[0m lazy_static v1.5.0
[1m[92m   Compiling[0m md5 v0.8.0
[1m[92m   Compiling[0m subtle v2.6.1
[1m[92m   Compiling[0m oxidize-pdf v5.1.3 (D:\a\oxidizePdf\oxidizePdf\oxidize-pdf-core)
[1m[92m    Finished[0m `dev` profile [unoptimized] target(s) in 1m 22s
